#
# There is insufficient memory for the Java Runtime Environment to continue.
# Native memory allocation (malloc) failed to allocate 32744 bytes. Error detail: Chunk::new
# Possible reasons:
#   The system is out of physical RAM or swap space
#   This process is running with CompressedOops enabled, and the Java Heap may be blocking the growth of the native heap
# Possible solutions:
#   Reduce memory load on the system
#   Increase physical memory or swap space
#   Check if swap backing store is full
#   Decrease Java heap size (-Xmx/-Xms)
#   Decrease number of Java threads
#   Decrease Java thread stack sizes (-Xss)
#   Set larger code cache with -XX:ReservedCodeCacheSize=
#   JVM is running with Unscaled Compressed Oops mode in which the Java heap is
#     placed in the first 4GB address space. The Java Heap base address is the
#     maximum limit for the native heap growth. Please use -XX:HeapBaseMinAddress
#     to set the Java Heap base and to place the Java Heap above 4GB virtual address.
# This output file may be truncated or incomplete.
#
#  Out of Memory Error (arena.cpp:168), pid=31936, tid=32448
#
# JRE version: OpenJDK Runtime Environment Temurin-21.0.12.1+1 (21.0.12.1+1) (build 21.0.12.1+1-LTS)
# Java VM: OpenJDK 64-Bit Server VM Temurin-21.0.12.1+1 (21.0.12.1+1-LTS, mixed mode, sharing, tiered, compressed oops, compressed class ptrs, g1 gc, windows-amd64)
# No core dump will be written. Minidumps are not enabled by default on client versions of Windows
#

---------------  S U M M A R Y ------------

Command Line: --add-opens=java.base/java.lang=ALL-UNNAMED --add-opens=java.base/java.lang.invoke=ALL-UNNAMED --add-opens=java.base/java.util=ALL-UNNAMED --add-opens=java.prefs/java.util.prefs=ALL-UNNAMED --add-exports=jdk.compiler/com.sun.tools.javac.api=ALL-UNNAMED --add-exports=jdk.compiler/com.sun.tools.javac.util=ALL-UNNAMED --add-opens=java.base/java.nio.charset=ALL-UNNAMED --add-opens=java.base/java.net=ALL-UNNAMED --add-opens=java.base/java.util.concurrent=ALL-UNNAMED --add-opens=java.base/java.util.concurrent.atomic=ALL-UNNAMED --add-opens=java.xml/javax.xml.namespace=ALL-UNNAMED --add-opens=java.base/java.time=ALL-UNNAMED -XX:MaxMetaspaceSize=384m -XX:+HeapDumpOnOutOfMemoryError -Xms256m -Xmx512m -Dfile.encoding=UTF-8 -Duser.country=KR -Duser.language=ko -Duser.variant -javaagent:C:\Users\pjoo6\.gradle\wrapper\dists\gradle-9.5.1-bin\iq79hdu3mqx29lgffhp8bfmx\gradle-9.5.1\lib\agents\gradle-instrumentation-agent-9.5.1.jar org.gradle.launcher.daemon.bootstrap.GradleDaemon 9.5.1

Host: 13th Gen Intel(R) Core(TM) i5-1335U, 12 cores, 15G,  Windows 11 , 64 bit Build 26100 (10.0.26100.9168)
Time: Thu Sep 10 11:13:14 2026 elapsed time: 677.870203 seconds (0d 0h 11m 17s)

---------------  T H R E A D  ---------------

Current thread (0x000001d7cc13a0f0):  JavaThread "C2 CompilerThread0" daemon [_thread_in_native, id=32448, stack(0x00000049b1700000,0x00000049b1800000) (1024K)]


Current CompileTask:
C2:677870 4899   !   4       java.net.URLClassLoader$1::run (81 bytes)

Stack: [0x00000049b1700000,0x00000049b1800000]
Native frames: (J=compiled Java code, j=interpreted, Vv=VM code, C=native code)
V  [jvm.dll+0x6d83e9]
V  [jvm.dll+0x8b5736]
V  [jvm.dll+0x8b7cee]
V  [jvm.dll+0x8b83d3]
V  [jvm.dll+0x284596]
V  [jvm.dll+0xc685d]
V  [jvm.dll+0xc6da1]
V  [jvm.dll+0x209557]
V  [jvm.dll+0x20be55]
V  [jvm.dll+0x20cdf2]
V  [jvm.dll+0x20c22e]
V  [jvm.dll+0x1f6d00]
V  [jvm.dll+0x14a0be]
V  [jvm.dll+0x2f876a]
V  [jvm.dll+0x2fa762]
V  [jvm.dll+0x6f2873]
V  [jvm.dll+0x6ea969]
V  [jvm.dll+0x6ea069]
V  [jvm.dll+0x6e80ee]
V  [jvm.dll+0x1ce4fc]
V  [jvm.dll+0x1cf09e]
V  [jvm.dll+0x2fa7dc]
V  [jvm.dll+0x6f2873]
V  [jvm.dll+0x6ea969]
V  [jvm.dll+0x6ea069]
V  [jvm.dll+0x6e80ee]
V  [jvm.dll+0x1ce4fc]
V  [jvm.dll+0x24b919]
V  [jvm.dll+0x1cb4ae]
V  [jvm.dll+0x25baad]
V  [jvm.dll+0x25a03a]
V  [jvm.dll+0x3f8aae]
V  [jvm.dll+0x8600cd]
V  [jvm.dll+0x6d6c1d]
C  [ucrtbase.dll+0x2cd30]
C  [KERNEL32.DLL+0x2ccb7]
C  [ntdll.dll+0xaad6c]


---------------  P R O C E S S  ---------------

Threads class SMR info:
_java_thread_list=0x000001d7e7f934e0, length=35, elements={
0x000001d7b6331bf0, 0x000001d7cc131520, 0x000001d7cc132ca0, 0x000001d7cc136430,
0x000001d7cc137ea0, 0x000001d7cc138900, 0x000001d7cc139360, 0x000001d7cc13a0f0,
0x000001d7cc1418d0, 0x000001d7cc3dccf0, 0x000001d7cc418280, 0x000001d7e67d57c0,
0x000001d7cc2228c0, 0x000001d7e731dd00, 0x000001d7ccb48520, 0x000001d7ccb48b90,
0x000001d7e723f090, 0x000001d7e67966c0, 0x000001d7e7074ab0, 0x000001d7e7075140,
0x000001d7e70729e0, 0x000001d7e7073d90, 0x000001d7e70757d0, 0x000001d7e7073070,
0x000001d7e7993b90, 0x000001d7e7992e70, 0x000001d7e79955d0, 0x000001d7e7995c60,
0x000001d7e7996980, 0x000001d7e79948b0, 0x000001d7e7993500, 0x000001d7e79962f0,
0x000001d7e7994f40, 0x000001d7e7997010, 0x000001d7e79976a0
}

Java Threads: ( => current thread )
  0x000001d7b6331bf0 JavaThread "main"                              [_thread_blocked, id=32204, stack(0x00000049b0900000,0x00000049b0a00000) (1024K)]
  0x000001d7cc131520 JavaThread "Reference Handler"          daemon [_thread_blocked, id=32424, stack(0x00000049b1100000,0x00000049b1200000) (1024K)]
  0x000001d7cc132ca0 JavaThread "Finalizer"                  daemon [_thread_blocked, id=32428, stack(0x00000049b1200000,0x00000049b1300000) (1024K)]
  0x000001d7cc136430 JavaThread "Signal Dispatcher"          daemon [_thread_blocked, id=32432, stack(0x00000049b1300000,0x00000049b1400000) (1024K)]
  0x000001d7cc137ea0 JavaThread "Attach Listener"            daemon [_thread_blocked, id=32436, stack(0x00000049b1400000,0x00000049b1500000) (1024K)]
  0x000001d7cc138900 JavaThread "Service Thread"             daemon [_thread_blocked, id=32440, stack(0x00000049b1500000,0x00000049b1600000) (1024K)]
  0x000001d7cc139360 JavaThread "Monitor Deflation Thread"   daemon [_thread_blocked, id=32444, stack(0x00000049b1600000,0x00000049b1700000) (1024K)]
=>0x000001d7cc13a0f0 JavaThread "C2 CompilerThread0"         daemon [_thread_in_native, id=32448, stack(0x00000049b1700000,0x00000049b1800000) (1024K)]
  0x000001d7cc1418d0 JavaThread "C1 CompilerThread0"         daemon [_thread_blocked, id=32452, stack(0x00000049b1800000,0x00000049b1900000) (1024K)]
  0x000001d7cc3dccf0 JavaThread "Common-Cleaner"             daemon [_thread_blocked, id=32564, stack(0x00000049b1900000,0x00000049b1a00000) (1024K)]
  0x000001d7cc418280 JavaThread "Notification Thread"        daemon [_thread_blocked, id=32640, stack(0x00000049b1a00000,0x00000049b1b00000) (1024K)]
  0x000001d7e67d57c0 JavaThread "Daemon health stats"               [_thread_blocked, id=34616, stack(0x00000049b2000000,0x00000049b2100000) (1024K)]
  0x000001d7cc2228c0 JavaThread "Incoming local TCP Connector on port 61407"        [_thread_in_native, id=37212, stack(0x00000049b0700000,0x00000049b0800000) (1024K)]
  0x000001d7e731dd00 JavaThread "Daemon periodic checks"            [_thread_blocked, id=38356, stack(0x00000049b0800000,0x00000049b0900000) (1024K)]
  0x000001d7ccb48520 JavaThread "Daemon"                            [_thread_blocked, id=26228, stack(0x00000049b2200000,0x00000049b2300000) (1024K)]
  0x000001d7ccb48b90 JavaThread "Handler for socket connection from /127.0.0.1:61407 to /127.0.0.1:59300"        [_thread_in_native, id=38212, stack(0x00000049b2300000,0x00000049b2400000) (1024K)]
  0x000001d7e723f090 JavaThread "Cancel handler"                    [_thread_blocked, id=15864, stack(0x00000049b2400000,0x00000049b2500000) (1024K)]
  0x000001d7e67966c0 JavaThread "Daemon worker"                     [_thread_in_vm, id=21268, stack(0x00000049b2500000,0x00000049b2600000) (1024K)]
  0x000001d7e7074ab0 JavaThread "Asynchronous log dispatcher for DefaultDaemonConnection: socket connection from /127.0.0.1:61407 to /127.0.0.1:59300"        [_thread_blocked, id=38780, stack(0x00000049b2600000,0x00000049b2700000) (1024K)]
  0x000001d7e7075140 JavaThread "Stdin handler"                     [_thread_blocked, id=38828, stack(0x00000049b2700000,0x00000049b2800000) (1024K)]
  0x000001d7e70729e0 JavaThread "Daemon client event forwarder"        [_thread_blocked, id=38860, stack(0x00000049b2800000,0x00000049b2900000) (1024K)]
  0x000001d7e7073d90 JavaThread "Cache worker for journal cache (C:\Users\pjoo6\.gradle\caches\journal-1)"        [_thread_blocked, id=4316, stack(0x00000049b0600000,0x00000049b0700000) (1024K)]
  0x000001d7e70757d0 JavaThread "File lock request listener"        [_thread_in_native, id=28788, stack(0x00000049b2100000,0x00000049b2200000) (1024K)]
  0x000001d7e7073070 JavaThread "Cache worker for file hash cache (C:\Users\pjoo6\.gradle\caches\9.5.1\fileHashes)"        [_thread_blocked, id=9780, stack(0x00000049b2a00000,0x00000049b2b00000) (1024K)]
  0x000001d7e7993b90 JavaThread "Cache worker for file hash cache (C:\Users\pjoo6\OneDrive\바탕 화면\springweb\.gradle\9.5.1\fileHashes)"        [_thread_blocked, id=32528, stack(0x00000049b3100000,0x00000049b3200000) (1024K)]
  0x000001d7e7992e70 JavaThread "Cache worker for Build Output Cleanup Cache (C:\Users\pjoo6\OneDrive\바탕 화면\springweb\.gradle\buildOutputCleanup)"        [_thread_blocked, id=28328, stack(0x00000049b3200000,0x00000049b3300000) (1024K)]
  0x000001d7e79955d0 JavaThread "File watcher server"        daemon [_thread_in_native, id=18104, stack(0x00000049b3300000,0x00000049b3400000) (1024K)]
  0x000001d7e7995c60 JavaThread "File watcher consumer"      daemon [_thread_blocked, id=28268, stack(0x00000049b3400000,0x00000049b3500000) (1024K)]
  0x000001d7e7996980 JavaThread "Cache worker for file content cache (C:\Users\pjoo6\.gradle\caches\9.5.1\fileContent)"        [_thread_blocked, id=14880, stack(0x00000049b3500000,0x00000049b3600000) (1024K)]
  0x000001d7e79948b0 JavaThread "Cache worker for checksums cache (C:\Users\pjoo6\OneDrive\바탕 화면\springweb\.gradle\9.5.1\checksums)"        [_thread_blocked, id=38636, stack(0x00000049b3600000,0x00000049b3700000) (1024K)]
  0x000001d7e7993500 JavaThread "Cache worker for cache directory md-supplier (C:\Users\pjoo6\.gradle\caches\9.5.1\md-supplier)"        [_thread_blocked, id=35228, stack(0x00000049b3700000,0x00000049b3800000) (1024K)]
  0x000001d7e79962f0 JavaThread "Cache worker for cache directory md-rule (C:\Users\pjoo6\.gradle\caches\9.5.1\md-rule)"        [_thread_blocked, id=30656, stack(0x00000049b3800000,0x00000049b3900000) (1024K)]
  0x000001d7e7994f40 JavaThread "jar transforms"                    [_thread_blocked, id=40572, stack(0x00000049b3a00000,0x00000049b3b00000) (1024K)]
  0x000001d7e7997010 JavaThread "File lock release action executor Thread 3"        [_thread_blocked, id=45600, stack(0x00000049b3b00000,0x00000049b3c00000) (1024K)]
  0x000001d7e79976a0 JavaThread "jar transforms Thread 2"           [_thread_blocked, id=38420, stack(0x00000049b3c00000,0x00000049b3d00000) (1024K)]
Total: 35

Other Threads:
  0x000001d7cc10cee0 VMThread "VM Thread"                           [id=32404, stack(0x00000049b1000000,0x00000049b1100000) (1024K)] _threads_hazard_ptr=0x000001d7e7f934e0
  0x000001d7cc100fa0 WatcherThread "VM Periodic Task Thread"        [id=32400, stack(0x00000049b0f00000,0x00000049b1000000) (1024K)]
  0x000001d7b635d800 WorkerThread "GC Thread#0"                     [id=32328, stack(0x00000049b0a00000,0x00000049b0b00000) (1024K)]
  0x000001d7e6020a90 WorkerThread "GC Thread#1"                     [id=27764, stack(0x00000049b1b00000,0x00000049b1c00000) (1024K)]
  0x000001d7e6020e40 WorkerThread "GC Thread#2"                     [id=14984, stack(0x00000049b1c00000,0x00000049b1d00000) (1024K)]
  0x000001d7cc263fa0 WorkerThread "GC Thread#3"                     [id=1900, stack(0x00000049b1d00000,0x00000049b1e00000) (1024K)]
  0x000001d7cc264350 WorkerThread "GC Thread#4"                     [id=5152, stack(0x00000049b1e00000,0x00000049b1f00000) (1024K)]
  0x000001d7cc264700 WorkerThread "GC Thread#5"                     [id=12940, stack(0x00000049b1f00000,0x00000049b2000000) (1024K)]
  0x000001d7e8b8cd20 WorkerThread "GC Thread#6"                     [id=16884, stack(0x00000049b2b00000,0x00000049b2c00000) (1024K)]
  0x000001d7e8b8dbe0 WorkerThread "GC Thread#7"                     [id=19628, stack(0x00000049b2c00000,0x00000049b2d00000) (1024K)]
  0x000001d7e8b8df90 WorkerThread "GC Thread#8"                     [id=18500, stack(0x00000049b2d00000,0x00000049b2e00000) (1024K)]
  0x000001d7e8b8f960 WorkerThread "GC Thread#9"                     [id=32496, stack(0x00000049b2e00000,0x00000049b2f00000) (1024K)]
  0x000001d7b6362700 ConcurrentGCThread "G1 Main Marker"            [id=32332, stack(0x00000049b0b00000,0x00000049b0c00000) (1024K)]
  0x000001d7b6363120 WorkerThread "G1 Conc#0"                       [id=32336, stack(0x00000049b0c00000,0x00000049b0d00000) (1024K)]
  0x000001d7e8b8e340 WorkerThread "G1 Conc#1"                       [id=25176, stack(0x00000049b2f00000,0x00000049b3000000) (1024K)]
  0x000001d7e8b8d0d0 WorkerThread "G1 Conc#2"                       [id=34732, stack(0x00000049b3000000,0x00000049b3100000) (1024K)]
  0x000001d7cbfce250 ConcurrentGCThread "G1 Refine#0"               [id=32368, stack(0x00000049b0d00000,0x00000049b0e00000) (1024K)]
  0x000001d7cbfd2a90 ConcurrentGCThread "G1 Service"                [id=32372, stack(0x00000049b0e00000,0x00000049b0f00000) (1024K)]
Total: 18

Threads with active compile tasks:
C2 CompilerThread0  683309 4899   !   4       java.net.URLClassLoader$1::run (81 bytes)
Total: 1

VM state: synchronizing (normal execution)

VM Mutex/Monitor currently owned by a thread:  ([mutex/lock_event])
[0x00007ff9283ef5b0] Threads_lock - owner thread: 0x000001d7cc10cee0

Heap address: 0x00000000e0000000, size: 512 MB, Compressed Oops mode: 32-bit

CDS archive(s) mapped at: [0x000001d7cd000000-0x000001d7cdba0000-0x000001d7cdba0000), size 12189696, SharedBaseAddress: 0x000001d7cd000000, ArchiveRelocationMode: 1.
Compressed class space mapped at: 0x000001d7ce000000-0x000001d7e2000000, reserved size: 335544320
Narrow klass base: 0x000001d7cd000000, Narrow klass shift: 0, Narrow klass range: 0x100000000

GC Precious Log:
 CardTable entry size: 512
 Card Set container configuration: InlinePtr #cards 5 size 8 Array Of Cards #cards 12 size 40 Howl #buckets 4 coarsen threshold 1843 Howl Bitmap #cards 512 size 80 coarsen threshold 460 Card regions per heap region 1 cards per card region 2048
 CPUs: 12 total, 12 available
 Memory: 16027M
 Large Page Support: Disabled
 NUMA Support: Disabled
 Compressed Oops: Enabled (32-bit)
 Heap Region Size: 1M
 Heap Min Capacity: 256M
 Heap Initial Capacity: 256M
 Heap Max Capacity: 512M
 Pre-touch: Disabled
 Parallel Workers: 10
 Concurrent Workers: 3
 Concurrent Refinement Workers: 10
 Periodic GC: Disabled

Heap:
 garbage-first heap   total 262144K, used 37962K [0x00000000e0000000, 0x0000000100000000)
  region size 1024K, 10 young (10240K), 2 survivors (2048K)
 Metaspace       used 35444K, committed 36864K, reserved 393216K
  class space    used 5160K, committed 5888K, reserved 327680K

Heap Regions: E=young(eden), S=young(survivor), O=old, HS=humongous(starts), HC=humongous(continues), CS=collection set, F=free, TAMS=top-at-mark-start, PB=parsable bottom
|   0|0x00000000e0000000, 0x00000000e0100000, 0x00000000e0100000|100%|HS|  |TAMS 0x00000000e0000000| PB 0x00000000e0000000| Complete 
|   1|0x00000000e0100000, 0x00000000e0200000, 0x00000000e0200000|100%|HC|  |TAMS 0x00000000e0100000| PB 0x00000000e0100000| Complete 
|   2|0x00000000e0200000, 0x00000000e0300000, 0x00000000e0300000|100%|HC|  |TAMS 0x00000000e0200000| PB 0x00000000e0200000| Complete 
|   3|0x00000000e0300000, 0x00000000e0400000, 0x00000000e0400000|100%|HC|  |TAMS 0x00000000e0300000| PB 0x00000000e0300000| Complete 
|   4|0x00000000e0400000, 0x00000000e0500000, 0x00000000e0500000|100%| O|  |TAMS 0x00000000e0400000| PB 0x00000000e0400000| Untracked 
|   5|0x00000000e0500000, 0x00000000e0600000, 0x00000000e0600000|100%| O|  |TAMS 0x00000000e0500000| PB 0x00000000e0500000| Untracked 
|   6|0x00000000e0600000, 0x00000000e0700000, 0x00000000e0700000|100%| O|  |TAMS 0x00000000e0600000| PB 0x00000000e0600000| Untracked 
|   7|0x00000000e0700000, 0x00000000e0700000, 0x00000000e0800000|  0%| F|  |TAMS 0x00000000e0700000| PB 0x00000000e0700000| Untracked 
|   8|0x00000000e0800000, 0x00000000e0900000, 0x00000000e0900000|100%|HS|  |TAMS 0x00000000e0800000| PB 0x00000000e0800000| Complete 
|   9|0x00000000e0900000, 0x00000000e0a00000, 0x00000000e0a00000|100%| O|  |TAMS 0x00000000e0900000| PB 0x00000000e0900000| Untracked 
|  10|0x00000000e0a00000, 0x00000000e0b00000, 0x00000000e0b00000|100%| O|  |TAMS 0x00000000e0a00000| PB 0x00000000e0a00000| Untracked 
|  11|0x00000000e0b00000, 0x00000000e0c00000, 0x00000000e0c00000|100%| O|  |TAMS 0x00000000e0b00000| PB 0x00000000e0b00000| Untracked 
|  12|0x00000000e0c00000, 0x00000000e0d00000, 0x00000000e0d00000|100%| O|  |TAMS 0x00000000e0c00000| PB 0x00000000e0c00000| Untracked 
|  13|0x00000000e0d00000, 0x00000000e0e00000, 0x00000000e0e00000|100%| O|  |TAMS 0x00000000e0d00000| PB 0x00000000e0d00000| Untracked 
|  14|0x00000000e0e00000, 0x00000000e0f00000, 0x00000000e0f00000|100%| O|  |TAMS 0x00000000e0e00000| PB 0x00000000e0e00000| Untracked 
|  15|0x00000000e0f00000, 0x00000000e1000000, 0x00000000e1000000|100%| O|  |TAMS 0x00000000e0f00000| PB 0x00000000e0f00000| Untracked 
|  16|0x00000000e1000000, 0x00000000e1100000, 0x00000000e1100000|100%| O|  |TAMS 0x00000000e1000000| PB 0x00000000e1000000| Untracked 
|  17|0x00000000e1100000, 0x00000000e1200000, 0x00000000e1200000|100%| O|  |TAMS 0x00000000e1100000| PB 0x00000000e1100000| Untracked 
|  18|0x00000000e1200000, 0x00000000e1300000, 0x00000000e1300000|100%| O|  |TAMS 0x00000000e1200000| PB 0x00000000e1200000| Untracked 
|  19|0x00000000e1300000, 0x00000000e1400000, 0x00000000e1400000|100%| O|  |TAMS 0x00000000e1300000| PB 0x00000000e1300000| Untracked 
|  20|0x00000000e1400000, 0x00000000e1500000, 0x00000000e1500000|100%| O|  |TAMS 0x00000000e1400000| PB 0x00000000e1400000| Untracked 
|  21|0x00000000e1500000, 0x00000000e1600000, 0x00000000e1600000|100%| O|  |TAMS 0x00000000e1500000| PB 0x00000000e1500000| Untracked 
|  22|0x00000000e1600000, 0x00000000e1700000, 0x00000000e1700000|100%| O|  |TAMS 0x00000000e1600000| PB 0x00000000e1600000| Untracked 
|  23|0x00000000e1700000, 0x00000000e1800000, 0x00000000e1800000|100%| O|  |TAMS 0x00000000e1700000| PB 0x00000000e1700000| Untracked 
|  24|0x00000000e1800000, 0x00000000e1900000, 0x00000000e1900000|100%| O|  |TAMS 0x00000000e1800000| PB 0x00000000e1800000| Untracked 
|  25|0x00000000e1900000, 0x00000000e1a00000, 0x00000000e1a00000|100%| O|  |TAMS 0x00000000e1900000| PB 0x00000000e1900000| Untracked 
|  26|0x00000000e1a00000, 0x00000000e1b00000, 0x00000000e1b00000|100%| O|  |TAMS 0x00000000e1a00000| PB 0x00000000e1a00000| Untracked 
|  27|0x00000000e1b00000, 0x00000000e1c00000, 0x00000000e1c00000|100%| O|  |TAMS 0x00000000e1b00000| PB 0x00000000e1b00000| Untracked 
|  28|0x00000000e1c00000, 0x00000000e1d00000, 0x00000000e1d00000|100%| O|Cm|TAMS 0x00000000e1c00000| PB 0x00000000e1c00000| Complete 
|  29|0x00000000e1d00000, 0x00000000e1d4b388, 0x00000000e1e00000| 29%| O|  |TAMS 0x00000000e1d00000| PB 0x00000000e1d00000| Untracked 
|  30|0x00000000e1e00000, 0x00000000e1e00000, 0x00000000e1f00000|  0%| F|  |TAMS 0x00000000e1e00000| PB 0x00000000e1e00000| Untracked 
|  31|0x00000000e1f00000, 0x00000000e1f00000, 0x00000000e2000000|  0%| F|  |TAMS 0x00000000e1f00000| PB 0x00000000e1f00000| Untracked 
|  32|0x00000000e2000000, 0x00000000e2000000, 0x00000000e2100000|  0%| F|  |TAMS 0x00000000e2000000| PB 0x00000000e2000000| Untracked 
|  33|0x00000000e2100000, 0x00000000e2100000, 0x00000000e2200000|  0%| F|  |TAMS 0x00000000e2100000| PB 0x00000000e2100000| Untracked 
|  34|0x00000000e2200000, 0x00000000e2200000, 0x00000000e2300000|  0%| F|  |TAMS 0x00000000e2200000| PB 0x00000000e2200000| Untracked 
|  35|0x00000000e2300000, 0x00000000e2300000, 0x00000000e2400000|  0%| F|  |TAMS 0x00000000e2300000| PB 0x00000000e2300000| Untracked 
|  36|0x00000000e2400000, 0x00000000e2400000, 0x00000000e2500000|  0%| F|  |TAMS 0x00000000e2400000| PB 0x00000000e2400000| Untracked 
|  37|0x00000000e2500000, 0x00000000e2500000, 0x00000000e2600000|  0%| F|  |TAMS 0x00000000e2500000| PB 0x00000000e2500000| Untracked 
|  38|0x00000000e2600000, 0x00000000e2600000, 0x00000000e2700000|  0%| F|  |TAMS 0x00000000e2600000| PB 0x00000000e2600000| Untracked 
|  39|0x00000000e2700000, 0x00000000e2700000, 0x00000000e2800000|  0%| F|  |TAMS 0x00000000e2700000| PB 0x00000000e2700000| Untracked 
|  40|0x00000000e2800000, 0x00000000e2800000, 0x00000000e2900000|  0%| F|  |TAMS 0x00000000e2800000| PB 0x00000000e2800000| Untracked 
|  41|0x00000000e2900000, 0x00000000e2900000, 0x00000000e2a00000|  0%| F|  |TAMS 0x00000000e2900000| PB 0x00000000e2900000| Untracked 
|  42|0x00000000e2a00000, 0x00000000e2a00000, 0x00000000e2b00000|  0%| F|  |TAMS 0x00000000e2a00000| PB 0x00000000e2a00000| Untracked 
|  43|0x00000000e2b00000, 0x00000000e2b00000, 0x00000000e2c00000|  0%| F|  |TAMS 0x00000000e2b00000| PB 0x00000000e2b00000| Untracked 
|  44|0x00000000e2c00000, 0x00000000e2c00000, 0x00000000e2d00000|  0%| F|  |TAMS 0x00000000e2c00000| PB 0x00000000e2c00000| Untracked 
|  45|0x00000000e2d00000, 0x00000000e2d00000, 0x00000000e2e00000|  0%| F|  |TAMS 0x00000000e2d00000| PB 0x00000000e2d00000| Untracked 
|  46|0x00000000e2e00000, 0x00000000e2e00000, 0x00000000e2f00000|  0%| F|  |TAMS 0x00000000e2e00000| PB 0x00000000e2e00000| Untracked 
|  47|0x00000000e2f00000, 0x00000000e2f00000, 0x00000000e3000000|  0%| F|  |TAMS 0x00000000e2f00000| PB 0x00000000e2f00000| Untracked 
|  48|0x00000000e3000000, 0x00000000e3000000, 0x00000000e3100000|  0%| F|  |TAMS 0x00000000e3000000| PB 0x00000000e3000000| Untracked 
|  49|0x00000000e3100000, 0x00000000e3100000, 0x00000000e3200000|  0%| F|  |TAMS 0x00000000e3100000| PB 0x00000000e3100000| Untracked 
|  50|0x00000000e3200000, 0x00000000e3200000, 0x00000000e3300000|  0%| F|  |TAMS 0x00000000e3200000| PB 0x00000000e3200000| Untracked 
|  51|0x00000000e3300000, 0x00000000e3300000, 0x00000000e3400000|  0%| F|  |TAMS 0x00000000e3300000| PB 0x00000000e3300000| Untracked 
|  52|0x00000000e3400000, 0x00000000e3400000, 0x00000000e3500000|  0%| F|  |TAMS 0x00000000e3400000| PB 0x00000000e3400000| Untracked 
|  53|0x00000000e3500000, 0x00000000e3500000, 0x00000000e3600000|  0%| F|  |TAMS 0x00000000e3500000| PB 0x00000000e3500000| Untracked 
|  54|0x00000000e3600000, 0x00000000e3600000, 0x00000000e3700000|  0%| F|  |TAMS 0x00000000e3600000| PB 0x00000000e3600000| Untracked 
|  55|0x00000000e3700000, 0x00000000e3700000, 0x00000000e3800000|  0%| F|  |TAMS 0x00000000e3700000| PB 0x00000000e3700000| Untracked 
|  56|0x00000000e3800000, 0x00000000e3800000, 0x00000000e3900000|  0%| F|  |TAMS 0x00000000e3800000| PB 0x00000000e3800000| Untracked 
|  57|0x00000000e3900000, 0x00000000e3900000, 0x00000000e3a00000|  0%| F|  |TAMS 0x00000000e3900000| PB 0x00000000e3900000| Untracked 
|  58|0x00000000e3a00000, 0x00000000e3a00000, 0x00000000e3b00000|  0%| F|  |TAMS 0x00000000e3a00000| PB 0x00000000e3a00000| Untracked 
|  59|0x00000000e3b00000, 0x00000000e3b00000, 0x00000000e3c00000|  0%| F|  |TAMS 0x00000000e3b00000| PB 0x00000000e3b00000| Untracked 
|  60|0x00000000e3c00000, 0x00000000e3c00000, 0x00000000e3d00000|  0%| F|  |TAMS 0x00000000e3c00000| PB 0x00000000e3c00000| Untracked 
|  61|0x00000000e3d00000, 0x00000000e3d00000, 0x00000000e3e00000|  0%| F|  |TAMS 0x00000000e3d00000| PB 0x00000000e3d00000| Untracked 
|  62|0x00000000e3e00000, 0x00000000e3e00000, 0x00000000e3f00000|  0%| F|  |TAMS 0x00000000e3e00000| PB 0x00000000e3e00000| Untracked 
|  63|0x00000000e3f00000, 0x00000000e3f00000, 0x00000000e4000000|  0%| F|  |TAMS 0x00000000e3f00000| PB 0x00000000e3f00000| Untracked 
|  64|0x00000000e4000000, 0x00000000e4000000, 0x00000000e4100000|  0%| F|  |TAMS 0x00000000e4000000| PB 0x00000000e4000000| Untracked 
|  65|0x00000000e4100000, 0x00000000e4100000, 0x00000000e4200000|  0%| F|  |TAMS 0x00000000e4100000| PB 0x00000000e4100000| Untracked 
|  66|0x00000000e4200000, 0x00000000e4200000, 0x00000000e4300000|  0%| F|  |TAMS 0x00000000e4200000| PB 0x00000000e4200000| Untracked 
|  67|0x00000000e4300000, 0x00000000e4300000, 0x00000000e4400000|  0%| F|  |TAMS 0x00000000e4300000| PB 0x00000000e4300000| Untracked 
|  68|0x00000000e4400000, 0x00000000e4400000, 0x00000000e4500000|  0%| F|  |TAMS 0x00000000e4400000| PB 0x00000000e4400000| Untracked 
|  69|0x00000000e4500000, 0x00000000e4500000, 0x00000000e4600000|  0%| F|  |TAMS 0x00000000e4500000| PB 0x00000000e4500000| Untracked 
|  70|0x00000000e4600000, 0x00000000e4600000, 0x00000000e4700000|  0%| F|  |TAMS 0x00000000e4600000| PB 0x00000000e4600000| Untracked 
|  71|0x00000000e4700000, 0x00000000e4700000, 0x00000000e4800000|  0%| F|  |TAMS 0x00000000e4700000| PB 0x00000000e4700000| Untracked 
|  72|0x00000000e4800000, 0x00000000e4800000, 0x00000000e4900000|  0%| F|  |TAMS 0x00000000e4800000| PB 0x00000000e4800000| Untracked 
|  73|0x00000000e4900000, 0x00000000e4900000, 0x00000000e4a00000|  0%| F|  |TAMS 0x00000000e4900000| PB 0x00000000e4900000| Untracked 
|  74|0x00000000e4a00000, 0x00000000e4a00000, 0x00000000e4b00000|  0%| F|  |TAMS 0x00000000e4a00000| PB 0x00000000e4a00000| Untracked 
|  75|0x00000000e4b00000, 0x00000000e4b00000, 0x00000000e4c00000|  0%| F|  |TAMS 0x00000000e4b00000| PB 0x00000000e4b00000| Untracked 
|  76|0x00000000e4c00000, 0x00000000e4c00000, 0x00000000e4d00000|  0%| F|  |TAMS 0x00000000e4c00000| PB 0x00000000e4c00000| Untracked 
|  77|0x00000000e4d00000, 0x00000000e4d00000, 0x00000000e4e00000|  0%| F|  |TAMS 0x00000000e4d00000| PB 0x00000000e4d00000| Untracked 
|  78|0x00000000e4e00000, 0x00000000e4e00000, 0x00000000e4f00000|  0%| F|  |TAMS 0x00000000e4e00000| PB 0x00000000e4e00000| Untracked 
|  79|0x00000000e4f00000, 0x00000000e4f00000, 0x00000000e5000000|  0%| F|  |TAMS 0x00000000e4f00000| PB 0x00000000e4f00000| Untracked 
|  80|0x00000000e5000000, 0x00000000e5000000, 0x00000000e5100000|  0%| F|  |TAMS 0x00000000e5000000| PB 0x00000000e5000000| Untracked 
|  81|0x00000000e5100000, 0x00000000e5100000, 0x00000000e5200000|  0%| F|  |TAMS 0x00000000e5100000| PB 0x00000000e5100000| Untracked 
|  82|0x00000000e5200000, 0x00000000e5200000, 0x00000000e5300000|  0%| F|  |TAMS 0x00000000e5200000| PB 0x00000000e5200000| Untracked 
|  83|0x00000000e5300000, 0x00000000e5300000, 0x00000000e5400000|  0%| F|  |TAMS 0x00000000e5300000| PB 0x00000000e5300000| Untracked 
|  84|0x00000000e5400000, 0x00000000e5400000, 0x00000000e5500000|  0%| F|  |TAMS 0x00000000e5400000| PB 0x00000000e5400000| Untracked 
|  85|0x00000000e5500000, 0x00000000e5500000, 0x00000000e5600000|  0%| F|  |TAMS 0x00000000e5500000| PB 0x00000000e5500000| Untracked 
|  86|0x00000000e5600000, 0x00000000e5600000, 0x00000000e5700000|  0%| F|  |TAMS 0x00000000e5600000| PB 0x00000000e5600000| Untracked 
|  87|0x00000000e5700000, 0x00000000e5700000, 0x00000000e5800000|  0%| F|  |TAMS 0x00000000e5700000| PB 0x00000000e5700000| Untracked 
|  88|0x00000000e5800000, 0x00000000e5800000, 0x00000000e5900000|  0%| F|  |TAMS 0x00000000e5800000| PB 0x00000000e5800000| Untracked 
|  89|0x00000000e5900000, 0x00000000e5900000, 0x00000000e5a00000|  0%| F|  |TAMS 0x00000000e5900000| PB 0x00000000e5900000| Untracked 
|  90|0x00000000e5a00000, 0x00000000e5a00000, 0x00000000e5b00000|  0%| F|  |TAMS 0x00000000e5a00000| PB 0x00000000e5a00000| Untracked 
|  91|0x00000000e5b00000, 0x00000000e5b00000, 0x00000000e5c00000|  0%| F|  |TAMS 0x00000000e5b00000| PB 0x00000000e5b00000| Untracked 
|  92|0x00000000e5c00000, 0x00000000e5c00000, 0x00000000e5d00000|  0%| F|  |TAMS 0x00000000e5c00000| PB 0x00000000e5c00000| Untracked 
|  93|0x00000000e5d00000, 0x00000000e5d00000, 0x00000000e5e00000|  0%| F|  |TAMS 0x00000000e5d00000| PB 0x00000000e5d00000| Untracked 
|  94|0x00000000e5e00000, 0x00000000e5e00000, 0x00000000e5f00000|  0%| F|  |TAMS 0x00000000e5e00000| PB 0x00000000e5e00000| Untracked 
|  95|0x00000000e5f00000, 0x00000000e5f00000, 0x00000000e6000000|  0%| F|  |TAMS 0x00000000e5f00000| PB 0x00000000e5f00000| Untracked 
|  96|0x00000000e6000000, 0x00000000e6000000, 0x00000000e6100000|  0%| F|  |TAMS 0x00000000e6000000| PB 0x00000000e6000000| Untracked 
|  97|0x00000000e6100000, 0x00000000e6100000, 0x00000000e6200000|  0%| F|  |TAMS 0x00000000e6100000| PB 0x00000000e6100000| Untracked 
|  98|0x00000000e6200000, 0x00000000e6200000, 0x00000000e6300000|  0%| F|  |TAMS 0x00000000e6200000| PB 0x00000000e6200000| Untracked 
|  99|0x00000000e6300000, 0x00000000e6300000, 0x00000000e6400000|  0%| F|  |TAMS 0x00000000e6300000| PB 0x00000000e6300000| Untracked 
| 100|0x00000000e6400000, 0x00000000e6400000, 0x00000000e6500000|  0%| F|  |TAMS 0x00000000e6400000| PB 0x00000000e6400000| Untracked 
| 101|0x00000000e6500000, 0x00000000e6500000, 0x00000000e6600000|  0%| F|  |TAMS 0x00000000e6500000| PB 0x00000000e6500000| Untracked 
| 102|0x00000000e6600000, 0x00000000e6600000, 0x00000000e6700000|  0%| F|  |TAMS 0x00000000e6600000| PB 0x00000000e6600000| Untracked 
| 103|0x00000000e6700000, 0x00000000e6700000, 0x00000000e6800000|  0%| F|  |TAMS 0x00000000e6700000| PB 0x00000000e6700000| Untracked 
| 104|0x00000000e6800000, 0x00000000e6800000, 0x00000000e6900000|  0%| F|  |TAMS 0x00000000e6800000| PB 0x00000000e6800000| Untracked 
| 105|0x00000000e6900000, 0x00000000e6900000, 0x00000000e6a00000|  0%| F|  |TAMS 0x00000000e6900000| PB 0x00000000e6900000| Untracked 
| 106|0x00000000e6a00000, 0x00000000e6a00000, 0x00000000e6b00000|  0%| F|  |TAMS 0x00000000e6a00000| PB 0x00000000e6a00000| Untracked 
| 107|0x00000000e6b00000, 0x00000000e6b00000, 0x00000000e6c00000|  0%| F|  |TAMS 0x00000000e6b00000| PB 0x00000000e6b00000| Untracked 
| 108|0x00000000e6c00000, 0x00000000e6c00000, 0x00000000e6d00000|  0%| F|  |TAMS 0x00000000e6c00000| PB 0x00000000e6c00000| Untracked 
| 109|0x00000000e6d00000, 0x00000000e6d00000, 0x00000000e6e00000|  0%| F|  |TAMS 0x00000000e6d00000| PB 0x00000000e6d00000| Untracked 
| 110|0x00000000e6e00000, 0x00000000e6e00000, 0x00000000e6f00000|  0%| F|  |TAMS 0x00000000e6e00000| PB 0x00000000e6e00000| Untracked 
| 111|0x00000000e6f00000, 0x00000000e6f00000, 0x00000000e7000000|  0%| F|  |TAMS 0x00000000e6f00000| PB 0x00000000e6f00000| Untracked 
| 112|0x00000000e7000000, 0x00000000e7000000, 0x00000000e7100000|  0%| F|  |TAMS 0x00000000e7000000| PB 0x00000000e7000000| Untracked 
| 113|0x00000000e7100000, 0x00000000e7100000, 0x00000000e7200000|  0%| F|  |TAMS 0x00000000e7100000| PB 0x00000000e7100000| Untracked 
| 114|0x00000000e7200000, 0x00000000e7200000, 0x00000000e7300000|  0%| F|  |TAMS 0x00000000e7200000| PB 0x00000000e7200000| Untracked 
| 115|0x00000000e7300000, 0x00000000e7300000, 0x00000000e7400000|  0%| F|  |TAMS 0x00000000e7300000| PB 0x00000000e7300000| Untracked 
| 116|0x00000000e7400000, 0x00000000e7400000, 0x00000000e7500000|  0%| F|  |TAMS 0x00000000e7400000| PB 0x00000000e7400000| Untracked 
| 117|0x00000000e7500000, 0x00000000e7500000, 0x00000000e7600000|  0%| F|  |TAMS 0x00000000e7500000| PB 0x00000000e7500000| Untracked 
| 118|0x00000000e7600000, 0x00000000e7600000, 0x00000000e7700000|  0%| F|  |TAMS 0x00000000e7600000| PB 0x00000000e7600000| Untracked 
| 119|0x00000000e7700000, 0x00000000e7700000, 0x00000000e7800000|  0%| F|  |TAMS 0x00000000e7700000| PB 0x00000000e7700000| Untracked 
| 120|0x00000000e7800000, 0x00000000e7800000, 0x00000000e7900000|  0%| F|  |TAMS 0x00000000e7800000| PB 0x00000000e7800000| Untracked 
| 121|0x00000000e7900000, 0x00000000e7900000, 0x00000000e7a00000|  0%| F|  |TAMS 0x00000000e7900000| PB 0x00000000e7900000| Untracked 
| 122|0x00000000e7a00000, 0x00000000e7a00000, 0x00000000e7b00000|  0%| F|  |TAMS 0x00000000e7a00000| PB 0x00000000e7a00000| Untracked 
| 123|0x00000000e7b00000, 0x00000000e7b00000, 0x00000000e7c00000|  0%| F|  |TAMS 0x00000000e7b00000| PB 0x00000000e7b00000| Untracked 
| 124|0x00000000e7c00000, 0x00000000e7c00000, 0x00000000e7d00000|  0%| F|  |TAMS 0x00000000e7c00000| PB 0x00000000e7c00000| Untracked 
| 125|0x00000000e7d00000, 0x00000000e7d00000, 0x00000000e7e00000|  0%| F|  |TAMS 0x00000000e7d00000| PB 0x00000000e7d00000| Untracked 
| 126|0x00000000e7e00000, 0x00000000e7e00000, 0x00000000e7f00000|  0%| F|  |TAMS 0x00000000e7e00000| PB 0x00000000e7e00000| Untracked 
| 127|0x00000000e7f00000, 0x00000000e7f00000, 0x00000000e8000000|  0%| F|  |TAMS 0x00000000e7f00000| PB 0x00000000e7f00000| Untracked 
| 128|0x00000000e8000000, 0x00000000e8000000, 0x00000000e8100000|  0%| F|  |TAMS 0x00000000e8000000| PB 0x00000000e8000000| Untracked 
| 129|0x00000000e8100000, 0x00000000e8100000, 0x00000000e8200000|  0%| F|  |TAMS 0x00000000e8100000| PB 0x00000000e8100000| Untracked 
| 130|0x00000000e8200000, 0x00000000e8200000, 0x00000000e8300000|  0%| F|  |TAMS 0x00000000e8200000| PB 0x00000000e8200000| Untracked 
| 131|0x00000000e8300000, 0x00000000e8300000, 0x00000000e8400000|  0%| F|  |TAMS 0x00000000e8300000| PB 0x00000000e8300000| Untracked 
| 132|0x00000000e8400000, 0x00000000e8400000, 0x00000000e8500000|  0%| F|  |TAMS 0x00000000e8400000| PB 0x00000000e8400000| Untracked 
| 133|0x00000000e8500000, 0x00000000e8500000, 0x00000000e8600000|  0%| F|  |TAMS 0x00000000e8500000| PB 0x00000000e8500000| Untracked 
| 134|0x00000000e8600000, 0x00000000e8600000, 0x00000000e8700000|  0%| F|  |TAMS 0x00000000e8600000| PB 0x00000000e8600000| Untracked 
| 135|0x00000000e8700000, 0x00000000e8700000, 0x00000000e8800000|  0%| F|  |TAMS 0x00000000e8700000| PB 0x00000000e8700000| Untracked 
| 136|0x00000000e8800000, 0x00000000e8800000, 0x00000000e8900000|  0%| F|  |TAMS 0x00000000e8800000| PB 0x00000000e8800000| Untracked 
| 137|0x00000000e8900000, 0x00000000e8900000, 0x00000000e8a00000|  0%| F|  |TAMS 0x00000000e8900000| PB 0x00000000e8900000| Untracked 
| 138|0x00000000e8a00000, 0x00000000e8a00000, 0x00000000e8b00000|  0%| F|  |TAMS 0x00000000e8a00000| PB 0x00000000e8a00000| Untracked 
| 139|0x00000000e8b00000, 0x00000000e8b00000, 0x00000000e8c00000|  0%| F|  |TAMS 0x00000000e8b00000| PB 0x00000000e8b00000| Untracked 
| 140|0x00000000e8c00000, 0x00000000e8c00000, 0x00000000e8d00000|  0%| F|  |TAMS 0x00000000e8c00000| PB 0x00000000e8c00000| Untracked 
| 141|0x00000000e8d00000, 0x00000000e8d00000, 0x00000000e8e00000|  0%| F|  |TAMS 0x00000000e8d00000| PB 0x00000000e8d00000| Untracked 
| 142|0x00000000e8e00000, 0x00000000e8e00000, 0x00000000e8f00000|  0%| F|  |TAMS 0x00000000e8e00000| PB 0x00000000e8e00000| Untracked 
| 143|0x00000000e8f00000, 0x00000000e8f00000, 0x00000000e9000000|  0%| F|  |TAMS 0x00000000e8f00000| PB 0x00000000e8f00000| Untracked 
| 144|0x00000000e9000000, 0x00000000e9000000, 0x00000000e9100000|  0%| F|  |TAMS 0x00000000e9000000| PB 0x00000000e9000000| Untracked 
| 145|0x00000000e9100000, 0x00000000e9100000, 0x00000000e9200000|  0%| F|  |TAMS 0x00000000e9100000| PB 0x00000000e9100000| Untracked 
| 146|0x00000000e9200000, 0x00000000e9200000, 0x00000000e9300000|  0%| F|  |TAMS 0x00000000e9200000| PB 0x00000000e9200000| Untracked 
| 147|0x00000000e9300000, 0x00000000e9300000, 0x00000000e9400000|  0%| F|  |TAMS 0x00000000e9300000| PB 0x00000000e9300000| Untracked 
| 148|0x00000000e9400000, 0x00000000e9400000, 0x00000000e9500000|  0%| F|  |TAMS 0x00000000e9400000| PB 0x00000000e9400000| Untracked 
| 149|0x00000000e9500000, 0x00000000e9500000, 0x00000000e9600000|  0%| F|  |TAMS 0x00000000e9500000| PB 0x00000000e9500000| Untracked 
| 150|0x00000000e9600000, 0x00000000e9600000, 0x00000000e9700000|  0%| F|  |TAMS 0x00000000e9600000| PB 0x00000000e9600000| Untracked 
| 151|0x00000000e9700000, 0x00000000e9700000, 0x00000000e9800000|  0%| F|  |TAMS 0x00000000e9700000| PB 0x00000000e9700000| Untracked 
| 152|0x00000000e9800000, 0x00000000e9800000, 0x00000000e9900000|  0%| F|  |TAMS 0x00000000e9800000| PB 0x00000000e9800000| Untracked 
| 153|0x00000000e9900000, 0x00000000e9900000, 0x00000000e9a00000|  0%| F|  |TAMS 0x00000000e9900000| PB 0x00000000e9900000| Untracked 
| 154|0x00000000e9a00000, 0x00000000e9a00000, 0x00000000e9b00000|  0%| F|  |TAMS 0x00000000e9a00000| PB 0x00000000e9a00000| Untracked 
| 155|0x00000000e9b00000, 0x00000000e9b00000, 0x00000000e9c00000|  0%| F|  |TAMS 0x00000000e9b00000| PB 0x00000000e9b00000| Untracked 
| 156|0x00000000e9c00000, 0x00000000e9c00000, 0x00000000e9d00000|  0%| F|  |TAMS 0x00000000e9c00000| PB 0x00000000e9c00000| Untracked 
| 157|0x00000000e9d00000, 0x00000000e9d00000, 0x00000000e9e00000|  0%| F|  |TAMS 0x00000000e9d00000| PB 0x00000000e9d00000| Untracked 
| 158|0x00000000e9e00000, 0x00000000e9e00000, 0x00000000e9f00000|  0%| F|  |TAMS 0x00000000e9e00000| PB 0x00000000e9e00000| Untracked 
| 159|0x00000000e9f00000, 0x00000000e9f00000, 0x00000000ea000000|  0%| F|  |TAMS 0x00000000e9f00000| PB 0x00000000e9f00000| Untracked 
| 160|0x00000000ea000000, 0x00000000ea000000, 0x00000000ea100000|  0%| F|  |TAMS 0x00000000ea000000| PB 0x00000000ea000000| Untracked 
| 161|0x00000000ea100000, 0x00000000ea100000, 0x00000000ea200000|  0%| F|  |TAMS 0x00000000ea100000| PB 0x00000000ea100000| Untracked 
| 162|0x00000000ea200000, 0x00000000ea200000, 0x00000000ea300000|  0%| F|  |TAMS 0x00000000ea200000| PB 0x00000000ea200000| Untracked 
| 163|0x00000000ea300000, 0x00000000ea300000, 0x00000000ea400000|  0%| F|  |TAMS 0x00000000ea300000| PB 0x00000000ea300000| Untracked 
| 164|0x00000000ea400000, 0x00000000ea400000, 0x00000000ea500000|  0%| F|  |TAMS 0x00000000ea400000| PB 0x00000000ea400000| Untracked 
| 165|0x00000000ea500000, 0x00000000ea500000, 0x00000000ea600000|  0%| F|  |TAMS 0x00000000ea500000| PB 0x00000000ea500000| Untracked 
| 166|0x00000000ea600000, 0x00000000ea600000, 0x00000000ea700000|  0%| F|  |TAMS 0x00000000ea600000| PB 0x00000000ea600000| Untracked 
| 167|0x00000000ea700000, 0x00000000ea700000, 0x00000000ea800000|  0%| F|  |TAMS 0x00000000ea700000| PB 0x00000000ea700000| Untracked 
| 168|0x00000000ea800000, 0x00000000ea800000, 0x00000000ea900000|  0%| F|  |TAMS 0x00000000ea800000| PB 0x00000000ea800000| Untracked 
| 169|0x00000000ea900000, 0x00000000ea900000, 0x00000000eaa00000|  0%| F|  |TAMS 0x00000000ea900000| PB 0x00000000ea900000| Untracked 
| 170|0x00000000eaa00000, 0x00000000eaa00000, 0x00000000eab00000|  0%| F|  |TAMS 0x00000000eaa00000| PB 0x00000000eaa00000| Untracked 
| 171|0x00000000eab00000, 0x00000000eab00000, 0x00000000eac00000|  0%| F|  |TAMS 0x00000000eab00000| PB 0x00000000eab00000| Untracked 
| 172|0x00000000eac00000, 0x00000000eac00000, 0x00000000ead00000|  0%| F|  |TAMS 0x00000000eac00000| PB 0x00000000eac00000| Untracked 
| 173|0x00000000ead00000, 0x00000000ead00000, 0x00000000eae00000|  0%| F|  |TAMS 0x00000000ead00000| PB 0x00000000ead00000| Untracked 
| 174|0x00000000eae00000, 0x00000000eae00000, 0x00000000eaf00000|  0%| F|  |TAMS 0x00000000eae00000| PB 0x00000000eae00000| Untracked 
| 175|0x00000000eaf00000, 0x00000000eaf00000, 0x00000000eb000000|  0%| F|  |TAMS 0x00000000eaf00000| PB 0x00000000eaf00000| Untracked 
| 176|0x00000000eb000000, 0x00000000eb000000, 0x00000000eb100000|  0%| F|  |TAMS 0x00000000eb000000| PB 0x00000000eb000000| Untracked 
| 177|0x00000000eb100000, 0x00000000eb100000, 0x00000000eb200000|  0%| F|  |TAMS 0x00000000eb100000| PB 0x00000000eb100000| Untracked 
| 178|0x00000000eb200000, 0x00000000eb200000, 0x00000000eb300000|  0%| F|  |TAMS 0x00000000eb200000| PB 0x00000000eb200000| Untracked 
| 179|0x00000000eb300000, 0x00000000eb300000, 0x00000000eb400000|  0%| F|  |TAMS 0x00000000eb300000| PB 0x00000000eb300000| Untracked 
| 180|0x00000000eb400000, 0x00000000eb400000, 0x00000000eb500000|  0%| F|  |TAMS 0x00000000eb400000| PB 0x00000000eb400000| Untracked 
| 181|0x00000000eb500000, 0x00000000eb500000, 0x00000000eb600000|  0%| F|  |TAMS 0x00000000eb500000| PB 0x00000000eb500000| Untracked 
| 182|0x00000000eb600000, 0x00000000eb600000, 0x00000000eb700000|  0%| F|  |TAMS 0x00000000eb600000| PB 0x00000000eb600000| Untracked 
| 183|0x00000000eb700000, 0x00000000eb700000, 0x00000000eb800000|  0%| F|  |TAMS 0x00000000eb700000| PB 0x00000000eb700000| Untracked 
| 184|0x00000000eb800000, 0x00000000eb800000, 0x00000000eb900000|  0%| F|  |TAMS 0x00000000eb800000| PB 0x00000000eb800000| Untracked 
| 185|0x00000000eb900000, 0x00000000eb900000, 0x00000000eba00000|  0%| F|  |TAMS 0x00000000eb900000| PB 0x00000000eb900000| Untracked 
| 186|0x00000000eba00000, 0x00000000eba00000, 0x00000000ebb00000|  0%| F|  |TAMS 0x00000000eba00000| PB 0x00000000eba00000| Untracked 
| 187|0x00000000ebb00000, 0x00000000ebb00000, 0x00000000ebc00000|  0%| F|  |TAMS 0x00000000ebb00000| PB 0x00000000ebb00000| Untracked 
| 188|0x00000000ebc00000, 0x00000000ebc00000, 0x00000000ebd00000|  0%| F|  |TAMS 0x00000000ebc00000| PB 0x00000000ebc00000| Untracked 
| 189|0x00000000ebd00000, 0x00000000ebd00000, 0x00000000ebe00000|  0%| F|  |TAMS 0x00000000ebd00000| PB 0x00000000ebd00000| Untracked 
| 190|0x00000000ebe00000, 0x00000000ebe00000, 0x00000000ebf00000|  0%| F|  |TAMS 0x00000000ebe00000| PB 0x00000000ebe00000| Untracked 
| 191|0x00000000ebf00000, 0x00000000ebf00000, 0x00000000ec000000|  0%| F|  |TAMS 0x00000000ebf00000| PB 0x00000000ebf00000| Untracked 
| 192|0x00000000ec000000, 0x00000000ec000000, 0x00000000ec100000|  0%| F|  |TAMS 0x00000000ec000000| PB 0x00000000ec000000| Untracked 
| 193|0x00000000ec100000, 0x00000000ec100000, 0x00000000ec200000|  0%| F|  |TAMS 0x00000000ec100000| PB 0x00000000ec100000| Untracked 
| 194|0x00000000ec200000, 0x00000000ec200000, 0x00000000ec300000|  0%| F|  |TAMS 0x00000000ec200000| PB 0x00000000ec200000| Untracked 
| 195|0x00000000ec300000, 0x00000000ec300000, 0x00000000ec400000|  0%| F|  |TAMS 0x00000000ec300000| PB 0x00000000ec300000| Untracked 
| 196|0x00000000ec400000, 0x00000000ec400000, 0x00000000ec500000|  0%| F|  |TAMS 0x00000000ec400000| PB 0x00000000ec400000| Untracked 
| 197|0x00000000ec500000, 0x00000000ec500000, 0x00000000ec600000|  0%| F|  |TAMS 0x00000000ec500000| PB 0x00000000ec500000| Untracked 
| 198|0x00000000ec600000, 0x00000000ec600000, 0x00000000ec700000|  0%| F|  |TAMS 0x00000000ec600000| PB 0x00000000ec600000| Untracked 
| 199|0x00000000ec700000, 0x00000000ec700000, 0x00000000ec800000|  0%| F|  |TAMS 0x00000000ec700000| PB 0x00000000ec700000| Untracked 
| 200|0x00000000ec800000, 0x00000000ec800000, 0x00000000ec900000|  0%| F|  |TAMS 0x00000000ec800000| PB 0x00000000ec800000| Untracked 
| 201|0x00000000ec900000, 0x00000000ec900000, 0x00000000eca00000|  0%| F|  |TAMS 0x00000000ec900000| PB 0x00000000ec900000| Untracked 
| 202|0x00000000eca00000, 0x00000000eca00000, 0x00000000ecb00000|  0%| F|  |TAMS 0x00000000eca00000| PB 0x00000000eca00000| Untracked 
| 203|0x00000000ecb00000, 0x00000000ecb00000, 0x00000000ecc00000|  0%| F|  |TAMS 0x00000000ecb00000| PB 0x00000000ecb00000| Untracked 
| 204|0x00000000ecc00000, 0x00000000ecc00000, 0x00000000ecd00000|  0%| F|  |TAMS 0x00000000ecc00000| PB 0x00000000ecc00000| Untracked 
| 205|0x00000000ecd00000, 0x00000000ecd00000, 0x00000000ece00000|  0%| F|  |TAMS 0x00000000ecd00000| PB 0x00000000ecd00000| Untracked 
| 206|0x00000000ece00000, 0x00000000ece00000, 0x00000000ecf00000|  0%| F|  |TAMS 0x00000000ece00000| PB 0x00000000ece00000| Untracked 
| 207|0x00000000ecf00000, 0x00000000ecf00000, 0x00000000ed000000|  0%| F|  |TAMS 0x00000000ecf00000| PB 0x00000000ecf00000| Untracked 
| 208|0x00000000ed000000, 0x00000000ed000000, 0x00000000ed100000|  0%| F|  |TAMS 0x00000000ed000000| PB 0x00000000ed000000| Untracked 
| 209|0x00000000ed100000, 0x00000000ed100000, 0x00000000ed200000|  0%| F|  |TAMS 0x00000000ed100000| PB 0x00000000ed100000| Untracked 
| 210|0x00000000ed200000, 0x00000000ed200000, 0x00000000ed300000|  0%| F|  |TAMS 0x00000000ed200000| PB 0x00000000ed200000| Untracked 
| 211|0x00000000ed300000, 0x00000000ed300000, 0x00000000ed400000|  0%| F|  |TAMS 0x00000000ed300000| PB 0x00000000ed300000| Untracked 
| 212|0x00000000ed400000, 0x00000000ed400000, 0x00000000ed500000|  0%| F|  |TAMS 0x00000000ed400000| PB 0x00000000ed400000| Untracked 
| 213|0x00000000ed500000, 0x00000000ed500000, 0x00000000ed600000|  0%| F|  |TAMS 0x00000000ed500000| PB 0x00000000ed500000| Untracked 
| 214|0x00000000ed600000, 0x00000000ed600000, 0x00000000ed700000|  0%| F|  |TAMS 0x00000000ed600000| PB 0x00000000ed600000| Untracked 
| 215|0x00000000ed700000, 0x00000000ed700000, 0x00000000ed800000|  0%| F|  |TAMS 0x00000000ed700000| PB 0x00000000ed700000| Untracked 
| 216|0x00000000ed800000, 0x00000000ed800000, 0x00000000ed900000|  0%| F|  |TAMS 0x00000000ed800000| PB 0x00000000ed800000| Untracked 
| 217|0x00000000ed900000, 0x00000000ed900000, 0x00000000eda00000|  0%| F|  |TAMS 0x00000000ed900000| PB 0x00000000ed900000| Untracked 
| 218|0x00000000eda00000, 0x00000000eda00000, 0x00000000edb00000|  0%| F|  |TAMS 0x00000000eda00000| PB 0x00000000eda00000| Untracked 
| 219|0x00000000edb00000, 0x00000000edb00000, 0x00000000edc00000|  0%| F|  |TAMS 0x00000000edb00000| PB 0x00000000edb00000| Untracked 
| 220|0x00000000edc00000, 0x00000000edc00000, 0x00000000edd00000|  0%| F|  |TAMS 0x00000000edc00000| PB 0x00000000edc00000| Untracked 
| 221|0x00000000edd00000, 0x00000000edd00000, 0x00000000ede00000|  0%| F|  |TAMS 0x00000000edd00000| PB 0x00000000edd00000| Untracked 
| 222|0x00000000ede00000, 0x00000000ede00000, 0x00000000edf00000|  0%| F|  |TAMS 0x00000000ede00000| PB 0x00000000ede00000| Untracked 
| 223|0x00000000edf00000, 0x00000000edf00000, 0x00000000ee000000|  0%| F|  |TAMS 0x00000000edf00000| PB 0x00000000edf00000| Untracked 
| 224|0x00000000ee000000, 0x00000000ee000000, 0x00000000ee100000|  0%| F|  |TAMS 0x00000000ee000000| PB 0x00000000ee000000| Untracked 
| 225|0x00000000ee100000, 0x00000000ee100000, 0x00000000ee200000|  0%| F|  |TAMS 0x00000000ee100000| PB 0x00000000ee100000| Untracked 
| 226|0x00000000ee200000, 0x00000000ee200000, 0x00000000ee300000|  0%| F|  |TAMS 0x00000000ee200000| PB 0x00000000ee200000| Untracked 
| 227|0x00000000ee300000, 0x00000000ee300000, 0x00000000ee400000|  0%| F|  |TAMS 0x00000000ee300000| PB 0x00000000ee300000| Untracked 
| 228|0x00000000ee400000, 0x00000000ee400000, 0x00000000ee500000|  0%| F|  |TAMS 0x00000000ee400000| PB 0x00000000ee400000| Untracked 
| 229|0x00000000ee500000, 0x00000000ee500000, 0x00000000ee600000|  0%| F|  |TAMS 0x00000000ee500000| PB 0x00000000ee500000| Untracked 
| 230|0x00000000ee600000, 0x00000000ee600000, 0x00000000ee700000|  0%| F|  |TAMS 0x00000000ee600000| PB 0x00000000ee600000| Untracked 
| 231|0x00000000ee700000, 0x00000000ee700000, 0x00000000ee800000|  0%| F|  |TAMS 0x00000000ee700000| PB 0x00000000ee700000| Untracked 
| 232|0x00000000ee800000, 0x00000000ee800000, 0x00000000ee900000|  0%| F|  |TAMS 0x00000000ee800000| PB 0x00000000ee800000| Untracked 
| 233|0x00000000ee900000, 0x00000000ee900000, 0x00000000eea00000|  0%| F|  |TAMS 0x00000000ee900000| PB 0x00000000ee900000| Untracked 
| 234|0x00000000eea00000, 0x00000000eea00000, 0x00000000eeb00000|  0%| F|  |TAMS 0x00000000eea00000| PB 0x00000000eea00000| Untracked 
| 235|0x00000000eeb00000, 0x00000000eeb00000, 0x00000000eec00000|  0%| F|  |TAMS 0x00000000eeb00000| PB 0x00000000eeb00000| Untracked 
| 236|0x00000000eec00000, 0x00000000eec00000, 0x00000000eed00000|  0%| F|  |TAMS 0x00000000eec00000| PB 0x00000000eec00000| Untracked 
| 237|0x00000000eed00000, 0x00000000eed00000, 0x00000000eee00000|  0%| F|  |TAMS 0x00000000eed00000| PB 0x00000000eed00000| Untracked 
| 238|0x00000000eee00000, 0x00000000eee00000, 0x00000000eef00000|  0%| F|  |TAMS 0x00000000eee00000| PB 0x00000000eee00000| Untracked 
| 239|0x00000000eef00000, 0x00000000eef00000, 0x00000000ef000000|  0%| F|  |TAMS 0x00000000eef00000| PB 0x00000000eef00000| Untracked 
| 240|0x00000000ef000000, 0x00000000ef000000, 0x00000000ef100000|  0%| F|  |TAMS 0x00000000ef000000| PB 0x00000000ef000000| Untracked 
| 241|0x00000000ef100000, 0x00000000ef100000, 0x00000000ef200000|  0%| F|  |TAMS 0x00000000ef100000| PB 0x00000000ef100000| Untracked 
| 242|0x00000000ef200000, 0x00000000ef200000, 0x00000000ef300000|  0%| F|  |TAMS 0x00000000ef200000| PB 0x00000000ef200000| Untracked 
| 243|0x00000000ef300000, 0x00000000ef300000, 0x00000000ef400000|  0%| F|  |TAMS 0x00000000ef300000| PB 0x00000000ef300000| Untracked 
| 244|0x00000000ef400000, 0x00000000ef400000, 0x00000000ef500000|  0%| F|  |TAMS 0x00000000ef400000| PB 0x00000000ef400000| Untracked 
| 245|0x00000000ef500000, 0x00000000ef500000, 0x00000000ef600000|  0%| F|  |TAMS 0x00000000ef500000| PB 0x00000000ef500000| Untracked 
| 246|0x00000000ef600000, 0x00000000ef680000, 0x00000000ef700000| 50%| E|  |TAMS 0x00000000ef600000| PB 0x00000000ef600000| Complete 
| 247|0x00000000ef700000, 0x00000000ef7c7740, 0x00000000ef800000| 77%| S|CS|TAMS 0x00000000ef700000| PB 0x00000000ef700000| Complete 
| 248|0x00000000ef800000, 0x00000000ef900000, 0x00000000ef900000|100%| S|CS|TAMS 0x00000000ef800000| PB 0x00000000ef800000| Complete 
| 249|0x00000000ef900000, 0x00000000efa00000, 0x00000000efa00000|100%| E|CS|TAMS 0x00000000ef900000| PB 0x00000000ef900000| Complete 
| 250|0x00000000efa00000, 0x00000000efb00000, 0x00000000efb00000|100%| E|CS|TAMS 0x00000000efa00000| PB 0x00000000efa00000| Complete 
| 251|0x00000000efb00000, 0x00000000efc00000, 0x00000000efc00000|100%| E|CS|TAMS 0x00000000efb00000| PB 0x00000000efb00000| Complete 
| 252|0x00000000efc00000, 0x00000000efd00000, 0x00000000efd00000|100%| E|CS|TAMS 0x00000000efc00000| PB 0x00000000efc00000| Complete 
| 253|0x00000000efd00000, 0x00000000efe00000, 0x00000000efe00000|100%| E|CS|TAMS 0x00000000efd00000| PB 0x00000000efd00000| Complete 
| 254|0x00000000efe00000, 0x00000000eff00000, 0x00000000eff00000|100%| E|CS|TAMS 0x00000000efe00000| PB 0x00000000efe00000| Complete 
| 255|0x00000000eff00000, 0x00000000f0000000, 0x00000000f0000000|100%| E|CS|TAMS 0x00000000eff00000| PB 0x00000000eff00000| Complete 

Card table byte_map: [0x000001d7c8b80000,0x000001d7c8c80000] _byte_map_base: 0x000001d7c8480000

Marking Bits: (CMBitMap*) 0x000001d7b635de20
 Bits: [0x000001d7c8c80000, 0x000001d7c9480000)

Polling page: 0x000001d7b4260000

Metaspace:

Usage:
  Non-class:     29.57 MB used.
      Class:      5.04 MB used.
       Both:     34.61 MB used.

Virtual space:
  Non-class space:       64.00 MB reserved,      30.25 MB ( 47%) committed,  1 nodes.
      Class space:      320.00 MB reserved,       5.75 MB (  2%) committed,  1 nodes.
             Both:      384.00 MB reserved,      36.00 MB (  9%) committed. 

Chunk freelists:
   Non-Class:  1.88 MB
       Class:  10.32 MB
        Both:  12.20 MB

MaxMetaspaceSize: 384.00 MB
CompressedClassSpaceSize: 320.00 MB
Initial GC threshold: 21.00 MB
Current GC threshold: 59.50 MB
CDS: on
 - commit_granule_bytes: 65536.
 - commit_granule_words: 8192.
 - virtual_space_node_default_size: 8388608.
 - enlarge_chunks_in_place: 1.
 - use_allocation_guard: 0.


Internal statistics:

num_allocs_failed_limit: 6.
num_arena_births: 2456.
num_arena_deaths: 416.
num_vsnodes_births: 2.
num_vsnodes_deaths: 0.
num_space_committed: 576.
num_space_uncommitted: 0.
num_chunks_returned_to_freelist: 470.
num_chunks_taken_from_freelist: 4239.
num_chunk_merges: 153.
num_chunk_splits: 2684.
num_chunks_enlarged: 1621.
num_inconsistent_stats: 0.

CodeHeap 'non-profiled nmethods': size=120000Kb used=2490Kb max_used=2792Kb free=117510Kb
 bounds [0x000001d7c0ff0000, 0x000001d7c12b0000, 0x000001d7c8520000]
CodeHeap 'profiled nmethods': size=120000Kb used=8240Kb max_used=9286Kb free=111759Kb
 bounds [0x000001d7b9520000, 0x000001d7b9e40000, 0x000001d7c0a50000]
CodeHeap 'non-nmethods': size=5760Kb used=1813Kb max_used=1834Kb free=3946Kb
 bounds [0x000001d7c0a50000, 0x000001d7c0cc0000, 0x000001d7c0ff0000]
CodeCache: size=245760Kb, used=12543Kb, max_used=13912Kb, free=233215Kb
 total_blobs=5062, nmethods=4372, adapters=593, full_count=0
Compilation: enabled, stopped_count=0, restarted_count=0

Compilation events (20 events):
Event: 672.423 Thread 0x000001d7cc13a0f0 nmethod 4871 0x000001d7c110c410 code [0x000001d7c110c5a0, 0x000001d7c110c650]
Event: 672.423 Thread 0x000001d7cc13a0f0 4887       4       jdk.internal.org.objectweb.asm.FieldWriter::visitEnd (1 bytes)
Event: 672.423 Thread 0x000001d7cc13a0f0 nmethod 4887 0x000001d7c1094b10 code [0x000001d7c1094ca0, 0x000001d7c1094d28]
Event: 672.432 Thread 0x000001d7cc1418d0 4892       3       java.lang.invoke.DirectMethodHandle::getFunction (53 bytes)
Event: 672.433 Thread 0x000001d7cc1418d0 nmethod 4892 0x000001d7b9978490 code [0x000001d7b9978660, 0x000001d7b99789a8]
Event: 672.434 Thread 0x000001d7cc1418d0 4893       3       java.lang.invoke.InvokerBytecodeGenerator::emitImplicitConversion (161 bytes)
Event: 672.436 Thread 0x000001d7cc1418d0 nmethod 4893 0x000001d7b99b5c90 code [0x000001d7b99b5fc0, 0x000001d7b99b6d88]
Event: 673.580 Thread 0x000001d7cc1418d0 4894       3       jdk.internal.org.objectweb.asm.MethodWriter::visitMethodInsn (191 bytes)
Event: 673.581 Thread 0x000001d7cc1418d0 nmethod 4894 0x000001d7b95cc210 code [0x000001d7b95cc460, 0x000001d7b95ccb98]
Event: 673.772 Thread 0x000001d7cc1418d0 4895       3       jdk.internal.perf.PerfCounter::getParentDelegationTime (4 bytes)
Event: 673.772 Thread 0x000001d7cc1418d0 nmethod 4895 0x000001d7b959d810 code [0x000001d7b959d9a0, 0x000001d7b959da98]
Event: 673.772 Thread 0x000001d7cc1418d0 4896       3       jdk.internal.perf.PerfCounter::addTime (6 bytes)
Event: 673.773 Thread 0x000001d7cc1418d0 nmethod 4896 0x000001d7b9896a10 code [0x000001d7b9896bc0, 0x000001d7b9896d00]
Event: 673.773 Thread 0x000001d7cc1418d0 4897       3       jdk.internal.perf.PerfCounter::getFindClassTime (4 bytes)
Event: 673.773 Thread 0x000001d7cc1418d0 nmethod 4897 0x000001d7b970ee10 code [0x000001d7b970efa0, 0x000001d7b970f098]
Event: 673.773 Thread 0x000001d7cc1418d0 4898       3       jdk.internal.perf.PerfCounter::getFindClasses (4 bytes)
Event: 673.773 Thread 0x000001d7cc1418d0 nmethod 4898 0x000001d7b9741d10 code [0x000001d7b9741ea0, 0x000001d7b9741f98]
Event: 673.773 Thread 0x000001d7cc13a0f0 4899   !   4       java.net.URLClassLoader$1::run (81 bytes)
Event: 673.773 Thread 0x000001d7cc1418d0 4901       2       java.net.URLClassLoader$1::<init> (15 bytes)
Event: 673.773 Thread 0x000001d7cc1418d0 nmethod 4901 0x000001d7b98f0190 code [0x000001d7b98f0340, 0x000001d7b98f04f0]

GC Heap History (12 events):
Event: 18.883 GC heap before
{Heap before GC invocations=0 (full 0):
 garbage-first heap   total 262144K, used 26624K [0x00000000e0000000, 0x0000000100000000)
  region size 1024K, 23 young (23552K), 0 survivors (0K)
 Metaspace       used 3154K, committed 3392K, reserved 393216K
  class space    used 380K, committed 512K, reserved 327680K
}
Event: 19.404 GC heap after
{Heap after GC invocations=1 (full 0):
 garbage-first heap   total 262144K, used 11199K [0x00000000e0000000, 0x0000000100000000)
  region size 1024K, 3 young (3072K), 3 survivors (3072K)
 Metaspace       used 3154K, committed 3392K, reserved 393216K
  class space    used 380K, committed 512K, reserved 327680K
}
Event: 41.504 GC heap before
{Heap before GC invocations=1 (full 0):
 garbage-first heap   total 262144K, used 39871K [0x00000000e0000000, 0x0000000100000000)
  region size 1024K, 29 young (29696K), 3 survivors (3072K)
 Metaspace       used 4683K, committed 4864K, reserved 393216K
  class space    used 597K, committed 704K, reserved 327680K
}
Event: 41.509 GC heap after
{Heap after GC invocations=2 (full 0):
 garbage-first heap   total 262144K, used 14228K [0x00000000e0000000, 0x0000000100000000)
  region size 1024K, 2 young (2048K), 2 survivors (2048K)
 Metaspace       used 4683K, committed 4864K, reserved 393216K
  class space    used 597K, committed 704K, reserved 327680K
}
Event: 205.246 GC heap before
{Heap before GC invocations=2 (full 0):
 garbage-first heap   total 262144K, used 128916K [0x00000000e0000000, 0x0000000100000000)
  region size 1024K, 115 young (117760K), 2 survivors (2048K)
 Metaspace       used 20865K, committed 21504K, reserved 393216K
  class space    used 2976K, committed 3328K, reserved 327680K
}
Event: 205.509 GC heap after
{Heap after GC invocations=3 (full 0):
 garbage-first heap   total 262144K, used 24149K [0x00000000e0000000, 0x0000000100000000)
  region size 1024K, 12 young (12288K), 12 survivors (12288K)
 Metaspace       used 20865K, committed 21504K, reserved 393216K
  class space    used 2976K, committed 3328K, reserved 327680K
}
Event: 499.066 GC heap before
{Heap before GC invocations=4 (full 0):
 garbage-first heap   total 262144K, used 143957K [0x00000000e0000000, 0x0000000100000000)
  region size 1024K, 129 young (132096K), 12 survivors (12288K)
 Metaspace       used 32397K, committed 33728K, reserved 393216K
  class space    used 4885K, committed 5568K, reserved 327680K
}
Event: 499.332 GC heap after
{Heap after GC invocations=5 (full 0):
 garbage-first heap   total 262144K, used 29288K [0x00000000e0000000, 0x0000000100000000)
  region size 1024K, 6 young (6144K), 6 survivors (6144K)
 Metaspace       used 32397K, committed 33728K, reserved 393216K
  class space    used 4885K, committed 5568K, reserved 327680K
}
Event: 667.329 GC heap before
{Heap before GC invocations=5 (full 0):
 garbage-first heap   total 262144K, used 50792K [0x00000000e0000000, 0x0000000100000000)
  region size 1024K, 28 young (28672K), 6 survivors (6144K)
 Metaspace       used 33816K, committed 35200K, reserved 393216K
  class space    used 5032K, committed 5696K, reserved 327680K
}
Event: 667.422 GC heap after
{Heap after GC invocations=6 (full 0):
 garbage-first heap   total 262144K, used 30318K [0x00000000e0000000, 0x0000000100000000)
  region size 1024K, 2 young (2048K), 2 survivors (2048K)
 Metaspace       used 33816K, committed 35200K, reserved 393216K
  class space    used 5032K, committed 5696K, reserved 327680K
}
Event: 671.115 GC heap before
{Heap before GC invocations=6 (full 0):
 garbage-first heap   total 262144K, used 36462K [0x00000000e0000000, 0x0000000100000000)
  region size 1024K, 9 young (9216K), 2 survivors (2048K)
 Metaspace       used 35058K, committed 36416K, reserved 393216K
  class space    used 5134K, committed 5824K, reserved 327680K
}
Event: 671.156 GC heap after
{Heap after GC invocations=7 (full 0):
 garbage-first heap   total 262144K, used 30794K [0x00000000e0000000, 0x0000000100000000)
  region size 1024K, 2 young (2048K), 2 survivors (2048K)
 Metaspace       used 35058K, committed 36416K, reserved 393216K
  class space    used 5134K, committed 5824K, reserved 327680K
}

Dll operation events (20 events):
Event: 2.279 Attempting to load shared library C:\Users\pjoo6\.vscode\extensions\redhat.java-1.56.0-win32-x64\jre\21.0.12.1-win32-x86_64\bin\nio.dll
Event: 2.303 Loaded shared library C:\Users\pjoo6\.vscode\extensions\redhat.java-1.56.0-win32-x64\jre\21.0.12.1-win32-x86_64\bin\nio.dll
Event: 2.413 Attempting to load shared library C:\Users\pjoo6\.vscode\extensions\redhat.java-1.56.0-win32-x64\jre\21.0.12.1-win32-x86_64\bin\zip.dll
Event: 2.413 Loaded shared library C:\Users\pjoo6\.vscode\extensions\redhat.java-1.56.0-win32-x64\jre\21.0.12.1-win32-x86_64\bin\zip.dll
Event: 10.049 Attempting to load shared library C:\Users\pjoo6\.vscode\extensions\redhat.java-1.56.0-win32-x64\jre\21.0.12.1-win32-x86_64\bin\jimage.dll
Event: 10.049 Loaded shared library C:\Users\pjoo6\.vscode\extensions\redhat.java-1.56.0-win32-x64\jre\21.0.12.1-win32-x86_64\bin\jimage.dll
Event: 15.531 Attempting to load shared library C:\Users\pjoo6\.vscode\extensions\redhat.java-1.56.0-win32-x64\jre\21.0.12.1-win32-x86_64\bin\verify.dll
Event: 15.549 Loaded shared library C:\Users\pjoo6\.vscode\extensions\redhat.java-1.56.0-win32-x64\jre\21.0.12.1-win32-x86_64\bin\verify.dll
Event: 16.245 Attempting to load shared library C:\Users\pjoo6\.gradle\native\660c5614fbf4a5f2a75b1949f50a0caf5cd603558e7d8a26e50b933a0cfb79d1\windows-amd64\native-platform.dll
Event: 16.256 Loaded shared library C:\Users\pjoo6\.gradle\native\660c5614fbf4a5f2a75b1949f50a0caf5cd603558e7d8a26e50b933a0cfb79d1\windows-amd64\native-platform.dll
Event: 16.761 Attempting to load shared library C:\Users\pjoo6\.gradle\native\0.2.8\x86_64-windows-gnu\gradle-fileevents.dll
Event: 16.787 Loaded shared library C:\Users\pjoo6\.gradle\native\0.2.8\x86_64-windows-gnu\gradle-fileevents.dll
Event: 53.778 Attempting to load shared library C:\Users\pjoo6\.vscode\extensions\redhat.java-1.56.0-win32-x64\jre\21.0.12.1-win32-x86_64\bin\management.dll
Event: 53.793 Loaded shared library C:\Users\pjoo6\.vscode\extensions\redhat.java-1.56.0-win32-x64\jre\21.0.12.1-win32-x86_64\bin\management.dll
Event: 54.095 Attempting to load shared library C:\Users\pjoo6\.vscode\extensions\redhat.java-1.56.0-win32-x64\jre\21.0.12.1-win32-x86_64\bin\management_ext.dll
Event: 54.110 Loaded shared library C:\Users\pjoo6\.vscode\extensions\redhat.java-1.56.0-win32-x64\jre\21.0.12.1-win32-x86_64\bin\management_ext.dll
Event: 92.633 Attempting to load shared library C:\Users\pjoo6\.vscode\extensions\redhat.java-1.56.0-win32-x64\jre\21.0.12.1-win32-x86_64\bin\extnet.dll
Event: 92.655 Loaded shared library C:\Users\pjoo6\.vscode\extensions\redhat.java-1.56.0-win32-x64\jre\21.0.12.1-win32-x86_64\bin\extnet.dll
Event: 123.802 Attempting to load shared library C:\Users\pjoo6\.vscode\extensions\redhat.java-1.56.0-win32-x64\jre\21.0.12.1-win32-x86_64\bin\sunmscapi.dll
Event: 123.864 Loaded shared library C:\Users\pjoo6\.vscode\extensions\redhat.java-1.56.0-win32-x64\jre\21.0.12.1-win32-x86_64\bin\sunmscapi.dll

Deoptimization events (20 events):
Event: 672.338 Thread 0x000001d7e67966c0 Uncommon trap: trap_request=0xffffffc6 fr.pc=0x000001d7c12804f8 relative=0x0000000000006a98
Event: 672.338 Thread 0x000001d7e67966c0 Uncommon trap: reason=bimorphic_or_optimized_type_check action=maybe_recompile pc=0x000001d7c12804f8 method=java.lang.ClassLoader.loadClass(Ljava/lang/String;Z)Ljava/lang/Class; @ 69 c2
Event: 672.338 Thread 0x000001d7e67966c0 DEOPT PACKING pc=0x000001d7c12804f8 sp=0x00000049b25f8800
Event: 672.338 Thread 0x000001d7e67966c0 DEOPT UNPACKING pc=0x000001d7c0aa4422 sp=0x00000049b25f8870 mode 2
Event: 672.343 Thread 0x000001d7e67966c0 Uncommon trap: trap_request=0xffffffc6 fr.pc=0x000001d7c12804f8 relative=0x0000000000006a98
Event: 672.343 Thread 0x000001d7e67966c0 Uncommon trap: reason=bimorphic_or_optimized_type_check action=maybe_recompile pc=0x000001d7c12804f8 method=java.lang.ClassLoader.loadClass(Ljava/lang/String;Z)Ljava/lang/Class; @ 69 c2
Event: 672.343 Thread 0x000001d7e67966c0 DEOPT PACKING pc=0x000001d7c12804f8 sp=0x00000049b25f8490
Event: 672.343 Thread 0x000001d7e67966c0 DEOPT UNPACKING pc=0x000001d7c0aa4422 sp=0x00000049b25f8500 mode 2
Event: 672.343 Thread 0x000001d7e67966c0 Uncommon trap: trap_request=0xffffffc6 fr.pc=0x000001d7c12804f8 relative=0x0000000000006a98
Event: 672.343 Thread 0x000001d7e67966c0 Uncommon trap: reason=bimorphic_or_optimized_type_check action=maybe_recompile pc=0x000001d7c12804f8 method=java.lang.ClassLoader.loadClass(Ljava/lang/String;Z)Ljava/lang/Class; @ 69 c2
Event: 672.343 Thread 0x000001d7e67966c0 DEOPT PACKING pc=0x000001d7c12804f8 sp=0x00000049b25f8680
Event: 672.343 Thread 0x000001d7e67966c0 DEOPT UNPACKING pc=0x000001d7c0aa4422 sp=0x00000049b25f86f0 mode 2
Event: 672.405 Thread 0x000001d7e67966c0 Uncommon trap: trap_request=0xfffffff4 fr.pc=0x000001d7c117a304 relative=0x0000000000000344
Event: 672.405 Thread 0x000001d7e67966c0 Uncommon trap: reason=null_check action=make_not_entrant pc=0x000001d7c117a304 method=sun.invoke.util.VerifyType.isNullConversion(Ljava/lang/Class;Ljava/lang/Class;Z)Z @ 67 c2
Event: 672.405 Thread 0x000001d7e67966c0 DEOPT PACKING pc=0x000001d7c117a304 sp=0x00000049b25f9640
Event: 672.405 Thread 0x000001d7e67966c0 DEOPT UNPACKING pc=0x000001d7c0aa4422 sp=0x00000049b25f95c0 mode 2
Event: 672.431 Thread 0x000001d7e67966c0 Uncommon trap: trap_request=0xffffff45 fr.pc=0x000001d7c11c79b4 relative=0x0000000000000574
Event: 672.431 Thread 0x000001d7e67966c0 Uncommon trap: reason=unstable_if action=reinterpret pc=0x000001d7c11c79b4 method=java.lang.invoke.InvokerBytecodeGenerator.storeInsnOpcode(Ljava/lang/invoke/LambdaForm$BasicType;)I @ 8 c2
Event: 672.431 Thread 0x000001d7e67966c0 DEOPT PACKING pc=0x000001d7c11c79b4 sp=0x00000049b25f8dd0
Event: 672.431 Thread 0x000001d7e67966c0 DEOPT UNPACKING pc=0x000001d7c0aa4422 sp=0x00000049b25f8d18 mode 2

Classes loaded (20 events):
Event: 672.052 Loading class java/util/concurrent/locks/ReentrantReadWriteLock$WriteLock
Event: 672.052 Loading class java/util/concurrent/locks/ReentrantReadWriteLock$WriteLock done
Event: 672.161 Loading class java/lang/IllegalAccessError
Event: 672.161 Loading class java/lang/IllegalAccessError done
Event: 672.352 Loading class sun/reflect/generics/reflectiveObjects/GenericArrayTypeImpl
Event: 672.353 Loading class sun/reflect/generics/reflectiveObjects/GenericArrayTypeImpl done
Event: 672.358 Loading class com/sun/beans/finder/MethodFinder
Event: 672.358 Loading class com/sun/beans/finder/AbstractFinder
Event: 672.359 Loading class com/sun/beans/finder/AbstractFinder done
Event: 672.359 Loading class com/sun/beans/finder/MethodFinder done
Event: 672.359 Loading class com/sun/beans/finder/MethodFinder$1
Event: 672.360 Loading class com/sun/beans/finder/MethodFinder$1 done
Event: 672.360 Loading class com/sun/beans/finder/FinderUtils
Event: 672.360 Loading class com/sun/beans/finder/FinderUtils done
Event: 672.406 Loading class sun/invoke/util/ValueConversions$1
Event: 672.407 Loading class sun/invoke/util/ValueConversions$1 done
Event: 672.410 Loading class java/lang/invoke/BoundMethodHandle$Species_LI
Event: 672.410 Loading class java/lang/invoke/BoundMethodHandle$Species_LI done
Event: 673.581 Loading class java/lang/invoke/DirectMethodHandle$1
Event: 673.596 Loading class java/lang/invoke/DirectMethodHandle$1 done

Classes unloaded (20 events):
Event: 671.473 Thread 0x000001d7cc10cee0 Unloading class 0x000001d7ce0f9800 'java/lang/invoke/LambdaForm$MH+0x000001d7ce0f9800'
Event: 671.473 Thread 0x000001d7cc10cee0 Unloading class 0x000001d7ce0f9400 'java/lang/invoke/LambdaForm$MH+0x000001d7ce0f9400'
Event: 671.473 Thread 0x000001d7cc10cee0 Unloading class 0x000001d7ce0f8c00 'java/lang/invoke/LambdaForm$MH+0x000001d7ce0f8c00'
Event: 671.474 Thread 0x000001d7cc10cee0 Unloading class 0x000001d7ce0ed000 'java/lang/invoke/LambdaForm$MH+0x000001d7ce0ed000'
Event: 671.474 Thread 0x000001d7cc10cee0 Unloading class 0x000001d7ce0ecc00 'java/lang/invoke/LambdaForm$MH+0x000001d7ce0ecc00'
Event: 671.474 Thread 0x000001d7cc10cee0 Unloading class 0x000001d7ce0ec800 'java/lang/invoke/LambdaForm$MH+0x000001d7ce0ec800'
Event: 671.475 Thread 0x000001d7cc10cee0 Unloading class 0x000001d7ce0e1000 'java/lang/invoke/LambdaForm$MH+0x000001d7ce0e1000'
Event: 671.475 Thread 0x000001d7cc10cee0 Unloading class 0x000001d7ce0e0c00 'java/lang/invoke/LambdaForm$MH+0x000001d7ce0e0c00'
Event: 671.475 Thread 0x000001d7cc10cee0 Unloading class 0x000001d7ce0e0800 'java/lang/invoke/LambdaForm$BMH+0x000001d7ce0e0800'
Event: 671.475 Thread 0x000001d7cc10cee0 Unloading class 0x000001d7ce0bd000 'java/lang/invoke/LambdaForm$MH+0x000001d7ce0bd000'
Event: 671.475 Thread 0x000001d7cc10cee0 Unloading class 0x000001d7ce0bcc00 'java/lang/invoke/LambdaForm$MH+0x000001d7ce0bcc00'
Event: 671.476 Thread 0x000001d7cc10cee0 Unloading class 0x000001d7ce084400 'java/lang/invoke/LambdaForm$DMH+0x000001d7ce084400'
Event: 671.477 Thread 0x000001d7cc10cee0 Unloading class 0x000001d7ce03a000 'java/lang/invoke/LambdaForm$MH+0x000001d7ce03a000'
Event: 671.477 Thread 0x000001d7cc10cee0 Unloading class 0x000001d7ce039c00 'java/lang/invoke/LambdaForm$MH+0x000001d7ce039c00'
Event: 671.477 Thread 0x000001d7cc10cee0 Unloading class 0x000001d7ce039800 'java/lang/invoke/LambdaForm$MH+0x000001d7ce039800'
Event: 671.477 Thread 0x000001d7cc10cee0 Unloading class 0x000001d7ce038000 'java/lang/invoke/LambdaForm$MH+0x000001d7ce038000'
Event: 671.477 Thread 0x000001d7cc10cee0 Unloading class 0x000001d7ce002400 'java/lang/invoke/LambdaForm$MH+0x000001d7ce002400'
Event: 671.477 Thread 0x000001d7cc10cee0 Unloading class 0x000001d7ce002000 'java/lang/invoke/LambdaForm$MH+0x000001d7ce002000'
Event: 671.477 Thread 0x000001d7cc10cee0 Unloading class 0x000001d7ce001c00 'java/lang/invoke/LambdaForm$MH+0x000001d7ce001c00'
Event: 671.477 Thread 0x000001d7cc10cee0 Unloading class 0x000001d7ce001400 'java/lang/invoke/LambdaForm$MH+0x000001d7ce001400'

Classes redefined (0 events):
No events

Internal exceptions (20 events):
Event: 672.101 Thread 0x000001d7e67966c0 Exception <a 'java/lang/ClassNotFoundException'{0x00000000efc86320}: org/gradle/groovy/scripts/BasicScriptBeanInfo> (0x00000000efc86320) 
thrown [s\src\hotspot\share\classfile\systemDictionary.cpp, line 313]
Event: 672.104 Thread 0x000001d7e67966c0 Exception <a 'java/lang/ClassNotFoundException'{0x00000000efc902b8}: org/gradle/groovy/scripts/ScriptBeanInfo> (0x00000000efc902b8) 
thrown [s\src\hotspot\share\classfile\systemDictionary.cpp, line 313]
Event: 672.136 Thread 0x000001d7e67966c0 Exception <a 'java/lang/ClassNotFoundException'{0x00000000efc9a0f8}: groovy/lang/ScriptBeanInfo> (0x00000000efc9a0f8) 
thrown [s\src\hotspot\share\classfile\systemDictionary.cpp, line 313]
Event: 672.138 Thread 0x000001d7e67966c0 Exception <a 'java/lang/ClassNotFoundException'{0x00000000efca3f28}: groovy/lang/ScriptCustomizer> (0x00000000efca3f28) 
thrown [s\src\hotspot\share\classfile\systemDictionary.cpp, line 313]
Event: 672.140 Thread 0x000001d7e67966c0 Exception <a 'java/lang/ClassNotFoundException'{0x00000000efcb6890}: org/gradle/groovy/scripts/ScriptCustomizer> (0x00000000efcb6890) 
thrown [s\src\hotspot\share\classfile\systemDictionary.cpp, line 313]
Event: 672.141 Thread 0x000001d7e67966c0 Exception <a 'java/lang/ClassNotFoundException'{0x00000000efcc7690}: org/gradle/groovy/scripts/BasicScriptCustomizer> (0x00000000efcc7690) 
thrown [s\src\hotspot\share\classfile\systemDictionary.cpp, line 313]
Event: 672.143 Thread 0x000001d7e67966c0 Exception <a 'java/lang/ClassNotFoundException'{0x00000000efcdd888}: org/gradle/groovy/scripts/DefaultScriptCustomizer> (0x00000000efcdd888) 
thrown [s\src\hotspot\share\classfile\systemDictionary.cpp, line 313]
Event: 672.148 Thread 0x000001d7e67966c0 Exception <a 'java/lang/ClassNotFoundException'{0x00000000efb00588}: org/gradle/initialization/InitScriptCustomizer> (0x00000000efb00588) 
thrown [s\src\hotspot\share\classfile\systemDictionary.cpp, line 313]
Event: 672.156 Thread 0x000001d7e67966c0 Exception <a 'java/lang/ClassNotFoundException'{0x00000000efb0e8f0}: javals_uud44w1bxwljc7n6qws1nay6Customizer> (0x00000000efb0e8f0) 
thrown [s\src\hotspot\share\classfile\systemDictionary.cpp, line 313]
Event: 672.208 Thread 0x000001d7e67966c0 Exception <a 'java/lang/ClassNotFoundException'{0x00000000efbbfa78}: org/gradle/internal/extensibility/DefaultExtraPropertiesExtensionBeanInfo> (0x00000000efbbfa78) 
thrown [s\src\hotspot\share\classfile\systemDictionary.cpp, line 313]
Event: 672.208 Thread 0x000001d7e67966c0 Exception <a 'java/lang/ClassNotFoundException'{0x00000000efbc9280}: org/gradle/internal/extensibility/DefaultExtraPropertiesExtensionCustomizer> (0x00000000efbc9280) 
thrown [s\src\hotspot\share\classfile\systemDictionary.cpp, line 313]
Event: 672.338 Thread 0x000001d7e67966c0 Exception <a 'java/lang/ClassNotFoundException'{0x00000000efa657c0}: groovy/lang/Closure$1BeanInfo> (0x00000000efa657c0) 
thrown [s\src\hotspot\share\classfile\systemDictionary.cpp, line 313]
Event: 672.343 Thread 0x000001d7e67966c0 Exception <a 'java/lang/ClassNotFoundException'{0x00000000efa73600}: groovy/lang/ClosureBeanInfo> (0x00000000efa73600) 
thrown [s\src\hotspot\share\classfile\systemDictionary.cpp, line 313]
Event: 672.348 Thread 0x000001d7e67966c0 Exception <a 'java/lang/ClassNotFoundException'{0x00000000efa817b0}: groovy/lang/ClosureCustomizer> (0x00000000efa817b0) 
thrown [s\src\hotspot\share\classfile\systemDictionary.cpp, line 313]
Event: 672.358 Thread 0x000001d7e67966c0 Exception <a 'java/lang/ClassNotFoundException'{0x00000000efab49c0}: groovy/lang/Closure$1Customizer> (0x00000000efab49c0) 
thrown [s\src\hotspot\share\classfile\systemDictionary.cpp, line 313]
Event: 672.394 Thread 0x000001d7e67966c0 Exception <a 'java/lang/NoSuchMethodError'{0x00000000ef962e30}: 'java.lang.Object java.lang.invoke.DirectMethodHandle$Holder.invokeStaticInit(java.lang.Object, java.lang.Object, java.lang.Object, java.lang.Object, java.lang.Object, int, java.lang.Object)'> (0x00000000ef962e30) 
thrown [s\src\hotspot\share\interpreter\linkResolver.cpp, line 773]
Event: 672.405 Thread 0x000001d7e67966c0 Implicit null exception at 0x000001d7c117a072 to 0x000001d7c117a2f0
Event: 672.409 Thread 0x000001d7e67966c0 Exception <a 'java/lang/NoSuchMethodError'{0x00000000ef968248}: 'int java.lang.invoke.DirectMethodHandle$Holder.invokeSpecial(java.lang.Object, java.lang.Object, java.lang.Object, int)'> (0x00000000ef968248) 
thrown [s\src\hotspot\share\interpreter\linkResolver.cpp, line 773]
Event: 672.430 Thread 0x000001d7e67966c0 Exception <a 'java/lang/NoSuchMethodError'{0x00000000ef979248}: 'java.lang.Object java.lang.invoke.DirectMethodHandle$Holder.invokeStatic(java.lang.Object, java.lang.Object, java.lang.Object, java.lang.Object, int)'> (0x00000000ef979248) 
thrown [s\src\hotspot\share\interpreter\linkResolver.cpp, line 773]
Event: 672.433 Thread 0x000001d7e67966c0 Exception <a 'java/lang/NoSuchMethodError'{0x00000000ef984fe8}: 'java.lang.Object java.lang.invoke.DelegatingMethodHandle$Holder.reinvoke_L(java.lang.Object, java.lang.Object, java.lang.Object, java.lang.Object, java.lang.Object, int, java.lang.Object)'> (0x00000000ef984fe8) 
thrown [s\src\hotspot\share\interpreter\linkResolver.cpp, line 773]

ZGC Phase Switch (0 events):
No events

VM Operations (20 events):
Event: 668.447 Executing safepoint VM operation: Cleanup done
Event: 669.460 Executing safepoint VM operation: Cleanup
Event: 669.476 Executing safepoint VM operation: Cleanup done
Event: 670.257 Executing non-safepoint VM operation: HandshakeAllThreads (Deoptimize)
Event: 670.257 Executing non-safepoint VM operation: HandshakeAllThreads (Deoptimize) done
Event: 671.037 Executing non-safepoint VM operation: HandshakeAllThreads (Deoptimize)
Event: 671.037 Executing non-safepoint VM operation: HandshakeAllThreads (Deoptimize) done
Event: 671.037 Executing safepoint VM operation: Cleanup
Event: 671.038 Executing safepoint VM operation: Cleanup done
Event: 671.115 Executing safepoint VM operation: CollectForMetadataAllocation (Metadata GC Threshold)
Event: 671.156 Executing safepoint VM operation: CollectForMetadataAllocation (Metadata GC Threshold) done
Event: 671.445 Executing safepoint VM operation: G1PauseRemark
Event: 671.698 Executing safepoint VM operation: G1PauseRemark done
Event: 671.722 Executing safepoint VM operation: G1PauseCleanup
Event: 671.752 Executing safepoint VM operation: G1PauseCleanup done
Event: 672.052 Executing non-safepoint VM operation: HandshakeAllThreads (Deoptimize)
Event: 672.052 Executing non-safepoint VM operation: HandshakeAllThreads (Deoptimize) done
Event: 673.062 Executing safepoint VM operation: Cleanup
Event: 673.563 Executing safepoint VM operation: Cleanup done
Event: 674.579 Executing safepoint VM operation: Cleanup

Memory protections (0 events):
No events

Nmethod flushes (20 events):
Event: 671.689 Thread 0x000001d7cc10cee0 flushing  nmethod 0x000001d7b96f6690
Event: 671.689 Thread 0x000001d7cc10cee0 flushing  nmethod 0x000001d7b96f9d10
Event: 671.689 Thread 0x000001d7cc10cee0 flushing  nmethod 0x000001d7b96fa490
Event: 671.689 Thread 0x000001d7cc10cee0 flushing  nmethod 0x000001d7b9721c10
Event: 671.689 Thread 0x000001d7cc10cee0 flushing  nmethod 0x000001d7b9722490
Event: 671.689 Thread 0x000001d7cc10cee0 flushing  nmethod 0x000001d7b9731d90
Event: 671.689 Thread 0x000001d7cc10cee0 flushing  nmethod 0x000001d7b9735a90
Event: 671.689 Thread 0x000001d7cc10cee0 flushing  nmethod 0x000001d7b9737e10
Event: 671.689 Thread 0x000001d7cc10cee0 flushing  nmethod 0x000001d7b9752a90
Event: 671.689 Thread 0x000001d7cc10cee0 flushing  nmethod 0x000001d7b9759c10
Event: 671.689 Thread 0x000001d7cc10cee0 flushing  nmethod 0x000001d7b975a090
Event: 671.689 Thread 0x000001d7cc10cee0 flushing  nmethod 0x000001d7b978fa10
Event: 671.689 Thread 0x000001d7cc10cee0 flushing  nmethod 0x000001d7b9793190
Event: 671.689 Thread 0x000001d7cc10cee0 flushing  nmethod 0x000001d7b9799c90
Event: 671.689 Thread 0x000001d7cc10cee0 flushing  nmethod 0x000001d7b979a490
Event: 671.689 Thread 0x000001d7cc10cee0 flushing  nmethod 0x000001d7b9962390
Event: 671.689 Thread 0x000001d7cc10cee0 flushing  nmethod 0x000001d7b996f490
Event: 671.689 Thread 0x000001d7cc10cee0 flushing  nmethod 0x000001d7b996fa10
Event: 671.689 Thread 0x000001d7cc10cee0 flushing  nmethod 0x000001d7b9986f90
Event: 671.689 Thread 0x000001d7cc10cee0 flushing  nmethod 0x000001d7b9987410

Events (20 events):
Event: 139.632 Thread 0x000001d7e67966c0 Thread added: 0x000001d7e7075140
Event: 140.638 Thread 0x000001d7e67966c0 Thread added: 0x000001d7e70729e0
Event: 185.224 Thread 0x000001d7e67966c0 Thread added: 0x000001d7e7073d90
Event: 185.571 Thread 0x000001d7e67966c0 Thread added: 0x000001d7e70757d0
Event: 191.862 Thread 0x000001d7e70757d0 Thread added: 0x000001d7e7075e60
Event: 192.692 Thread 0x000001d7e67966c0 Thread added: 0x000001d7e7073070
Event: 211.966 Thread 0x000001d7e67966c0 Thread added: 0x000001d7e7993b90
Event: 212.159 Thread 0x000001d7e67966c0 Thread added: 0x000001d7e7992e70
Event: 213.495 Thread 0x000001d7e67966c0 Thread added: 0x000001d7e79955d0
Event: 213.868 Thread 0x000001d7e67966c0 Thread added: 0x000001d7e7995c60
Event: 214.847 Thread 0x000001d7e67966c0 Thread added: 0x000001d7e7996980
Event: 215.319 Thread 0x000001d7e67966c0 Thread added: 0x000001d7e79948b0
Event: 216.663 Thread 0x000001d7e67966c0 Thread added: 0x000001d7e7993500
Event: 217.367 Thread 0x000001d7e67966c0 Thread added: 0x000001d7e79962f0
Event: 285.180 Thread 0x000001d7e7075e60 Thread exited: 0x000001d7e7075e60
Event: 380.560 Thread 0x000001d7e70757d0 Thread added: 0x000001d7e7997010
Event: 387.248 Thread 0x000001d7e67966c0 Thread added: 0x000001d7e7994f40
Event: 474.631 Thread 0x000001d7e7997010 Thread exited: 0x000001d7e7997010
Event: 632.395 Thread 0x000001d7e70757d0 Thread added: 0x000001d7e7997010
Event: 633.156 Thread 0x000001d7e67966c0 Thread added: 0x000001d7e79976a0


Dynamic libraries:
0x00007ff788460000 - 0x00007ff78846e000 	C:\Users\pjoo6\.vscode\extensions\redhat.java-1.56.0-win32-x64\jre\21.0.12.1-win32-x86_64\bin\java.exe
0x00007ff99aa60000 - 0x00007ff99acc6000 	C:\WINDOWS\SYSTEM32\ntdll.dll
0x00007ff99a240000 - 0x00007ff99a309000 	C:\WINDOWS\System32\KERNEL32.DLL
0x00007ff998030000 - 0x00007ff99842f000 	C:\WINDOWS\System32\KERNELBASE.dll
0x00007ff991d00000 - 0x00007ff991d9f000 	C:\WINDOWS\SYSTEM32\apphelp.dll
0x00007ff997e20000 - 0x00007ff997f6c000 	C:\WINDOWS\System32\ucrtbase.dll
0x00007ff956890000 - 0x00007ff9568a8000 	C:\Users\pjoo6\.vscode\extensions\redhat.java-1.56.0-win32-x64\jre\21.0.12.1-win32-x86_64\bin\jli.dll
0x00007ff998cd0000 - 0x00007ff998e96000 	C:\WINDOWS\System32\USER32.dll
0x00007ff997d30000 - 0x00007ff997d57000 	C:\WINDOWS\System32\win32u.dll
0x00007ff999030000 - 0x00007ff99905b000 	C:\WINDOWS\System32\GDI32.dll
0x00007ff9984d0000 - 0x00007ff9985f9000 	C:\WINDOWS\System32\gdi32full.dll
0x00007ff997f80000 - 0x00007ff998023000 	C:\WINDOWS\System32\msvcp_win.dll
0x00007ff96ef70000 - 0x00007ff96f201000 	C:\WINDOWS\WinSxS\amd64_microsoft.windows.common-controls_6595b64144ccf1df_6.0.26100.8972_none_3e0da176e32f9d4b\COMCTL32.dll
0x00007ff998c20000 - 0x00007ff998cc9000 	C:\WINDOWS\System32\msvcrt.dll
0x00007ff967490000 - 0x00007ff9674ae000 	C:\Users\pjoo6\.vscode\extensions\redhat.java-1.56.0-win32-x64\jre\21.0.12.1-win32-x86_64\bin\VCRUNTIME140.dll
0x00007ff99a5d0000 - 0x00007ff99a602000 	C:\WINDOWS\System32\IMM32.DLL
0x00007ff98d290000 - 0x00007ff98d29c000 	C:\Users\pjoo6\.vscode\extensions\redhat.java-1.56.0-win32-x64\jre\21.0.12.1-win32-x86_64\bin\vcruntime140_1.dll
0x00007ff937dd0000 - 0x00007ff937e5d000 	C:\Users\pjoo6\.vscode\extensions\redhat.java-1.56.0-win32-x64\jre\21.0.12.1-win32-x86_64\bin\msvcp140.dll
0x00007ff927730000 - 0x00007ff9284d2000 	C:\Users\pjoo6\.vscode\extensions\redhat.java-1.56.0-win32-x64\jre\21.0.12.1-win32-x86_64\bin\server\jvm.dll
0x00007ff9999e0000 - 0x00007ff999a9c000 	C:\WINDOWS\System32\ADVAPI32.dll
0x00007ff9998d0000 - 0x00007ff99997a000 	C:\WINDOWS\System32\sechost.dll
0x00007ff999480000 - 0x00007ff999598000 	C:\WINDOWS\System32\RPCRT4.dll
0x00007ff998ef0000 - 0x00007ff998f72000 	C:\WINDOWS\System32\WS2_32.dll
0x00007ff997af0000 - 0x00007ff997b4e000 	C:\WINDOWS\SYSTEM32\POWRPROF.dll
0x00007ff98e8e0000 - 0x00007ff98e916000 	C:\WINDOWS\SYSTEM32\WINMM.dll
0x00007ff98b5a0000 - 0x00007ff98b5ab000 	C:\WINDOWS\SYSTEM32\VERSION.dll
0x00007ff997ad0000 - 0x00007ff997ae5000 	C:\WINDOWS\SYSTEM32\UMPDC.dll
0x00007ff996930000 - 0x00007ff99694b000 	C:\WINDOWS\SYSTEM32\kernel.appcore.dll
0x00007ff98aeb0000 - 0x00007ff98aeba000 	C:\Users\pjoo6\.vscode\extensions\redhat.java-1.56.0-win32-x64\jre\21.0.12.1-win32-x86_64\bin\jimage.dll
0x00007ff995310000 - 0x00007ff995552000 	C:\WINDOWS\SYSTEM32\DBGHELP.DLL
0x00007ff999060000 - 0x00007ff9993e5000 	C:\WINDOWS\System32\combase.dll
0x00007ff9995b0000 - 0x00007ff999689000 	C:\WINDOWS\System32\OLEAUT32.dll
0x00007ff96ebb0000 - 0x00007ff96ebeb000 	C:\WINDOWS\SYSTEM32\dbgcore.DLL
0x00007ff997c70000 - 0x00007ff997d1c000 	C:\WINDOWS\System32\bcryptPrimitives.dll
0x00007ff972750000 - 0x00007ff97275f000 	C:\Users\pjoo6\.vscode\extensions\redhat.java-1.56.0-win32-x64\jre\21.0.12.1-win32-x86_64\bin\instrument.dll
0x00007ff947e60000 - 0x00007ff947e80000 	C:\Users\pjoo6\.vscode\extensions\redhat.java-1.56.0-win32-x64\jre\21.0.12.1-win32-x86_64\bin\java.dll
0x00007ff999ab0000 - 0x00007ff99a238000 	C:\WINDOWS\System32\SHELL32.dll
0x00007ff995560000 - 0x00007ff995dfb000 	C:\WINDOWS\SYSTEM32\windows.storage.dll
0x00007ff99a780000 - 0x00007ff99a879000 	C:\WINDOWS\System32\SHCORE.dll
0x00007ff9996b0000 - 0x00007ff999716000 	C:\WINDOWS\System32\shlwapi.dll
0x00007ff997b90000 - 0x00007ff997bb9000 	C:\WINDOWS\SYSTEM32\profapi.dll
0x00007ff947ce0000 - 0x00007ff947cf8000 	C:\Users\pjoo6\.vscode\extensions\redhat.java-1.56.0-win32-x64\jre\21.0.12.1-win32-x86_64\bin\zip.dll
0x00007ff979fa0000 - 0x00007ff979fb0000 	C:\Users\pjoo6\.vscode\extensions\redhat.java-1.56.0-win32-x64\jre\21.0.12.1-win32-x86_64\bin\net.dll
0x00007ff98da70000 - 0x00007ff98db98000 	C:\WINDOWS\SYSTEM32\WINHTTP.dll
0x00007ff996ef0000 - 0x00007ff996f5c000 	C:\WINDOWS\system32\mswsock.dll
0x00007ff947590000 - 0x00007ff9475a6000 	C:\Users\pjoo6\.vscode\extensions\redhat.java-1.56.0-win32-x64\jre\21.0.12.1-win32-x86_64\bin\nio.dll
0x00007ff96fea0000 - 0x00007ff96feb0000 	C:\Users\pjoo6\.vscode\extensions\redhat.java-1.56.0-win32-x64\jre\21.0.12.1-win32-x86_64\bin\verify.dll
0x00007ff93fb20000 - 0x00007ff93fb47000 	C:\Users\pjoo6\.gradle\native\660c5614fbf4a5f2a75b1949f50a0caf5cd603558e7d8a26e50b933a0cfb79d1\windows-amd64\native-platform.dll
0x00007ff9351d0000 - 0x00007ff935247000 	C:\Users\pjoo6\.gradle\native\0.2.8\x86_64-windows-gnu\gradle-fileevents.dll
0x00007ff96cde0000 - 0x00007ff96cdea000 	C:\Users\pjoo6\.vscode\extensions\redhat.java-1.56.0-win32-x64\jre\21.0.12.1-win32-x86_64\bin\management.dll
0x00007ff967940000 - 0x00007ff96794c000 	C:\Users\pjoo6\.vscode\extensions\redhat.java-1.56.0-win32-x64\jre\21.0.12.1-win32-x86_64\bin\management_ext.dll
0x00007ff9998c0000 - 0x00007ff9998c8000 	C:\WINDOWS\System32\PSAPI.DLL
0x00007ff9962d0000 - 0x00007ff996303000 	C:\WINDOWS\SYSTEM32\IPHLPAPI.DLL
0x00007ff99a880000 - 0x00007ff99a88a000 	C:\WINDOWS\System32\NSI.dll
0x00007ff967610000 - 0x00007ff967619000 	C:\Users\pjoo6\.vscode\extensions\redhat.java-1.56.0-win32-x64\jre\21.0.12.1-win32-x86_64\bin\extnet.dll
0x00007ff997200000 - 0x00007ff99721b000 	C:\WINDOWS\SYSTEM32\CRYPTSP.dll
0x00007ff996890000 - 0x00007ff9968c9000 	C:\WINDOWS\system32\rsaenh.dll
0x00007ff996fa0000 - 0x00007ff996fd2000 	C:\WINDOWS\SYSTEM32\USERENV.dll
0x00007ff997b60000 - 0x00007ff997b8a000 	C:\WINDOWS\SYSTEM32\bcrypt.dll
0x00007ff997220000 - 0x00007ff99722c000 	C:\WINDOWS\SYSTEM32\CRYPTBASE.dll
0x00007ff967270000 - 0x00007ff96727e000 	C:\Users\pjoo6\.vscode\extensions\redhat.java-1.56.0-win32-x64\jre\21.0.12.1-win32-x86_64\bin\sunmscapi.dll
0x00007ff998600000 - 0x00007ff99877e000 	C:\WINDOWS\System32\CRYPT32.dll
0x00007ff997440000 - 0x00007ff997470000 	C:\WINDOWS\SYSTEM32\ncrypt.dll
0x00007ff9973f0000 - 0x00007ff99742f000 	C:\WINDOWS\SYSTEM32\NTASN1.dll
0x00007ff96bab0000 - 0x00007ff96bab8000 	C:\WINDOWS\system32\wshunix.dll

JVMTI agents:
C:\Users\pjoo6\.gradle\wrapper\dists\gradle-9.5.1-bin\iq79hdu3mqx29lgffhp8bfmx\gradle-9.5.1\lib\agents\gradle-instrumentation-agent-9.5.1.jar path:C:\Users\pjoo6\.vscode\extensions\redhat.java-1.56.0-win32-x64\jre\21.0.12.1-win32-x86_64\bin\instrument.dll, loaded, initialized, instrumentlib options:none

dbghelp: loaded successfully - version: 4.0.5 - missing functions: none
symbol engine: initialized successfully - sym options: 0x614 - pdb path: .;C:\Users\pjoo6\.vscode\extensions\redhat.java-1.56.0-win32-x64\jre\21.0.12.1-win32-x86_64\bin;C:\WINDOWS\SYSTEM32;C:\WINDOWS\WinSxS\amd64_microsoft.windows.common-controls_6595b64144ccf1df_6.0.26100.8972_none_3e0da176e32f9d4b;C:\Users\pjoo6\.vscode\extensions\redhat.java-1.56.0-win32-x64\jre\21.0.12.1-win32-x86_64\bin\server;C:\Users\pjoo6\.gradle\native\660c5614fbf4a5f2a75b1949f50a0caf5cd603558e7d8a26e50b933a0cfb79d1\windows-amd64;C:\Users\pjoo6\.gradle\native\0.2.8\x86_64-windows-gnu

VM Arguments:
jvm_args: --add-opens=java.base/java.lang=ALL-UNNAMED --add-opens=java.base/java.lang.invoke=ALL-UNNAMED --add-opens=java.base/java.util=ALL-UNNAMED --add-opens=java.prefs/java.util.prefs=ALL-UNNAMED --add-exports=jdk.compiler/com.sun.tools.javac.api=ALL-UNNAMED --add-exports=jdk.compiler/com.sun.tools.javac.util=ALL-UNNAMED --add-opens=java.base/java.nio.charset=ALL-UNNAMED --add-opens=java.base/java.net=ALL-UNNAMED --add-opens=java.base/java.util.concurrent=ALL-UNNAMED --add-opens=java.base/java.util.concurrent.atomic=ALL-UNNAMED --add-opens=java.xml/javax.xml.namespace=ALL-UNNAMED --add-opens=java.base/java.time=ALL-UNNAMED -XX:MaxMetaspaceSize=384m -XX:+HeapDumpOnOutOfMemoryError -Xms256m -Xmx512m -Dfile.encoding=UTF-8 -Duser.country=KR -Duser.language=ko -Duser.variant -javaagent:C:\Users\pjoo6\.gradle\wrapper\dists\gradle-9.5.1-bin\iq79hdu3mqx29lgffhp8bfmx\gradle-9.5.1\lib\agents\gradle-instrumentation-agent-9.5.1.jar 
java_command: org.gradle.launcher.daemon.bootstrap.GradleDaemon 9.5.1
java_class_path (initial): C:\Users\pjoo6\.gradle\wrapper\dists\gradle-9.5.1-bin\iq79hdu3mqx29lgffhp8bfmx\gradle-9.5.1\lib\gradle-daemon-main-9.5.1.jar
Launcher Type: SUN_STANDARD

[Global flags]
     intx CICompilerCount                          = 4                                         {product} {ergonomic}
   size_t CompressedClassSpaceSize                 = 335544320                                 {product} {ergonomic}
     uint ConcGCThreads                            = 3                                         {product} {ergonomic}
     uint G1ConcRefinementThreads                  = 10                                        {product} {ergonomic}
   size_t G1HeapRegionSize                         = 1048576                                   {product} {ergonomic}
    uintx GCDrainStackTargetSize                   = 64                                        {product} {ergonomic}
     bool HeapDumpOnOutOfMemoryError               = true                                   {manageable} {command line}
   size_t InitialHeapSize                          = 268435456                                 {product} {command line}
   size_t MarkStackSize                            = 4194304                                   {product} {ergonomic}
   size_t MaxHeapSize                              = 536870912                                 {product} {command line}
   size_t MaxMetaspaceSize                         = 402653184                                 {product} {command line}
   size_t MaxNewSize                               = 321912832                                 {product} {ergonomic}
   size_t MinHeapDeltaBytes                        = 1048576                                   {product} {ergonomic}
   size_t MinHeapSize                              = 268435456                                 {product} {command line}
    uintx NonNMethodCodeHeapSize                   = 5839372                                {pd product} {ergonomic}
    uintx NonProfiledCodeHeapSize                  = 122909434                              {pd product} {ergonomic}
    uintx ProfiledCodeHeapSize                     = 122909434                              {pd product} {ergonomic}
    uintx ReservedCodeCacheSize                    = 251658240                              {pd product} {ergonomic}
     bool SegmentedCodeCache                       = true                                      {product} {ergonomic}
   size_t SoftMaxHeapSize                          = 536870912                              {manageable} {ergonomic}
     bool UseCompressedOops                        = true                           {product lp64_product} {ergonomic}
     bool UseG1GC                                  = true                                      {product} {ergonomic}
     bool UseLargePagesIndividualAllocation        = false                                  {pd product} {ergonomic}

Logging:
Log output configuration:
 #0: stdout all=warning uptime,level,tags foldmultilines=false
 #1: stderr all=off uptime,level,tags foldmultilines=false

Release file:
JAVA_VERSION="21.0.12.1" 
MODULES="java.base java.compiler java.datatransfer java.xml java.prefs java.desktop java.instrument java.logging java.management java.security.sasl java.naming java.rmi java.management.rmi java.net.http java.scripting java.security.jgss java.transaction.xa java.sql java.sql.rowset java.xml.crypto java.se java.smartcardio jdk.accessibility jdk.internal.jvmstat jdk.attach jdk.charsets jdk.internal.opt jdk.zipfs jdk.compiler jdk.crypto.ec jdk.crypto.cryptoki jdk.crypto.mscapi jdk.dynalink jdk.internal.ed jdk.editpad jdk.hotspot.agent jdk.httpserver jdk.internal.le jdk.internal.vm.ci jdk.internal.vm.compiler jdk.internal.vm.compiler.management jdk.jartool jdk.javadoc jdk.jcmd jdk.management jdk.management.agent jdk.jconsole jdk.jdeps jdk.jdwp.agent jdk.jdi jdk.jfr jdk.jshell jdk.jsobject jdk.jstatd jdk.localedata jdk.management.jfr jdk.naming.dns jdk.naming.rmi jdk.net jdk.nio.mapmode jdk.random jdk.sctp jdk.security.auth jdk.security.jgss jdk.unsupported jdk.unsupported.desktop jdk.xml.dom" 

Environment Variables:
JAVA_HOME=C:\Program Files\Java\jdk-17
PATH=C:\Program Files\Common Files\Oracle\Java\javapath;C:\windows\system32;C:\windows;C:\windows\System32\Wbem;C:\windows\System32\WindowsPowerShell\v1.0\;C:\windows\System32\OpenSSH\;C:\Program Files\nodejs\;C:\WINDOWS\system32;C:\WINDOWS;C:\WINDOWS\System32\Wbem;C:\WINDOWS\System32\WindowsPowerShell\v1.0\;C:\WINDOWS\System32\OpenSSH\;C:\Program Files (x86)\IncrediBuild;C:\Program Files\Git\cmd;C:\Program Files\dotnet\;C:\Users\pjoo6\AppData\Local\Programs\Python\Python39\Scripts\;C:\Users\pjoo6\AppData\Local\Programs\Python\Python39\;C:\Users\pjoo6\AppData\Local\Microsoft\WindowsApps;C:\Users\pjoo6\OneDrive\���� ȭ��\opencv\build\x64\vc15\bin;C:\Users\pjoo6\AppData\Local\Programs\Microsoft VS Code\bin
USERNAME=pjoo6
OS=Windows_NT
PROCESSOR_IDENTIFIER=Intel64 Family 6 Model 186 Stepping 3, GenuineIntel
TMP=C:\Users\pjoo6\AppData\Local\Temp
TEMP=C:\Users\pjoo6\AppData\Local\Temp




Periodic native trim disabled

---------------  S Y S T E M  ---------------

OS:
 Windows 11 , 64 bit Build 26100 (10.0.26100.9168)
OS uptime: 2 days 1:18 hours
Hyper-V role detected

CPU: total 12 (initial active 12) (6 cores per cpu, 2 threads per core) family 6 model 186 stepping 3 microcode 0x6134, cx8, cmov, fxsr, ht, mmx, 3dnowpref, sse, sse2, sse3, ssse3, sse4.1, sse4.2, popcnt, lzcnt, tsc, tscinvbit, avx, avx2, aes, erms, clmul, bmi1, bmi2, adx, sha, fma, vzeroupper, clflush, clflushopt, clwb, hv, serialize, rdtscp, rdpid, fsrm, f16c, cet_ibt, cet_ss
Processor Information for the first 12 processors :
  Max Mhz: 1300, Current Mhz: 1300, Mhz Limit: 1300

Memory: 4k page, system-wide physical 16027M (919M free)
TotalPageFile size 65179M (AvailPageFile size 1020M)
current process WorkingSet (physical memory assigned to process): 133M, peak: 235M
current process commit charge ("private bytes"): 440M, peak: 462M

vm_info: OpenJDK 64-Bit Server VM (21.0.12.1+1-LTS) for windows-amd64 JRE (21.0.12.1+1-LTS), built on 2026-08-18T00:00:00Z by "admin" with MS VC++ 17.12 (VS2022)

END.
