#
# There is insufficient memory for the Java Runtime Environment to continue.
# Native memory allocation (malloc) failed to allocate 135936 bytes. Error detail: Chunk::new
# Possible reasons:
#   The system is out of physical RAM or swap space
#   This process is running with CompressedOops enabled, and the Java Heap may be blocking the growth of the native heap
# Possible solutions:
#   Reduce memory load on the system
#   Increase physical memory or swap space
#   Check if swap backing store is full
#   Decrease Java heap size (-Xmx/-Xms)
#   Decrease number of Java threads
#   Decrease Java thread stack sizes (-Xss)
#   Set larger code cache with -XX:ReservedCodeCacheSize=
#   JVM is running with Unscaled Compressed Oops mode in which the Java heap is
#     placed in the first 4GB address space. The Java Heap base address is the
#     maximum limit for the native heap growth. Please use -XX:HeapBaseMinAddress
#     to set the Java Heap base and to place the Java Heap above 4GB virtual address.
# This output file may be truncated or incomplete.
#
#  Out of Memory Error (arena.cpp:168), pid=9964, tid=31064
#
# JRE version: OpenJDK Runtime Environment Temurin-21.0.12.1+1 (21.0.12.1+1) (build 21.0.12.1+1-LTS)
# Java VM: OpenJDK 64-Bit Server VM Temurin-21.0.12.1+1 (21.0.12.1+1-LTS, mixed mode, sharing, tiered, compressed oops, compressed class ptrs, g1 gc, windows-amd64)
# No core dump will be written. Minidumps are not enabled by default on client versions of Windows
#

---------------  S U M M A R Y ------------

Command Line: --add-opens=java.base/java.lang=ALL-UNNAMED --add-opens=java.base/java.lang.invoke=ALL-UNNAMED --add-opens=java.base/java.util=ALL-UNNAMED --add-opens=java.prefs/java.util.prefs=ALL-UNNAMED --add-exports=jdk.compiler/com.sun.tools.javac.api=ALL-UNNAMED --add-exports=jdk.compiler/com.sun.tools.javac.util=ALL-UNNAMED --add-opens=java.base/java.nio.charset=ALL-UNNAMED --add-opens=java.base/java.net=ALL-UNNAMED --add-opens=java.base/java.util.concurrent=ALL-UNNAMED --add-opens=java.base/java.util.concurrent.atomic=ALL-UNNAMED --add-opens=java.xml/javax.xml.namespace=ALL-UNNAMED --add-opens=java.base/java.time=ALL-UNNAMED -XX:MaxMetaspaceSize=384m -XX:+HeapDumpOnOutOfMemoryError -Xms256m -Xmx512m -Dfile.encoding=UTF-8 -Duser.country=KR -Duser.language=ko -Duser.variant -javaagent:C:\Users\pjoo6\.gradle\wrapper\dists\gradle-9.5.1-bin\iq79hdu3mqx29lgffhp8bfmx\gradle-9.5.1\lib\agents\gradle-instrumentation-agent-9.5.1.jar org.gradle.launcher.daemon.bootstrap.GradleDaemon 9.5.1

Host: 13th Gen Intel(R) Core(TM) i5-1335U, 12 cores, 15G,  Windows 11 , 64 bit Build 26100 (10.0.26100.9444)
Time: Tue Sep 15 12:20:48 2026 elapsed time: 246.530654 seconds (0d 0h 4m 6s)

---------------  T H R E A D  ---------------

Current thread (0x000001d7147aeba0):  JavaThread "C2 CompilerThread0" daemon [_thread_in_native, id=31064, stack(0x00000017fbf00000,0x00000017fc000000) (1024K)]


Current CompileTask:
C2:246545 4495   !   4       java.util.concurrent.LinkedBlockingQueue::poll (128 bytes)

Stack: [0x00000017fbf00000,0x00000017fc000000]
Native frames: (J=compiled Java code, j=interpreted, Vv=VM code, C=native code)
V  [jvm.dll+0x6d83e9]
V  [jvm.dll+0x8b5736]
V  [jvm.dll+0x8b7cee]
V  [jvm.dll+0x8b83d3]
V  [jvm.dll+0x284596]
V  [jvm.dll+0xc685d]
V  [jvm.dll+0xc6da1]
V  [jvm.dll+0x2fb5ae]
V  [jvm.dll+0x5fee94]
V  [jvm.dll+0x255d67]
V  [jvm.dll+0x24e0f4]
V  [jvm.dll+0x24bbe6]
V  [jvm.dll+0x1cb4ae]
V  [jvm.dll+0x25baad]
V  [jvm.dll+0x25a03a]
V  [jvm.dll+0x3f8aae]
V  [jvm.dll+0x8600cd]
V  [jvm.dll+0x6d6c1d]
C  [ucrtbase.dll+0x2cd30]
C  [KERNEL32.DLL+0x2cd87]
C  [ntdll.dll+0xacaec]


---------------  P R O C E S S  ---------------

Threads class SMR info:
_java_thread_list=0x000001d7309ea670, length=32, elements={
0x000001d77e89f6f0, 0x000001d7147a1e60, 0x000001d7147a29c0, 0x000001d7147a7ee0,
0x000001d7147a8940, 0x000001d7147a93a0, 0x000001d7147a9e00, 0x000001d7147aeba0,
0x000001d7147c3670, 0x000001d7149b3cf0, 0x000001d7149d81f0, 0x000001d72f8a6de0,
0x000001d72fb53200, 0x000001d72fc292e0, 0x000001d72fa755c0, 0x000001d72fd34820,
0x000001d72ead9cb0, 0x000001d72eada340, 0x000001d72eadb060, 0x000001d72ead8900,
0x000001d72ead7be0, 0x000001d72ead8270, 0x000001d72ead8f90, 0x000001d72eada9d0,
0x000001d72f871d70, 0x000001d72f873120, 0x000001d72f873e40, 0x000001d72f872a90,
0x000001d72f8744d0, 0x000001d72f871050, 0x000001d72f877950, 0x000001d72f8772c0
}

Java Threads: ( => current thread )
  0x000001d77e89f6f0 JavaThread "main"                              [_thread_blocked, id=11336, stack(0x00000017fb100000,0x00000017fb200000) (1024K)]
  0x000001d7147a1e60 JavaThread "Reference Handler"          daemon [_thread_blocked, id=31036, stack(0x00000017fb900000,0x00000017fba00000) (1024K)]
  0x000001d7147a29c0 JavaThread "Finalizer"                  daemon [_thread_blocked, id=31040, stack(0x00000017fba00000,0x00000017fbb00000) (1024K)]
  0x000001d7147a7ee0 JavaThread "Signal Dispatcher"          daemon [_thread_blocked, id=31048, stack(0x00000017fbb00000,0x00000017fbc00000) (1024K)]
  0x000001d7147a8940 JavaThread "Attach Listener"            daemon [_thread_blocked, id=31052, stack(0x00000017fbc00000,0x00000017fbd00000) (1024K)]
  0x000001d7147a93a0 JavaThread "Service Thread"             daemon [_thread_blocked, id=31056, stack(0x00000017fbd00000,0x00000017fbe00000) (1024K)]
  0x000001d7147a9e00 JavaThread "Monitor Deflation Thread"   daemon [_thread_blocked, id=31060, stack(0x00000017fbe00000,0x00000017fbf00000) (1024K)]
=>0x000001d7147aeba0 JavaThread "C2 CompilerThread0"         daemon [_thread_in_native, id=31064, stack(0x00000017fbf00000,0x00000017fc000000) (1024K)]
  0x000001d7147c3670 JavaThread "C1 CompilerThread0"         daemon [_thread_blocked, id=31076, stack(0x00000017fc000000,0x00000017fc100000) (1024K)]
  0x000001d7149b3cf0 JavaThread "Common-Cleaner"             daemon [_thread_blocked, id=31108, stack(0x00000017fc100000,0x00000017fc200000) (1024K)]
  0x000001d7149d81f0 JavaThread "Notification Thread"        daemon [_thread_blocked, id=31232, stack(0x00000017fc200000,0x00000017fc300000) (1024K)]
  0x000001d72f8a6de0 JavaThread "Daemon health stats"               [_thread_blocked, id=1316, stack(0x00000017fca00000,0x00000017fcb00000) (1024K)]
  0x000001d72fb53200 JavaThread "Incoming local TCP Connector on port 62041"        [_thread_in_native, id=37220, stack(0x00000017faf00000,0x00000017fb000000) (1024K)]
  0x000001d72fc292e0 JavaThread "Daemon periodic checks"            [_thread_blocked, id=37548, stack(0x00000017fcb00000,0x00000017fcc00000) (1024K)]
  0x000001d72fa755c0 JavaThread "Daemon"                            [_thread_blocked, id=13368, stack(0x00000017fcc00000,0x00000017fcd00000) (1024K)]
  0x000001d72fd34820 JavaThread "Handler for socket connection from /127.0.0.1:62041 to /127.0.0.1:61088"        [_thread_in_native, id=34744, stack(0x00000017fcd00000,0x00000017fce00000) (1024K)]
  0x000001d72ead9cb0 JavaThread "Cancel handler"                    [_thread_blocked, id=11284, stack(0x00000017fce00000,0x00000017fcf00000) (1024K)]
  0x000001d72eada340 JavaThread "Daemon worker"                     [_thread_blocked, id=3940, stack(0x00000017fd000000,0x00000017fd100000) (1024K)]
  0x000001d72eadb060 JavaThread "Asynchronous log dispatcher for DefaultDaemonConnection: socket connection from /127.0.0.1:62041 to /127.0.0.1:61088"        [_thread_blocked, id=27448, stack(0x00000017fd100000,0x00000017fd200000) (1024K)]
  0x000001d72ead8900 JavaThread "Stdin handler"                     [_thread_blocked, id=15504, stack(0x00000017fd200000,0x00000017fd300000) (1024K)]
  0x000001d72ead7be0 JavaThread "Daemon client event forwarder"        [_thread_blocked, id=36532, stack(0x00000017fd300000,0x00000017fd400000) (1024K)]
  0x000001d72ead8270 JavaThread "Cache worker for journal cache (C:\Users\pjoo6\.gradle\caches\journal-1)"        [_thread_blocked, id=28800, stack(0x00000017fcf00000,0x00000017fd000000) (1024K)]
  0x000001d72ead8f90 JavaThread "File lock request listener"        [_thread_in_native, id=30476, stack(0x00000017fd400000,0x00000017fd500000) (1024K)]
  0x000001d72eada9d0 JavaThread "Cache worker for file hash cache (C:\Users\pjoo6\.gradle\caches\9.5.1\fileHashes)"        [_thread_blocked, id=38276, stack(0x00000017fda00000,0x00000017fdb00000) (1024K)]
  0x000001d72f871d70 JavaThread "Cache worker for file hash cache (C:\Users\pjoo6\OneDrive\바탕 화면\springweb\.gradle\9.5.1\fileHashes)"        [_thread_blocked, id=22288, stack(0x00000017fdd00000,0x00000017fde00000) (1024K)]
  0x000001d72f873120 JavaThread "Cache worker for Build Output Cleanup Cache (C:\Users\pjoo6\OneDrive\바탕 화면\springweb\.gradle\buildOutputCleanup)"        [_thread_blocked, id=38184, stack(0x00000017fde00000,0x00000017fdf00000) (1024K)]
  0x000001d72f873e40 JavaThread "File watcher server"        daemon [_thread_in_native, id=30724, stack(0x00000017fdf00000,0x00000017fe000000) (1024K)]
  0x000001d72f872a90 JavaThread "File watcher consumer"      daemon [_thread_blocked, id=38760, stack(0x00000017fe000000,0x00000017fe100000) (1024K)]
  0x000001d72f8744d0 JavaThread "Cache worker for file content cache (C:\Users\pjoo6\.gradle\caches\9.5.1\fileContent)"        [_thread_blocked, id=3320, stack(0x00000017fe100000,0x00000017fe200000) (1024K)]
  0x000001d72f871050 JavaThread "Cache worker for checksums cache (C:\Users\pjoo6\OneDrive\바탕 화면\springweb\.gradle\9.5.1\checksums)"        [_thread_blocked, id=36372, stack(0x00000017fe200000,0x00000017fe300000) (1024K)]
  0x000001d72f877950 JavaThread "Cache worker for cache directory md-supplier (C:\Users\pjoo6\.gradle\caches\9.5.1\md-supplier)"        [_thread_blocked, id=38440, stack(0x00000017fe300000,0x00000017fe400000) (1024K)]
  0x000001d72f8772c0 JavaThread "Cache worker for cache directory md-rule (C:\Users\pjoo6\.gradle\caches\9.5.1\md-rule)"        [_thread_blocked, id=34332, stack(0x00000017fe400000,0x00000017fe500000) (1024K)]
Total: 32

Other Threads:
  0x000001d714783470 VMThread "VM Thread"                           [id=31020, stack(0x00000017fb800000,0x00000017fb900000) (1024K)]
  0x000001d714776090 WatcherThread "VM Periodic Task Thread"        [id=31016, stack(0x00000017fb700000,0x00000017fb800000) (1024K)]
  0x000001d77e8c9f30 WorkerThread "GC Thread#0"                     [id=30908, stack(0x00000017fb200000,0x00000017fb300000) (1024K)]
  0x000001d72eb11880 WorkerThread "GC Thread#1"                     [id=32120, stack(0x00000017fc300000,0x00000017fc400000) (1024K)]
  0x000001d72e891170 WorkerThread "GC Thread#2"                     [id=32124, stack(0x00000017fc400000,0x00000017fc500000) (1024K)]
  0x000001d72e891520 WorkerThread "GC Thread#3"                     [id=32128, stack(0x00000017fc500000,0x00000017fc600000) (1024K)]
  0x000001d72e8918d0 WorkerThread "GC Thread#4"                     [id=32132, stack(0x00000017fc600000,0x00000017fc700000) (1024K)]
  0x000001d72eaf2020 WorkerThread "GC Thread#5"                     [id=32136, stack(0x00000017fc700000,0x00000017fc800000) (1024K)]
  0x000001d72fe3a830 WorkerThread "GC Thread#6"                     [id=38260, stack(0x00000017fd500000,0x00000017fd600000) (1024K)]
  0x000001d72fe3a0d0 WorkerThread "GC Thread#7"                     [id=38264, stack(0x00000017fd700000,0x00000017fd800000) (1024K)]
  0x000001d72fe3a480 WorkerThread "GC Thread#8"                     [id=38268, stack(0x00000017fd800000,0x00000017fd900000) (1024K)]
  0x000001d72fe3abe0 WorkerThread "GC Thread#9"                     [id=38272, stack(0x00000017fd900000,0x00000017fda00000) (1024K)]
  0x000001d77e8d0650 ConcurrentGCThread "G1 Main Marker"            [id=30912, stack(0x00000017fb300000,0x00000017fb400000) (1024K)]
  0x000001d77e8d1070 WorkerThread "G1 Conc#0"                       [id=30916, stack(0x00000017fb400000,0x00000017fb500000) (1024K)]
  0x000001d730a71410 WorkerThread "G1 Conc#1"                       [id=38752, stack(0x00000017fdb00000,0x00000017fdc00000) (1024K)]
  0x000001d730a6f2e0 WorkerThread "G1 Conc#2"                       [id=38756, stack(0x00000017fdc00000,0x00000017fdd00000) (1024K)]
  0x000001d714646240 ConcurrentGCThread "G1 Refine#0"               [id=30936, stack(0x00000017fb500000,0x00000017fb600000) (1024K)]
  0x000001d714647a80 ConcurrentGCThread "G1 Service"                [id=30940, stack(0x00000017fb600000,0x00000017fb700000) (1024K)]
Total: 18

Threads with active compile tasks:
C2 CompilerThread0  247578 4495   !   4       java.util.concurrent.LinkedBlockingQueue::poll (128 bytes)
Total: 1

VM state: not at safepoint (normal execution)

VM Mutex/Monitor currently owned by a thread: None

Heap address: 0x00000000e0000000, size: 512 MB, Compressed Oops mode: 32-bit

CDS archive(s) mapped at: [0x000001d715000000-0x000001d715ba0000-0x000001d715ba0000), size 12189696, SharedBaseAddress: 0x000001d715000000, ArchiveRelocationMode: 1.
Compressed class space mapped at: 0x000001d716000000-0x000001d72a000000, reserved size: 335544320
Narrow klass base: 0x000001d715000000, Narrow klass shift: 0, Narrow klass range: 0x100000000

GC Precious Log:
 CardTable entry size: 512
 Card Set container configuration: InlinePtr #cards 5 size 8 Array Of Cards #cards 12 size 40 Howl #buckets 4 coarsen threshold 1843 Howl Bitmap #cards 512 size 80 coarsen threshold 460 Card regions per heap region 1 cards per card region 2048
 CPUs: 12 total, 12 available
 Memory: 16027M
 Large Page Support: Disabled
 NUMA Support: Disabled
 Compressed Oops: Enabled (32-bit)
 Heap Region Size: 1M
 Heap Min Capacity: 256M
 Heap Initial Capacity: 256M
 Heap Max Capacity: 512M
 Pre-touch: Disabled
 Parallel Workers: 10
 Concurrent Workers: 3
 Concurrent Refinement Workers: 10
 Periodic GC: Disabled

Heap:
 garbage-first heap   total 262144K, used 51181K [0x00000000e0000000, 0x0000000100000000)
  region size 1024K, 30 young (30720K), 10 survivors (10240K)
 Metaspace       used 36674K, committed 38080K, reserved 393216K
  class space    used 5266K, committed 5952K, reserved 327680K

Heap Regions: E=young(eden), S=young(survivor), O=old, HS=humongous(starts), HC=humongous(continues), CS=collection set, F=free, TAMS=top-at-mark-start, PB=parsable bottom
|   0|0x00000000e0000000, 0x00000000e0100000, 0x00000000e0100000|100%|HS|  |TAMS 0x00000000e0000000| PB 0x00000000e0000000| Complete 
|   1|0x00000000e0100000, 0x00000000e0200000, 0x00000000e0200000|100%|HC|  |TAMS 0x00000000e0100000| PB 0x00000000e0100000| Complete 
|   2|0x00000000e0200000, 0x00000000e0300000, 0x00000000e0300000|100%|HC|  |TAMS 0x00000000e0200000| PB 0x00000000e0200000| Complete 
|   3|0x00000000e0300000, 0x00000000e0400000, 0x00000000e0400000|100%|HC|  |TAMS 0x00000000e0300000| PB 0x00000000e0300000| Complete 
|   4|0x00000000e0400000, 0x00000000e0400000, 0x00000000e0500000|  0%| F|  |TAMS 0x00000000e0400000| PB 0x00000000e0400000| Untracked 
|   5|0x00000000e0500000, 0x00000000e0600000, 0x00000000e0600000|100%| O|  |TAMS 0x00000000e0500000| PB 0x00000000e0500000| Untracked 
|   6|0x00000000e0600000, 0x00000000e0700000, 0x00000000e0700000|100%| O|  |TAMS 0x00000000e0600000| PB 0x00000000e0600000| Untracked 
|   7|0x00000000e0700000, 0x00000000e0800000, 0x00000000e0800000|100%| O|  |TAMS 0x00000000e0700000| PB 0x00000000e0700000| Untracked 
|   8|0x00000000e0800000, 0x00000000e0900000, 0x00000000e0900000|100%|HS|  |TAMS 0x00000000e0800000| PB 0x00000000e0800000| Complete 
|   9|0x00000000e0900000, 0x00000000e0a00000, 0x00000000e0a00000|100%| O|  |TAMS 0x00000000e0900000| PB 0x00000000e0900000| Untracked 
|  10|0x00000000e0a00000, 0x00000000e0b00000, 0x00000000e0b00000|100%| O|  |TAMS 0x00000000e0a00000| PB 0x00000000e0a00000| Untracked 
|  11|0x00000000e0b00000, 0x00000000e0c00000, 0x00000000e0c00000|100%| O|  |TAMS 0x00000000e0b00000| PB 0x00000000e0b00000| Untracked 
|  12|0x00000000e0c00000, 0x00000000e0d00000, 0x00000000e0d00000|100%| O|  |TAMS 0x00000000e0c00000| PB 0x00000000e0c00000| Untracked 
|  13|0x00000000e0d00000, 0x00000000e0e00000, 0x00000000e0e00000|100%| O|  |TAMS 0x00000000e0d00000| PB 0x00000000e0d00000| Untracked 
|  14|0x00000000e0e00000, 0x00000000e0f00000, 0x00000000e0f00000|100%| O|  |TAMS 0x00000000e0e00000| PB 0x00000000e0e00000| Untracked 
|  15|0x00000000e0f00000, 0x00000000e1000000, 0x00000000e1000000|100%| O|  |TAMS 0x00000000e0f00000| PB 0x00000000e0f00000| Untracked 
|  16|0x00000000e1000000, 0x00000000e1100000, 0x00000000e1100000|100%| O|  |TAMS 0x00000000e1000000| PB 0x00000000e1000000| Untracked 
|  17|0x00000000e1100000, 0x00000000e1200000, 0x00000000e1200000|100%| O|  |TAMS 0x00000000e1100000| PB 0x00000000e1100000| Untracked 
|  18|0x00000000e1200000, 0x00000000e1300000, 0x00000000e1300000|100%| O|  |TAMS 0x00000000e1200000| PB 0x00000000e1200000| Untracked 
|  19|0x00000000e1300000, 0x00000000e1400000, 0x00000000e1400000|100%| O|  |TAMS 0x00000000e1300000| PB 0x00000000e1300000| Untracked 
|  20|0x00000000e1400000, 0x00000000e1500000, 0x00000000e1500000|100%| O|  |TAMS 0x00000000e1400000| PB 0x00000000e1400000| Untracked 
|  21|0x00000000e1500000, 0x00000000e1600000, 0x00000000e1600000|100%| O|Cm|TAMS 0x00000000e1500000| PB 0x00000000e1500000| Complete 
|  22|0x00000000e1600000, 0x00000000e168e180, 0x00000000e1700000| 55%| O|  |TAMS 0x00000000e1600000| PB 0x00000000e1600000| Untracked 
|  23|0x00000000e1700000, 0x00000000e1700000, 0x00000000e1800000|  0%| F|  |TAMS 0x00000000e1700000| PB 0x00000000e1700000| Untracked 
|  24|0x00000000e1800000, 0x00000000e1800000, 0x00000000e1900000|  0%| F|  |TAMS 0x00000000e1800000| PB 0x00000000e1800000| Untracked 
|  25|0x00000000e1900000, 0x00000000e1900000, 0x00000000e1a00000|  0%| F|  |TAMS 0x00000000e1900000| PB 0x00000000e1900000| Untracked 
|  26|0x00000000e1a00000, 0x00000000e1a00000, 0x00000000e1b00000|  0%| F|  |TAMS 0x00000000e1a00000| PB 0x00000000e1a00000| Untracked 
|  27|0x00000000e1b00000, 0x00000000e1b00000, 0x00000000e1c00000|  0%| F|  |TAMS 0x00000000e1b00000| PB 0x00000000e1b00000| Untracked 
|  28|0x00000000e1c00000, 0x00000000e1c00000, 0x00000000e1d00000|  0%| F|  |TAMS 0x00000000e1c00000| PB 0x00000000e1c00000| Untracked 
|  29|0x00000000e1d00000, 0x00000000e1d00000, 0x00000000e1e00000|  0%| F|  |TAMS 0x00000000e1d00000| PB 0x00000000e1d00000| Untracked 
|  30|0x00000000e1e00000, 0x00000000e1e00000, 0x00000000e1f00000|  0%| F|  |TAMS 0x00000000e1e00000| PB 0x00000000e1e00000| Untracked 
|  31|0x00000000e1f00000, 0x00000000e1f00000, 0x00000000e2000000|  0%| F|  |TAMS 0x00000000e1f00000| PB 0x00000000e1f00000| Untracked 
|  32|0x00000000e2000000, 0x00000000e2000000, 0x00000000e2100000|  0%| F|  |TAMS 0x00000000e2000000| PB 0x00000000e2000000| Untracked 
|  33|0x00000000e2100000, 0x00000000e2100000, 0x00000000e2200000|  0%| F|  |TAMS 0x00000000e2100000| PB 0x00000000e2100000| Untracked 
|  34|0x00000000e2200000, 0x00000000e2200000, 0x00000000e2300000|  0%| F|  |TAMS 0x00000000e2200000| PB 0x00000000e2200000| Untracked 
|  35|0x00000000e2300000, 0x00000000e2300000, 0x00000000e2400000|  0%| F|  |TAMS 0x00000000e2300000| PB 0x00000000e2300000| Untracked 
|  36|0x00000000e2400000, 0x00000000e2400000, 0x00000000e2500000|  0%| F|  |TAMS 0x00000000e2400000| PB 0x00000000e2400000| Untracked 
|  37|0x00000000e2500000, 0x00000000e2500000, 0x00000000e2600000|  0%| F|  |TAMS 0x00000000e2500000| PB 0x00000000e2500000| Untracked 
|  38|0x00000000e2600000, 0x00000000e2600000, 0x00000000e2700000|  0%| F|  |TAMS 0x00000000e2600000| PB 0x00000000e2600000| Untracked 
|  39|0x00000000e2700000, 0x00000000e2700000, 0x00000000e2800000|  0%| F|  |TAMS 0x00000000e2700000| PB 0x00000000e2700000| Untracked 
|  40|0x00000000e2800000, 0x00000000e2800000, 0x00000000e2900000|  0%| F|  |TAMS 0x00000000e2800000| PB 0x00000000e2800000| Untracked 
|  41|0x00000000e2900000, 0x00000000e2900000, 0x00000000e2a00000|  0%| F|  |TAMS 0x00000000e2900000| PB 0x00000000e2900000| Untracked 
|  42|0x00000000e2a00000, 0x00000000e2a00000, 0x00000000e2b00000|  0%| F|  |TAMS 0x00000000e2a00000| PB 0x00000000e2a00000| Untracked 
|  43|0x00000000e2b00000, 0x00000000e2b00000, 0x00000000e2c00000|  0%| F|  |TAMS 0x00000000e2b00000| PB 0x00000000e2b00000| Untracked 
|  44|0x00000000e2c00000, 0x00000000e2c00000, 0x00000000e2d00000|  0%| F|  |TAMS 0x00000000e2c00000| PB 0x00000000e2c00000| Untracked 
|  45|0x00000000e2d00000, 0x00000000e2d00000, 0x00000000e2e00000|  0%| F|  |TAMS 0x00000000e2d00000| PB 0x00000000e2d00000| Untracked 
|  46|0x00000000e2e00000, 0x00000000e2e00000, 0x00000000e2f00000|  0%| F|  |TAMS 0x00000000e2e00000| PB 0x00000000e2e00000| Untracked 
|  47|0x00000000e2f00000, 0x00000000e2f00000, 0x00000000e3000000|  0%| F|  |TAMS 0x00000000e2f00000| PB 0x00000000e2f00000| Untracked 
|  48|0x00000000e3000000, 0x00000000e3000000, 0x00000000e3100000|  0%| F|  |TAMS 0x00000000e3000000| PB 0x00000000e3000000| Untracked 
|  49|0x00000000e3100000, 0x00000000e3100000, 0x00000000e3200000|  0%| F|  |TAMS 0x00000000e3100000| PB 0x00000000e3100000| Untracked 
|  50|0x00000000e3200000, 0x00000000e3200000, 0x00000000e3300000|  0%| F|  |TAMS 0x00000000e3200000| PB 0x00000000e3200000| Untracked 
|  51|0x00000000e3300000, 0x00000000e3300000, 0x00000000e3400000|  0%| F|  |TAMS 0x00000000e3300000| PB 0x00000000e3300000| Untracked 
|  52|0x00000000e3400000, 0x00000000e3400000, 0x00000000e3500000|  0%| F|  |TAMS 0x00000000e3400000| PB 0x00000000e3400000| Untracked 
|  53|0x00000000e3500000, 0x00000000e3500000, 0x00000000e3600000|  0%| F|  |TAMS 0x00000000e3500000| PB 0x00000000e3500000| Untracked 
|  54|0x00000000e3600000, 0x00000000e3600000, 0x00000000e3700000|  0%| F|  |TAMS 0x00000000e3600000| PB 0x00000000e3600000| Untracked 
|  55|0x00000000e3700000, 0x00000000e3700000, 0x00000000e3800000|  0%| F|  |TAMS 0x00000000e3700000| PB 0x00000000e3700000| Untracked 
|  56|0x00000000e3800000, 0x00000000e3800000, 0x00000000e3900000|  0%| F|  |TAMS 0x00000000e3800000| PB 0x00000000e3800000| Untracked 
|  57|0x00000000e3900000, 0x00000000e3900000, 0x00000000e3a00000|  0%| F|  |TAMS 0x00000000e3900000| PB 0x00000000e3900000| Untracked 
|  58|0x00000000e3a00000, 0x00000000e3a00000, 0x00000000e3b00000|  0%| F|  |TAMS 0x00000000e3a00000| PB 0x00000000e3a00000| Untracked 
|  59|0x00000000e3b00000, 0x00000000e3b00000, 0x00000000e3c00000|  0%| F|  |TAMS 0x00000000e3b00000| PB 0x00000000e3b00000| Untracked 
|  60|0x00000000e3c00000, 0x00000000e3c00000, 0x00000000e3d00000|  0%| F|  |TAMS 0x00000000e3c00000| PB 0x00000000e3c00000| Untracked 
|  61|0x00000000e3d00000, 0x00000000e3d00000, 0x00000000e3e00000|  0%| F|  |TAMS 0x00000000e3d00000| PB 0x00000000e3d00000| Untracked 
|  62|0x00000000e3e00000, 0x00000000e3e00000, 0x00000000e3f00000|  0%| F|  |TAMS 0x00000000e3e00000| PB 0x00000000e3e00000| Untracked 
|  63|0x00000000e3f00000, 0x00000000e3f00000, 0x00000000e4000000|  0%| F|  |TAMS 0x00000000e3f00000| PB 0x00000000e3f00000| Untracked 
|  64|0x00000000e4000000, 0x00000000e4000000, 0x00000000e4100000|  0%| F|  |TAMS 0x00000000e4000000| PB 0x00000000e4000000| Untracked 
|  65|0x00000000e4100000, 0x00000000e4100000, 0x00000000e4200000|  0%| F|  |TAMS 0x00000000e4100000| PB 0x00000000e4100000| Untracked 
|  66|0x00000000e4200000, 0x00000000e4200000, 0x00000000e4300000|  0%| F|  |TAMS 0x00000000e4200000| PB 0x00000000e4200000| Untracked 
|  67|0x00000000e4300000, 0x00000000e4300000, 0x00000000e4400000|  0%| F|  |TAMS 0x00000000e4300000| PB 0x00000000e4300000| Untracked 
|  68|0x00000000e4400000, 0x00000000e4400000, 0x00000000e4500000|  0%| F|  |TAMS 0x00000000e4400000| PB 0x00000000e4400000| Untracked 
|  69|0x00000000e4500000, 0x00000000e4500000, 0x00000000e4600000|  0%| F|  |TAMS 0x00000000e4500000| PB 0x00000000e4500000| Untracked 
|  70|0x00000000e4600000, 0x00000000e4600000, 0x00000000e4700000|  0%| F|  |TAMS 0x00000000e4600000| PB 0x00000000e4600000| Untracked 
|  71|0x00000000e4700000, 0x00000000e4700000, 0x00000000e4800000|  0%| F|  |TAMS 0x00000000e4700000| PB 0x00000000e4700000| Untracked 
|  72|0x00000000e4800000, 0x00000000e4800000, 0x00000000e4900000|  0%| F|  |TAMS 0x00000000e4800000| PB 0x00000000e4800000| Untracked 
|  73|0x00000000e4900000, 0x00000000e4900000, 0x00000000e4a00000|  0%| F|  |TAMS 0x00000000e4900000| PB 0x00000000e4900000| Untracked 
|  74|0x00000000e4a00000, 0x00000000e4a00000, 0x00000000e4b00000|  0%| F|  |TAMS 0x00000000e4a00000| PB 0x00000000e4a00000| Untracked 
|  75|0x00000000e4b00000, 0x00000000e4b00000, 0x00000000e4c00000|  0%| F|  |TAMS 0x00000000e4b00000| PB 0x00000000e4b00000| Untracked 
|  76|0x00000000e4c00000, 0x00000000e4c00000, 0x00000000e4d00000|  0%| F|  |TAMS 0x00000000e4c00000| PB 0x00000000e4c00000| Untracked 
|  77|0x00000000e4d00000, 0x00000000e4d00000, 0x00000000e4e00000|  0%| F|  |TAMS 0x00000000e4d00000| PB 0x00000000e4d00000| Untracked 
|  78|0x00000000e4e00000, 0x00000000e4e00000, 0x00000000e4f00000|  0%| F|  |TAMS 0x00000000e4e00000| PB 0x00000000e4e00000| Untracked 
|  79|0x00000000e4f00000, 0x00000000e4f00000, 0x00000000e5000000|  0%| F|  |TAMS 0x00000000e4f00000| PB 0x00000000e4f00000| Untracked 
|  80|0x00000000e5000000, 0x00000000e5000000, 0x00000000e5100000|  0%| F|  |TAMS 0x00000000e5000000| PB 0x00000000e5000000| Untracked 
|  81|0x00000000e5100000, 0x00000000e5100000, 0x00000000e5200000|  0%| F|  |TAMS 0x00000000e5100000| PB 0x00000000e5100000| Untracked 
|  82|0x00000000e5200000, 0x00000000e5200000, 0x00000000e5300000|  0%| F|  |TAMS 0x00000000e5200000| PB 0x00000000e5200000| Untracked 
|  83|0x00000000e5300000, 0x00000000e5300000, 0x00000000e5400000|  0%| F|  |TAMS 0x00000000e5300000| PB 0x00000000e5300000| Untracked 
|  84|0x00000000e5400000, 0x00000000e5400000, 0x00000000e5500000|  0%| F|  |TAMS 0x00000000e5400000| PB 0x00000000e5400000| Untracked 
|  85|0x00000000e5500000, 0x00000000e5500000, 0x00000000e5600000|  0%| F|  |TAMS 0x00000000e5500000| PB 0x00000000e5500000| Untracked 
|  86|0x00000000e5600000, 0x00000000e5600000, 0x00000000e5700000|  0%| F|  |TAMS 0x00000000e5600000| PB 0x00000000e5600000| Untracked 
|  87|0x00000000e5700000, 0x00000000e5700000, 0x00000000e5800000|  0%| F|  |TAMS 0x00000000e5700000| PB 0x00000000e5700000| Untracked 
|  88|0x00000000e5800000, 0x00000000e5800000, 0x00000000e5900000|  0%| F|  |TAMS 0x00000000e5800000| PB 0x00000000e5800000| Untracked 
|  89|0x00000000e5900000, 0x00000000e5900000, 0x00000000e5a00000|  0%| F|  |TAMS 0x00000000e5900000| PB 0x00000000e5900000| Untracked 
|  90|0x00000000e5a00000, 0x00000000e5a00000, 0x00000000e5b00000|  0%| F|  |TAMS 0x00000000e5a00000| PB 0x00000000e5a00000| Untracked 
|  91|0x00000000e5b00000, 0x00000000e5b00000, 0x00000000e5c00000|  0%| F|  |TAMS 0x00000000e5b00000| PB 0x00000000e5b00000| Untracked 
|  92|0x00000000e5c00000, 0x00000000e5c00000, 0x00000000e5d00000|  0%| F|  |TAMS 0x00000000e5c00000| PB 0x00000000e5c00000| Untracked 
|  93|0x00000000e5d00000, 0x00000000e5d00000, 0x00000000e5e00000|  0%| F|  |TAMS 0x00000000e5d00000| PB 0x00000000e5d00000| Untracked 
|  94|0x00000000e5e00000, 0x00000000e5e00000, 0x00000000e5f00000|  0%| F|  |TAMS 0x00000000e5e00000| PB 0x00000000e5e00000| Untracked 
|  95|0x00000000e5f00000, 0x00000000e5f00000, 0x00000000e6000000|  0%| F|  |TAMS 0x00000000e5f00000| PB 0x00000000e5f00000| Untracked 
|  96|0x00000000e6000000, 0x00000000e6000000, 0x00000000e6100000|  0%| F|  |TAMS 0x00000000e6000000| PB 0x00000000e6000000| Untracked 
|  97|0x00000000e6100000, 0x00000000e6100000, 0x00000000e6200000|  0%| F|  |TAMS 0x00000000e6100000| PB 0x00000000e6100000| Untracked 
|  98|0x00000000e6200000, 0x00000000e6200000, 0x00000000e6300000|  0%| F|  |TAMS 0x00000000e6200000| PB 0x00000000e6200000| Untracked 
|  99|0x00000000e6300000, 0x00000000e6300000, 0x00000000e6400000|  0%| F|  |TAMS 0x00000000e6300000| PB 0x00000000e6300000| Untracked 
| 100|0x00000000e6400000, 0x00000000e6400000, 0x00000000e6500000|  0%| F|  |TAMS 0x00000000e6400000| PB 0x00000000e6400000| Untracked 
| 101|0x00000000e6500000, 0x00000000e6500000, 0x00000000e6600000|  0%| F|  |TAMS 0x00000000e6500000| PB 0x00000000e6500000| Untracked 
| 102|0x00000000e6600000, 0x00000000e6600000, 0x00000000e6700000|  0%| F|  |TAMS 0x00000000e6600000| PB 0x00000000e6600000| Untracked 
| 103|0x00000000e6700000, 0x00000000e6700000, 0x00000000e6800000|  0%| F|  |TAMS 0x00000000e6700000| PB 0x00000000e6700000| Untracked 
| 104|0x00000000e6800000, 0x00000000e6800000, 0x00000000e6900000|  0%| F|  |TAMS 0x00000000e6800000| PB 0x00000000e6800000| Untracked 
| 105|0x00000000e6900000, 0x00000000e6900000, 0x00000000e6a00000|  0%| F|  |TAMS 0x00000000e6900000| PB 0x00000000e6900000| Untracked 
| 106|0x00000000e6a00000, 0x00000000e6a00000, 0x00000000e6b00000|  0%| F|  |TAMS 0x00000000e6a00000| PB 0x00000000e6a00000| Untracked 
| 107|0x00000000e6b00000, 0x00000000e6b00000, 0x00000000e6c00000|  0%| F|  |TAMS 0x00000000e6b00000| PB 0x00000000e6b00000| Untracked 
| 108|0x00000000e6c00000, 0x00000000e6c00000, 0x00000000e6d00000|  0%| F|  |TAMS 0x00000000e6c00000| PB 0x00000000e6c00000| Untracked 
| 109|0x00000000e6d00000, 0x00000000e6d00000, 0x00000000e6e00000|  0%| F|  |TAMS 0x00000000e6d00000| PB 0x00000000e6d00000| Untracked 
| 110|0x00000000e6e00000, 0x00000000e6e00000, 0x00000000e6f00000|  0%| F|  |TAMS 0x00000000e6e00000| PB 0x00000000e6e00000| Untracked 
| 111|0x00000000e6f00000, 0x00000000e6f00000, 0x00000000e7000000|  0%| F|  |TAMS 0x00000000e6f00000| PB 0x00000000e6f00000| Untracked 
| 112|0x00000000e7000000, 0x00000000e7000000, 0x00000000e7100000|  0%| F|  |TAMS 0x00000000e7000000| PB 0x00000000e7000000| Untracked 
| 113|0x00000000e7100000, 0x00000000e7100000, 0x00000000e7200000|  0%| F|  |TAMS 0x00000000e7100000| PB 0x00000000e7100000| Untracked 
| 114|0x00000000e7200000, 0x00000000e7200000, 0x00000000e7300000|  0%| F|  |TAMS 0x00000000e7200000| PB 0x00000000e7200000| Untracked 
| 115|0x00000000e7300000, 0x00000000e7300000, 0x00000000e7400000|  0%| F|  |TAMS 0x00000000e7300000| PB 0x00000000e7300000| Untracked 
| 116|0x00000000e7400000, 0x00000000e7400000, 0x00000000e7500000|  0%| F|  |TAMS 0x00000000e7400000| PB 0x00000000e7400000| Untracked 
| 117|0x00000000e7500000, 0x00000000e7500000, 0x00000000e7600000|  0%| F|  |TAMS 0x00000000e7500000| PB 0x00000000e7500000| Untracked 
| 118|0x00000000e7600000, 0x00000000e7600000, 0x00000000e7700000|  0%| F|  |TAMS 0x00000000e7600000| PB 0x00000000e7600000| Untracked 
| 119|0x00000000e7700000, 0x00000000e7700000, 0x00000000e7800000|  0%| F|  |TAMS 0x00000000e7700000| PB 0x00000000e7700000| Untracked 
| 120|0x00000000e7800000, 0x00000000e7800000, 0x00000000e7900000|  0%| F|  |TAMS 0x00000000e7800000| PB 0x00000000e7800000| Untracked 
| 121|0x00000000e7900000, 0x00000000e7900000, 0x00000000e7a00000|  0%| F|  |TAMS 0x00000000e7900000| PB 0x00000000e7900000| Untracked 
| 122|0x00000000e7a00000, 0x00000000e7a00000, 0x00000000e7b00000|  0%| F|  |TAMS 0x00000000e7a00000| PB 0x00000000e7a00000| Untracked 
| 123|0x00000000e7b00000, 0x00000000e7b00000, 0x00000000e7c00000|  0%| F|  |TAMS 0x00000000e7b00000| PB 0x00000000e7b00000| Untracked 
| 124|0x00000000e7c00000, 0x00000000e7c00000, 0x00000000e7d00000|  0%| F|  |TAMS 0x00000000e7c00000| PB 0x00000000e7c00000| Untracked 
| 125|0x00000000e7d00000, 0x00000000e7d00000, 0x00000000e7e00000|  0%| F|  |TAMS 0x00000000e7d00000| PB 0x00000000e7d00000| Untracked 
| 126|0x00000000e7e00000, 0x00000000e7e00000, 0x00000000e7f00000|  0%| F|  |TAMS 0x00000000e7e00000| PB 0x00000000e7e00000| Untracked 
| 127|0x00000000e7f00000, 0x00000000e7f00000, 0x00000000e8000000|  0%| F|  |TAMS 0x00000000e7f00000| PB 0x00000000e7f00000| Untracked 
| 128|0x00000000e8000000, 0x00000000e8000000, 0x00000000e8100000|  0%| F|  |TAMS 0x00000000e8000000| PB 0x00000000e8000000| Untracked 
| 129|0x00000000e8100000, 0x00000000e8100000, 0x00000000e8200000|  0%| F|  |TAMS 0x00000000e8100000| PB 0x00000000e8100000| Untracked 
| 130|0x00000000e8200000, 0x00000000e8200000, 0x00000000e8300000|  0%| F|  |TAMS 0x00000000e8200000| PB 0x00000000e8200000| Untracked 
| 131|0x00000000e8300000, 0x00000000e8300000, 0x00000000e8400000|  0%| F|  |TAMS 0x00000000e8300000| PB 0x00000000e8300000| Untracked 
| 132|0x00000000e8400000, 0x00000000e8400000, 0x00000000e8500000|  0%| F|  |TAMS 0x00000000e8400000| PB 0x00000000e8400000| Untracked 
| 133|0x00000000e8500000, 0x00000000e8500000, 0x00000000e8600000|  0%| F|  |TAMS 0x00000000e8500000| PB 0x00000000e8500000| Untracked 
| 134|0x00000000e8600000, 0x00000000e8600000, 0x00000000e8700000|  0%| F|  |TAMS 0x00000000e8600000| PB 0x00000000e8600000| Untracked 
| 135|0x00000000e8700000, 0x00000000e8700000, 0x00000000e8800000|  0%| F|  |TAMS 0x00000000e8700000| PB 0x00000000e8700000| Untracked 
| 136|0x00000000e8800000, 0x00000000e8800000, 0x00000000e8900000|  0%| F|  |TAMS 0x00000000e8800000| PB 0x00000000e8800000| Untracked 
| 137|0x00000000e8900000, 0x00000000e8900000, 0x00000000e8a00000|  0%| F|  |TAMS 0x00000000e8900000| PB 0x00000000e8900000| Untracked 
| 138|0x00000000e8a00000, 0x00000000e8a00000, 0x00000000e8b00000|  0%| F|  |TAMS 0x00000000e8a00000| PB 0x00000000e8a00000| Untracked 
| 139|0x00000000e8b00000, 0x00000000e8b00000, 0x00000000e8c00000|  0%| F|  |TAMS 0x00000000e8b00000| PB 0x00000000e8b00000| Untracked 
| 140|0x00000000e8c00000, 0x00000000e8c00000, 0x00000000e8d00000|  0%| F|  |TAMS 0x00000000e8c00000| PB 0x00000000e8c00000| Untracked 
| 141|0x00000000e8d00000, 0x00000000e8d00000, 0x00000000e8e00000|  0%| F|  |TAMS 0x00000000e8d00000| PB 0x00000000e8d00000| Untracked 
| 142|0x00000000e8e00000, 0x00000000e8e00000, 0x00000000e8f00000|  0%| F|  |TAMS 0x00000000e8e00000| PB 0x00000000e8e00000| Untracked 
| 143|0x00000000e8f00000, 0x00000000e8f00000, 0x00000000e9000000|  0%| F|  |TAMS 0x00000000e8f00000| PB 0x00000000e8f00000| Untracked 
| 144|0x00000000e9000000, 0x00000000e9000000, 0x00000000e9100000|  0%| F|  |TAMS 0x00000000e9000000| PB 0x00000000e9000000| Untracked 
| 145|0x00000000e9100000, 0x00000000e9100000, 0x00000000e9200000|  0%| F|  |TAMS 0x00000000e9100000| PB 0x00000000e9100000| Untracked 
| 146|0x00000000e9200000, 0x00000000e9200000, 0x00000000e9300000|  0%| F|  |TAMS 0x00000000e9200000| PB 0x00000000e9200000| Untracked 
| 147|0x00000000e9300000, 0x00000000e9300000, 0x00000000e9400000|  0%| F|  |TAMS 0x00000000e9300000| PB 0x00000000e9300000| Untracked 
| 148|0x00000000e9400000, 0x00000000e9400000, 0x00000000e9500000|  0%| F|  |TAMS 0x00000000e9400000| PB 0x00000000e9400000| Untracked 
| 149|0x00000000e9500000, 0x00000000e9500000, 0x00000000e9600000|  0%| F|  |TAMS 0x00000000e9500000| PB 0x00000000e9500000| Untracked 
| 150|0x00000000e9600000, 0x00000000e9600000, 0x00000000e9700000|  0%| F|  |TAMS 0x00000000e9600000| PB 0x00000000e9600000| Untracked 
| 151|0x00000000e9700000, 0x00000000e9700000, 0x00000000e9800000|  0%| F|  |TAMS 0x00000000e9700000| PB 0x00000000e9700000| Untracked 
| 152|0x00000000e9800000, 0x00000000e9800000, 0x00000000e9900000|  0%| F|  |TAMS 0x00000000e9800000| PB 0x00000000e9800000| Untracked 
| 153|0x00000000e9900000, 0x00000000e9900000, 0x00000000e9a00000|  0%| F|  |TAMS 0x00000000e9900000| PB 0x00000000e9900000| Untracked 
| 154|0x00000000e9a00000, 0x00000000e9a00000, 0x00000000e9b00000|  0%| F|  |TAMS 0x00000000e9a00000| PB 0x00000000e9a00000| Untracked 
| 155|0x00000000e9b00000, 0x00000000e9b00000, 0x00000000e9c00000|  0%| F|  |TAMS 0x00000000e9b00000| PB 0x00000000e9b00000| Untracked 
| 156|0x00000000e9c00000, 0x00000000e9c00000, 0x00000000e9d00000|  0%| F|  |TAMS 0x00000000e9c00000| PB 0x00000000e9c00000| Untracked 
| 157|0x00000000e9d00000, 0x00000000e9d00000, 0x00000000e9e00000|  0%| F|  |TAMS 0x00000000e9d00000| PB 0x00000000e9d00000| Untracked 
| 158|0x00000000e9e00000, 0x00000000e9e00000, 0x00000000e9f00000|  0%| F|  |TAMS 0x00000000e9e00000| PB 0x00000000e9e00000| Untracked 
| 159|0x00000000e9f00000, 0x00000000e9f00000, 0x00000000ea000000|  0%| F|  |TAMS 0x00000000e9f00000| PB 0x00000000e9f00000| Untracked 
| 160|0x00000000ea000000, 0x00000000ea000000, 0x00000000ea100000|  0%| F|  |TAMS 0x00000000ea000000| PB 0x00000000ea000000| Untracked 
| 161|0x00000000ea100000, 0x00000000ea100000, 0x00000000ea200000|  0%| F|  |TAMS 0x00000000ea100000| PB 0x00000000ea100000| Untracked 
| 162|0x00000000ea200000, 0x00000000ea200000, 0x00000000ea300000|  0%| F|  |TAMS 0x00000000ea200000| PB 0x00000000ea200000| Untracked 
| 163|0x00000000ea300000, 0x00000000ea300000, 0x00000000ea400000|  0%| F|  |TAMS 0x00000000ea300000| PB 0x00000000ea300000| Untracked 
| 164|0x00000000ea400000, 0x00000000ea400000, 0x00000000ea500000|  0%| F|  |TAMS 0x00000000ea400000| PB 0x00000000ea400000| Untracked 
| 165|0x00000000ea500000, 0x00000000ea500000, 0x00000000ea600000|  0%| F|  |TAMS 0x00000000ea500000| PB 0x00000000ea500000| Untracked 
| 166|0x00000000ea600000, 0x00000000ea600000, 0x00000000ea700000|  0%| F|  |TAMS 0x00000000ea600000| PB 0x00000000ea600000| Untracked 
| 167|0x00000000ea700000, 0x00000000ea700000, 0x00000000ea800000|  0%| F|  |TAMS 0x00000000ea700000| PB 0x00000000ea700000| Untracked 
| 168|0x00000000ea800000, 0x00000000ea800000, 0x00000000ea900000|  0%| F|  |TAMS 0x00000000ea800000| PB 0x00000000ea800000| Untracked 
| 169|0x00000000ea900000, 0x00000000ea900000, 0x00000000eaa00000|  0%| F|  |TAMS 0x00000000ea900000| PB 0x00000000ea900000| Untracked 
| 170|0x00000000eaa00000, 0x00000000eaa00000, 0x00000000eab00000|  0%| F|  |TAMS 0x00000000eaa00000| PB 0x00000000eaa00000| Untracked 
| 171|0x00000000eab00000, 0x00000000eab00000, 0x00000000eac00000|  0%| F|  |TAMS 0x00000000eab00000| PB 0x00000000eab00000| Untracked 
| 172|0x00000000eac00000, 0x00000000eac00000, 0x00000000ead00000|  0%| F|  |TAMS 0x00000000eac00000| PB 0x00000000eac00000| Untracked 
| 173|0x00000000ead00000, 0x00000000ead00000, 0x00000000eae00000|  0%| F|  |TAMS 0x00000000ead00000| PB 0x00000000ead00000| Untracked 
| 174|0x00000000eae00000, 0x00000000eae00000, 0x00000000eaf00000|  0%| F|  |TAMS 0x00000000eae00000| PB 0x00000000eae00000| Untracked 
| 175|0x00000000eaf00000, 0x00000000eaf00000, 0x00000000eb000000|  0%| F|  |TAMS 0x00000000eaf00000| PB 0x00000000eaf00000| Untracked 
| 176|0x00000000eb000000, 0x00000000eb000000, 0x00000000eb100000|  0%| F|  |TAMS 0x00000000eb000000| PB 0x00000000eb000000| Untracked 
| 177|0x00000000eb100000, 0x00000000eb100000, 0x00000000eb200000|  0%| F|  |TAMS 0x00000000eb100000| PB 0x00000000eb100000| Untracked 
| 178|0x00000000eb200000, 0x00000000eb200000, 0x00000000eb300000|  0%| F|  |TAMS 0x00000000eb200000| PB 0x00000000eb200000| Untracked 
| 179|0x00000000eb300000, 0x00000000eb300000, 0x00000000eb400000|  0%| F|  |TAMS 0x00000000eb300000| PB 0x00000000eb300000| Untracked 
| 180|0x00000000eb400000, 0x00000000eb400000, 0x00000000eb500000|  0%| F|  |TAMS 0x00000000eb400000| PB 0x00000000eb400000| Untracked 
| 181|0x00000000eb500000, 0x00000000eb500000, 0x00000000eb600000|  0%| F|  |TAMS 0x00000000eb500000| PB 0x00000000eb500000| Untracked 
| 182|0x00000000eb600000, 0x00000000eb600000, 0x00000000eb700000|  0%| F|  |TAMS 0x00000000eb600000| PB 0x00000000eb600000| Untracked 
| 183|0x00000000eb700000, 0x00000000eb700000, 0x00000000eb800000|  0%| F|  |TAMS 0x00000000eb700000| PB 0x00000000eb700000| Untracked 
| 184|0x00000000eb800000, 0x00000000eb800000, 0x00000000eb900000|  0%| F|  |TAMS 0x00000000eb800000| PB 0x00000000eb800000| Untracked 
| 185|0x00000000eb900000, 0x00000000eb900000, 0x00000000eba00000|  0%| F|  |TAMS 0x00000000eb900000| PB 0x00000000eb900000| Untracked 
| 186|0x00000000eba00000, 0x00000000eba00000, 0x00000000ebb00000|  0%| F|  |TAMS 0x00000000eba00000| PB 0x00000000eba00000| Untracked 
| 187|0x00000000ebb00000, 0x00000000ebb00000, 0x00000000ebc00000|  0%| F|  |TAMS 0x00000000ebb00000| PB 0x00000000ebb00000| Untracked 
| 188|0x00000000ebc00000, 0x00000000ebc00000, 0x00000000ebd00000|  0%| F|  |TAMS 0x00000000ebc00000| PB 0x00000000ebc00000| Untracked 
| 189|0x00000000ebd00000, 0x00000000ebd00000, 0x00000000ebe00000|  0%| F|  |TAMS 0x00000000ebd00000| PB 0x00000000ebd00000| Untracked 
| 190|0x00000000ebe00000, 0x00000000ebe00000, 0x00000000ebf00000|  0%| F|  |TAMS 0x00000000ebe00000| PB 0x00000000ebe00000| Untracked 
| 191|0x00000000ebf00000, 0x00000000ebf00000, 0x00000000ec000000|  0%| F|  |TAMS 0x00000000ebf00000| PB 0x00000000ebf00000| Untracked 
| 192|0x00000000ec000000, 0x00000000ec000000, 0x00000000ec100000|  0%| F|  |TAMS 0x00000000ec000000| PB 0x00000000ec000000| Untracked 
| 193|0x00000000ec100000, 0x00000000ec100000, 0x00000000ec200000|  0%| F|  |TAMS 0x00000000ec100000| PB 0x00000000ec100000| Untracked 
| 194|0x00000000ec200000, 0x00000000ec200000, 0x00000000ec300000|  0%| F|  |TAMS 0x00000000ec200000| PB 0x00000000ec200000| Untracked 
| 195|0x00000000ec300000, 0x00000000ec300000, 0x00000000ec400000|  0%| F|  |TAMS 0x00000000ec300000| PB 0x00000000ec300000| Untracked 
| 196|0x00000000ec400000, 0x00000000ec400000, 0x00000000ec500000|  0%| F|  |TAMS 0x00000000ec400000| PB 0x00000000ec400000| Untracked 
| 197|0x00000000ec500000, 0x00000000ec500000, 0x00000000ec600000|  0%| F|  |TAMS 0x00000000ec500000| PB 0x00000000ec500000| Untracked 
| 198|0x00000000ec600000, 0x00000000ec600000, 0x00000000ec700000|  0%| F|  |TAMS 0x00000000ec600000| PB 0x00000000ec600000| Untracked 
| 199|0x00000000ec700000, 0x00000000ec700000, 0x00000000ec800000|  0%| F|  |TAMS 0x00000000ec700000| PB 0x00000000ec700000| Untracked 
| 200|0x00000000ec800000, 0x00000000ec800000, 0x00000000ec900000|  0%| F|  |TAMS 0x00000000ec800000| PB 0x00000000ec800000| Untracked 
| 201|0x00000000ec900000, 0x00000000ec900000, 0x00000000eca00000|  0%| F|  |TAMS 0x00000000ec900000| PB 0x00000000ec900000| Untracked 
| 202|0x00000000eca00000, 0x00000000eca00000, 0x00000000ecb00000|  0%| F|  |TAMS 0x00000000eca00000| PB 0x00000000eca00000| Untracked 
| 203|0x00000000ecb00000, 0x00000000ecb00000, 0x00000000ecc00000|  0%| F|  |TAMS 0x00000000ecb00000| PB 0x00000000ecb00000| Untracked 
| 204|0x00000000ecc00000, 0x00000000ecc00000, 0x00000000ecd00000|  0%| F|  |TAMS 0x00000000ecc00000| PB 0x00000000ecc00000| Untracked 
| 205|0x00000000ecd00000, 0x00000000ecd00000, 0x00000000ece00000|  0%| F|  |TAMS 0x00000000ecd00000| PB 0x00000000ecd00000| Untracked 
| 206|0x00000000ece00000, 0x00000000ece00000, 0x00000000ecf00000|  0%| F|  |TAMS 0x00000000ece00000| PB 0x00000000ece00000| Untracked 
| 207|0x00000000ecf00000, 0x00000000ecf00000, 0x00000000ed000000|  0%| F|  |TAMS 0x00000000ecf00000| PB 0x00000000ecf00000| Untracked 
| 208|0x00000000ed000000, 0x00000000ed000000, 0x00000000ed100000|  0%| F|  |TAMS 0x00000000ed000000| PB 0x00000000ed000000| Untracked 
| 209|0x00000000ed100000, 0x00000000ed100000, 0x00000000ed200000|  0%| F|  |TAMS 0x00000000ed100000| PB 0x00000000ed100000| Untracked 
| 210|0x00000000ed200000, 0x00000000ed200000, 0x00000000ed300000|  0%| F|  |TAMS 0x00000000ed200000| PB 0x00000000ed200000| Untracked 
| 211|0x00000000ed300000, 0x00000000ed300000, 0x00000000ed400000|  0%| F|  |TAMS 0x00000000ed300000| PB 0x00000000ed300000| Untracked 
| 212|0x00000000ed400000, 0x00000000ed400000, 0x00000000ed500000|  0%| F|  |TAMS 0x00000000ed400000| PB 0x00000000ed400000| Untracked 
| 213|0x00000000ed500000, 0x00000000ed500000, 0x00000000ed600000|  0%| F|  |TAMS 0x00000000ed500000| PB 0x00000000ed500000| Untracked 
| 214|0x00000000ed600000, 0x00000000ed600000, 0x00000000ed700000|  0%| F|  |TAMS 0x00000000ed600000| PB 0x00000000ed600000| Untracked 
| 215|0x00000000ed700000, 0x00000000ed700000, 0x00000000ed800000|  0%| F|  |TAMS 0x00000000ed700000| PB 0x00000000ed700000| Untracked 
| 216|0x00000000ed800000, 0x00000000ed800000, 0x00000000ed900000|  0%| F|  |TAMS 0x00000000ed800000| PB 0x00000000ed800000| Untracked 
| 217|0x00000000ed900000, 0x00000000ed900000, 0x00000000eda00000|  0%| F|  |TAMS 0x00000000ed900000| PB 0x00000000ed900000| Untracked 
| 218|0x00000000eda00000, 0x00000000eda00000, 0x00000000edb00000|  0%| F|  |TAMS 0x00000000eda00000| PB 0x00000000eda00000| Untracked 
| 219|0x00000000edb00000, 0x00000000edb00000, 0x00000000edc00000|  0%| F|  |TAMS 0x00000000edb00000| PB 0x00000000edb00000| Untracked 
| 220|0x00000000edc00000, 0x00000000edc00000, 0x00000000edd00000|  0%| F|  |TAMS 0x00000000edc00000| PB 0x00000000edc00000| Untracked 
| 221|0x00000000edd00000, 0x00000000edd00000, 0x00000000ede00000|  0%| F|  |TAMS 0x00000000edd00000| PB 0x00000000edd00000| Untracked 
| 222|0x00000000ede00000, 0x00000000ede00000, 0x00000000edf00000|  0%| F|  |TAMS 0x00000000ede00000| PB 0x00000000ede00000| Untracked 
| 223|0x00000000edf00000, 0x00000000edf00000, 0x00000000ee000000|  0%| F|  |TAMS 0x00000000edf00000| PB 0x00000000edf00000| Untracked 
| 224|0x00000000ee000000, 0x00000000ee000000, 0x00000000ee100000|  0%| F|  |TAMS 0x00000000ee000000| PB 0x00000000ee000000| Untracked 
| 225|0x00000000ee100000, 0x00000000ee100000, 0x00000000ee200000|  0%| F|  |TAMS 0x00000000ee100000| PB 0x00000000ee100000| Untracked 
| 226|0x00000000ee200000, 0x00000000ee2d0800, 0x00000000ee300000| 81%| E|  |TAMS 0x00000000ee200000| PB 0x00000000ee200000| Complete 
| 227|0x00000000ee300000, 0x00000000ee400000, 0x00000000ee400000|100%| E|CS|TAMS 0x00000000ee300000| PB 0x00000000ee300000| Complete 
| 228|0x00000000ee400000, 0x00000000ee500000, 0x00000000ee500000|100%| E|CS|TAMS 0x00000000ee400000| PB 0x00000000ee400000| Complete 
| 229|0x00000000ee500000, 0x00000000ee600000, 0x00000000ee600000|100%| E|CS|TAMS 0x00000000ee500000| PB 0x00000000ee500000| Complete 
| 230|0x00000000ee600000, 0x00000000ee700000, 0x00000000ee700000|100%| E|CS|TAMS 0x00000000ee600000| PB 0x00000000ee600000| Complete 
| 231|0x00000000ee700000, 0x00000000ee800000, 0x00000000ee800000|100%| E|CS|TAMS 0x00000000ee700000| PB 0x00000000ee700000| Complete 
| 232|0x00000000ee800000, 0x00000000ee900000, 0x00000000ee900000|100%| E|CS|TAMS 0x00000000ee800000| PB 0x00000000ee800000| Complete 
| 233|0x00000000ee900000, 0x00000000eea00000, 0x00000000eea00000|100%| E|CS|TAMS 0x00000000ee900000| PB 0x00000000ee900000| Complete 
| 234|0x00000000eea00000, 0x00000000eea6d368, 0x00000000eeb00000| 42%| S|CS|TAMS 0x00000000eea00000| PB 0x00000000eea00000| Complete 
| 235|0x00000000eeb00000, 0x00000000eec00000, 0x00000000eec00000|100%| S|CS|TAMS 0x00000000eeb00000| PB 0x00000000eeb00000| Complete 
| 236|0x00000000eec00000, 0x00000000eed00000, 0x00000000eed00000|100%| S|CS|TAMS 0x00000000eec00000| PB 0x00000000eec00000| Complete 
| 237|0x00000000eed00000, 0x00000000eee00000, 0x00000000eee00000|100%| S|CS|TAMS 0x00000000eed00000| PB 0x00000000eed00000| Complete 
| 238|0x00000000eee00000, 0x00000000eef00000, 0x00000000eef00000|100%| S|CS|TAMS 0x00000000eee00000| PB 0x00000000eee00000| Complete 
| 239|0x00000000eef00000, 0x00000000ef000000, 0x00000000ef000000|100%| S|CS|TAMS 0x00000000eef00000| PB 0x00000000eef00000| Complete 
| 240|0x00000000ef000000, 0x00000000ef100000, 0x00000000ef100000|100%| S|CS|TAMS 0x00000000ef000000| PB 0x00000000ef000000| Complete 
| 241|0x00000000ef100000, 0x00000000ef200000, 0x00000000ef200000|100%| S|CS|TAMS 0x00000000ef100000| PB 0x00000000ef100000| Complete 
| 242|0x00000000ef200000, 0x00000000ef300000, 0x00000000ef300000|100%| S|CS|TAMS 0x00000000ef200000| PB 0x00000000ef200000| Complete 
| 243|0x00000000ef300000, 0x00000000ef400000, 0x00000000ef400000|100%| S|CS|TAMS 0x00000000ef300000| PB 0x00000000ef300000| Complete 
| 244|0x00000000ef400000, 0x00000000ef500000, 0x00000000ef500000|100%| E|CS|TAMS 0x00000000ef400000| PB 0x00000000ef400000| Complete 
| 245|0x00000000ef500000, 0x00000000ef600000, 0x00000000ef600000|100%| E|CS|TAMS 0x00000000ef500000| PB 0x00000000ef500000| Complete 
| 246|0x00000000ef600000, 0x00000000ef700000, 0x00000000ef700000|100%| E|CS|TAMS 0x00000000ef600000| PB 0x00000000ef600000| Complete 
| 247|0x00000000ef700000, 0x00000000ef800000, 0x00000000ef800000|100%| E|CS|TAMS 0x00000000ef700000| PB 0x00000000ef700000| Complete 
| 248|0x00000000ef800000, 0x00000000ef900000, 0x00000000ef900000|100%| E|CS|TAMS 0x00000000ef800000| PB 0x00000000ef800000| Complete 
| 249|0x00000000ef900000, 0x00000000efa00000, 0x00000000efa00000|100%| E|CS|TAMS 0x00000000ef900000| PB 0x00000000ef900000| Complete 
| 250|0x00000000efa00000, 0x00000000efb00000, 0x00000000efb00000|100%| E|CS|TAMS 0x00000000efa00000| PB 0x00000000efa00000| Complete 
| 251|0x00000000efb00000, 0x00000000efc00000, 0x00000000efc00000|100%| E|CS|TAMS 0x00000000efb00000| PB 0x00000000efb00000| Complete 
| 252|0x00000000efc00000, 0x00000000efd00000, 0x00000000efd00000|100%| E|CS|TAMS 0x00000000efc00000| PB 0x00000000efc00000| Complete 
| 253|0x00000000efd00000, 0x00000000efe00000, 0x00000000efe00000|100%| E|CS|TAMS 0x00000000efd00000| PB 0x00000000efd00000| Complete 
| 254|0x00000000efe00000, 0x00000000eff00000, 0x00000000eff00000|100%| E|CS|TAMS 0x00000000efe00000| PB 0x00000000efe00000| Complete 
| 255|0x00000000eff00000, 0x00000000f0000000, 0x00000000f0000000|100%| E|CS|TAMS 0x00000000eff00000| PB 0x00000000eff00000| Complete 

Card table byte_map: [0x000001d77efb0000,0x000001d77f0b0000] _byte_map_base: 0x000001d77e8b0000

Marking Bits: (CMBitMap*) 0x000001d77e8cbd70
 Bits: [0x000001d77f0b0000, 0x000001d77f8b0000)

Polling page: 0x000001d77e060000

Metaspace:

Usage:
  Non-class:     30.67 MB used.
      Class:      5.14 MB used.
       Both:     35.81 MB used.

Virtual space:
  Non-class space:       64.00 MB reserved,      31.38 MB ( 49%) committed,  1 nodes.
      Class space:      320.00 MB reserved,       5.81 MB (  2%) committed,  1 nodes.
             Both:      384.00 MB reserved,      37.19 MB ( 10%) committed. 

Chunk freelists:
   Non-Class:  640.00 KB
       Class:  10.13 MB
        Both:  10.76 MB

MaxMetaspaceSize: 384.00 MB
CompressedClassSpaceSize: 320.00 MB
Initial GC threshold: 21.00 MB
Current GC threshold: 59.69 MB
CDS: on
 - commit_granule_bytes: 65536.
 - commit_granule_words: 8192.
 - virtual_space_node_default_size: 8388608.
 - enlarge_chunks_in_place: 1.
 - use_allocation_guard: 0.


Internal statistics:

num_allocs_failed_limit: 12.
num_arena_births: 2426.
num_arena_deaths: 0.
num_vsnodes_births: 2.
num_vsnodes_deaths: 0.
num_space_committed: 595.
num_space_uncommitted: 0.
num_chunks_returned_to_freelist: 12.
num_chunks_taken_from_freelist: 4142.
num_chunk_merges: 6.
num_chunk_splits: 2709.
num_chunks_enlarged: 1675.
num_inconsistent_stats: 0.

CodeHeap 'non-profiled nmethods': size=120000Kb used=2194Kb max_used=2227Kb free=117806Kb
 bounds [0x000001d70ac10000, 0x000001d70ae80000, 0x000001d712140000]
CodeHeap 'profiled nmethods': size=120000Kb used=7480Kb max_used=8147Kb free=112519Kb
 bounds [0x000001d703140000, 0x000001d703940000, 0x000001d70a670000]
CodeHeap 'non-nmethods': size=5760Kb used=1818Kb max_used=1862Kb free=3942Kb
 bounds [0x000001d70a670000, 0x000001d70a8e0000, 0x000001d70ac10000]
CodeCache: size=245760Kb, used=11492Kb, max_used=12236Kb, free=234267Kb
 total_blobs=4714, nmethods=4022, adapters=596, full_count=0
Compilation: enabled, stopped_count=0, restarted_count=0

Compilation events (20 events):
Event: 227.141 Thread 0x000001d7147aeba0 nmethod 4484 0x000001d70ac92310 code [0x000001d70ac92560, 0x000001d70ac92fc8]
Event: 228.381 Thread 0x000001d7147aeba0 4485       4       java.util.Collection::stream (11 bytes)
Event: 228.387 Thread 0x000001d7147aeba0 nmethod 4485 0x000001d70ac91c10 code [0x000001d70ac91dc0, 0x000001d70ac92138]
Event: 234.920 Thread 0x000001d7147c3670 4486       3       java.util.stream.FindOps::makeRef (14 bytes)
Event: 234.920 Thread 0x000001d7147c3670 nmethod 4486 0x000001d70326a710 code [0x000001d70326a8c0, 0x000001d70326aa28]
Event: 234.920 Thread 0x000001d7147c3670 4487       3       java.util.stream.FindOps$FindOp::evaluateSequential (39 bytes)
Event: 234.921 Thread 0x000001d7147c3670 nmethod 4487 0x000001d7034a2d90 code [0x000001d7034a2f80, 0x000001d7034a3588]
Event: 234.921 Thread 0x000001d7147c3670 4488       3       java.util.stream.FindOps$FindSink$OfRef::get (5 bytes)
Event: 234.922 Thread 0x000001d7147c3670 nmethod 4488 0x000001d7034a2510 code [0x000001d7034a2700, 0x000001d7034a2c08]
Event: 237.298 Thread 0x000001d7147aeba0 4489       4       org.gradle.internal.serialize.InputStreamBackedDecoder::readBytes (11 bytes)
Event: 237.301 Thread 0x000001d7147aeba0 nmethod 4489 0x000001d70ac91490 code [0x000001d70ac91620, 0x000001d70ac917f8]
Event: 239.794 Thread 0x000001d7147c3670 4491       3       java.lang.ThreadLocal::remove (8 bytes)
Event: 239.796 Thread 0x000001d7147c3670 nmethod 4491 0x000001d70343ca90 code [0x000001d70343cc60, 0x000001d70343cf28]
Event: 239.796 Thread 0x000001d7147c3670 4492       3       java.lang.ThreadLocal::remove (16 bytes)
Event: 239.796 Thread 0x000001d7147c3670 nmethod 4492 0x000001d703205390 code [0x000001d703205560, 0x000001d7032057b0]
Event: 242.789 Thread 0x000001d7147c3670 4493       3       java.util.stream.Sink$ChainedReference::begin (11 bytes)
Event: 242.789 Thread 0x000001d7147c3670 nmethod 4493 0x000001d703204f10 code [0x000001d7032050c0, 0x000001d703205298]
Event: 242.864 Thread 0x000001d7147aeba0 4494       4       java.util.concurrent.locks.AbstractQueuedSynchronizer$ConditionObject::awaitNanos (202 bytes)
Event: 242.927 Thread 0x000001d7147aeba0 nmethod 4494 0x000001d70ace7310 code [0x000001d70ace7620, 0x000001d70ace8b48]
Event: 246.147 Thread 0x000001d7147aeba0 4495   !   4       java.util.concurrent.LinkedBlockingQueue::poll (128 bytes)

GC Heap History (14 events):
Event: 17.191 GC heap before
{Heap before GC invocations=0 (full 0):
 garbage-first heap   total 262144K, used 27648K [0x00000000e0000000, 0x0000000100000000)
  region size 1024K, 23 young (23552K), 0 survivors (0K)
 Metaspace       used 2907K, committed 3072K, reserved 393216K
  class space    used 344K, committed 384K, reserved 327680K
}
Event: 17.255 GC heap after
{Heap after GC invocations=1 (full 0):
 garbage-first heap   total 262144K, used 11126K [0x00000000e0000000, 0x0000000100000000)
  region size 1024K, 3 young (3072K), 3 survivors (3072K)
 Metaspace       used 2907K, committed 3072K, reserved 393216K
  class space    used 344K, committed 384K, reserved 327680K
}
Event: 39.507 GC heap before
{Heap before GC invocations=1 (full 0):
 garbage-first heap   total 262144K, used 40822K [0x00000000e0000000, 0x0000000100000000)
  region size 1024K, 31 young (31744K), 3 survivors (3072K)
 Metaspace       used 4682K, committed 4864K, reserved 393216K
  class space    used 595K, committed 704K, reserved 327680K
}
Event: 39.511 GC heap after
{Heap after GC invocations=2 (full 0):
 garbage-first heap   total 262144K, used 14921K [0x00000000e0000000, 0x0000000100000000)
  region size 1024K, 3 young (3072K), 3 survivors (3072K)
 Metaspace       used 4682K, committed 4864K, reserved 393216K
  class space    used 595K, committed 704K, reserved 327680K
}
Event: 76.765 GC heap before
{Heap before GC invocations=2 (full 0):
 garbage-first heap   total 262144K, used 89673K [0x00000000e0000000, 0x0000000100000000)
  region size 1024K, 77 young (78848K), 3 survivors (3072K)
 Metaspace       used 16081K, committed 16512K, reserved 393216K
  class space    used 2185K, committed 2368K, reserved 327680K
}
Event: 76.781 GC heap after
{Heap after GC invocations=3 (full 0):
 garbage-first heap   total 262144K, used 22219K [0x00000000e0000000, 0x0000000100000000)
  region size 1024K, 10 young (10240K), 10 survivors (10240K)
 Metaspace       used 16081K, committed 16512K, reserved 393216K
  class space    used 2185K, committed 2368K, reserved 327680K
}
Event: 82.101 GC heap before
{Heap before GC invocations=3 (full 0):
 garbage-first heap   total 262144K, used 56011K [0x00000000e0000000, 0x0000000100000000)
  region size 1024K, 44 young (45056K), 10 survivors (10240K)
 Metaspace       used 20829K, committed 21504K, reserved 393216K
  class space    used 2974K, committed 3328K, reserved 327680K
}
Event: 82.110 GC heap after
{Heap after GC invocations=4 (full 0):
 garbage-first heap   total 262144K, used 24939K [0x00000000e0000000, 0x0000000100000000)
  region size 1024K, 3 young (3072K), 3 survivors (3072K)
 Metaspace       used 20829K, committed 21504K, reserved 393216K
  class space    used 2974K, committed 3328K, reserved 327680K
}
Event: 100.618 GC heap before
{Heap before GC invocations=5 (full 0):
 garbage-first heap   total 262144K, used 126315K [0x00000000e0000000, 0x0000000100000000)
  region size 1024K, 102 young (104448K), 3 survivors (3072K)
 Metaspace       used 34565K, committed 35968K, reserved 393216K
  class space    used 4962K, committed 5696K, reserved 327680K
}
Event: 100.626 GC heap after
{Heap after GC invocations=6 (full 0):
 garbage-first heap   total 262144K, used 30065K [0x00000000e0000000, 0x0000000100000000)
  region size 1024K, 8 young (8192K), 8 survivors (8192K)
 Metaspace       used 34565K, committed 35968K, reserved 393216K
  class space    used 4962K, committed 5696K, reserved 327680K
}
Event: 100.750 GC heap before
{Heap before GC invocations=6 (full 0):
 garbage-first heap   total 262144K, used 31089K [0x00000000e0000000, 0x0000000100000000)
  region size 1024K, 10 young (10240K), 8 survivors (8192K)
 Metaspace       used 34925K, committed 36288K, reserved 393216K
  class space    used 4989K, committed 5696K, reserved 327680K
}
Event: 100.756 GC heap after
{Heap after GC invocations=7 (full 0):
 garbage-first heap   total 262144K, used 30391K [0x00000000e0000000, 0x0000000100000000)
  region size 1024K, 9 young (9216K), 9 survivors (9216K)
 Metaspace       used 34925K, committed 36288K, reserved 393216K
  class space    used 4989K, committed 5696K, reserved 327680K
}
Event: 100.901 GC heap before
{Heap before GC invocations=7 (full 0):
 garbage-first heap   total 262144K, used 32439K [0x00000000e0000000, 0x0000000100000000)
  region size 1024K, 12 young (12288K), 9 survivors (9216K)
 Metaspace       used 35304K, committed 36608K, reserved 393216K
  class space    used 5038K, committed 5696K, reserved 327680K
}
Event: 100.907 GC heap after
{Heap after GC invocations=8 (full 0):
 garbage-first heap   total 262144K, used 31725K [0x00000000e0000000, 0x0000000100000000)
  region size 1024K, 10 young (10240K), 10 survivors (10240K)
 Metaspace       used 35304K, committed 36608K, reserved 393216K
  class space    used 5038K, committed 5696K, reserved 327680K
}

Dll operation events (20 events):
Event: 1.561 Attempting to load shared library C:\Users\pjoo6\.vscode\extensions\redhat.java-1.56.0-win32-x64\jre\21.0.12.1-win32-x86_64\bin\nio.dll
Event: 1.572 Loaded shared library C:\Users\pjoo6\.vscode\extensions\redhat.java-1.56.0-win32-x64\jre\21.0.12.1-win32-x86_64\bin\nio.dll
Event: 2.151 Attempting to load shared library C:\Users\pjoo6\.vscode\extensions\redhat.java-1.56.0-win32-x64\jre\21.0.12.1-win32-x86_64\bin\zip.dll
Event: 2.151 Loaded shared library C:\Users\pjoo6\.vscode\extensions\redhat.java-1.56.0-win32-x64\jre\21.0.12.1-win32-x86_64\bin\zip.dll
Event: 9.819 Attempting to load shared library C:\Users\pjoo6\.vscode\extensions\redhat.java-1.56.0-win32-x64\jre\21.0.12.1-win32-x86_64\bin\jimage.dll
Event: 9.819 Loaded shared library C:\Users\pjoo6\.vscode\extensions\redhat.java-1.56.0-win32-x64\jre\21.0.12.1-win32-x86_64\bin\jimage.dll
Event: 15.933 Attempting to load shared library C:\Users\pjoo6\.vscode\extensions\redhat.java-1.56.0-win32-x64\jre\21.0.12.1-win32-x86_64\bin\verify.dll
Event: 15.952 Loaded shared library C:\Users\pjoo6\.vscode\extensions\redhat.java-1.56.0-win32-x64\jre\21.0.12.1-win32-x86_64\bin\verify.dll
Event: 16.561 Attempting to load shared library C:\Users\pjoo6\.gradle\native\660c5614fbf4a5f2a75b1949f50a0caf5cd603558e7d8a26e50b933a0cfb79d1\windows-amd64\native-platform.dll
Event: 16.579 Loaded shared library C:\Users\pjoo6\.gradle\native\660c5614fbf4a5f2a75b1949f50a0caf5cd603558e7d8a26e50b933a0cfb79d1\windows-amd64\native-platform.dll
Event: 16.955 Attempting to load shared library C:\Users\pjoo6\.gradle\native\0.2.8\x86_64-windows-gnu\gradle-fileevents.dll
Event: 16.969 Loaded shared library C:\Users\pjoo6\.gradle\native\0.2.8\x86_64-windows-gnu\gradle-fileevents.dll
Event: 51.262 Attempting to load shared library C:\Users\pjoo6\.vscode\extensions\redhat.java-1.56.0-win32-x64\jre\21.0.12.1-win32-x86_64\bin\management.dll
Event: 51.294 Loaded shared library C:\Users\pjoo6\.vscode\extensions\redhat.java-1.56.0-win32-x64\jre\21.0.12.1-win32-x86_64\bin\management.dll
Event: 51.512 Attempting to load shared library C:\Users\pjoo6\.vscode\extensions\redhat.java-1.56.0-win32-x64\jre\21.0.12.1-win32-x86_64\bin\management_ext.dll
Event: 51.535 Loaded shared library C:\Users\pjoo6\.vscode\extensions\redhat.java-1.56.0-win32-x64\jre\21.0.12.1-win32-x86_64\bin\management_ext.dll
Event: 63.221 Attempting to load shared library C:\Users\pjoo6\.vscode\extensions\redhat.java-1.56.0-win32-x64\jre\21.0.12.1-win32-x86_64\bin\extnet.dll
Event: 63.255 Loaded shared library C:\Users\pjoo6\.vscode\extensions\redhat.java-1.56.0-win32-x64\jre\21.0.12.1-win32-x86_64\bin\extnet.dll
Event: 69.076 Attempting to load shared library C:\Users\pjoo6\.vscode\extensions\redhat.java-1.56.0-win32-x64\jre\21.0.12.1-win32-x86_64\bin\sunmscapi.dll
Event: 69.172 Loaded shared library C:\Users\pjoo6\.vscode\extensions\redhat.java-1.56.0-win32-x64\jre\21.0.12.1-win32-x86_64\bin\sunmscapi.dll

Deoptimization events (20 events):
Event: 102.010 Thread 0x000001d72eada9d0 DEOPT PACKING pc=0x000001d70ae290ec sp=0x00000017fdafe0f0
Event: 102.010 Thread 0x000001d72eada9d0 DEOPT UNPACKING pc=0x000001d70a6c4422 sp=0x00000017fdafe0a8 mode 2
Event: 147.905 Thread 0x000001d72fc292e0 DEOPT PACKING pc=0x000001d70329c3b9 sp=0x00000017fcbfe500
Event: 147.905 Thread 0x000001d72fc292e0 DEOPT UNPACKING pc=0x000001d70a6c4bc2 sp=0x00000017fcbfda00 mode 0
Event: 186.921 Thread 0x000001d72f8a6de0 Uncommon trap: trap_request=0xffffffbe fr.pc=0x000001d70ac9b12c relative=0x000000000000024c
Event: 186.921 Thread 0x000001d72f8a6de0 Uncommon trap: reason=profile_predicate action=maybe_recompile pc=0x000001d70ac9b12c method=java.util.stream.ReferencePipeline.forEachWithCancel(Ljava/util/Spliterator;Ljava/util/stream/Sink;)Z @ 8 c2
Event: 186.921 Thread 0x000001d72f8a6de0 DEOPT PACKING pc=0x000001d70ac9b12c sp=0x00000017fcafe810
Event: 186.921 Thread 0x000001d72f8a6de0 DEOPT UNPACKING pc=0x000001d70a6c4422 sp=0x00000017fcafe7b0 mode 2
Event: 187.903 Thread 0x000001d72f8a6de0 Uncommon trap: trap_request=0xffffffbe fr.pc=0x000001d70ac9b12c relative=0x000000000000024c
Event: 187.903 Thread 0x000001d72f8a6de0 Uncommon trap: reason=profile_predicate action=maybe_recompile pc=0x000001d70ac9b12c method=java.util.stream.ReferencePipeline.forEachWithCancel(Ljava/util/Spliterator;Ljava/util/stream/Sink;)Z @ 8 c2
Event: 187.904 Thread 0x000001d72f8a6de0 DEOPT PACKING pc=0x000001d70ac9b12c sp=0x00000017fcafe810
Event: 188.147 Thread 0x000001d72f8a6de0 DEOPT UNPACKING pc=0x000001d70a6c4422 sp=0x00000017fcafe7b0 mode 2
Event: 188.919 Thread 0x000001d72f8a6de0 Uncommon trap: trap_request=0xffffffbe fr.pc=0x000001d70ac9b12c relative=0x000000000000024c
Event: 188.919 Thread 0x000001d72f8a6de0 Uncommon trap: reason=profile_predicate action=maybe_recompile pc=0x000001d70ac9b12c method=java.util.stream.ReferencePipeline.forEachWithCancel(Ljava/util/Spliterator;Ljava/util/stream/Sink;)Z @ 8 c2
Event: 188.941 Thread 0x000001d72f8a6de0 DEOPT PACKING pc=0x000001d70ac9b12c sp=0x00000017fcafe810
Event: 188.942 Thread 0x000001d72f8a6de0 DEOPT UNPACKING pc=0x000001d70a6c4422 sp=0x00000017fcafe7b0 mode 2
Event: 189.942 Thread 0x000001d72f8a6de0 Uncommon trap: trap_request=0xffffffbe fr.pc=0x000001d70ac9b12c relative=0x000000000000024c
Event: 189.942 Thread 0x000001d72f8a6de0 Uncommon trap: reason=profile_predicate action=maybe_recompile pc=0x000001d70ac9b12c method=java.util.stream.ReferencePipeline.forEachWithCancel(Ljava/util/Spliterator;Ljava/util/stream/Sink;)Z @ 8 c2
Event: 189.942 Thread 0x000001d72f8a6de0 DEOPT PACKING pc=0x000001d70ac9b12c sp=0x00000017fcafe810
Event: 189.942 Thread 0x000001d72f8a6de0 DEOPT UNPACKING pc=0x000001d70a6c4422 sp=0x00000017fcafe7b0 mode 2

Classes loaded (20 events):
Event: 101.164 Loading class java/io/StringReader
Event: 101.164 Loading class java/io/StringReader done
Event: 101.174 Loading class java/math/MutableBigInteger
Event: 101.174 Loading class java/math/MutableBigInteger done
Event: 101.614 Loading class java/nio/file/FileTreeWalker
Event: 101.614 Loading class java/nio/file/FileTreeWalker done
Event: 101.628 Loading class java/nio/file/FileTreeWalker$DirectoryNode
Event: 101.628 Loading class java/nio/file/FileTreeWalker$DirectoryNode done
Event: 101.628 Loading class java/nio/file/FileTreeWalker$Event
Event: 101.628 Loading class java/nio/file/FileTreeWalker$Event done
Event: 101.628 Loading class java/nio/file/FileTreeWalker$EventType
Event: 101.628 Loading class java/nio/file/FileTreeWalker$EventType done
Event: 101.629 Loading class java/nio/file/Files$3
Event: 101.629 Loading class java/nio/file/Files$3 done
Event: 101.630 Loading class java/nio/file/FileVisitResult
Event: 101.630 Loading class java/nio/file/FileVisitResult done
Event: 101.888 Loading class java/nio/charset/CharacterCodingException
Event: 101.888 Loading class java/nio/charset/CharacterCodingException done
Event: 102.123 Loading class java/util/stream/Streams$RangeIntSpliterator
Event: 102.123 Loading class java/util/stream/Streams$RangeIntSpliterator done

Classes unloaded (0 events):
No events

Classes redefined (0 events):
No events

Internal exceptions (20 events):
Event: 100.926 Thread 0x000001d72eada340 Exception <a 'java/lang/IncompatibleClassChangeError'{0x00000000eff02d18}: Found class java.lang.Object, but interface was expected> (0x00000000eff02d18) 
thrown [s\src\hotspot\share\interpreter\linkResolver.cpp, line 840]
Event: 100.954 Thread 0x000001d72eada340 Exception <a 'java/lang/ClassNotFoundException'{0x00000000eff22070}: groovy/lang/MetaClassImplCustomizer> (0x00000000eff22070) 
thrown [s\src\hotspot\share\classfile\systemDictionary.cpp, line 313]
Event: 100.960 Thread 0x000001d72eada340 Exception <a 'java/lang/ClassNotFoundException'{0x00000000eff4dad0}: groovy/lang/ExpandoMetaClassCustomizer> (0x00000000eff4dad0) 
thrown [s\src\hotspot\share\classfile\systemDictionary.cpp, line 313]
Event: 100.984 Thread 0x000001d72eada340 Exception <a 'java/lang/ClassNotFoundException'{0x00000000efe59b10}: org/gradle/internal/extensibility/DefaultExtraPropertiesExtensionBeanInfo> (0x00000000efe59b10) 
thrown [s\src\hotspot\share\classfile\systemDictionary.cpp, line 313]
Event: 100.984 Thread 0x000001d72eada340 Exception <a 'java/lang/ClassNotFoundException'{0x00000000efe62a78}: groovy/lang/GroovyObjectSupportBeanInfo> (0x00000000efe62a78) 
thrown [s\src\hotspot\share\classfile\systemDictionary.cpp, line 313]
Event: 100.985 Thread 0x000001d72eada340 Exception <a 'java/lang/ClassNotFoundException'{0x00000000efe6b9e8}: groovy/lang/GroovyObjectSupportCustomizer> (0x00000000efe6b9e8) 
thrown [s\src\hotspot\share\classfile\systemDictionary.cpp, line 313]
Event: 100.994 Thread 0x000001d72eada340 Exception <a 'java/lang/ClassNotFoundException'{0x00000000efe86ad8}: org/gradle/internal/extensibility/DefaultExtraPropertiesExtensionCustomizer> (0x00000000efe86ad8) 
thrown [s\src\hotspot\share\classfile\systemDictionary.cpp, line 313]
Event: 101.001 Thread 0x000001d72eada340 Exception <a 'java/lang/IncompatibleClassChangeError'{0x00000000efea2ab8}: Found class java.lang.Object, but interface was expected> (0x00000000efea2ab8) 
thrown [s\src\hotspot\share\interpreter\linkResolver.cpp, line 840]
Event: 101.043 Thread 0x000001d72eada340 Exception <a 'sun/nio/fs/WindowsException'{0x00000000efd2bc28}> (0x00000000efd2bc28) 
thrown [s\src\hotspot\share\prims\jni.cpp, line 520]
Event: 101.078 Thread 0x000001d72eada340 Exception <a 'sun/nio/fs/WindowsException'{0x00000000efd2dc30}> (0x00000000efd2dc30) 
thrown [s\src\hotspot\share\prims\jni.cpp, line 520]
Event: 101.105 Thread 0x000001d72eada340 Exception <a 'sun/nio/fs/WindowsException'{0x00000000efd2f3b0}> (0x00000000efd2f3b0) 
thrown [s\src\hotspot\share\prims\jni.cpp, line 520]
Event: 101.129 Thread 0x000001d72eada340 Exception <a 'sun/nio/fs/WindowsException'{0x00000000efd30b40}> (0x00000000efd30b40) 
thrown [s\src\hotspot\share\prims\jni.cpp, line 520]
Event: 101.215 Thread 0x000001d72eada340 Exception <a 'java/lang/IncompatibleClassChangeError'{0x00000000efcaa590}: Found class java.lang.Object, but interface was expected> (0x00000000efcaa590) 
thrown [s\src\hotspot\share\interpreter\linkResolver.cpp, line 840]
Event: 101.592 Thread 0x000001d72eada340 Exception <a 'java/lang/NoSuchMethodError'{0x00000000efb569a8}: 'java.lang.Object java.lang.invoke.DirectMethodHandle$Holder.invokeSpecial(java.lang.Object, java.lang.Object, long, java.lang.Object)'> (0x00000000efb569a8) 
thrown [s\src\hotspot\share\interpreter\linkResolver.cpp, line 773]
Event: 101.593 Thread 0x000001d72eada340 Exception <a 'java/lang/NoSuchMethodError'{0x00000000efb5deb0}: 'java.lang.Object java.lang.invoke.DirectMethodHandle$Holder.newInvokeSpecial(java.lang.Object, java.lang.Object, long)'> (0x00000000efb5deb0) 
thrown [s\src\hotspot\share\interpreter\linkResolver.cpp, line 773]
Event: 101.595 Thread 0x000001d72eada340 Exception <a 'java/lang/NoSuchMethodError'{0x00000000efb62498}: 'java.lang.Object java.lang.invoke.Invokers$Holder.linkToTargetMethod(java.lang.Object, long, java.lang.Object)'> (0x00000000efb62498) 
thrown [s\src\hotspot\share\interpreter\linkResolver.cpp, line 773]
Event: 101.871 Thread 0x000001d72ead8270 Implicit null exception at 0x000001d70ad57a4f to 0x000001d70ad57dcc
Event: 102.043 Thread 0x000001d72eada340 Exception <a 'java/lang/NoSuchMethodError'{0x00000000ef86b730}: 'int java.lang.invoke.DirectMethodHandle$Holder.invokeSpecial(java.lang.Object, java.lang.Object, java.lang.Object, java.lang.Object)'> (0x00000000ef86b730) 
thrown [s\src\hotspot\share\interpreter\linkResolver.cpp, line 773]
Event: 102.049 Thread 0x000001d72eada340 Exception <a 'java/lang/NoSuchMethodError'{0x00000000ef88d588}: 'int java.lang.invoke.DirectMethodHandle$Holder.invokeInterface(java.lang.Object, java.lang.Object)'> (0x00000000ef88d588) 
thrown [s\src\hotspot\share\interpreter\linkResolver.cpp, line 773]
Event: 102.107 Thread 0x000001d72eada340 Exception <a 'java/lang/NoSuchMethodError'{0x00000000ef707310}: 'java.lang.Object java.lang.invoke.DirectMethodHandle$Holder.invokeVirtual(java.lang.Object, java.lang.Object, int)'> (0x00000000ef707310) 
thrown [s\src\hotspot\share\interpreter\linkResolver.cpp, line 773]

ZGC Phase Switch (0 events):
No events

VM Operations (20 events):
Event: 191.281 Executing safepoint VM operation: Cleanup
Event: 191.464 Executing safepoint VM operation: Cleanup done
Event: 192.472 Executing safepoint VM operation: Cleanup
Event: 192.472 Executing safepoint VM operation: Cleanup done
Event: 205.576 Executing safepoint VM operation: Cleanup
Event: 205.576 Executing safepoint VM operation: Cleanup done
Event: 217.671 Executing safepoint VM operation: Cleanup
Event: 217.672 Executing safepoint VM operation: Cleanup done
Event: 221.689 Executing safepoint VM operation: Cleanup
Event: 221.689 Executing safepoint VM operation: Cleanup done
Event: 225.728 Executing safepoint VM operation: Cleanup
Event: 225.728 Executing safepoint VM operation: Cleanup done
Event: 227.744 Executing safepoint VM operation: Cleanup
Event: 228.379 Executing safepoint VM operation: Cleanup done
Event: 229.392 Executing safepoint VM operation: Cleanup
Event: 229.392 Executing safepoint VM operation: Cleanup done
Event: 236.458 Executing safepoint VM operation: Cleanup
Event: 236.458 Executing safepoint VM operation: Cleanup done
Event: 237.466 Executing safepoint VM operation: Cleanup
Event: 237.466 Executing safepoint VM operation: Cleanup done

Memory protections (0 events):
No events

Nmethod flushes (20 events):
Event: 100.924 Thread 0x000001d714783470 flushing  nmethod 0x000001d70345f210
Event: 100.924 Thread 0x000001d714783470 flushing  nmethod 0x000001d703462290
Event: 100.924 Thread 0x000001d714783470 flushing  nmethod 0x000001d703463d10
Event: 100.924 Thread 0x000001d714783470 flushing  nmethod 0x000001d7034a0c90
Event: 100.924 Thread 0x000001d714783470 flushing  nmethod 0x000001d7034a2110
Event: 100.924 Thread 0x000001d714783470 flushing  nmethod 0x000001d7034a2a90
Event: 100.924 Thread 0x000001d714783470 flushing  nmethod 0x000001d7034a5f10
Event: 100.924 Thread 0x000001d714783470 flushing  nmethod 0x000001d7034a6910
Event: 100.924 Thread 0x000001d714783470 flushing  nmethod 0x000001d7034a8310
Event: 100.924 Thread 0x000001d714783470 flushing  nmethod 0x000001d7034cc910
Event: 100.924 Thread 0x000001d714783470 flushing  nmethod 0x000001d7035aac90
Event: 100.924 Thread 0x000001d714783470 flushing  nmethod 0x000001d70341b210
Event: 100.924 Thread 0x000001d714783470 flushing  nmethod 0x000001d703465b10
Event: 100.924 Thread 0x000001d714783470 flushing  nmethod 0x000001d703466890
Event: 100.924 Thread 0x000001d714783470 flushing  nmethod 0x000001d703469e10
Event: 100.924 Thread 0x000001d714783470 flushing  nmethod 0x000001d7034f5190
Event: 100.924 Thread 0x000001d714783470 flushing  nmethod 0x000001d7034f5690
Event: 100.924 Thread 0x000001d714783470 flushing  nmethod 0x000001d7034f8010
Event: 100.924 Thread 0x000001d714783470 flushing  nmethod 0x000001d7034ffa90
Event: 100.924 Thread 0x000001d714783470 flushing  nmethod 0x000001d703502390

Events (20 events):
Event: 71.980 Thread 0x000001d72fa755c0 Thread added: 0x000001d72eada340
Event: 72.109 Thread 0x000001d72eada340 Thread added: 0x000001d72eadb060
Event: 72.121 Thread 0x000001d72eada340 Thread added: 0x000001d72ead8900
Event: 72.147 Thread 0x000001d72eada340 Thread added: 0x000001d72ead7be0
Event: 72.244 Thread 0x000001d72fe46360 Thread exited: 0x000001d72fe46360
Event: 73.682 Thread 0x000001d72eada340 Thread added: 0x000001d72ead8270
Event: 74.060 Thread 0x000001d72eada340 Thread added: 0x000001d72ead8f90
Event: 74.139 Thread 0x000001d7147c3670 Thread added: 0x000001d731d7ff00
Event: 74.613 Thread 0x000001d72ead8f90 Thread added: 0x000001d72ead9620
Event: 74.617 Thread 0x000001d731d7ff00 Thread exited: 0x000001d731d7ff00
Event: 76.782 Thread 0x000001d72eada340 Thread added: 0x000001d72eada9d0
Event: 86.519 Thread 0x000001d72eada340 Thread added: 0x000001d72f871d70
Event: 87.122 Thread 0x000001d72eada340 Thread added: 0x000001d72f873120
Event: 91.043 Thread 0x000001d72eada340 Thread added: 0x000001d72f873e40
Event: 91.155 Thread 0x000001d72eada340 Thread added: 0x000001d72f872a90
Event: 96.159 Thread 0x000001d72eada340 Thread added: 0x000001d72f8744d0
Event: 97.490 Thread 0x000001d72eada340 Thread added: 0x000001d72f871050
Event: 98.978 Thread 0x000001d72eada340 Thread added: 0x000001d72f877950
Event: 99.430 Thread 0x000001d72eada340 Thread added: 0x000001d72f8772c0
Event: 164.459 Thread 0x000001d72ead9620 Thread exited: 0x000001d72ead9620


Dynamic libraries:
0x00007ff709ab0000 - 0x00007ff709abe000 	C:\Users\pjoo6\.vscode\extensions\redhat.java-1.56.0-win32-x64\jre\21.0.12.1-win32-x86_64\bin\java.exe
0x00007fffcca80000 - 0x00007fffccce7000 	C:\WINDOWS\SYSTEM32\ntdll.dll
0x00007fffcb0b0000 - 0x00007fffcb17b000 	C:\WINDOWS\System32\KERNEL32.DLL
0x00007fffca0e0000 - 0x00007fffca4e2000 	C:\WINDOWS\System32\KERNELBASE.dll
0x00007fffca640000 - 0x00007fffca78c000 	C:\WINDOWS\System32\ucrtbase.dll
0x00007fff060d0000 - 0x00007fff060e8000 	C:\Users\pjoo6\.vscode\extensions\redhat.java-1.56.0-win32-x64\jre\21.0.12.1-win32-x86_64\bin\jli.dll
0x00007fffcaa20000 - 0x00007fffcabef000 	C:\WINDOWS\System32\USER32.dll
0x00007fffc9c80000 - 0x00007fffc9ca7000 	C:\WINDOWS\System32\win32u.dll
0x00007fffcb070000 - 0x00007fffcb09b000 	C:\WINDOWS\System32\GDI32.dll
0x00007fffc9fb0000 - 0x00007fffca0d9000 	C:\WINDOWS\System32\gdi32full.dll
0x00007fffc9f00000 - 0x00007fffc9fa3000 	C:\WINDOWS\System32\msvcp_win.dll
0x00007fffa2510000 - 0x00007fffa27a0000 	C:\WINDOWS\WinSxS\amd64_microsoft.windows.common-controls_6595b64144ccf1df_6.0.26100.9278_none_3e0d1ba8e3303201\COMCTL32.dll
0x00007fffcc990000 - 0x00007fffcca39000 	C:\WINDOWS\System32\msvcrt.dll
0x00007fff457e0000 - 0x00007fff457fe000 	C:\Users\pjoo6\.vscode\extensions\redhat.java-1.56.0-win32-x64\jre\21.0.12.1-win32-x86_64\bin\VCRUNTIME140.dll
0x00007fffca900000 - 0x00007fffca931000 	C:\WINDOWS\System32\IMM32.DLL
0x00007fff248c0000 - 0x00007fff248cc000 	C:\Users\pjoo6\.vscode\extensions\redhat.java-1.56.0-win32-x64\jre\21.0.12.1-win32-x86_64\bin\vcruntime140_1.dll
0x00007ffefef50000 - 0x00007ffefefdd000 	C:\Users\pjoo6\.vscode\extensions\redhat.java-1.56.0-win32-x64\jre\21.0.12.1-win32-x86_64\bin\msvcp140.dll
0x00007ffef7dd0000 - 0x00007ffef8b72000 	C:\Users\pjoo6\.vscode\extensions\redhat.java-1.56.0-win32-x64\jre\21.0.12.1-win32-x86_64\bin\server\jvm.dll
0x00007fffcadb0000 - 0x00007fffcae6c000 	C:\WINDOWS\System32\ADVAPI32.dll
0x00007fffcb990000 - 0x00007fffcba39000 	C:\WINDOWS\System32\sechost.dll
0x00007fffcac90000 - 0x00007fffcada8000 	C:\WINDOWS\System32\RPCRT4.dll
0x00007fffcac00000 - 0x00007fffcac80000 	C:\WINDOWS\System32\WS2_32.dll
0x00007fffc9ae0000 - 0x00007fffc9b3e000 	C:\WINDOWS\SYSTEM32\POWRPROF.dll
0x00007fffc0760000 - 0x00007fffc0796000 	C:\WINDOWS\SYSTEM32\WINMM.dll
0x00007fffb4f60000 - 0x00007fffb4f6b000 	C:\WINDOWS\SYSTEM32\VERSION.dll
0x00007fffc9ac0000 - 0x00007fffc9ad5000 	C:\WINDOWS\SYSTEM32\UMPDC.dll
0x00007fffc8930000 - 0x00007fffc894b000 	C:\WINDOWS\SYSTEM32\kernel.appcore.dll
0x00007fff24170000 - 0x00007fff2417a000 	C:\Users\pjoo6\.vscode\extensions\redhat.java-1.56.0-win32-x64\jre\21.0.12.1-win32-x86_64\bin\jimage.dll
0x00007fffc71b0000 - 0x00007fffc73fc000 	C:\WINDOWS\SYSTEM32\DBGHELP.DLL
0x00007fffcc600000 - 0x00007fffcc985000 	C:\WINDOWS\System32\combase.dll
0x00007fffca940000 - 0x00007fffcaa19000 	C:\WINDOWS\System32\OLEAUT32.dll
0x00007fffa1b70000 - 0x00007fffa1bab000 	C:\WINDOWS\SYSTEM32\dbgcore.DLL
0x00007fffca580000 - 0x00007fffca62c000 	C:\WINDOWS\System32\bcryptPrimitives.dll
0x00007fff053c0000 - 0x00007fff053cf000 	C:\Users\pjoo6\.vscode\extensions\redhat.java-1.56.0-win32-x64\jre\21.0.12.1-win32-x86_64\bin\instrument.dll
0x00007fff053d0000 - 0x00007fff053f0000 	C:\Users\pjoo6\.vscode\extensions\redhat.java-1.56.0-win32-x64\jre\21.0.12.1-win32-x86_64\bin\java.dll
0x00007fffcbe60000 - 0x00007fffcc5f8000 	C:\WINDOWS\System32\SHELL32.dll
0x00007fffc76a0000 - 0x00007fffc7f4e000 	C:\WINDOWS\SYSTEM32\windows.storage.dll
0x00007fffcb230000 - 0x00007fffcb32b000 	C:\WINDOWS\System32\SHCORE.dll
0x00007fffca830000 - 0x00007fffca896000 	C:\WINDOWS\System32\shlwapi.dll
0x00007fffc9ba0000 - 0x00007fffc9bc9000 	C:\WINDOWS\SYSTEM32\profapi.dll
0x00007ffefef30000 - 0x00007ffefef48000 	C:\Users\pjoo6\.vscode\extensions\redhat.java-1.56.0-win32-x64\jre\21.0.12.1-win32-x86_64\bin\zip.dll
0x00007fff0bfc0000 - 0x00007fff0bfd0000 	C:\Users\pjoo6\.vscode\extensions\redhat.java-1.56.0-win32-x64\jre\21.0.12.1-win32-x86_64\bin\net.dll
0x00007fffc0570000 - 0x00007fffc069a000 	C:\WINDOWS\SYSTEM32\WINHTTP.dll
0x00007fffc8f10000 - 0x00007fffc8f7c000 	C:\WINDOWS\system32\mswsock.dll
0x00007ffef7d30000 - 0x00007ffef7d46000 	C:\Users\pjoo6\.vscode\extensions\redhat.java-1.56.0-win32-x64\jre\21.0.12.1-win32-x86_64\bin\nio.dll
0x00007ffefef20000 - 0x00007ffefef30000 	C:\Users\pjoo6\.vscode\extensions\redhat.java-1.56.0-win32-x64\jre\21.0.12.1-win32-x86_64\bin\verify.dll
0x00007fff08fc0000 - 0x00007fff08fe7000 	C:\Users\pjoo6\.gradle\native\660c5614fbf4a5f2a75b1949f50a0caf5cd603558e7d8a26e50b933a0cfb79d1\windows-amd64\native-platform.dll
0x00007fff4d320000 - 0x00007fff4d397000 	C:\Users\pjoo6\.gradle\native\0.2.8\x86_64-windows-gnu\gradle-fileevents.dll
0x00007fff73600000 - 0x00007fff7360a000 	C:\Users\pjoo6\.vscode\extensions\redhat.java-1.56.0-win32-x64\jre\21.0.12.1-win32-x86_64\bin\management.dll
0x00007fff08fb0000 - 0x00007fff08fbc000 	C:\Users\pjoo6\.vscode\extensions\redhat.java-1.56.0-win32-x64\jre\21.0.12.1-win32-x86_64\bin\management_ext.dll
0x00007fffcb0a0000 - 0x00007fffcb0a8000 	C:\WINDOWS\System32\PSAPI.DLL
0x00007fffc82c0000 - 0x00007fffc82f3000 	C:\WINDOWS\SYSTEM32\IPHLPAPI.DLL
0x00007fffcba40000 - 0x00007fffcba4a000 	C:\WINDOWS\System32\NSI.dll
0x00007fff09030000 - 0x00007fff09039000 	C:\Users\pjoo6\.vscode\extensions\redhat.java-1.56.0-win32-x64\jre\21.0.12.1-win32-x86_64\bin\extnet.dll
0x00007fffc9220000 - 0x00007fffc923b000 	C:\WINDOWS\SYSTEM32\CRYPTSP.dll
0x00007fffc8890000 - 0x00007fffc88c9000 	C:\WINDOWS\system32\rsaenh.dll
0x00007fffc8fc0000 - 0x00007fffc8ff4000 	C:\WINDOWS\SYSTEM32\USERENV.dll
0x00007fffc9b70000 - 0x00007fffc9b9a000 	C:\WINDOWS\SYSTEM32\bcrypt.dll
0x00007fffc9200000 - 0x00007fffc920c000 	C:\WINDOWS\SYSTEM32\CRYPTBASE.dll
0x00007fffc3ba0000 - 0x00007fffc3bae000 	C:\Users\pjoo6\.vscode\extensions\redhat.java-1.56.0-win32-x64\jre\21.0.12.1-win32-x86_64\bin\sunmscapi.dll
0x00007fffc9d70000 - 0x00007fffc9eee000 	C:\WINDOWS\System32\CRYPT32.dll
0x00007fffc9440000 - 0x00007fffc9470000 	C:\WINDOWS\SYSTEM32\ncrypt.dll
0x00007fffc93f0000 - 0x00007fffc942f000 	C:\WINDOWS\SYSTEM32\NTASN1.dll
0x00007fffb5290000 - 0x00007fffb5298000 	C:\WINDOWS\system32\wshunix.dll

JVMTI agents:
C:\Users\pjoo6\.gradle\wrapper\dists\gradle-9.5.1-bin\iq79hdu3mqx29lgffhp8bfmx\gradle-9.5.1\lib\agents\gradle-instrumentation-agent-9.5.1.jar path:C:\Users\pjoo6\.vscode\extensions\redhat.java-1.56.0-win32-x64\jre\21.0.12.1-win32-x86_64\bin\instrument.dll, loaded, initialized, instrumentlib options:none

dbghelp: loaded successfully - version: 4.0.5 - missing functions: none
symbol engine: initialized successfully - sym options: 0x614 - pdb path: .;C:\Users\pjoo6\.vscode\extensions\redhat.java-1.56.0-win32-x64\jre\21.0.12.1-win32-x86_64\bin;C:\WINDOWS\SYSTEM32;C:\WINDOWS\WinSxS\amd64_microsoft.windows.common-controls_6595b64144ccf1df_6.0.26100.9278_none_3e0d1ba8e3303201;C:\Users\pjoo6\.vscode\extensions\redhat.java-1.56.0-win32-x64\jre\21.0.12.1-win32-x86_64\bin\server;C:\Users\pjoo6\.gradle\native\660c5614fbf4a5f2a75b1949f50a0caf5cd603558e7d8a26e50b933a0cfb79d1\windows-amd64;C:\Users\pjoo6\.gradle\native\0.2.8\x86_64-windows-gnu

VM Arguments:
jvm_args: --add-opens=java.base/java.lang=ALL-UNNAMED --add-opens=java.base/java.lang.invoke=ALL-UNNAMED --add-opens=java.base/java.util=ALL-UNNAMED --add-opens=java.prefs/java.util.prefs=ALL-UNNAMED --add-exports=jdk.compiler/com.sun.tools.javac.api=ALL-UNNAMED --add-exports=jdk.compiler/com.sun.tools.javac.util=ALL-UNNAMED --add-opens=java.base/java.nio.charset=ALL-UNNAMED --add-opens=java.base/java.net=ALL-UNNAMED --add-opens=java.base/java.util.concurrent=ALL-UNNAMED --add-opens=java.base/java.util.concurrent.atomic=ALL-UNNAMED --add-opens=java.xml/javax.xml.namespace=ALL-UNNAMED --add-opens=java.base/java.time=ALL-UNNAMED -XX:MaxMetaspaceSize=384m -XX:+HeapDumpOnOutOfMemoryError -Xms256m -Xmx512m -Dfile.encoding=UTF-8 -Duser.country=KR -Duser.language=ko -Duser.variant -javaagent:C:\Users\pjoo6\.gradle\wrapper\dists\gradle-9.5.1-bin\iq79hdu3mqx29lgffhp8bfmx\gradle-9.5.1\lib\agents\gradle-instrumentation-agent-9.5.1.jar 
java_command: org.gradle.launcher.daemon.bootstrap.GradleDaemon 9.5.1
java_class_path (initial): C:\Users\pjoo6\.gradle\wrapper\dists\gradle-9.5.1-bin\iq79hdu3mqx29lgffhp8bfmx\gradle-9.5.1\lib\gradle-daemon-main-9.5.1.jar
Launcher Type: SUN_STANDARD

[Global flags]
     intx CICompilerCount                          = 4                                         {product} {ergonomic}
   size_t CompressedClassSpaceSize                 = 335544320                                 {product} {ergonomic}
     uint ConcGCThreads                            = 3                                         {product} {ergonomic}
     uint G1ConcRefinementThreads                  = 10                                        {product} {ergonomic}
   size_t G1HeapRegionSize                         = 1048576                                   {product} {ergonomic}
    uintx GCDrainStackTargetSize                   = 64                                        {product} {ergonomic}
     bool HeapDumpOnOutOfMemoryError               = true                                   {manageable} {command line}
   size_t InitialHeapSize                          = 268435456                                 {product} {command line}
   size_t MarkStackSize                            = 4194304                                   {product} {ergonomic}
   size_t MaxHeapSize                              = 536870912                                 {product} {command line}
   size_t MaxMetaspaceSize                         = 402653184                                 {product} {command line}
   size_t MaxNewSize                               = 321912832                                 {product} {ergonomic}
   size_t MinHeapDeltaBytes                        = 1048576                                   {product} {ergonomic}
   size_t MinHeapSize                              = 268435456                                 {product} {command line}
    uintx NonNMethodCodeHeapSize                   = 5839372                                {pd product} {ergonomic}
    uintx NonProfiledCodeHeapSize                  = 122909434                              {pd product} {ergonomic}
    uintx ProfiledCodeHeapSize                     = 122909434                              {pd product} {ergonomic}
    uintx ReservedCodeCacheSize                    = 251658240                              {pd product} {ergonomic}
     bool SegmentedCodeCache                       = true                                      {product} {ergonomic}
   size_t SoftMaxHeapSize                          = 536870912                              {manageable} {ergonomic}
     bool UseCompressedOops                        = true                           {product lp64_product} {ergonomic}
     bool UseG1GC                                  = true                                      {product} {ergonomic}
     bool UseLargePagesIndividualAllocation        = false                                  {pd product} {ergonomic}

Logging:
Log output configuration:
 #0: stdout all=warning uptime,level,tags foldmultilines=false
 #1: stderr all=off uptime,level,tags foldmultilines=false

Release file:
JAVA_VERSION="21.0.12.1" 
MODULES="java.base java.compiler java.datatransfer java.xml java.prefs java.desktop java.instrument java.logging java.management java.security.sasl java.naming java.rmi java.management.rmi java.net.http java.scripting java.security.jgss java.transaction.xa java.sql java.sql.rowset java.xml.crypto java.se java.smartcardio jdk.accessibility jdk.internal.jvmstat jdk.attach jdk.charsets jdk.internal.opt jdk.zipfs jdk.compiler jdk.crypto.ec jdk.crypto.cryptoki jdk.crypto.mscapi jdk.dynalink jdk.internal.ed jdk.editpad jdk.hotspot.agent jdk.httpserver jdk.internal.le jdk.internal.vm.ci jdk.internal.vm.compiler jdk.internal.vm.compiler.management jdk.jartool jdk.javadoc jdk.jcmd jdk.management jdk.management.agent jdk.jconsole jdk.jdeps jdk.jdwp.agent jdk.jdi jdk.jfr jdk.jshell jdk.jsobject jdk.jstatd jdk.localedata jdk.management.jfr jdk.naming.dns jdk.naming.rmi jdk.net jdk.nio.mapmode jdk.random jdk.sctp jdk.security.auth jdk.security.jgss jdk.unsupported jdk.unsupported.desktop jdk.xml.dom" 

Environment Variables:
JAVA_HOME=C:\Program Files\Java\jdk-17
PATH=C:\Program Files\Common Files\Oracle\Java\javapath;C:\windows\system32;C:\windows;C:\windows\System32\Wbem;C:\windows\System32\WindowsPowerShell\v1.0\;C:\windows\System32\OpenSSH\;C:\WINDOWS\system32;C:\WINDOWS;C:\WINDOWS\System32\Wbem;C:\WINDOWS\System32\WindowsPowerShell\v1.0\;C:\WINDOWS\System32\OpenSSH\;C:\Program Files (x86)\IncrediBuild;C:\Program Files\Git\cmd;C:\Program Files\dotnet\;C:\Program Files\nodejs\;C:\Users\pjoo6\AppData\Local\Programs\Python\Python39\Scripts\;C:\Users\pjoo6\AppData\Local\Programs\Python\Python39\;C:\Users\pjoo6\AppData\Local\Microsoft\WindowsApps;C:\Users\pjoo6\OneDrive\���� ȭ��\opencv\build\x64\vc15\bin;C:\Users\pjoo6\AppData\Local\Programs\Microsoft VS Code\bin;C:\Users\pjoo6\AppData\Roaming\npm
USERNAME=pjoo6
OS=Windows_NT
PROCESSOR_IDENTIFIER=Intel64 Family 6 Model 186 Stepping 3, GenuineIntel
TMP=C:\Users\pjoo6\AppData\Local\Temp
TEMP=C:\Users\pjoo6\AppData\Local\Temp




Periodic native trim disabled

---------------  S Y S T E M  ---------------

OS:
 Windows 11 , 64 bit Build 26100 (10.0.26100.9444)
OS uptime: 0 days 0:07 hours
Hyper-V role detected

CPU: total 12 (initial active 12) (6 cores per cpu, 2 threads per core) family 6 model 186 stepping 3 microcode 0x6134, cx8, cmov, fxsr, ht, mmx, 3dnowpref, sse, sse2, sse3, ssse3, sse4.1, sse4.2, popcnt, lzcnt, tsc, tscinvbit, avx, avx2, aes, erms, clmul, bmi1, bmi2, adx, sha, fma, vzeroupper, clflush, clflushopt, clwb, hv, serialize, rdtscp, rdpid, fsrm, f16c, cet_ibt, cet_ss
Processor Information for the first 12 processors :
  Max Mhz: 1300, Current Mhz: 1300, Mhz Limit: 1300

Memory: 4k page, system-wide physical 16027M (256M free)
TotalPageFile size 65179M (AvailPageFile size 124M)
current process WorkingSet (physical memory assigned to process): 27M, peak: 243M
current process commit charge ("private bytes"): 434M, peak: 451M

vm_info: OpenJDK 64-Bit Server VM (21.0.12.1+1-LTS) for windows-amd64 JRE (21.0.12.1+1-LTS), built on 2026-08-18T00:00:00Z by "admin" with MS VC++ 17.12 (VS2022)

END.
