#
# There is insufficient memory for the Java Runtime Environment to continue.
# Native memory allocation (malloc) failed to allocate 463600 bytes. Error detail: Chunk::new
# Possible reasons:
#   The system is out of physical RAM or swap space
#   This process is running with CompressedOops enabled, and the Java Heap may be blocking the growth of the native heap
# Possible solutions:
#   Reduce memory load on the system
#   Increase physical memory or swap space
#   Check if swap backing store is full
#   Decrease Java heap size (-Xmx/-Xms)
#   Decrease number of Java threads
#   Decrease Java thread stack sizes (-Xss)
#   Set larger code cache with -XX:ReservedCodeCacheSize=
#   JVM is running with Unscaled Compressed Oops mode in which the Java heap is
#     placed in the first 4GB address space. The Java Heap base address is the
#     maximum limit for the native heap growth. Please use -XX:HeapBaseMinAddress
#     to set the Java Heap base and to place the Java Heap above 4GB virtual address.
# This output file may be truncated or incomplete.
#
#  Out of Memory Error (arena.cpp:168), pid=37992, tid=38200
#
# JRE version: OpenJDK Runtime Environment Temurin-21.0.12.1+1 (21.0.12.1+1) (build 21.0.12.1+1-LTS)
# Java VM: OpenJDK 64-Bit Server VM Temurin-21.0.12.1+1 (21.0.12.1+1-LTS, mixed mode, sharing, tiered, compressed oops, compressed class ptrs, g1 gc, windows-amd64)
# No core dump will be written. Minidumps are not enabled by default on client versions of Windows
#

---------------  S U M M A R Y ------------

Command Line: --add-opens=java.base/java.lang=ALL-UNNAMED --add-opens=java.base/java.lang.invoke=ALL-UNNAMED --add-opens=java.base/java.util=ALL-UNNAMED --add-opens=java.prefs/java.util.prefs=ALL-UNNAMED --add-exports=jdk.compiler/com.sun.tools.javac.api=ALL-UNNAMED --add-exports=jdk.compiler/com.sun.tools.javac.util=ALL-UNNAMED --add-opens=java.base/java.nio.charset=ALL-UNNAMED --add-opens=java.base/java.net=ALL-UNNAMED --add-opens=java.base/java.util.concurrent=ALL-UNNAMED --add-opens=java.base/java.util.concurrent.atomic=ALL-UNNAMED --add-opens=java.xml/javax.xml.namespace=ALL-UNNAMED --add-opens=java.base/java.time=ALL-UNNAMED -XX:MaxMetaspaceSize=384m -XX:+HeapDumpOnOutOfMemoryError -Xms256m -Xmx512m -Dfile.encoding=UTF-8 -Duser.country=KR -Duser.language=ko -Duser.variant -javaagent:C:\Users\pjoo6\.gradle\wrapper\dists\gradle-9.5.1-bin\iq79hdu3mqx29lgffhp8bfmx\gradle-9.5.1\lib\agents\gradle-instrumentation-agent-9.5.1.jar org.gradle.launcher.daemon.bootstrap.GradleDaemon 9.5.1

Host: 13th Gen Intel(R) Core(TM) i5-1335U, 12 cores, 15G,  Windows 11 , 64 bit Build 26100 (10.0.26100.9168)
Time: Thu Sep 10 11:13:20 2026 elapsed time: 567.193237 seconds (0d 0h 9m 27s)

---------------  T H R E A D  ---------------

Current thread (0x000002829ffdd470):  JavaThread "C2 CompilerThread0" daemon [_thread_in_native, id=38200, stack(0x000000f959900000,0x000000f959a00000) (1024K)]


Current CompileTask:
C2:567206 5277       4       java.lang.invoke.InvokerBytecodeGenerator::emitPushArgument (150 bytes)

Stack: [0x000000f959900000,0x000000f959a00000]
Native frames: (J=compiled Java code, j=interpreted, Vv=VM code, C=native code)
V  [jvm.dll+0x6d83e9]
V  [jvm.dll+0x8b5736]
V  [jvm.dll+0x8b7cee]
V  [jvm.dll+0x8b83d3]
V  [jvm.dll+0x284596]
V  [jvm.dll+0xc685d]
V  [jvm.dll+0xc6da1]
V  [jvm.dll+0x3bf18b]
V  [jvm.dll+0x38b6d2]
V  [jvm.dll+0x38ab1a]
V  [jvm.dll+0x24c700]
V  [jvm.dll+0x24bce0]
V  [jvm.dll+0x1cb4ae]
V  [jvm.dll+0x25baad]
V  [jvm.dll+0x25a03a]
V  [jvm.dll+0x3f8aae]
V  [jvm.dll+0x8600cd]
V  [jvm.dll+0x6d6c1d]
C  [ucrtbase.dll+0x2cd30]
C  [KERNEL32.DLL+0x2ccb7]
C  [ntdll.dll+0xaad6c]


---------------  P R O C E S S  ---------------

Threads class SMR info:
_java_thread_list=0x00000282ba0478a0, length=36, elements={
0x000002828a220c50, 0x000002829ffd09a0, 0x000002829ffd1f70, 0x000002829ffd5550,
0x000002829ffd6fc0, 0x000002829ffd8590, 0x000002829ffdbb70, 0x000002829ffdd470,
0x000002829ffe1600, 0x00000282a0204c10, 0x00000282a02e5b70, 0x00000282bb191b80,
0x00000282ba511690, 0x00000282bb151300, 0x00000282bb2fc0c0, 0x00000282bb140650,
0x00000282bb140cc0, 0x00000282bb2a4b20, 0x00000282ba17d220, 0x00000282ba180010,
0x00000282ba17f2f0, 0x00000282ba1806a0, 0x00000282ba17d8b0, 0x00000282ba17df40,
0x00000282bc8fb210, 0x00000282bc8f9e60, 0x00000282bc8fcc50, 0x00000282bc8fa4f0,
0x00000282bc8fb8a0, 0x00000282bc8fbf30, 0x00000282bc8fc5c0, 0x00000282bc8f97d0,
0x00000282bc900760, 0x00000282bc8fed20, 0x00000282bc900df0, 0x00000282bc8fd970
}

Java Threads: ( => current thread )
  0x000002828a220c50 JavaThread "main"                              [_thread_blocked, id=38116, stack(0x000000f958b00000,0x000000f958c00000) (1024K)]
  0x000002829ffd09a0 JavaThread "Reference Handler"          daemon [_thread_blocked, id=38176, stack(0x000000f959300000,0x000000f959400000) (1024K)]
  0x000002829ffd1f70 JavaThread "Finalizer"                  daemon [_thread_blocked, id=38180, stack(0x000000f959400000,0x000000f959500000) (1024K)]
  0x000002829ffd5550 JavaThread "Signal Dispatcher"          daemon [_thread_blocked, id=38184, stack(0x000000f959500000,0x000000f959600000) (1024K)]
  0x000002829ffd6fc0 JavaThread "Attach Listener"            daemon [_thread_blocked, id=38188, stack(0x000000f959600000,0x000000f959700000) (1024K)]
  0x000002829ffd8590 JavaThread "Service Thread"             daemon [_thread_blocked, id=38192, stack(0x000000f959700000,0x000000f959800000) (1024K)]
  0x000002829ffdbb70 JavaThread "Monitor Deflation Thread"   daemon [_thread_blocked, id=38196, stack(0x000000f959800000,0x000000f959900000) (1024K)]
=>0x000002829ffdd470 JavaThread "C2 CompilerThread0"         daemon [_thread_in_native, id=38200, stack(0x000000f959900000,0x000000f959a00000) (1024K)]
  0x000002829ffe1600 JavaThread "C1 CompilerThread0"         daemon [_thread_blocked, id=38204, stack(0x000000f959a00000,0x000000f959b00000) (1024K)]
  0x00000282a0204c10 JavaThread "Common-Cleaner"             daemon [_thread_blocked, id=38264, stack(0x000000f959b00000,0x000000f959c00000) (1024K)]
  0x00000282a02e5b70 JavaThread "Notification Thread"        daemon [_thread_blocked, id=38288, stack(0x000000f959c00000,0x000000f959d00000) (1024K)]
  0x00000282bb191b80 JavaThread "Daemon health stats"               [_thread_blocked, id=11124, stack(0x000000f958900000,0x000000f958a00000) (1024K)]
  0x00000282ba511690 JavaThread "Incoming local TCP Connector on port 49680"        [_thread_in_native, id=6600, stack(0x000000f95a200000,0x000000f95a300000) (1024K)]
  0x00000282bb151300 JavaThread "Daemon periodic checks"            [_thread_in_native, id=37904, stack(0x000000f95a400000,0x000000f95a500000) (1024K)]
  0x00000282bb2fc0c0 JavaThread "Daemon"                            [_thread_blocked, id=39280, stack(0x000000f95a300000,0x000000f95a400000) (1024K)]
  0x00000282bb140650 JavaThread "Handler for socket connection from /127.0.0.1:49680 to /127.0.0.1:58053"        [_thread_in_native, id=39288, stack(0x000000f95a500000,0x000000f95a600000) (1024K)]
  0x00000282bb140cc0 JavaThread "Cancel handler"                    [_thread_blocked, id=39368, stack(0x000000f95a600000,0x000000f95a700000) (1024K)]
  0x00000282bb2a4b20 JavaThread "Daemon worker"                     [_thread_in_Java, id=39860, stack(0x000000f95a700000,0x000000f95a800000) (1024K)]
  0x00000282ba17d220 JavaThread "Asynchronous log dispatcher for DefaultDaemonConnection: socket connection from /127.0.0.1:49680 to /127.0.0.1:58053"        [_thread_blocked, id=31888, stack(0x000000f95a800000,0x000000f95a900000) (1024K)]
  0x00000282ba180010 JavaThread "Stdin handler"                     [_thread_blocked, id=37700, stack(0x000000f95a900000,0x000000f95aa00000) (1024K)]
  0x00000282ba17f2f0 JavaThread "Daemon client event forwarder"        [_thread_blocked, id=34832, stack(0x000000f95aa00000,0x000000f95ab00000) (1024K)]
  0x00000282ba1806a0 JavaThread "Cache worker for journal cache (C:\Users\pjoo6\.gradle\caches\journal-1)"        [_thread_blocked, id=36284, stack(0x000000f95ab00000,0x000000f95ac00000) (1024K)]
  0x00000282ba17d8b0 JavaThread "File lock request listener"        [_thread_in_native, id=39148, stack(0x000000f95ac00000,0x000000f95ad00000) (1024K)]
  0x00000282ba17df40 JavaThread "Cache worker for file hash cache (C:\Users\pjoo6\.gradle\caches\9.5.1\fileHashes)"        [_thread_blocked, id=39420, stack(0x000000f95ae00000,0x000000f95af00000) (1024K)]
  0x00000282bc8fb210 JavaThread "Cache worker for file hash cache (C:\Users\pjoo6\OneDrive\바탕 화면\springweb\.gradle\9.5.1\fileHashes)"        [_thread_blocked, id=23292, stack(0x000000f95b600000,0x000000f95b700000) (1024K)]
  0x00000282bc8f9e60 JavaThread "Cache worker for Build Output Cleanup Cache (C:\Users\pjoo6\OneDrive\바탕 화면\springweb\.gradle\buildOutputCleanup)"        [_thread_blocked, id=39036, stack(0x000000f95b500000,0x000000f95b600000) (1024K)]
  0x00000282bc8fcc50 JavaThread "File watcher server"        daemon [_thread_in_native, id=27424, stack(0x000000f95b700000,0x000000f95b800000) (1024K)]
  0x00000282bc8fa4f0 JavaThread "File watcher consumer"      daemon [_thread_blocked, id=27432, stack(0x000000f95b800000,0x000000f95b900000) (1024K)]
  0x00000282bc8fb8a0 JavaThread "Cache worker for file content cache (C:\Users\pjoo6\.gradle\caches\9.5.1\fileContent)"        [_thread_blocked, id=39524, stack(0x000000f95b900000,0x000000f95ba00000) (1024K)]
  0x00000282bc8fbf30 JavaThread "Cache worker for checksums cache (C:\Users\pjoo6\OneDrive\바탕 화면\springweb\.gradle\9.5.1\checksums)"        [_thread_blocked, id=39312, stack(0x000000f95ba00000,0x000000f95bb00000) (1024K)]
  0x00000282bc8fc5c0 JavaThread "Cache worker for cache directory md-supplier (C:\Users\pjoo6\.gradle\caches\9.5.1\md-supplier)"        [_thread_blocked, id=39496, stack(0x000000f95bb00000,0x000000f95bc00000) (1024K)]
  0x00000282bc8f97d0 JavaThread "Cache worker for cache directory md-rule (C:\Users\pjoo6\.gradle\caches\9.5.1\md-rule)"        [_thread_blocked, id=35380, stack(0x000000f95bc00000,0x000000f95bd00000) (1024K)]
  0x00000282bc900760 JavaThread "jar transforms"                    [_thread_blocked, id=33552, stack(0x000000f958800000,0x000000f958900000) (1024K)]
  0x00000282bc8fed20 JavaThread "jar transforms Thread 2"           [_thread_blocked, id=12452, stack(0x000000f958a00000,0x000000f958b00000) (1024K)]
  0x00000282bc900df0 JavaThread "File lock release action executor Thread 2"        [_thread_blocked, id=37352, stack(0x000000f95bd00000,0x000000f95be00000) (1024K)]
  0x00000282bc8fd970 JavaThread "jar transforms Thread 3"           [_thread_blocked, id=20920, stack(0x000000f95ad00000,0x000000f95ae00000) (1024K)]
Total: 36

Other Threads:
  0x000002829ffae5c0 VMThread "VM Thread"                           [id=38156, stack(0x000000f959200000,0x000000f959300000) (1024K)]
  0x00000282a00a19e0 WatcherThread "VM Periodic Task Thread"        [id=38152, stack(0x000000f959100000,0x000000f959200000) (1024K)]
  0x000002828a24cb30 WorkerThread "GC Thread#0"                     [id=38132, stack(0x000000f958c00000,0x000000f958d00000) (1024K)]
  0x00000282a02926f0 WorkerThread "GC Thread#1"                     [id=16164, stack(0x000000f959d00000,0x000000f959e00000) (1024K)]
  0x00000282a0292aa0 WorkerThread "GC Thread#2"                     [id=36136, stack(0x000000f959e00000,0x000000f959f00000) (1024K)]
  0x00000282a0292e50 WorkerThread "GC Thread#3"                     [id=38100, stack(0x000000f959f00000,0x000000f95a000000) (1024K)]
  0x00000282a0293200 WorkerThread "GC Thread#4"                     [id=15028, stack(0x000000f95a000000,0x000000f95a100000) (1024K)]
  0x00000282a01d23e0 WorkerThread "GC Thread#5"                     [id=9168, stack(0x000000f95a100000,0x000000f95a200000) (1024K)]
  0x00000282bbd82f30 WorkerThread "GC Thread#6"                     [id=39928, stack(0x000000f95af00000,0x000000f95b000000) (1024K)]
  0x00000282bbd81560 WorkerThread "GC Thread#7"                     [id=39904, stack(0x000000f95b000000,0x000000f95b100000) (1024K)]
  0x00000282bbd81cc0 WorkerThread "GC Thread#8"                     [id=39916, stack(0x000000f95b100000,0x000000f95b200000) (1024K)]
  0x00000282bc701c50 WorkerThread "GC Thread#9"                     [id=39924, stack(0x000000f95b200000,0x000000f95b300000) (1024K)]
  0x000002828a251a30 ConcurrentGCThread "G1 Main Marker"            [id=38136, stack(0x000000f958d00000,0x000000f958e00000) (1024K)]
  0x000002828a2532d0 WorkerThread "G1 Conc#0"                       [id=38140, stack(0x000000f958e00000,0x000000f958f00000) (1024K)]
  0x00000282bc703620 WorkerThread "G1 Conc#1"                       [id=39920, stack(0x000000f95b300000,0x000000f95b400000) (1024K)]
  0x00000282bc7044e0 WorkerThread "G1 Conc#2"                       [id=39900, stack(0x000000f95b400000,0x000000f95b500000) (1024K)]
  0x000002828a2ce060 ConcurrentGCThread "G1 Refine#0"               [id=38144, stack(0x000000f958f00000,0x000000f959000000) (1024K)]
  0x000002829fef3a90 ConcurrentGCThread "G1 Service"                [id=38148, stack(0x000000f959000000,0x000000f959100000) (1024K)]
Total: 18

Threads with active compile tasks:
C2 CompilerThread0  570917 5277       4       java.lang.invoke.InvokerBytecodeGenerator::emitPushArgument (150 bytes)
Total: 1

VM state: not at safepoint (normal execution)

VM Mutex/Monitor currently owned by a thread: None

Heap address: 0x00000000e0000000, size: 512 MB, Compressed Oops mode: 32-bit

CDS archive(s) mapped at: [0x00000282a1000000-0x00000282a1ba0000-0x00000282a1ba0000), size 12189696, SharedBaseAddress: 0x00000282a1000000, ArchiveRelocationMode: 1.
Compressed class space mapped at: 0x00000282a2000000-0x00000282b6000000, reserved size: 335544320
Narrow klass base: 0x00000282a1000000, Narrow klass shift: 0, Narrow klass range: 0x100000000

GC Precious Log:
 CardTable entry size: 512
 Card Set container configuration: InlinePtr #cards 5 size 8 Array Of Cards #cards 12 size 40 Howl #buckets 4 coarsen threshold 1843 Howl Bitmap #cards 512 size 80 coarsen threshold 460 Card regions per heap region 1 cards per card region 2048
 CPUs: 12 total, 12 available
 Memory: 16027M
 Large Page Support: Disabled
 NUMA Support: Disabled
 Compressed Oops: Enabled (32-bit)
 Heap Region Size: 1M
 Heap Min Capacity: 256M
 Heap Initial Capacity: 256M
 Heap Max Capacity: 512M
 Pre-touch: Disabled
 Parallel Workers: 10
 Concurrent Workers: 3
 Concurrent Refinement Workers: 10
 Periodic GC: Disabled

Heap:
 garbage-first heap   total 262144K, used 120657K [0x00000000e0000000, 0x0000000100000000)
  region size 1024K, 97 young (99328K), 8 survivors (8192K)
 Metaspace       used 41166K, committed 42816K, reserved 393216K
  class space    used 6150K, committed 6976K, reserved 327680K

Heap Regions: E=young(eden), S=young(survivor), O=old, HS=humongous(starts), HC=humongous(continues), CS=collection set, F=free, TAMS=top-at-mark-start, PB=parsable bottom
|   0|0x00000000e0000000, 0x00000000e0100000, 0x00000000e0100000|100%|HS|  |TAMS 0x00000000e0000000| PB 0x00000000e0000000| Complete 
|   1|0x00000000e0100000, 0x00000000e0200000, 0x00000000e0200000|100%|HC|  |TAMS 0x00000000e0100000| PB 0x00000000e0100000| Complete 
|   2|0x00000000e0200000, 0x00000000e0300000, 0x00000000e0300000|100%|HC|  |TAMS 0x00000000e0200000| PB 0x00000000e0200000| Complete 
|   3|0x00000000e0300000, 0x00000000e0400000, 0x00000000e0400000|100%|HC|  |TAMS 0x00000000e0300000| PB 0x00000000e0300000| Complete 
|   4|0x00000000e0400000, 0x00000000e0500000, 0x00000000e0500000|100%| O|  |TAMS 0x00000000e0400000| PB 0x00000000e0400000| Untracked 
|   5|0x00000000e0500000, 0x00000000e0600000, 0x00000000e0600000|100%| O|  |TAMS 0x00000000e0500000| PB 0x00000000e0500000| Untracked 
|   6|0x00000000e0600000, 0x00000000e0700000, 0x00000000e0700000|100%| O|  |TAMS 0x00000000e0600000| PB 0x00000000e0600000| Untracked 
|   7|0x00000000e0700000, 0x00000000e0800000, 0x00000000e0800000|100%| O|  |TAMS 0x00000000e0700000| PB 0x00000000e0700000| Untracked 
|   8|0x00000000e0800000, 0x00000000e0900000, 0x00000000e0900000|100%|HS|  |TAMS 0x00000000e0800000| PB 0x00000000e0800000| Complete 
|   9|0x00000000e0900000, 0x00000000e0a00000, 0x00000000e0a00000|100%| O|  |TAMS 0x00000000e0900000| PB 0x00000000e0900000| Untracked 
|  10|0x00000000e0a00000, 0x00000000e0b00000, 0x00000000e0b00000|100%| O|  |TAMS 0x00000000e0a00000| PB 0x00000000e0a00000| Untracked 
|  11|0x00000000e0b00000, 0x00000000e0b00000, 0x00000000e0c00000|  0%| F|  |TAMS 0x00000000e0b00000| PB 0x00000000e0b00000| Untracked 
|  12|0x00000000e0c00000, 0x00000000e0d00000, 0x00000000e0d00000|100%| O|  |TAMS 0x00000000e0c00000| PB 0x00000000e0c00000| Untracked 
|  13|0x00000000e0d00000, 0x00000000e0e00000, 0x00000000e0e00000|100%| O|  |TAMS 0x00000000e0d00000| PB 0x00000000e0d00000| Untracked 
|  14|0x00000000e0e00000, 0x00000000e0f00000, 0x00000000e0f00000|100%| O|  |TAMS 0x00000000e0e00000| PB 0x00000000e0e00000| Untracked 
|  15|0x00000000e0f00000, 0x00000000e1000000, 0x00000000e1000000|100%| O|  |TAMS 0x00000000e0f00000| PB 0x00000000e0f00000| Untracked 
|  16|0x00000000e1000000, 0x00000000e1100000, 0x00000000e1100000|100%| O|  |TAMS 0x00000000e1000000| PB 0x00000000e1000000| Untracked 
|  17|0x00000000e1100000, 0x00000000e1200000, 0x00000000e1200000|100%| O|  |TAMS 0x00000000e1100000| PB 0x00000000e1100000| Untracked 
|  18|0x00000000e1200000, 0x00000000e1300000, 0x00000000e1300000|100%| O|  |TAMS 0x00000000e1200000| PB 0x00000000e1200000| Untracked 
|  19|0x00000000e1300000, 0x00000000e1400000, 0x00000000e1400000|100%| O|  |TAMS 0x00000000e1300000| PB 0x00000000e1300000| Untracked 
|  20|0x00000000e1400000, 0x00000000e1500000, 0x00000000e1500000|100%| O|  |TAMS 0x00000000e1400000| PB 0x00000000e1400000| Untracked 
|  21|0x00000000e1500000, 0x00000000e1600000, 0x00000000e1600000|100%| O|  |TAMS 0x00000000e1500000| PB 0x00000000e1500000| Untracked 
|  22|0x00000000e1600000, 0x00000000e1700000, 0x00000000e1700000|100%| O|  |TAMS 0x00000000e1600000| PB 0x00000000e1600000| Untracked 
|  23|0x00000000e1700000, 0x00000000e1800000, 0x00000000e1800000|100%| O|Cm|TAMS 0x00000000e1700000| PB 0x00000000e1700000| Complete 
|  24|0x00000000e1800000, 0x00000000e18b42d8, 0x00000000e1900000| 70%| O|  |TAMS 0x00000000e1800000| PB 0x00000000e1800000| Untracked 
|  25|0x00000000e1900000, 0x00000000e1900000, 0x00000000e1a00000|  0%| F|  |TAMS 0x00000000e1900000| PB 0x00000000e1900000| Untracked 
|  26|0x00000000e1a00000, 0x00000000e1a00000, 0x00000000e1b00000|  0%| F|  |TAMS 0x00000000e1a00000| PB 0x00000000e1a00000| Untracked 
|  27|0x00000000e1b00000, 0x00000000e1b00000, 0x00000000e1c00000|  0%| F|  |TAMS 0x00000000e1b00000| PB 0x00000000e1b00000| Untracked 
|  28|0x00000000e1c00000, 0x00000000e1c00000, 0x00000000e1d00000|  0%| F|  |TAMS 0x00000000e1c00000| PB 0x00000000e1c00000| Untracked 
|  29|0x00000000e1d00000, 0x00000000e1d00000, 0x00000000e1e00000|  0%| F|  |TAMS 0x00000000e1d00000| PB 0x00000000e1d00000| Untracked 
|  30|0x00000000e1e00000, 0x00000000e1e00000, 0x00000000e1f00000|  0%| F|  |TAMS 0x00000000e1e00000| PB 0x00000000e1e00000| Untracked 
|  31|0x00000000e1f00000, 0x00000000e1f00000, 0x00000000e2000000|  0%| F|  |TAMS 0x00000000e1f00000| PB 0x00000000e1f00000| Untracked 
|  32|0x00000000e2000000, 0x00000000e2000000, 0x00000000e2100000|  0%| F|  |TAMS 0x00000000e2000000| PB 0x00000000e2000000| Untracked 
|  33|0x00000000e2100000, 0x00000000e2100000, 0x00000000e2200000|  0%| F|  |TAMS 0x00000000e2100000| PB 0x00000000e2100000| Untracked 
|  34|0x00000000e2200000, 0x00000000e2200000, 0x00000000e2300000|  0%| F|  |TAMS 0x00000000e2200000| PB 0x00000000e2200000| Untracked 
|  35|0x00000000e2300000, 0x00000000e2300000, 0x00000000e2400000|  0%| F|  |TAMS 0x00000000e2300000| PB 0x00000000e2300000| Untracked 
|  36|0x00000000e2400000, 0x00000000e2400000, 0x00000000e2500000|  0%| F|  |TAMS 0x00000000e2400000| PB 0x00000000e2400000| Untracked 
|  37|0x00000000e2500000, 0x00000000e2500000, 0x00000000e2600000|  0%| F|  |TAMS 0x00000000e2500000| PB 0x00000000e2500000| Untracked 
|  38|0x00000000e2600000, 0x00000000e2600000, 0x00000000e2700000|  0%| F|  |TAMS 0x00000000e2600000| PB 0x00000000e2600000| Untracked 
|  39|0x00000000e2700000, 0x00000000e2700000, 0x00000000e2800000|  0%| F|  |TAMS 0x00000000e2700000| PB 0x00000000e2700000| Untracked 
|  40|0x00000000e2800000, 0x00000000e2800000, 0x00000000e2900000|  0%| F|  |TAMS 0x00000000e2800000| PB 0x00000000e2800000| Untracked 
|  41|0x00000000e2900000, 0x00000000e2900000, 0x00000000e2a00000|  0%| F|  |TAMS 0x00000000e2900000| PB 0x00000000e2900000| Untracked 
|  42|0x00000000e2a00000, 0x00000000e2a00000, 0x00000000e2b00000|  0%| F|  |TAMS 0x00000000e2a00000| PB 0x00000000e2a00000| Untracked 
|  43|0x00000000e2b00000, 0x00000000e2b00000, 0x00000000e2c00000|  0%| F|  |TAMS 0x00000000e2b00000| PB 0x00000000e2b00000| Untracked 
|  44|0x00000000e2c00000, 0x00000000e2c00000, 0x00000000e2d00000|  0%| F|  |TAMS 0x00000000e2c00000| PB 0x00000000e2c00000| Untracked 
|  45|0x00000000e2d00000, 0x00000000e2d00000, 0x00000000e2e00000|  0%| F|  |TAMS 0x00000000e2d00000| PB 0x00000000e2d00000| Untracked 
|  46|0x00000000e2e00000, 0x00000000e2e00000, 0x00000000e2f00000|  0%| F|  |TAMS 0x00000000e2e00000| PB 0x00000000e2e00000| Untracked 
|  47|0x00000000e2f00000, 0x00000000e2f00000, 0x00000000e3000000|  0%| F|  |TAMS 0x00000000e2f00000| PB 0x00000000e2f00000| Untracked 
|  48|0x00000000e3000000, 0x00000000e3000000, 0x00000000e3100000|  0%| F|  |TAMS 0x00000000e3000000| PB 0x00000000e3000000| Untracked 
|  49|0x00000000e3100000, 0x00000000e3100000, 0x00000000e3200000|  0%| F|  |TAMS 0x00000000e3100000| PB 0x00000000e3100000| Untracked 
|  50|0x00000000e3200000, 0x00000000e3200000, 0x00000000e3300000|  0%| F|  |TAMS 0x00000000e3200000| PB 0x00000000e3200000| Untracked 
|  51|0x00000000e3300000, 0x00000000e3300000, 0x00000000e3400000|  0%| F|  |TAMS 0x00000000e3300000| PB 0x00000000e3300000| Untracked 
|  52|0x00000000e3400000, 0x00000000e3400000, 0x00000000e3500000|  0%| F|  |TAMS 0x00000000e3400000| PB 0x00000000e3400000| Untracked 
|  53|0x00000000e3500000, 0x00000000e3500000, 0x00000000e3600000|  0%| F|  |TAMS 0x00000000e3500000| PB 0x00000000e3500000| Untracked 
|  54|0x00000000e3600000, 0x00000000e3600000, 0x00000000e3700000|  0%| F|  |TAMS 0x00000000e3600000| PB 0x00000000e3600000| Untracked 
|  55|0x00000000e3700000, 0x00000000e3700000, 0x00000000e3800000|  0%| F|  |TAMS 0x00000000e3700000| PB 0x00000000e3700000| Untracked 
|  56|0x00000000e3800000, 0x00000000e3800000, 0x00000000e3900000|  0%| F|  |TAMS 0x00000000e3800000| PB 0x00000000e3800000| Untracked 
|  57|0x00000000e3900000, 0x00000000e3900000, 0x00000000e3a00000|  0%| F|  |TAMS 0x00000000e3900000| PB 0x00000000e3900000| Untracked 
|  58|0x00000000e3a00000, 0x00000000e3a00000, 0x00000000e3b00000|  0%| F|  |TAMS 0x00000000e3a00000| PB 0x00000000e3a00000| Untracked 
|  59|0x00000000e3b00000, 0x00000000e3b00000, 0x00000000e3c00000|  0%| F|  |TAMS 0x00000000e3b00000| PB 0x00000000e3b00000| Untracked 
|  60|0x00000000e3c00000, 0x00000000e3c00000, 0x00000000e3d00000|  0%| F|  |TAMS 0x00000000e3c00000| PB 0x00000000e3c00000| Untracked 
|  61|0x00000000e3d00000, 0x00000000e3d00000, 0x00000000e3e00000|  0%| F|  |TAMS 0x00000000e3d00000| PB 0x00000000e3d00000| Untracked 
|  62|0x00000000e3e00000, 0x00000000e3e00000, 0x00000000e3f00000|  0%| F|  |TAMS 0x00000000e3e00000| PB 0x00000000e3e00000| Untracked 
|  63|0x00000000e3f00000, 0x00000000e3f00000, 0x00000000e4000000|  0%| F|  |TAMS 0x00000000e3f00000| PB 0x00000000e3f00000| Untracked 
|  64|0x00000000e4000000, 0x00000000e4000000, 0x00000000e4100000|  0%| F|  |TAMS 0x00000000e4000000| PB 0x00000000e4000000| Untracked 
|  65|0x00000000e4100000, 0x00000000e4100000, 0x00000000e4200000|  0%| F|  |TAMS 0x00000000e4100000| PB 0x00000000e4100000| Untracked 
|  66|0x00000000e4200000, 0x00000000e4200000, 0x00000000e4300000|  0%| F|  |TAMS 0x00000000e4200000| PB 0x00000000e4200000| Untracked 
|  67|0x00000000e4300000, 0x00000000e4300000, 0x00000000e4400000|  0%| F|  |TAMS 0x00000000e4300000| PB 0x00000000e4300000| Untracked 
|  68|0x00000000e4400000, 0x00000000e4400000, 0x00000000e4500000|  0%| F|  |TAMS 0x00000000e4400000| PB 0x00000000e4400000| Untracked 
|  69|0x00000000e4500000, 0x00000000e4500000, 0x00000000e4600000|  0%| F|  |TAMS 0x00000000e4500000| PB 0x00000000e4500000| Untracked 
|  70|0x00000000e4600000, 0x00000000e4600000, 0x00000000e4700000|  0%| F|  |TAMS 0x00000000e4600000| PB 0x00000000e4600000| Untracked 
|  71|0x00000000e4700000, 0x00000000e4700000, 0x00000000e4800000|  0%| F|  |TAMS 0x00000000e4700000| PB 0x00000000e4700000| Untracked 
|  72|0x00000000e4800000, 0x00000000e4800000, 0x00000000e4900000|  0%| F|  |TAMS 0x00000000e4800000| PB 0x00000000e4800000| Untracked 
|  73|0x00000000e4900000, 0x00000000e4900000, 0x00000000e4a00000|  0%| F|  |TAMS 0x00000000e4900000| PB 0x00000000e4900000| Untracked 
|  74|0x00000000e4a00000, 0x00000000e4a00000, 0x00000000e4b00000|  0%| F|  |TAMS 0x00000000e4a00000| PB 0x00000000e4a00000| Untracked 
|  75|0x00000000e4b00000, 0x00000000e4b00000, 0x00000000e4c00000|  0%| F|  |TAMS 0x00000000e4b00000| PB 0x00000000e4b00000| Untracked 
|  76|0x00000000e4c00000, 0x00000000e4c00000, 0x00000000e4d00000|  0%| F|  |TAMS 0x00000000e4c00000| PB 0x00000000e4c00000| Untracked 
|  77|0x00000000e4d00000, 0x00000000e4d00000, 0x00000000e4e00000|  0%| F|  |TAMS 0x00000000e4d00000| PB 0x00000000e4d00000| Untracked 
|  78|0x00000000e4e00000, 0x00000000e4e00000, 0x00000000e4f00000|  0%| F|  |TAMS 0x00000000e4e00000| PB 0x00000000e4e00000| Untracked 
|  79|0x00000000e4f00000, 0x00000000e4f00000, 0x00000000e5000000|  0%| F|  |TAMS 0x00000000e4f00000| PB 0x00000000e4f00000| Untracked 
|  80|0x00000000e5000000, 0x00000000e5000000, 0x00000000e5100000|  0%| F|  |TAMS 0x00000000e5000000| PB 0x00000000e5000000| Untracked 
|  81|0x00000000e5100000, 0x00000000e5100000, 0x00000000e5200000|  0%| F|  |TAMS 0x00000000e5100000| PB 0x00000000e5100000| Untracked 
|  82|0x00000000e5200000, 0x00000000e5200000, 0x00000000e5300000|  0%| F|  |TAMS 0x00000000e5200000| PB 0x00000000e5200000| Untracked 
|  83|0x00000000e5300000, 0x00000000e5300000, 0x00000000e5400000|  0%| F|  |TAMS 0x00000000e5300000| PB 0x00000000e5300000| Untracked 
|  84|0x00000000e5400000, 0x00000000e5400000, 0x00000000e5500000|  0%| F|  |TAMS 0x00000000e5400000| PB 0x00000000e5400000| Untracked 
|  85|0x00000000e5500000, 0x00000000e5500000, 0x00000000e5600000|  0%| F|  |TAMS 0x00000000e5500000| PB 0x00000000e5500000| Untracked 
|  86|0x00000000e5600000, 0x00000000e5600000, 0x00000000e5700000|  0%| F|  |TAMS 0x00000000e5600000| PB 0x00000000e5600000| Untracked 
|  87|0x00000000e5700000, 0x00000000e5700000, 0x00000000e5800000|  0%| F|  |TAMS 0x00000000e5700000| PB 0x00000000e5700000| Untracked 
|  88|0x00000000e5800000, 0x00000000e5800000, 0x00000000e5900000|  0%| F|  |TAMS 0x00000000e5800000| PB 0x00000000e5800000| Untracked 
|  89|0x00000000e5900000, 0x00000000e5900000, 0x00000000e5a00000|  0%| F|  |TAMS 0x00000000e5900000| PB 0x00000000e5900000| Untracked 
|  90|0x00000000e5a00000, 0x00000000e5a00000, 0x00000000e5b00000|  0%| F|  |TAMS 0x00000000e5a00000| PB 0x00000000e5a00000| Untracked 
|  91|0x00000000e5b00000, 0x00000000e5b00000, 0x00000000e5c00000|  0%| F|  |TAMS 0x00000000e5b00000| PB 0x00000000e5b00000| Untracked 
|  92|0x00000000e5c00000, 0x00000000e5c00000, 0x00000000e5d00000|  0%| F|  |TAMS 0x00000000e5c00000| PB 0x00000000e5c00000| Untracked 
|  93|0x00000000e5d00000, 0x00000000e5d00000, 0x00000000e5e00000|  0%| F|  |TAMS 0x00000000e5d00000| PB 0x00000000e5d00000| Untracked 
|  94|0x00000000e5e00000, 0x00000000e5e00000, 0x00000000e5f00000|  0%| F|  |TAMS 0x00000000e5e00000| PB 0x00000000e5e00000| Untracked 
|  95|0x00000000e5f00000, 0x00000000e5f00000, 0x00000000e6000000|  0%| F|  |TAMS 0x00000000e5f00000| PB 0x00000000e5f00000| Untracked 
|  96|0x00000000e6000000, 0x00000000e6000000, 0x00000000e6100000|  0%| F|  |TAMS 0x00000000e6000000| PB 0x00000000e6000000| Untracked 
|  97|0x00000000e6100000, 0x00000000e6100000, 0x00000000e6200000|  0%| F|  |TAMS 0x00000000e6100000| PB 0x00000000e6100000| Untracked 
|  98|0x00000000e6200000, 0x00000000e6200000, 0x00000000e6300000|  0%| F|  |TAMS 0x00000000e6200000| PB 0x00000000e6200000| Untracked 
|  99|0x00000000e6300000, 0x00000000e6300000, 0x00000000e6400000|  0%| F|  |TAMS 0x00000000e6300000| PB 0x00000000e6300000| Untracked 
| 100|0x00000000e6400000, 0x00000000e6400000, 0x00000000e6500000|  0%| F|  |TAMS 0x00000000e6400000| PB 0x00000000e6400000| Untracked 
| 101|0x00000000e6500000, 0x00000000e6500000, 0x00000000e6600000|  0%| F|  |TAMS 0x00000000e6500000| PB 0x00000000e6500000| Untracked 
| 102|0x00000000e6600000, 0x00000000e6600000, 0x00000000e6700000|  0%| F|  |TAMS 0x00000000e6600000| PB 0x00000000e6600000| Untracked 
| 103|0x00000000e6700000, 0x00000000e6700000, 0x00000000e6800000|  0%| F|  |TAMS 0x00000000e6700000| PB 0x00000000e6700000| Untracked 
| 104|0x00000000e6800000, 0x00000000e6800000, 0x00000000e6900000|  0%| F|  |TAMS 0x00000000e6800000| PB 0x00000000e6800000| Untracked 
| 105|0x00000000e6900000, 0x00000000e6900000, 0x00000000e6a00000|  0%| F|  |TAMS 0x00000000e6900000| PB 0x00000000e6900000| Untracked 
| 106|0x00000000e6a00000, 0x00000000e6a00000, 0x00000000e6b00000|  0%| F|  |TAMS 0x00000000e6a00000| PB 0x00000000e6a00000| Untracked 
| 107|0x00000000e6b00000, 0x00000000e6b00000, 0x00000000e6c00000|  0%| F|  |TAMS 0x00000000e6b00000| PB 0x00000000e6b00000| Untracked 
| 108|0x00000000e6c00000, 0x00000000e6c00000, 0x00000000e6d00000|  0%| F|  |TAMS 0x00000000e6c00000| PB 0x00000000e6c00000| Untracked 
| 109|0x00000000e6d00000, 0x00000000e6d00000, 0x00000000e6e00000|  0%| F|  |TAMS 0x00000000e6d00000| PB 0x00000000e6d00000| Untracked 
| 110|0x00000000e6e00000, 0x00000000e6e00000, 0x00000000e6f00000|  0%| F|  |TAMS 0x00000000e6e00000| PB 0x00000000e6e00000| Untracked 
| 111|0x00000000e6f00000, 0x00000000e6f00000, 0x00000000e7000000|  0%| F|  |TAMS 0x00000000e6f00000| PB 0x00000000e6f00000| Untracked 
| 112|0x00000000e7000000, 0x00000000e7000000, 0x00000000e7100000|  0%| F|  |TAMS 0x00000000e7000000| PB 0x00000000e7000000| Untracked 
| 113|0x00000000e7100000, 0x00000000e7100000, 0x00000000e7200000|  0%| F|  |TAMS 0x00000000e7100000| PB 0x00000000e7100000| Untracked 
| 114|0x00000000e7200000, 0x00000000e7200000, 0x00000000e7300000|  0%| F|  |TAMS 0x00000000e7200000| PB 0x00000000e7200000| Untracked 
| 115|0x00000000e7300000, 0x00000000e7300000, 0x00000000e7400000|  0%| F|  |TAMS 0x00000000e7300000| PB 0x00000000e7300000| Untracked 
| 116|0x00000000e7400000, 0x00000000e7400000, 0x00000000e7500000|  0%| F|  |TAMS 0x00000000e7400000| PB 0x00000000e7400000| Untracked 
| 117|0x00000000e7500000, 0x00000000e7500000, 0x00000000e7600000|  0%| F|  |TAMS 0x00000000e7500000| PB 0x00000000e7500000| Untracked 
| 118|0x00000000e7600000, 0x00000000e7600000, 0x00000000e7700000|  0%| F|  |TAMS 0x00000000e7600000| PB 0x00000000e7600000| Untracked 
| 119|0x00000000e7700000, 0x00000000e7700000, 0x00000000e7800000|  0%| F|  |TAMS 0x00000000e7700000| PB 0x00000000e7700000| Untracked 
| 120|0x00000000e7800000, 0x00000000e7800000, 0x00000000e7900000|  0%| F|  |TAMS 0x00000000e7800000| PB 0x00000000e7800000| Untracked 
| 121|0x00000000e7900000, 0x00000000e7900000, 0x00000000e7a00000|  0%| F|  |TAMS 0x00000000e7900000| PB 0x00000000e7900000| Untracked 
| 122|0x00000000e7a00000, 0x00000000e7a00000, 0x00000000e7b00000|  0%| F|  |TAMS 0x00000000e7a00000| PB 0x00000000e7a00000| Untracked 
| 123|0x00000000e7b00000, 0x00000000e7b00000, 0x00000000e7c00000|  0%| F|  |TAMS 0x00000000e7b00000| PB 0x00000000e7b00000| Untracked 
| 124|0x00000000e7c00000, 0x00000000e7c00000, 0x00000000e7d00000|  0%| F|  |TAMS 0x00000000e7c00000| PB 0x00000000e7c00000| Untracked 
| 125|0x00000000e7d00000, 0x00000000e7d00000, 0x00000000e7e00000|  0%| F|  |TAMS 0x00000000e7d00000| PB 0x00000000e7d00000| Untracked 
| 126|0x00000000e7e00000, 0x00000000e7e00000, 0x00000000e7f00000|  0%| F|  |TAMS 0x00000000e7e00000| PB 0x00000000e7e00000| Untracked 
| 127|0x00000000e7f00000, 0x00000000e7f00000, 0x00000000e8000000|  0%| F|  |TAMS 0x00000000e7f00000| PB 0x00000000e7f00000| Untracked 
| 128|0x00000000e8000000, 0x00000000e8000000, 0x00000000e8100000|  0%| F|  |TAMS 0x00000000e8000000| PB 0x00000000e8000000| Untracked 
| 129|0x00000000e8100000, 0x00000000e8100000, 0x00000000e8200000|  0%| F|  |TAMS 0x00000000e8100000| PB 0x00000000e8100000| Untracked 
| 130|0x00000000e8200000, 0x00000000e8200000, 0x00000000e8300000|  0%| F|  |TAMS 0x00000000e8200000| PB 0x00000000e8200000| Untracked 
| 131|0x00000000e8300000, 0x00000000e8300000, 0x00000000e8400000|  0%| F|  |TAMS 0x00000000e8300000| PB 0x00000000e8300000| Untracked 
| 132|0x00000000e8400000, 0x00000000e8400000, 0x00000000e8500000|  0%| F|  |TAMS 0x00000000e8400000| PB 0x00000000e8400000| Untracked 
| 133|0x00000000e8500000, 0x00000000e8500000, 0x00000000e8600000|  0%| F|  |TAMS 0x00000000e8500000| PB 0x00000000e8500000| Untracked 
| 134|0x00000000e8600000, 0x00000000e8600000, 0x00000000e8700000|  0%| F|  |TAMS 0x00000000e8600000| PB 0x00000000e8600000| Untracked 
| 135|0x00000000e8700000, 0x00000000e8700000, 0x00000000e8800000|  0%| F|  |TAMS 0x00000000e8700000| PB 0x00000000e8700000| Untracked 
| 136|0x00000000e8800000, 0x00000000e8800000, 0x00000000e8900000|  0%| F|  |TAMS 0x00000000e8800000| PB 0x00000000e8800000| Untracked 
| 137|0x00000000e8900000, 0x00000000e8900000, 0x00000000e8a00000|  0%| F|  |TAMS 0x00000000e8900000| PB 0x00000000e8900000| Untracked 
| 138|0x00000000e8a00000, 0x00000000e8a00000, 0x00000000e8b00000|  0%| F|  |TAMS 0x00000000e8a00000| PB 0x00000000e8a00000| Untracked 
| 139|0x00000000e8b00000, 0x00000000e8b00000, 0x00000000e8c00000|  0%| F|  |TAMS 0x00000000e8b00000| PB 0x00000000e8b00000| Untracked 
| 140|0x00000000e8c00000, 0x00000000e8c00000, 0x00000000e8d00000|  0%| F|  |TAMS 0x00000000e8c00000| PB 0x00000000e8c00000| Untracked 
| 141|0x00000000e8d00000, 0x00000000e8d00000, 0x00000000e8e00000|  0%| F|  |TAMS 0x00000000e8d00000| PB 0x00000000e8d00000| Untracked 
| 142|0x00000000e8e00000, 0x00000000e8e00000, 0x00000000e8f00000|  0%| F|  |TAMS 0x00000000e8e00000| PB 0x00000000e8e00000| Untracked 
| 143|0x00000000e8f00000, 0x00000000e8f00000, 0x00000000e9000000|  0%| F|  |TAMS 0x00000000e8f00000| PB 0x00000000e8f00000| Untracked 
| 144|0x00000000e9000000, 0x00000000e9000000, 0x00000000e9100000|  0%| F|  |TAMS 0x00000000e9000000| PB 0x00000000e9000000| Untracked 
| 145|0x00000000e9100000, 0x00000000e9100000, 0x00000000e9200000|  0%| F|  |TAMS 0x00000000e9100000| PB 0x00000000e9100000| Untracked 
| 146|0x00000000e9200000, 0x00000000e9200000, 0x00000000e9300000|  0%| F|  |TAMS 0x00000000e9200000| PB 0x00000000e9200000| Untracked 
| 147|0x00000000e9300000, 0x00000000e9300000, 0x00000000e9400000|  0%| F|  |TAMS 0x00000000e9300000| PB 0x00000000e9300000| Untracked 
| 148|0x00000000e9400000, 0x00000000e9400000, 0x00000000e9500000|  0%| F|  |TAMS 0x00000000e9400000| PB 0x00000000e9400000| Untracked 
| 149|0x00000000e9500000, 0x00000000e9500000, 0x00000000e9600000|  0%| F|  |TAMS 0x00000000e9500000| PB 0x00000000e9500000| Untracked 
| 150|0x00000000e9600000, 0x00000000e9600000, 0x00000000e9700000|  0%| F|  |TAMS 0x00000000e9600000| PB 0x00000000e9600000| Untracked 
| 151|0x00000000e9700000, 0x00000000e9700000, 0x00000000e9800000|  0%| F|  |TAMS 0x00000000e9700000| PB 0x00000000e9700000| Untracked 
| 152|0x00000000e9800000, 0x00000000e9800000, 0x00000000e9900000|  0%| F|  |TAMS 0x00000000e9800000| PB 0x00000000e9800000| Untracked 
| 153|0x00000000e9900000, 0x00000000e9900000, 0x00000000e9a00000|  0%| F|  |TAMS 0x00000000e9900000| PB 0x00000000e9900000| Untracked 
| 154|0x00000000e9a00000, 0x00000000e9a00000, 0x00000000e9b00000|  0%| F|  |TAMS 0x00000000e9a00000| PB 0x00000000e9a00000| Untracked 
| 155|0x00000000e9b00000, 0x00000000e9bab1c8, 0x00000000e9c00000| 66%| E|  |TAMS 0x00000000e9b00000| PB 0x00000000e9b00000| Complete 
| 156|0x00000000e9c00000, 0x00000000e9d00000, 0x00000000e9d00000|100%| E|CS|TAMS 0x00000000e9c00000| PB 0x00000000e9c00000| Complete 
| 157|0x00000000e9d00000, 0x00000000e9e00000, 0x00000000e9e00000|100%| E|CS|TAMS 0x00000000e9d00000| PB 0x00000000e9d00000| Complete 
| 158|0x00000000e9e00000, 0x00000000e9f00000, 0x00000000e9f00000|100%| E|CS|TAMS 0x00000000e9e00000| PB 0x00000000e9e00000| Complete 
| 159|0x00000000e9f00000, 0x00000000ea000000, 0x00000000ea000000|100%| E|CS|TAMS 0x00000000e9f00000| PB 0x00000000e9f00000| Complete 
| 160|0x00000000ea000000, 0x00000000ea100000, 0x00000000ea100000|100%| E|CS|TAMS 0x00000000ea000000| PB 0x00000000ea000000| Complete 
| 161|0x00000000ea100000, 0x00000000ea200000, 0x00000000ea200000|100%| E|CS|TAMS 0x00000000ea100000| PB 0x00000000ea100000| Complete 
| 162|0x00000000ea200000, 0x00000000ea300000, 0x00000000ea300000|100%| E|CS|TAMS 0x00000000ea200000| PB 0x00000000ea200000| Complete 
| 163|0x00000000ea300000, 0x00000000ea400000, 0x00000000ea400000|100%| E|CS|TAMS 0x00000000ea300000| PB 0x00000000ea300000| Complete 
| 164|0x00000000ea400000, 0x00000000ea500000, 0x00000000ea500000|100%| E|CS|TAMS 0x00000000ea400000| PB 0x00000000ea400000| Complete 
| 165|0x00000000ea500000, 0x00000000ea600000, 0x00000000ea600000|100%| E|CS|TAMS 0x00000000ea500000| PB 0x00000000ea500000| Complete 
| 166|0x00000000ea600000, 0x00000000ea700000, 0x00000000ea700000|100%| E|CS|TAMS 0x00000000ea600000| PB 0x00000000ea600000| Complete 
| 167|0x00000000ea700000, 0x00000000ea800000, 0x00000000ea800000|100%| E|CS|TAMS 0x00000000ea700000| PB 0x00000000ea700000| Complete 
| 168|0x00000000ea800000, 0x00000000ea900000, 0x00000000ea900000|100%| E|CS|TAMS 0x00000000ea800000| PB 0x00000000ea800000| Complete 
| 169|0x00000000ea900000, 0x00000000eaa00000, 0x00000000eaa00000|100%| E|CS|TAMS 0x00000000ea900000| PB 0x00000000ea900000| Complete 
| 170|0x00000000eaa00000, 0x00000000eab00000, 0x00000000eab00000|100%| E|CS|TAMS 0x00000000eaa00000| PB 0x00000000eaa00000| Complete 
| 171|0x00000000eab00000, 0x00000000eac00000, 0x00000000eac00000|100%| E|CS|TAMS 0x00000000eab00000| PB 0x00000000eab00000| Complete 
| 172|0x00000000eac00000, 0x00000000ead00000, 0x00000000ead00000|100%| E|CS|TAMS 0x00000000eac00000| PB 0x00000000eac00000| Complete 
| 173|0x00000000ead00000, 0x00000000eae00000, 0x00000000eae00000|100%| E|CS|TAMS 0x00000000ead00000| PB 0x00000000ead00000| Complete 
| 174|0x00000000eae00000, 0x00000000eaf00000, 0x00000000eaf00000|100%| E|CS|TAMS 0x00000000eae00000| PB 0x00000000eae00000| Complete 
| 175|0x00000000eaf00000, 0x00000000eb000000, 0x00000000eb000000|100%| E|CS|TAMS 0x00000000eaf00000| PB 0x00000000eaf00000| Complete 
| 176|0x00000000eb000000, 0x00000000eb100000, 0x00000000eb100000|100%| E|CS|TAMS 0x00000000eb000000| PB 0x00000000eb000000| Complete 
| 177|0x00000000eb100000, 0x00000000eb200000, 0x00000000eb200000|100%| E|CS|TAMS 0x00000000eb100000| PB 0x00000000eb100000| Complete 
| 178|0x00000000eb200000, 0x00000000eb300000, 0x00000000eb300000|100%| E|CS|TAMS 0x00000000eb200000| PB 0x00000000eb200000| Complete 
| 179|0x00000000eb300000, 0x00000000eb400000, 0x00000000eb400000|100%| E|CS|TAMS 0x00000000eb300000| PB 0x00000000eb300000| Complete 
| 180|0x00000000eb400000, 0x00000000eb500000, 0x00000000eb500000|100%| E|CS|TAMS 0x00000000eb400000| PB 0x00000000eb400000| Complete 
| 181|0x00000000eb500000, 0x00000000eb600000, 0x00000000eb600000|100%| E|CS|TAMS 0x00000000eb500000| PB 0x00000000eb500000| Complete 
| 182|0x00000000eb600000, 0x00000000eb700000, 0x00000000eb700000|100%| E|CS|TAMS 0x00000000eb600000| PB 0x00000000eb600000| Complete 
| 183|0x00000000eb700000, 0x00000000eb800000, 0x00000000eb800000|100%| E|  |TAMS 0x00000000eb700000| PB 0x00000000eb700000| Complete 
| 184|0x00000000eb800000, 0x00000000eb900000, 0x00000000eb900000|100%| E|CS|TAMS 0x00000000eb800000| PB 0x00000000eb800000| Complete 
| 185|0x00000000eb900000, 0x00000000eba00000, 0x00000000eba00000|100%| E|CS|TAMS 0x00000000eb900000| PB 0x00000000eb900000| Complete 
| 186|0x00000000eba00000, 0x00000000ebb00000, 0x00000000ebb00000|100%| E|CS|TAMS 0x00000000eba00000| PB 0x00000000eba00000| Complete 
| 187|0x00000000ebb00000, 0x00000000ebc00000, 0x00000000ebc00000|100%| E|CS|TAMS 0x00000000ebb00000| PB 0x00000000ebb00000| Complete 
| 188|0x00000000ebc00000, 0x00000000ebd00000, 0x00000000ebd00000|100%| E|CS|TAMS 0x00000000ebc00000| PB 0x00000000ebc00000| Complete 
| 189|0x00000000ebd00000, 0x00000000ebe00000, 0x00000000ebe00000|100%| E|CS|TAMS 0x00000000ebd00000| PB 0x00000000ebd00000| Complete 
| 190|0x00000000ebe00000, 0x00000000ebf00000, 0x00000000ebf00000|100%| E|CS|TAMS 0x00000000ebe00000| PB 0x00000000ebe00000| Complete 
| 191|0x00000000ebf00000, 0x00000000ec000000, 0x00000000ec000000|100%| E|CS|TAMS 0x00000000ebf00000| PB 0x00000000ebf00000| Complete 
| 192|0x00000000ec000000, 0x00000000ec100000, 0x00000000ec100000|100%| E|CS|TAMS 0x00000000ec000000| PB 0x00000000ec000000| Complete 
| 193|0x00000000ec100000, 0x00000000ec200000, 0x00000000ec200000|100%| E|CS|TAMS 0x00000000ec100000| PB 0x00000000ec100000| Complete 
| 194|0x00000000ec200000, 0x00000000ec300000, 0x00000000ec300000|100%| E|CS|TAMS 0x00000000ec200000| PB 0x00000000ec200000| Complete 
| 195|0x00000000ec300000, 0x00000000ec400000, 0x00000000ec400000|100%| E|CS|TAMS 0x00000000ec300000| PB 0x00000000ec300000| Complete 
| 196|0x00000000ec400000, 0x00000000ec500000, 0x00000000ec500000|100%| E|CS|TAMS 0x00000000ec400000| PB 0x00000000ec400000| Complete 
| 197|0x00000000ec500000, 0x00000000ec600000, 0x00000000ec600000|100%| E|CS|TAMS 0x00000000ec500000| PB 0x00000000ec500000| Complete 
| 198|0x00000000ec600000, 0x00000000ec700000, 0x00000000ec700000|100%| E|CS|TAMS 0x00000000ec600000| PB 0x00000000ec600000| Complete 
| 199|0x00000000ec700000, 0x00000000ec800000, 0x00000000ec800000|100%| E|CS|TAMS 0x00000000ec700000| PB 0x00000000ec700000| Complete 
| 200|0x00000000ec800000, 0x00000000ec900000, 0x00000000ec900000|100%| E|CS|TAMS 0x00000000ec800000| PB 0x00000000ec800000| Complete 
| 201|0x00000000ec900000, 0x00000000eca00000, 0x00000000eca00000|100%| E|CS|TAMS 0x00000000ec900000| PB 0x00000000ec900000| Complete 
| 202|0x00000000eca00000, 0x00000000ecb00000, 0x00000000ecb00000|100%| E|CS|TAMS 0x00000000eca00000| PB 0x00000000eca00000| Complete 
| 203|0x00000000ecb00000, 0x00000000ecc00000, 0x00000000ecc00000|100%| E|CS|TAMS 0x00000000ecb00000| PB 0x00000000ecb00000| Complete 
| 204|0x00000000ecc00000, 0x00000000ecd00000, 0x00000000ecd00000|100%| E|CS|TAMS 0x00000000ecc00000| PB 0x00000000ecc00000| Complete 
| 205|0x00000000ecd00000, 0x00000000ece00000, 0x00000000ece00000|100%| E|CS|TAMS 0x00000000ecd00000| PB 0x00000000ecd00000| Complete 
| 206|0x00000000ece00000, 0x00000000ecf00000, 0x00000000ecf00000|100%| E|CS|TAMS 0x00000000ece00000| PB 0x00000000ece00000| Complete 
| 207|0x00000000ecf00000, 0x00000000ed000000, 0x00000000ed000000|100%| E|CS|TAMS 0x00000000ecf00000| PB 0x00000000ecf00000| Complete 
| 208|0x00000000ed000000, 0x00000000ed100000, 0x00000000ed100000|100%| E|CS|TAMS 0x00000000ed000000| PB 0x00000000ed000000| Complete 
| 209|0x00000000ed100000, 0x00000000ed200000, 0x00000000ed200000|100%| E|CS|TAMS 0x00000000ed100000| PB 0x00000000ed100000| Complete 
| 210|0x00000000ed200000, 0x00000000ed300000, 0x00000000ed300000|100%| E|CS|TAMS 0x00000000ed200000| PB 0x00000000ed200000| Complete 
| 211|0x00000000ed300000, 0x00000000ed400000, 0x00000000ed400000|100%| E|CS|TAMS 0x00000000ed300000| PB 0x00000000ed300000| Complete 
| 212|0x00000000ed400000, 0x00000000ed500000, 0x00000000ed500000|100%| E|CS|TAMS 0x00000000ed400000| PB 0x00000000ed400000| Complete 
| 213|0x00000000ed500000, 0x00000000ed600000, 0x00000000ed600000|100%| E|CS|TAMS 0x00000000ed500000| PB 0x00000000ed500000| Complete 
| 214|0x00000000ed600000, 0x00000000ed700000, 0x00000000ed700000|100%| E|CS|TAMS 0x00000000ed600000| PB 0x00000000ed600000| Complete 
| 215|0x00000000ed700000, 0x00000000ed800000, 0x00000000ed800000|100%| E|CS|TAMS 0x00000000ed700000| PB 0x00000000ed700000| Complete 
| 216|0x00000000ed800000, 0x00000000ed900000, 0x00000000ed900000|100%| E|CS|TAMS 0x00000000ed800000| PB 0x00000000ed800000| Complete 
| 217|0x00000000ed900000, 0x00000000eda00000, 0x00000000eda00000|100%| E|CS|TAMS 0x00000000ed900000| PB 0x00000000ed900000| Complete 
| 218|0x00000000eda00000, 0x00000000edb00000, 0x00000000edb00000|100%| E|CS|TAMS 0x00000000eda00000| PB 0x00000000eda00000| Complete 
| 219|0x00000000edb00000, 0x00000000edc00000, 0x00000000edc00000|100%| E|CS|TAMS 0x00000000edb00000| PB 0x00000000edb00000| Complete 
| 220|0x00000000edc00000, 0x00000000edd00000, 0x00000000edd00000|100%| E|CS|TAMS 0x00000000edc00000| PB 0x00000000edc00000| Complete 
| 221|0x00000000edd00000, 0x00000000ede00000, 0x00000000ede00000|100%| E|CS|TAMS 0x00000000edd00000| PB 0x00000000edd00000| Complete 
| 222|0x00000000ede00000, 0x00000000edf00000, 0x00000000edf00000|100%| E|CS|TAMS 0x00000000ede00000| PB 0x00000000ede00000| Complete 
| 223|0x00000000edf00000, 0x00000000ee000000, 0x00000000ee000000|100%| E|CS|TAMS 0x00000000edf00000| PB 0x00000000edf00000| Complete 
| 224|0x00000000ee000000, 0x00000000ee100000, 0x00000000ee100000|100%| E|CS|TAMS 0x00000000ee000000| PB 0x00000000ee000000| Complete 
| 225|0x00000000ee100000, 0x00000000ee200000, 0x00000000ee200000|100%| E|CS|TAMS 0x00000000ee100000| PB 0x00000000ee100000| Complete 
| 226|0x00000000ee200000, 0x00000000ee300000, 0x00000000ee300000|100%| E|CS|TAMS 0x00000000ee200000| PB 0x00000000ee200000| Complete 
| 227|0x00000000ee300000, 0x00000000ee400000, 0x00000000ee400000|100%| E|CS|TAMS 0x00000000ee300000| PB 0x00000000ee300000| Complete 
| 228|0x00000000ee400000, 0x00000000ee500000, 0x00000000ee500000|100%| E|CS|TAMS 0x00000000ee400000| PB 0x00000000ee400000| Complete 
| 229|0x00000000ee500000, 0x00000000ee600000, 0x00000000ee600000|100%| E|CS|TAMS 0x00000000ee500000| PB 0x00000000ee500000| Complete 
| 230|0x00000000ee600000, 0x00000000ee700000, 0x00000000ee700000|100%| E|CS|TAMS 0x00000000ee600000| PB 0x00000000ee600000| Complete 
| 231|0x00000000ee700000, 0x00000000ee800000, 0x00000000ee800000|100%| E|CS|TAMS 0x00000000ee700000| PB 0x00000000ee700000| Complete 
| 232|0x00000000ee800000, 0x00000000ee900000, 0x00000000ee900000|100%| E|CS|TAMS 0x00000000ee800000| PB 0x00000000ee800000| Complete 
| 233|0x00000000ee900000, 0x00000000eea00000, 0x00000000eea00000|100%| E|CS|TAMS 0x00000000ee900000| PB 0x00000000ee900000| Complete 
| 234|0x00000000eea00000, 0x00000000eeb00000, 0x00000000eeb00000|100%| E|CS|TAMS 0x00000000eea00000| PB 0x00000000eea00000| Complete 
| 235|0x00000000eeb00000, 0x00000000eec00000, 0x00000000eec00000|100%| E|CS|TAMS 0x00000000eeb00000| PB 0x00000000eeb00000| Complete 
| 236|0x00000000eec00000, 0x00000000eed00000, 0x00000000eed00000|100%| E|CS|TAMS 0x00000000eec00000| PB 0x00000000eec00000| Complete 
| 237|0x00000000eed00000, 0x00000000eed20470, 0x00000000eee00000| 12%| S|CS|TAMS 0x00000000eed00000| PB 0x00000000eed00000| Complete 
| 238|0x00000000eee00000, 0x00000000eef00000, 0x00000000eef00000|100%| S|CS|TAMS 0x00000000eee00000| PB 0x00000000eee00000| Complete 
| 239|0x00000000eef00000, 0x00000000ef000000, 0x00000000ef000000|100%| S|CS|TAMS 0x00000000eef00000| PB 0x00000000eef00000| Complete 
| 240|0x00000000ef000000, 0x00000000ef100000, 0x00000000ef100000|100%| S|CS|TAMS 0x00000000ef000000| PB 0x00000000ef000000| Complete 
| 241|0x00000000ef100000, 0x00000000ef200000, 0x00000000ef200000|100%| S|CS|TAMS 0x00000000ef100000| PB 0x00000000ef100000| Complete 
| 242|0x00000000ef200000, 0x00000000ef300000, 0x00000000ef300000|100%| S|CS|TAMS 0x00000000ef200000| PB 0x00000000ef200000| Complete 
| 243|0x00000000ef300000, 0x00000000ef400000, 0x00000000ef400000|100%| S|CS|TAMS 0x00000000ef300000| PB 0x00000000ef300000| Complete 
| 244|0x00000000ef400000, 0x00000000ef500000, 0x00000000ef500000|100%| S|CS|TAMS 0x00000000ef400000| PB 0x00000000ef400000| Complete 
| 245|0x00000000ef500000, 0x00000000ef600000, 0x00000000ef600000|100%| E|CS|TAMS 0x00000000ef500000| PB 0x00000000ef500000| Complete 
| 246|0x00000000ef600000, 0x00000000ef700000, 0x00000000ef700000|100%| E|CS|TAMS 0x00000000ef600000| PB 0x00000000ef600000| Complete 
| 247|0x00000000ef700000, 0x00000000ef800000, 0x00000000ef800000|100%| E|CS|TAMS 0x00000000ef700000| PB 0x00000000ef700000| Complete 
| 248|0x00000000ef800000, 0x00000000ef900000, 0x00000000ef900000|100%| E|CS|TAMS 0x00000000ef800000| PB 0x00000000ef800000| Complete 
| 249|0x00000000ef900000, 0x00000000efa00000, 0x00000000efa00000|100%| E|CS|TAMS 0x00000000ef900000| PB 0x00000000ef900000| Complete 
| 250|0x00000000efa00000, 0x00000000efb00000, 0x00000000efb00000|100%| E|CS|TAMS 0x00000000efa00000| PB 0x00000000efa00000| Complete 
| 251|0x00000000efb00000, 0x00000000efc00000, 0x00000000efc00000|100%| E|CS|TAMS 0x00000000efb00000| PB 0x00000000efb00000| Complete 
| 252|0x00000000efc00000, 0x00000000efd00000, 0x00000000efd00000|100%| E|CS|TAMS 0x00000000efc00000| PB 0x00000000efc00000| Complete 
| 253|0x00000000efd00000, 0x00000000efe00000, 0x00000000efe00000|100%| E|CS|TAMS 0x00000000efd00000| PB 0x00000000efd00000| Complete 
| 254|0x00000000efe00000, 0x00000000eff00000, 0x00000000eff00000|100%| E|CS|TAMS 0x00000000efe00000| PB 0x00000000efe00000| Complete 
| 255|0x00000000eff00000, 0x00000000f0000000, 0x00000000f0000000|100%| E|CS|TAMS 0x00000000eff00000| PB 0x00000000eff00000| Complete 

Card table byte_map: [0x000002829ca60000,0x000002829cb60000] _byte_map_base: 0x000002829c360000

Marking Bits: (CMBitMap*) 0x000002828a24d150
 Bits: [0x000002829cb60000, 0x000002829d360000)

Polling page: 0x0000028288090000

Metaspace:

Usage:
  Non-class:     34.57 MB used.
      Class:      6.09 MB used.
       Both:     40.66 MB used.

Virtual space:
  Non-class space:       64.00 MB reserved,      35.38 MB ( 55%) committed,  1 nodes.
      Class space:      320.00 MB reserved,       6.94 MB (  2%) committed,  1 nodes.
             Both:      384.00 MB reserved,      42.31 MB ( 11%) committed. 

Chunk freelists:
   Non-Class:  12.50 MB
       Class:  9.04 MB
        Both:  21.53 MB

MaxMetaspaceSize: 384.00 MB
CompressedClassSpaceSize: 320.00 MB
Initial GC threshold: 21.00 MB
Current GC threshold: 59.94 MB
CDS: on
 - commit_granule_bytes: 65536.
 - commit_granule_words: 8192.
 - virtual_space_node_default_size: 8388608.
 - enlarge_chunks_in_place: 1.
 - use_allocation_guard: 0.


Internal statistics:

num_allocs_failed_limit: 12.
num_arena_births: 3102.
num_arena_deaths: 0.
num_vsnodes_births: 2.
num_vsnodes_deaths: 0.
num_space_committed: 678.
num_space_uncommitted: 0.
num_chunks_returned_to_freelist: 12.
num_chunks_taken_from_freelist: 5162.
num_chunk_merges: 12.
num_chunk_splits: 3347.
num_chunks_enlarged: 2007.
num_inconsistent_stats: 0.

CodeHeap 'non-profiled nmethods': size=120000Kb used=2995Kb max_used=2995Kb free=117004Kb
 bounds [0x0000028294ee0000, 0x00000282951d0000, 0x000002829c410000]
CodeHeap 'profiled nmethods': size=120000Kb used=9409Kb max_used=9409Kb free=110590Kb
 bounds [0x000002828d410000, 0x000002828dd50000, 0x0000028294940000]
CodeHeap 'non-nmethods': size=5760Kb used=1848Kb max_used=1857Kb free=3911Kb
 bounds [0x0000028294940000, 0x0000028294bb0000, 0x0000028294ee0000]
CodeCache: size=245760Kb, used=14252Kb, max_used=14261Kb, free=231505Kb
 total_blobs=5610, nmethods=4889, adapters=625, full_count=0
Compilation: enabled, stopped_count=0, restarted_count=0

Compilation events (20 events):
Event: 563.857 Thread 0x000002829ffe1600 5265       3       java.lang.invoke.InvokerBytecodeGenerator::getInternalName (103 bytes)
Event: 563.858 Thread 0x000002829ffe1600 nmethod 5265 0x000002828dcf6690 code [0x000002828dcf68a0, 0x000002828dcf6db8]
Event: 563.868 Thread 0x000002829ffdd470 nmethod 5264 0x00000282951bef10 code [0x00000282951bf140, 0x00000282951bf688]
Event: 563.943 Thread 0x000002829ffe1600 5266       1       java.util.stream.Node::getChildCount (2 bytes)
Event: 563.943 Thread 0x000002829ffe1600 nmethod 5266 0x00000282951bfa10 code [0x00000282951bfba0, 0x00000282951bfc68]
Event: 563.958 Thread 0x000002829ffe1600 5267       3       java.util.concurrent.locks.ReentrantLock::tryLock (8 bytes)
Event: 563.959 Thread 0x000002829ffe1600 nmethod 5267 0x000002828dcf6f10 code [0x000002828dcf70c0, 0x000002828dcf7208]
Event: 563.959 Thread 0x000002829ffe1600 5268       3       java.util.concurrent.locks.ReentrantLock$Sync::tryLock (63 bytes)
Event: 563.960 Thread 0x000002829ffe1600 nmethod 5268 0x000002828dcf7310 code [0x000002828dcf7500, 0x000002828dcf7918]
Event: 563.969 Thread 0x000002829ffe1600 5269       3       java.util.TreeMap$PrivateEntryIterator::<init> (28 bytes)
Event: 563.969 Thread 0x000002829ffe1600 nmethod 5269 0x000002828dcf7a10 code [0x000002828dcf7bc0, 0x000002828dcf7e20]
Event: 563.969 Thread 0x000002829ffe1600 5270       3       com.sun.beans.introspect.PropertyInfo::isPrefix (25 bytes)
Event: 563.970 Thread 0x000002829ffe1600 nmethod 5270 0x000002828dcf7f10 code [0x000002828dcf8100, 0x000002828dcf8508]
Event: 564.272 Thread 0x000002829ffe1600 5271       3       java.util.Arrays::copyOfRange (11 bytes)
Event: 564.272 Thread 0x000002829ffe1600 nmethod 5271 0x000002828dcf8710 code [0x000002828dcf88c0, 0x000002828dcf8a10]
Event: 564.343 Thread 0x000002829ffdd470 5274       4       java.lang.invoke.LambdaForm$BasicType::basicType (8 bytes)
Event: 564.349 Thread 0x000002829ffdd470 nmethod 5274 0x00000282951c0310 code [0x00000282951c04e0, 0x00000282951c0938]
Event: 564.891 Thread 0x000002829ffe1600 5275       3       java.util.stream.AbstractSpinedBuffer::count (31 bytes)
Event: 564.891 Thread 0x000002829ffe1600 nmethod 5275 0x000002828dcf8b10 code [0x000002828dcf8cc0, 0x000002828dcf8e78]
Event: 564.955 Thread 0x000002829ffdd470 5277       4       java.lang.invoke.InvokerBytecodeGenerator::emitPushArgument (150 bytes)

GC Heap History (12 events):
Event: 40.532 GC heap before
{Heap before GC invocations=0 (full 0):
 garbage-first heap   total 262144K, used 26624K [0x00000000e0000000, 0x0000000100000000)
  region size 1024K, 23 young (23552K), 0 survivors (0K)
 Metaspace       used 3113K, committed 3328K, reserved 393216K
  class space    used 376K, committed 448K, reserved 327680K
}
Event: 41.264 GC heap after
{Heap after GC invocations=1 (full 0):
 garbage-first heap   total 262144K, used 11199K [0x00000000e0000000, 0x0000000100000000)
  region size 1024K, 3 young (3072K), 3 survivors (3072K)
 Metaspace       used 3113K, committed 3328K, reserved 393216K
  class space    used 376K, committed 448K, reserved 327680K
}
Event: 103.251 GC heap before
{Heap before GC invocations=1 (full 0):
 garbage-first heap   total 262144K, used 37823K [0x00000000e0000000, 0x0000000100000000)
  region size 1024K, 29 young (29696K), 3 survivors (3072K)
 Metaspace       used 4670K, committed 4864K, reserved 393216K
  class space    used 597K, committed 704K, reserved 327680K
}
Event: 103.260 GC heap after
{Heap after GC invocations=2 (full 0):
 garbage-first heap   total 262144K, used 15184K [0x00000000e0000000, 0x0000000100000000)
  region size 1024K, 3 young (3072K), 3 survivors (3072K)
 Metaspace       used 4670K, committed 4864K, reserved 393216K
  class space    used 597K, committed 704K, reserved 327680K
}
Event: 153.824 GC heap before
{Heap before GC invocations=2 (full 0):
 garbage-first heap   total 262144K, used 126800K [0x00000000e0000000, 0x0000000100000000)
  region size 1024K, 112 young (114688K), 3 survivors (3072K)
 Metaspace       used 20821K, committed 21504K, reserved 393216K
  class space    used 2970K, committed 3264K, reserved 327680K
}
Event: 153.857 GC heap after
{Heap after GC invocations=3 (full 0):
 garbage-first heap   total 262144K, used 24609K [0x00000000e0000000, 0x0000000100000000)
  region size 1024K, 12 young (12288K), 12 survivors (12288K)
 Metaspace       used 20821K, committed 21504K, reserved 393216K
  class space    used 2970K, committed 3264K, reserved 327680K
}
Event: 162.970 GC heap before
{Heap before GC invocations=4 (full 0):
 garbage-first heap   total 262144K, used 123937K [0x00000000e0000000, 0x0000000100000000)
  region size 1024K, 111 young (113664K), 12 survivors (12288K)
 Metaspace       used 34809K, committed 36096K, reserved 393216K
  class space    used 5095K, committed 5696K, reserved 327680K
}
Event: 162.988 GC heap after
{Heap after GC invocations=5 (full 0):
 garbage-first heap   total 262144K, used 31802K [0x00000000e0000000, 0x0000000100000000)
  region size 1024K, 8 young (8192K), 8 survivors (8192K)
 Metaspace       used 34809K, committed 36096K, reserved 393216K
  class space    used 5095K, committed 5696K, reserved 327680K
}
Event: 163.171 GC heap before
{Heap before GC invocations=5 (full 0):
 garbage-first heap   total 262144K, used 32826K [0x00000000e0000000, 0x0000000100000000)
  region size 1024K, 10 young (10240K), 8 survivors (8192K)
 Metaspace       used 35099K, committed 36416K, reserved 393216K
  class space    used 5144K, committed 5824K, reserved 327680K
}
Event: 163.181 GC heap after
{Heap after GC invocations=6 (full 0):
 garbage-first heap   total 262144K, used 31704K [0x00000000e0000000, 0x0000000100000000)
  region size 1024K, 8 young (8192K), 8 survivors (8192K)
 Metaspace       used 35099K, committed 36416K, reserved 393216K
  class space    used 5144K, committed 5824K, reserved 327680K
}
Event: 163.487 GC heap before
{Heap before GC invocations=6 (full 0):
 garbage-first heap   total 262144K, used 33752K [0x00000000e0000000, 0x0000000100000000)
  region size 1024K, 11 young (11264K), 8 survivors (8192K)
 Metaspace       used 35334K, committed 36736K, reserved 393216K
  class space    used 5187K, committed 5888K, reserved 327680K
}
Event: 163.494 GC heap after
{Heap after GC invocations=7 (full 0):
 garbage-first heap   total 262144K, used 31569K [0x00000000e0000000, 0x0000000100000000)
  region size 1024K, 8 young (8192K), 8 survivors (8192K)
 Metaspace       used 35334K, committed 36736K, reserved 393216K
  class space    used 5187K, committed 5888K, reserved 327680K
}

Dll operation events (20 events):
Event: 0.985 Attempting to load shared library C:\Users\pjoo6\.vscode\extensions\redhat.java-1.56.0-win32-x64\jre\21.0.12.1-win32-x86_64\bin\nio.dll
Event: 1.001 Loaded shared library C:\Users\pjoo6\.vscode\extensions\redhat.java-1.56.0-win32-x64\jre\21.0.12.1-win32-x86_64\bin\nio.dll
Event: 1.050 Attempting to load shared library C:\Users\pjoo6\.vscode\extensions\redhat.java-1.56.0-win32-x64\jre\21.0.12.1-win32-x86_64\bin\zip.dll
Event: 1.050 Loaded shared library C:\Users\pjoo6\.vscode\extensions\redhat.java-1.56.0-win32-x64\jre\21.0.12.1-win32-x86_64\bin\zip.dll
Event: 10.665 Attempting to load shared library C:\Users\pjoo6\.vscode\extensions\redhat.java-1.56.0-win32-x64\jre\21.0.12.1-win32-x86_64\bin\jimage.dll
Event: 10.665 Loaded shared library C:\Users\pjoo6\.vscode\extensions\redhat.java-1.56.0-win32-x64\jre\21.0.12.1-win32-x86_64\bin\jimage.dll
Event: 28.813 Attempting to load shared library C:\Users\pjoo6\.vscode\extensions\redhat.java-1.56.0-win32-x64\jre\21.0.12.1-win32-x86_64\bin\verify.dll
Event: 28.827 Loaded shared library C:\Users\pjoo6\.vscode\extensions\redhat.java-1.56.0-win32-x64\jre\21.0.12.1-win32-x86_64\bin\verify.dll
Event: 31.559 Attempting to load shared library C:\Users\pjoo6\.gradle\native\660c5614fbf4a5f2a75b1949f50a0caf5cd603558e7d8a26e50b933a0cfb79d1\windows-amd64\native-platform.dll
Event: 31.579 Loaded shared library C:\Users\pjoo6\.gradle\native\660c5614fbf4a5f2a75b1949f50a0caf5cd603558e7d8a26e50b933a0cfb79d1\windows-amd64\native-platform.dll
Event: 32.730 Attempting to load shared library C:\Users\pjoo6\.gradle\native\0.2.8\x86_64-windows-gnu\gradle-fileevents.dll
Event: 32.749 Loaded shared library C:\Users\pjoo6\.gradle\native\0.2.8\x86_64-windows-gnu\gradle-fileevents.dll
Event: 121.983 Attempting to load shared library C:\Users\pjoo6\.vscode\extensions\redhat.java-1.56.0-win32-x64\jre\21.0.12.1-win32-x86_64\bin\management.dll
Event: 122.014 Loaded shared library C:\Users\pjoo6\.vscode\extensions\redhat.java-1.56.0-win32-x64\jre\21.0.12.1-win32-x86_64\bin\management.dll
Event: 122.253 Attempting to load shared library C:\Users\pjoo6\.vscode\extensions\redhat.java-1.56.0-win32-x64\jre\21.0.12.1-win32-x86_64\bin\management_ext.dll
Event: 122.282 Loaded shared library C:\Users\pjoo6\.vscode\extensions\redhat.java-1.56.0-win32-x64\jre\21.0.12.1-win32-x86_64\bin\management_ext.dll
Event: 129.237 Attempting to load shared library C:\Users\pjoo6\.vscode\extensions\redhat.java-1.56.0-win32-x64\jre\21.0.12.1-win32-x86_64\bin\extnet.dll
Event: 129.250 Loaded shared library C:\Users\pjoo6\.vscode\extensions\redhat.java-1.56.0-win32-x64\jre\21.0.12.1-win32-x86_64\bin\extnet.dll
Event: 141.461 Attempting to load shared library C:\Users\pjoo6\.vscode\extensions\redhat.java-1.56.0-win32-x64\jre\21.0.12.1-win32-x86_64\bin\sunmscapi.dll
Event: 141.674 Loaded shared library C:\Users\pjoo6\.vscode\extensions\redhat.java-1.56.0-win32-x64\jre\21.0.12.1-win32-x86_64\bin\sunmscapi.dll

Deoptimization events (20 events):
Event: 563.826 Thread 0x00000282bb2a4b20 Uncommon trap: trap_request=0xfffffff4 fr.pc=0x0000028294fc68bc relative=0x000000000000047c
Event: 563.826 Thread 0x00000282bb2a4b20 Uncommon trap: reason=null_check action=make_not_entrant pc=0x0000028294fc68bc method=sun.invoke.util.VerifyType.isNullConversion(Ljava/lang/Class;Ljava/lang/Class;Z)Z @ 22 c2
Event: 563.826 Thread 0x00000282bb2a4b20 DEOPT PACKING pc=0x0000028294fc68bc sp=0x000000f95a7f89b0
Event: 563.826 Thread 0x00000282bb2a4b20 DEOPT UNPACKING pc=0x0000028294994422 sp=0x000000f95a7f8958 mode 2
Event: 563.957 Thread 0x00000282bb2a4b20 Uncommon trap: trap_request=0xffffffc6 fr.pc=0x00000282951ba29c relative=0x000000000000129c
Event: 563.957 Thread 0x00000282bb2a4b20 Uncommon trap: reason=bimorphic_or_optimized_type_check action=maybe_recompile pc=0x00000282951ba29c method=java.lang.ClassLoader.loadClass(Ljava/lang/String;Z)Ljava/lang/Class; @ 69 c2
Event: 563.957 Thread 0x00000282bb2a4b20 DEOPT PACKING pc=0x00000282951ba29c sp=0x000000f95a7f7880
Event: 563.958 Thread 0x00000282bb2a4b20 DEOPT UNPACKING pc=0x0000028294994422 sp=0x000000f95a7f7860 mode 2
Event: 563.958 Thread 0x00000282bb2a4b20 Uncommon trap: trap_request=0xffffffc6 fr.pc=0x00000282951ba29c relative=0x000000000000129c
Event: 563.958 Thread 0x00000282bb2a4b20 Uncommon trap: reason=bimorphic_or_optimized_type_check action=maybe_recompile pc=0x00000282951ba29c method=java.lang.ClassLoader.loadClass(Ljava/lang/String;Z)Ljava/lang/Class; @ 69 c2
Event: 563.958 Thread 0x00000282bb2a4b20 DEOPT PACKING pc=0x00000282951ba29c sp=0x000000f95a7f79e0
Event: 563.958 Thread 0x00000282bb2a4b20 DEOPT UNPACKING pc=0x0000028294994422 sp=0x000000f95a7f79c0 mode 2
Event: 565.121 Thread 0x00000282bb2a4b20 Uncommon trap: trap_request=0xffffffc6 fr.pc=0x00000282950c413c relative=0x00000000000002dc
Event: 565.121 Thread 0x00000282bb2a4b20 Uncommon trap: reason=bimorphic_or_optimized_type_check action=maybe_recompile pc=0x00000282950c413c method=com.google.common.base.CharMatcher.indexIn(Ljava/lang/CharSequence;I)I @ 31 c2
Event: 565.121 Thread 0x00000282bb2a4b20 DEOPT PACKING pc=0x00000282950c413c sp=0x000000f95a7f7240
Event: 565.121 Thread 0x00000282bb2a4b20 DEOPT UNPACKING pc=0x0000028294994422 sp=0x000000f95a7f71e8 mode 2
Event: 565.148 Thread 0x00000282bb2a4b20 Uncommon trap: trap_request=0xffffffc6 fr.pc=0x00000282950c413c relative=0x00000000000002dc
Event: 565.148 Thread 0x00000282bb2a4b20 Uncommon trap: reason=bimorphic_or_optimized_type_check action=maybe_recompile pc=0x00000282950c413c method=com.google.common.base.CharMatcher.indexIn(Ljava/lang/CharSequence;I)I @ 31 c2
Event: 565.148 Thread 0x00000282bb2a4b20 DEOPT PACKING pc=0x00000282950c413c sp=0x000000f95a7f7240
Event: 565.148 Thread 0x00000282bb2a4b20 DEOPT UNPACKING pc=0x0000028294994422 sp=0x000000f95a7f71e8 mode 2

Classes loaded (20 events):
Event: 298.925 Loading class java/util/function/LongUnaryOperator
Event: 298.926 Loading class java/util/function/LongUnaryOperator done
Event: 299.275 Loading class java/util/TreeMap$KeySpliterator
Event: 299.276 Loading class java/util/TreeMap$TreeMapSpliterator
Event: 299.276 Loading class java/util/TreeMap$TreeMapSpliterator done
Event: 299.276 Loading class java/util/TreeMap$KeySpliterator done
Event: 299.361 Loading class java/util/PrimitiveIterator$OfInt
Event: 299.361 Loading class java/util/PrimitiveIterator$OfInt done
Event: 558.980 Loading class sun/reflect/generics/reflectiveObjects/GenericArrayTypeImpl
Event: 558.988 Loading class sun/reflect/generics/reflectiveObjects/GenericArrayTypeImpl done
Event: 559.008 Loading class com/sun/beans/finder/MethodFinder
Event: 560.144 Loading class com/sun/beans/finder/AbstractFinder
Event: 560.522 Loading class com/sun/beans/finder/AbstractFinder done
Event: 560.522 Loading class com/sun/beans/finder/MethodFinder done
Event: 560.529 Loading class com/sun/beans/finder/MethodFinder$1
Event: 560.813 Loading class com/sun/beans/finder/MethodFinder$1 done
Event: 560.823 Loading class com/sun/beans/finder/FinderUtils
Event: 560.923 Loading class com/sun/beans/finder/FinderUtils done
Event: 563.670 Loading class java/lang/invoke/BoundMethodHandle$Species_LLLLILLLLLL
Event: 563.670 Loading class java/lang/invoke/BoundMethodHandle$Species_LLLLILLLLLL done

Classes unloaded (0 events):
No events

Classes redefined (0 events):
No events

Internal exceptions (20 events):
Event: 556.623 Thread 0x00000282bb2a4b20 Exception <a 'java/lang/NoSuchMethodError'{0x00000000eacbe8c8}: 'java.lang.Object java.lang.invoke.DirectMethodHandle$Holder.invokeVirtual(java.lang.Object, java.lang.Object, java.lang.Object, java.lang.Object, java.lang.Object, java.lang.Object, java.lang.Object, java.lang.Object, java.lang.Object, java.lang.Object, java.lang.Object, java.lang.Object, java.lang.Object, java.lang.Object, java.lang.Object, java.lang.Object, java.lang.Object)'> (0x00000000eacbe8c8) 
thrown [s\src\hotspot\share\interpreter\li
Event: 556.664 Thread 0x00000282bb2a4b20 Exception <a 'java/lang/NoSuchMethodError'{0x00000000eacc48d0}: 'java.lang.Object java.lang.invoke.DirectMethodHandle$Holder.invokeSpecial(java.lang.Object, java.lang.Object, java.lang.Object, java.lang.Object, java.lang.Object, java.lang.Object, java.lang.Object, java.lang.Object, java.lang.Object, java.lang.Object, java.lang.Object, java.lang.Object, java.lang.Object, java.lang.Object, java.lang.Object, java.lang.Object, java.lang.Object, java.lang.Object)'> (0x00000000eacc48d0) 
thrown [s\src\hotspot\sh
Event: 556.682 Thread 0x00000282bb2a4b20 Exception <a 'java/lang/NoSuchMethodError'{0x00000000eacc9e28}: 'java.lang.Object java.lang.invoke.DelegatingMethodHandle$Holder.reinvoke_L(java.lang.Object, java.lang.Object, java.lang.Object, java.lang.Object, java.lang.Object, java.lang.Object, java.lang.Object, java.lang.Object, java.lang.Object, java.lang.Object, java.lang.Object, java.lang.Object, java.lang.Object, java.lang.Object, java.lang.Object, java.lang.Object, java.lang.Object)'> (0x00000000eacc9e28) 
thrown [s\src\hotspot\share\interpreter\l
Event: 558.670 Thread 0x00000282bb2a4b20 Exception <a 'java/lang/ClassNotFoundException'{0x00000000eab51458}: groovy/lang/Closure$1BeanInfo> (0x00000000eab51458) 
thrown [s\src\hotspot\share\classfile\systemDictionary.cpp, line 313]
Event: 558.866 Thread 0x00000282bb2a4b20 Exception <a 'java/lang/ClassNotFoundException'{0x00000000eab61008}: groovy/lang/ClosureBeanInfo> (0x00000000eab61008) 
thrown [s\src\hotspot\share\classfile\systemDictionary.cpp, line 313]
Event: 558.890 Thread 0x00000282bb2a4b20 Exception <a 'java/lang/ClassNotFoundException'{0x00000000eab70bf8}: groovy/lang/ClosureCustomizer> (0x00000000eab70bf8) 
thrown [s\src\hotspot\share\classfile\systemDictionary.cpp, line 313]
Event: 559.007 Thread 0x00000282bb2a4b20 Exception <a 'java/lang/ClassNotFoundException'{0x00000000eabd4ec8}: groovy/lang/Closure$1Customizer> (0x00000000eabd4ec8) 
thrown [s\src\hotspot\share\classfile\systemDictionary.cpp, line 313]
Event: 563.738 Thread 0x00000282bb2a4b20 Exception <a 'java/lang/NoSuchMethodError'{0x00000000eaa79150}: 'java.lang.Object java.lang.invoke.Invokers$Holder.linkToCallSite(java.lang.Object, int, java.lang.Object, java.lang.Object)'> (0x00000000eaa79150) 
thrown [s\src\hotspot\share\interpreter\linkResolver.cpp, line 773]
Event: 563.764 Thread 0x00000282bb2a4b20 Exception <a 'java/lang/NoSuchMethodError'{0x00000000eaa84300}: 'void java.lang.invoke.DirectMethodHandle$Holder.invokeVirtual(java.lang.Object, java.lang.Object, int, java.lang.Object)'> (0x00000000eaa84300) 
thrown [s\src\hotspot\share\interpreter\linkResolver.cpp, line 773]
Event: 563.779 Thread 0x00000282bb2a4b20 Exception <a 'java/lang/NoSuchMethodError'{0x00000000eaa885a8}: 'void java.lang.invoke.DelegatingMethodHandle$Holder.reinvoke_L(java.lang.Object, java.lang.Object, int, java.lang.Object)'> (0x00000000eaa885a8) 
thrown [s\src\hotspot\share\interpreter\linkResolver.cpp, line 773]
Event: 563.791 Thread 0x00000282bb2a4b20 Exception <a 'java/lang/NoSuchMethodError'{0x00000000eaa92e98}: 'java.lang.Object java.lang.invoke.DirectMethodHandle$Holder.invokeSpecial(java.lang.Object, java.lang.Object, java.lang.Object, java.lang.Object, int, java.lang.Object)'> (0x00000000eaa92e98) 
thrown [s\src\hotspot\share\interpreter\linkResolver.cpp, line 773]
Event: 563.826 Thread 0x00000282bb2a4b20 Implicit null exception at 0x0000028294fc64aa to 0x0000028294fc68ac
Event: 563.959 Thread 0x00000282bb2a4b20 Exception <a 'java/lang/ClassNotFoundException'{0x00000000ea92cea0}: org/gradle/internal/metaobject/ConfigureDelegateBeanInfo> (0x00000000ea92cea0) 
thrown [s\src\hotspot\share\classfile\systemDictionary.cpp, line 313]
Event: 563.964 Thread 0x00000282bb2a4b20 Exception <a 'java/lang/ClassNotFoundException'{0x00000000ea93d7f8}: org/gradle/internal/metaobject/ConfigureDelegateCustomizer> (0x00000000ea93d7f8) 
thrown [s\src\hotspot\share\classfile\systemDictionary.cpp, line 313]
Event: 564.260 Thread 0x00000282bb2a4b20 Exception <a 'java/lang/NoSuchMethodError'{0x00000000ea9cd3e8}: 'java.lang.Object java.lang.invoke.Invokers$Holder.linkToCallSite(java.lang.Object, java.lang.Object, int, java.lang.Object)'> (0x00000000ea9cd3e8) 
thrown [s\src\hotspot\share\interpreter\linkResolver.cpp, line 773]
Event: 564.291 Thread 0x00000282bb2a4b20 Exception <a 'java/lang/NoSuchMethodError'{0x00000000ea9f23c0}: 'java.lang.Object java.lang.invoke.DirectMethodHandle$Holder.invokeSpecial(java.lang.Object, java.lang.Object, java.lang.Object, java.lang.Object, java.lang.Object, int)'> (0x00000000ea9f23c0) 
thrown [s\src\hotspot\share\interpreter\linkResolver.cpp, line 773]
Event: 564.294 Thread 0x00000282bb2a4b20 Exception <a 'java/lang/NoSuchMethodError'{0x00000000ea9f6e20}: 'java.lang.Object java.lang.invoke.DelegatingMethodHandle$Holder.delegate(java.lang.Object, java.lang.Object, java.lang.Object, java.lang.Object, int)'> (0x00000000ea9f6e20) 
thrown [s\src\hotspot\share\interpreter\linkResolver.cpp, line 773]
Event: 564.515 Thread 0x00000282bb2a4b20 Exception <a 'java/lang/ClassNotFoundException'{0x00000000ea85be00}: org/gradle/plugin/use/internal/PluginRequestCollector$PluginDependenciesSpecImplBeanInfo> (0x00000000ea85be00) 
thrown [s\src\hotspot\share\classfile\systemDictionary.cpp, line 313]
Event: 564.827 Thread 0x00000282bb2a4b20 Exception <a 'java/lang/ClassNotFoundException'{0x00000000ea86e550}: org/gradle/plugin/use/internal/PluginRequestCollector$PluginDependenciesSpecImplCustomizer> (0x00000000ea86e550) 
thrown [s\src\hotspot\share\classfile\systemDictionary.cpp, line 313]
Event: 564.954 Thread 0x00000282bb2a4b20 Exception <a 'java/lang/NoSuchMethodError'{0x00000000ea87cc58}: 'java.lang.Object java.lang.invoke.DirectMethodHandle$Holder.invokeVirtual(java.lang.Object, java.lang.Object, java.lang.Object, int)'> (0x00000000ea87cc58) 
thrown [s\src\hotspot\share\interpreter\linkResolver.cpp, line 773]

ZGC Phase Switch (0 events):
No events

VM Operations (20 events):
Event: 546.512 Executing safepoint VM operation: Cleanup
Event: 546.512 Executing safepoint VM operation: Cleanup done
Event: 549.523 Executing safepoint VM operation: Cleanup
Event: 549.858 Executing safepoint VM operation: Cleanup done
Event: 550.897 Executing safepoint VM operation: Cleanup
Event: 551.186 Executing safepoint VM operation: Cleanup done
Event: 554.214 Executing safepoint VM operation: Cleanup
Event: 554.229 Executing safepoint VM operation: Cleanup done
Event: 555.234 Executing safepoint VM operation: Cleanup
Event: 555.267 Executing safepoint VM operation: Cleanup done
Event: 557.288 Executing safepoint VM operation: Cleanup
Event: 557.334 Executing safepoint VM operation: Cleanup done
Event: 558.337 Executing safepoint VM operation: Cleanup
Event: 558.387 Executing safepoint VM operation: Cleanup done
Event: 559.388 Executing safepoint VM operation: Cleanup
Event: 560.155 Executing safepoint VM operation: Cleanup done
Event: 561.156 Executing safepoint VM operation: Cleanup
Event: 561.171 Executing safepoint VM operation: Cleanup done
Event: 564.194 Executing safepoint VM operation: Cleanup
Event: 564.210 Executing safepoint VM operation: Cleanup done

Memory protections (0 events):
No events

Nmethod flushes (20 events):
Event: 163.519 Thread 0x000002829ffae5c0 flushing  nmethod 0x000002828d618f10
Event: 163.519 Thread 0x000002829ffae5c0 flushing  nmethod 0x000002828d61f210
Event: 163.519 Thread 0x000002829ffae5c0 flushing  nmethod 0x000002828d84d910
Event: 163.519 Thread 0x000002829ffae5c0 flushing  nmethod 0x000002828d862190
Event: 163.519 Thread 0x000002829ffae5c0 flushing  nmethod 0x000002828d8dd410
Event: 163.519 Thread 0x000002829ffae5c0 flushing  nmethod 0x000002828d6f9890
Event: 163.519 Thread 0x000002829ffae5c0 flushing  nmethod 0x000002828d721b90
Event: 163.519 Thread 0x000002829ffae5c0 flushing  nmethod 0x000002828d722990
Event: 163.519 Thread 0x000002829ffae5c0 flushing  nmethod 0x000002828d78ba10
Event: 163.519 Thread 0x000002829ffae5c0 flushing  nmethod 0x000002828d78d990
Event: 163.519 Thread 0x000002829ffae5c0 flushing  nmethod 0x000002828d78f910
Event: 163.519 Thread 0x000002829ffae5c0 flushing  nmethod 0x000002828d795310
Event: 163.519 Thread 0x000002829ffae5c0 flushing  nmethod 0x000002828d7cae10
Event: 163.519 Thread 0x000002829ffae5c0 flushing  nmethod 0x000002828d7d3690
Event: 163.519 Thread 0x000002829ffae5c0 flushing  nmethod 0x000002828d7d4210
Event: 163.519 Thread 0x000002829ffae5c0 flushing  nmethod 0x000002828d7d5810
Event: 163.519 Thread 0x000002829ffae5c0 flushing  nmethod 0x000002828d8b6490
Event: 163.519 Thread 0x000002829ffae5c0 flushing  nmethod 0x000002828d8b7910
Event: 163.519 Thread 0x000002829ffae5c0 flushing  nmethod 0x000002828d8bc610
Event: 163.519 Thread 0x000002829ffae5c0 flushing  nmethod 0x000002828d8bee10

Events (20 events):
Event: 150.966 Thread 0x00000282bb2a4b20 Thread added: 0x00000282ba17d8b0
Event: 151.349 Thread 0x00000282ba17d8b0 Thread added: 0x00000282ba17ec60
Event: 151.500 Thread 0x00000282bb2a4b20 Thread added: 0x00000282ba17df40
Event: 152.965 Thread 0x000002829ffdd470 Thread added: 0x00000282bda0cec0
Event: 153.234 Thread 0x00000282bda0cec0 Thread exited: 0x00000282bda0cec0
Event: 154.557 Thread 0x000002829ffe1600 Thread added: 0x00000282bcf014f0
Event: 155.279 Thread 0x00000282bb2a4b20 Thread added: 0x00000282bc8fb210
Event: 155.399 Thread 0x00000282bcf014f0 Thread exited: 0x00000282bcf014f0
Event: 155.490 Thread 0x00000282bb2a4b20 Thread added: 0x00000282bc8f9e60
Event: 156.636 Thread 0x00000282bb2a4b20 Thread added: 0x00000282bc8fcc50
Event: 156.685 Thread 0x00000282bb2a4b20 Thread added: 0x00000282bc8fa4f0
Event: 157.537 Thread 0x00000282bb2a4b20 Thread added: 0x00000282bc8fb8a0
Event: 157.985 Thread 0x00000282bb2a4b20 Thread added: 0x00000282bc8fbf30
Event: 159.270 Thread 0x00000282bb2a4b20 Thread added: 0x00000282bc8fc5c0
Event: 159.788 Thread 0x00000282bb2a4b20 Thread added: 0x00000282bc8f97d0
Event: 228.797 Thread 0x00000282bb2a4b20 Thread added: 0x00000282bc900760
Event: 250.182 Thread 0x00000282bb2a4b20 Thread added: 0x00000282bc8fed20
Event: 366.177 Thread 0x00000282ba17ec60 Thread exited: 0x00000282ba17ec60
Event: 534.687 Thread 0x00000282ba17d8b0 Thread added: 0x00000282bc900df0
Event: 537.317 Thread 0x00000282bb2a4b20 Thread added: 0x00000282bc8fd970


Dynamic libraries:
0x00007ff788460000 - 0x00007ff78846e000 	C:\Users\pjoo6\.vscode\extensions\redhat.java-1.56.0-win32-x64\jre\21.0.12.1-win32-x86_64\bin\java.exe
0x00007ff99aa60000 - 0x00007ff99acc6000 	C:\WINDOWS\SYSTEM32\ntdll.dll
0x00007ff99a240000 - 0x00007ff99a309000 	C:\WINDOWS\System32\KERNEL32.DLL
0x00007ff998030000 - 0x00007ff99842f000 	C:\WINDOWS\System32\KERNELBASE.dll
0x00007ff991d00000 - 0x00007ff991d9f000 	C:\WINDOWS\SYSTEM32\apphelp.dll
0x00007ff997e20000 - 0x00007ff997f6c000 	C:\WINDOWS\System32\ucrtbase.dll
0x00007ff956890000 - 0x00007ff9568a8000 	C:\Users\pjoo6\.vscode\extensions\redhat.java-1.56.0-win32-x64\jre\21.0.12.1-win32-x86_64\bin\jli.dll
0x00007ff998cd0000 - 0x00007ff998e96000 	C:\WINDOWS\System32\USER32.dll
0x00007ff997d30000 - 0x00007ff997d57000 	C:\WINDOWS\System32\win32u.dll
0x00007ff999030000 - 0x00007ff99905b000 	C:\WINDOWS\System32\GDI32.dll
0x00007ff9984d0000 - 0x00007ff9985f9000 	C:\WINDOWS\System32\gdi32full.dll
0x00007ff997f80000 - 0x00007ff998023000 	C:\WINDOWS\System32\msvcp_win.dll
0x00007ff96ef70000 - 0x00007ff96f201000 	C:\WINDOWS\WinSxS\amd64_microsoft.windows.common-controls_6595b64144ccf1df_6.0.26100.8972_none_3e0da176e32f9d4b\COMCTL32.dll
0x00007ff998c20000 - 0x00007ff998cc9000 	C:\WINDOWS\System32\msvcrt.dll
0x00007ff967490000 - 0x00007ff9674ae000 	C:\Users\pjoo6\.vscode\extensions\redhat.java-1.56.0-win32-x64\jre\21.0.12.1-win32-x86_64\bin\VCRUNTIME140.dll
0x00007ff99a5d0000 - 0x00007ff99a602000 	C:\WINDOWS\System32\IMM32.DLL
0x00007ff98d290000 - 0x00007ff98d29c000 	C:\Users\pjoo6\.vscode\extensions\redhat.java-1.56.0-win32-x64\jre\21.0.12.1-win32-x86_64\bin\vcruntime140_1.dll
0x00007ff937dd0000 - 0x00007ff937e5d000 	C:\Users\pjoo6\.vscode\extensions\redhat.java-1.56.0-win32-x64\jre\21.0.12.1-win32-x86_64\bin\msvcp140.dll
0x00007ff927730000 - 0x00007ff9284d2000 	C:\Users\pjoo6\.vscode\extensions\redhat.java-1.56.0-win32-x64\jre\21.0.12.1-win32-x86_64\bin\server\jvm.dll
0x00007ff9999e0000 - 0x00007ff999a9c000 	C:\WINDOWS\System32\ADVAPI32.dll
0x00007ff9998d0000 - 0x00007ff99997a000 	C:\WINDOWS\System32\sechost.dll
0x00007ff999480000 - 0x00007ff999598000 	C:\WINDOWS\System32\RPCRT4.dll
0x00007ff998ef0000 - 0x00007ff998f72000 	C:\WINDOWS\System32\WS2_32.dll
0x00007ff98e8e0000 - 0x00007ff98e916000 	C:\WINDOWS\SYSTEM32\WINMM.dll
0x00007ff997af0000 - 0x00007ff997b4e000 	C:\WINDOWS\SYSTEM32\POWRPROF.dll
0x00007ff98b5a0000 - 0x00007ff98b5ab000 	C:\WINDOWS\SYSTEM32\VERSION.dll
0x00007ff997ad0000 - 0x00007ff997ae5000 	C:\WINDOWS\SYSTEM32\UMPDC.dll
0x00007ff996930000 - 0x00007ff99694b000 	C:\WINDOWS\SYSTEM32\kernel.appcore.dll
0x00007ff98aeb0000 - 0x00007ff98aeba000 	C:\Users\pjoo6\.vscode\extensions\redhat.java-1.56.0-win32-x64\jre\21.0.12.1-win32-x86_64\bin\jimage.dll
0x00007ff995310000 - 0x00007ff995552000 	C:\WINDOWS\SYSTEM32\DBGHELP.DLL
0x00007ff999060000 - 0x00007ff9993e5000 	C:\WINDOWS\System32\combase.dll
0x00007ff9995b0000 - 0x00007ff999689000 	C:\WINDOWS\System32\OLEAUT32.dll
0x00007ff96ebb0000 - 0x00007ff96ebeb000 	C:\WINDOWS\SYSTEM32\dbgcore.DLL
0x00007ff997c70000 - 0x00007ff997d1c000 	C:\WINDOWS\System32\bcryptPrimitives.dll
0x00007ff972750000 - 0x00007ff97275f000 	C:\Users\pjoo6\.vscode\extensions\redhat.java-1.56.0-win32-x64\jre\21.0.12.1-win32-x86_64\bin\instrument.dll
0x00007ff947e60000 - 0x00007ff947e80000 	C:\Users\pjoo6\.vscode\extensions\redhat.java-1.56.0-win32-x64\jre\21.0.12.1-win32-x86_64\bin\java.dll
0x00007ff999ab0000 - 0x00007ff99a238000 	C:\WINDOWS\System32\SHELL32.dll
0x00007ff995560000 - 0x00007ff995dfb000 	C:\WINDOWS\SYSTEM32\windows.storage.dll
0x00007ff99a780000 - 0x00007ff99a879000 	C:\WINDOWS\System32\SHCORE.dll
0x00007ff9996b0000 - 0x00007ff999716000 	C:\WINDOWS\System32\shlwapi.dll
0x00007ff997b90000 - 0x00007ff997bb9000 	C:\WINDOWS\SYSTEM32\profapi.dll
0x00007ff947ce0000 - 0x00007ff947cf8000 	C:\Users\pjoo6\.vscode\extensions\redhat.java-1.56.0-win32-x64\jre\21.0.12.1-win32-x86_64\bin\zip.dll
0x00007ff979fa0000 - 0x00007ff979fb0000 	C:\Users\pjoo6\.vscode\extensions\redhat.java-1.56.0-win32-x64\jre\21.0.12.1-win32-x86_64\bin\net.dll
0x00007ff98da70000 - 0x00007ff98db98000 	C:\WINDOWS\SYSTEM32\WINHTTP.dll
0x00007ff996ef0000 - 0x00007ff996f5c000 	C:\WINDOWS\system32\mswsock.dll
0x00007ff947590000 - 0x00007ff9475a6000 	C:\Users\pjoo6\.vscode\extensions\redhat.java-1.56.0-win32-x64\jre\21.0.12.1-win32-x86_64\bin\nio.dll
0x00007ff96fea0000 - 0x00007ff96feb0000 	C:\Users\pjoo6\.vscode\extensions\redhat.java-1.56.0-win32-x64\jre\21.0.12.1-win32-x86_64\bin\verify.dll
0x00007ff93fb20000 - 0x00007ff93fb47000 	C:\Users\pjoo6\.gradle\native\660c5614fbf4a5f2a75b1949f50a0caf5cd603558e7d8a26e50b933a0cfb79d1\windows-amd64\native-platform.dll
0x00007ff9351d0000 - 0x00007ff935247000 	C:\Users\pjoo6\.gradle\native\0.2.8\x86_64-windows-gnu\gradle-fileevents.dll
0x00007ff96cde0000 - 0x00007ff96cdea000 	C:\Users\pjoo6\.vscode\extensions\redhat.java-1.56.0-win32-x64\jre\21.0.12.1-win32-x86_64\bin\management.dll
0x00007ff967940000 - 0x00007ff96794c000 	C:\Users\pjoo6\.vscode\extensions\redhat.java-1.56.0-win32-x64\jre\21.0.12.1-win32-x86_64\bin\management_ext.dll
0x00007ff9998c0000 - 0x00007ff9998c8000 	C:\WINDOWS\System32\PSAPI.DLL
0x00007ff9962d0000 - 0x00007ff996303000 	C:\WINDOWS\SYSTEM32\IPHLPAPI.DLL
0x00007ff99a880000 - 0x00007ff99a88a000 	C:\WINDOWS\System32\NSI.dll
0x00007ff967610000 - 0x00007ff967619000 	C:\Users\pjoo6\.vscode\extensions\redhat.java-1.56.0-win32-x64\jre\21.0.12.1-win32-x86_64\bin\extnet.dll
0x00007ff997200000 - 0x00007ff99721b000 	C:\WINDOWS\SYSTEM32\CRYPTSP.dll
0x00007ff996890000 - 0x00007ff9968c9000 	C:\WINDOWS\system32\rsaenh.dll
0x00007ff996fa0000 - 0x00007ff996fd2000 	C:\WINDOWS\SYSTEM32\USERENV.dll
0x00007ff997b60000 - 0x00007ff997b8a000 	C:\WINDOWS\SYSTEM32\bcrypt.dll
0x00007ff997220000 - 0x00007ff99722c000 	C:\WINDOWS\SYSTEM32\CRYPTBASE.dll
0x00007ff967270000 - 0x00007ff96727e000 	C:\Users\pjoo6\.vscode\extensions\redhat.java-1.56.0-win32-x64\jre\21.0.12.1-win32-x86_64\bin\sunmscapi.dll
0x00007ff998600000 - 0x00007ff99877e000 	C:\WINDOWS\System32\CRYPT32.dll
0x00007ff997440000 - 0x00007ff997470000 	C:\WINDOWS\SYSTEM32\ncrypt.dll
0x00007ff9973f0000 - 0x00007ff99742f000 	C:\WINDOWS\SYSTEM32\NTASN1.dll
0x00007ff96bab0000 - 0x00007ff96bab8000 	C:\WINDOWS\system32\wshunix.dll

JVMTI agents:
C:\Users\pjoo6\.gradle\wrapper\dists\gradle-9.5.1-bin\iq79hdu3mqx29lgffhp8bfmx\gradle-9.5.1\lib\agents\gradle-instrumentation-agent-9.5.1.jar path:C:\Users\pjoo6\.vscode\extensions\redhat.java-1.56.0-win32-x64\jre\21.0.12.1-win32-x86_64\bin\instrument.dll, loaded, initialized, instrumentlib options:none

dbghelp: loaded successfully - version: 4.0.5 - missing functions: none
symbol engine: initialized successfully - sym options: 0x614 - pdb path: .;C:\Users\pjoo6\.vscode\extensions\redhat.java-1.56.0-win32-x64\jre\21.0.12.1-win32-x86_64\bin;C:\WINDOWS\SYSTEM32;C:\WINDOWS\WinSxS\amd64_microsoft.windows.common-controls_6595b64144ccf1df_6.0.26100.8972_none_3e0da176e32f9d4b;C:\Users\pjoo6\.vscode\extensions\redhat.java-1.56.0-win32-x64\jre\21.0.12.1-win32-x86_64\bin\server;C:\Users\pjoo6\.gradle\native\660c5614fbf4a5f2a75b1949f50a0caf5cd603558e7d8a26e50b933a0cfb79d1\windows-amd64;C:\Users\pjoo6\.gradle\native\0.2.8\x86_64-windows-gnu

VM Arguments:
jvm_args: --add-opens=java.base/java.lang=ALL-UNNAMED --add-opens=java.base/java.lang.invoke=ALL-UNNAMED --add-opens=java.base/java.util=ALL-UNNAMED --add-opens=java.prefs/java.util.prefs=ALL-UNNAMED --add-exports=jdk.compiler/com.sun.tools.javac.api=ALL-UNNAMED --add-exports=jdk.compiler/com.sun.tools.javac.util=ALL-UNNAMED --add-opens=java.base/java.nio.charset=ALL-UNNAMED --add-opens=java.base/java.net=ALL-UNNAMED --add-opens=java.base/java.util.concurrent=ALL-UNNAMED --add-opens=java.base/java.util.concurrent.atomic=ALL-UNNAMED --add-opens=java.xml/javax.xml.namespace=ALL-UNNAMED --add-opens=java.base/java.time=ALL-UNNAMED -XX:MaxMetaspaceSize=384m -XX:+HeapDumpOnOutOfMemoryError -Xms256m -Xmx512m -Dfile.encoding=UTF-8 -Duser.country=KR -Duser.language=ko -Duser.variant -javaagent:C:\Users\pjoo6\.gradle\wrapper\dists\gradle-9.5.1-bin\iq79hdu3mqx29lgffhp8bfmx\gradle-9.5.1\lib\agents\gradle-instrumentation-agent-9.5.1.jar 
java_command: org.gradle.launcher.daemon.bootstrap.GradleDaemon 9.5.1
java_class_path (initial): C:\Users\pjoo6\.gradle\wrapper\dists\gradle-9.5.1-bin\iq79hdu3mqx29lgffhp8bfmx\gradle-9.5.1\lib\gradle-daemon-main-9.5.1.jar
Launcher Type: SUN_STANDARD

[Global flags]
     intx CICompilerCount                          = 4                                         {product} {ergonomic}
   size_t CompressedClassSpaceSize                 = 335544320                                 {product} {ergonomic}
     uint ConcGCThreads                            = 3                                         {product} {ergonomic}
     uint G1ConcRefinementThreads                  = 10                                        {product} {ergonomic}
   size_t G1HeapRegionSize                         = 1048576                                   {product} {ergonomic}
    uintx GCDrainStackTargetSize                   = 64                                        {product} {ergonomic}
     bool HeapDumpOnOutOfMemoryError               = true                                   {manageable} {command line}
   size_t InitialHeapSize                          = 268435456                                 {product} {command line}
   size_t MarkStackSize                            = 4194304                                   {product} {ergonomic}
   size_t MaxHeapSize                              = 536870912                                 {product} {command line}
   size_t MaxMetaspaceSize                         = 402653184                                 {product} {command line}
   size_t MaxNewSize                               = 321912832                                 {product} {ergonomic}
   size_t MinHeapDeltaBytes                        = 1048576                                   {product} {ergonomic}
   size_t MinHeapSize                              = 268435456                                 {product} {command line}
    uintx NonNMethodCodeHeapSize                   = 5839372                                {pd product} {ergonomic}
    uintx NonProfiledCodeHeapSize                  = 122909434                              {pd product} {ergonomic}
    uintx ProfiledCodeHeapSize                     = 122909434                              {pd product} {ergonomic}
    uintx ReservedCodeCacheSize                    = 251658240                              {pd product} {ergonomic}
     bool SegmentedCodeCache                       = true                                      {product} {ergonomic}
   size_t SoftMaxHeapSize                          = 536870912                              {manageable} {ergonomic}
     bool UseCompressedOops                        = true                           {product lp64_product} {ergonomic}
     bool UseG1GC                                  = true                                      {product} {ergonomic}
     bool UseLargePagesIndividualAllocation        = false                                  {pd product} {ergonomic}

Logging:
Log output configuration:
 #0: stdout all=warning uptime,level,tags foldmultilines=false
 #1: stderr all=off uptime,level,tags foldmultilines=false

Release file:
JAVA_VERSION="21.0.12.1" 
MODULES="java.base java.compiler java.datatransfer java.xml java.prefs java.desktop java.instrument java.logging java.management java.security.sasl java.naming java.rmi java.management.rmi java.net.http java.scripting java.security.jgss java.transaction.xa java.sql java.sql.rowset java.xml.crypto java.se java.smartcardio jdk.accessibility jdk.internal.jvmstat jdk.attach jdk.charsets jdk.internal.opt jdk.zipfs jdk.compiler jdk.crypto.ec jdk.crypto.cryptoki jdk.crypto.mscapi jdk.dynalink jdk.internal.ed jdk.editpad jdk.hotspot.agent jdk.httpserver jdk.internal.le jdk.internal.vm.ci jdk.internal.vm.compiler jdk.internal.vm.compiler.management jdk.jartool jdk.javadoc jdk.jcmd jdk.management jdk.management.agent jdk.jconsole jdk.jdeps jdk.jdwp.agent jdk.jdi jdk.jfr jdk.jshell jdk.jsobject jdk.jstatd jdk.localedata jdk.management.jfr jdk.naming.dns jdk.naming.rmi jdk.net jdk.nio.mapmode jdk.random jdk.sctp jdk.security.auth jdk.security.jgss jdk.unsupported jdk.unsupported.desktop jdk.xml.dom" 

Environment Variables:
JAVA_HOME=C:\Program Files\Java\jdk-17
PATH=C:\Program Files\Common Files\Oracle\Java\javapath;C:\windows\system32;C:\windows;C:\windows\System32\Wbem;C:\windows\System32\WindowsPowerShell\v1.0\;C:\windows\System32\OpenSSH\;C:\Program Files\nodejs\;C:\WINDOWS\system32;C:\WINDOWS;C:\WINDOWS\System32\Wbem;C:\WINDOWS\System32\WindowsPowerShell\v1.0\;C:\WINDOWS\System32\OpenSSH\;C:\Program Files (x86)\IncrediBuild;C:\Program Files\Git\cmd;C:\Program Files\dotnet\;C:\Users\pjoo6\AppData\Local\Programs\Python\Python39\Scripts\;C:\Users\pjoo6\AppData\Local\Programs\Python\Python39\;C:\Users\pjoo6\AppData\Local\Microsoft\WindowsApps;C:\Users\pjoo6\OneDrive\���� ȭ��\opencv\build\x64\vc15\bin;C:\Users\pjoo6\AppData\Local\Programs\Microsoft VS Code\bin
USERNAME=pjoo6
OS=Windows_NT
PROCESSOR_IDENTIFIER=Intel64 Family 6 Model 186 Stepping 3, GenuineIntel
TMP=C:\Users\pjoo6\AppData\Local\Temp
TEMP=C:\Users\pjoo6\AppData\Local\Temp




Periodic native trim disabled

---------------  S Y S T E M  ---------------

OS:
 Windows 11 , 64 bit Build 26100 (10.0.26100.9168)
OS uptime: 2 days 1:18 hours
Hyper-V role detected

CPU: total 12 (initial active 12) (6 cores per cpu, 2 threads per core) family 6 model 186 stepping 3 microcode 0x6134, cx8, cmov, fxsr, ht, mmx, 3dnowpref, sse, sse2, sse3, ssse3, sse4.1, sse4.2, popcnt, lzcnt, tsc, tscinvbit, avx, avx2, aes, erms, clmul, bmi1, bmi2, adx, sha, fma, vzeroupper, clflush, clflushopt, clwb, hv, serialize, rdtscp, rdpid, fsrm, f16c, cet_ibt, cet_ss
Processor Information for the first 12 processors :
  Max Mhz: 1300, Current Mhz: 1300, Mhz Limit: 1300

Memory: 4k page, system-wide physical 16027M (1036M free)
TotalPageFile size 65179M (AvailPageFile size 1813M)
current process WorkingSet (physical memory assigned to process): 126M, peak: 270M
current process commit charge ("private bytes"): 456M, peak: 462M

vm_info: OpenJDK 64-Bit Server VM (21.0.12.1+1-LTS) for windows-amd64 JRE (21.0.12.1+1-LTS), built on 2026-08-18T00:00:00Z by "admin" with MS VC++ 17.12 (VS2022)

END.
