#
# There is insufficient memory for the Java Runtime Environment to continue.
# Native memory allocation (malloc) failed to allocate 227616 bytes. Error detail: Chunk::new
# Possible reasons:
#   The system is out of physical RAM or swap space
#   This process is running with CompressedOops enabled, and the Java Heap may be blocking the growth of the native heap
# Possible solutions:
#   Reduce memory load on the system
#   Increase physical memory or swap space
#   Check if swap backing store is full
#   Decrease Java heap size (-Xmx/-Xms)
#   Decrease number of Java threads
#   Decrease Java thread stack sizes (-Xss)
#   Set larger code cache with -XX:ReservedCodeCacheSize=
#   JVM is running with Unscaled Compressed Oops mode in which the Java heap is
#     placed in the first 4GB address space. The Java Heap base address is the
#     maximum limit for the native heap growth. Please use -XX:HeapBaseMinAddress
#     to set the Java Heap base and to place the Java Heap above 4GB virtual address.
# This output file may be truncated or incomplete.
#
#  Out of Memory Error (arena.cpp:168), pid=38988, tid=32316
#
# JRE version: OpenJDK Runtime Environment Temurin-21.0.12.1+1 (21.0.12.1+1) (build 21.0.12.1+1-LTS)
# Java VM: OpenJDK 64-Bit Server VM Temurin-21.0.12.1+1 (21.0.12.1+1-LTS, mixed mode, sharing, tiered, compressed oops, compressed class ptrs, g1 gc, windows-amd64)
# No core dump will be written. Minidumps are not enabled by default on client versions of Windows
#

---------------  S U M M A R Y ------------

Command Line: --add-opens=java.base/java.lang=ALL-UNNAMED --add-opens=java.base/java.lang.invoke=ALL-UNNAMED --add-opens=java.base/java.util=ALL-UNNAMED --add-opens=java.prefs/java.util.prefs=ALL-UNNAMED --add-exports=jdk.compiler/com.sun.tools.javac.api=ALL-UNNAMED --add-exports=jdk.compiler/com.sun.tools.javac.util=ALL-UNNAMED --add-opens=java.base/java.nio.charset=ALL-UNNAMED --add-opens=java.base/java.net=ALL-UNNAMED --add-opens=java.base/java.util.concurrent=ALL-UNNAMED --add-opens=java.base/java.util.concurrent.atomic=ALL-UNNAMED --add-opens=java.xml/javax.xml.namespace=ALL-UNNAMED --add-opens=java.base/java.time=ALL-UNNAMED -XX:MaxMetaspaceSize=384m -XX:+HeapDumpOnOutOfMemoryError -Xms256m -Xmx512m -Dfile.encoding=UTF-8 -Duser.country=KR -Duser.language=ko -Duser.variant -javaagent:C:\Users\pjoo6\.gradle\wrapper\dists\gradle-9.5.1-bin\iq79hdu3mqx29lgffhp8bfmx\gradle-9.5.1\lib\agents\gradle-instrumentation-agent-9.5.1.jar org.gradle.launcher.daemon.bootstrap.GradleDaemon 9.5.1

Host: 13th Gen Intel(R) Core(TM) i5-1335U, 12 cores, 15G,  Windows 11 , 64 bit Build 26100 (10.0.26100.9168)
Time: Thu Sep 10 11:13:21 2026 elapsed time: 338.001197 seconds (0d 0h 5m 38s)

---------------  T H R E A D  ---------------

Current thread (0x000001a5fa374910):  JavaThread "C2 CompilerThread0" daemon [_thread_in_native, id=32316, stack(0x0000004b59a00000,0x0000004b59b00000) (1024K)]


Current CompileTask:
C2:338012 4328       4       org.gradle.internal.remote.internal.inet.MultiChoiceAddressSerializer::read (95 bytes)

Stack: [0x0000004b59a00000,0x0000004b59b00000]
Native frames: (J=compiled Java code, j=interpreted, Vv=VM code, C=native code)
V  [jvm.dll+0x6d83e9]
V  [jvm.dll+0x8b5736]
V  [jvm.dll+0x8b7cee]
V  [jvm.dll+0x8b83d3]
V  [jvm.dll+0x284596]
V  [jvm.dll+0xc685d]
V  [jvm.dll+0xc6da1]
V  [jvm.dll+0x2fb5ae]
V  [jvm.dll+0x5fee94]
V  [jvm.dll+0x255d67]
V  [jvm.dll+0x24ddab]
V  [jvm.dll+0x24bbe6]
V  [jvm.dll+0x1cb4ae]
V  [jvm.dll+0x25baad]
V  [jvm.dll+0x25a03a]
V  [jvm.dll+0x3f8aae]
V  [jvm.dll+0x8600cd]
V  [jvm.dll+0x6d6c1d]
C  [ucrtbase.dll+0x2cd30]
C  [KERNEL32.DLL+0x2ccb7]
C  [ntdll.dll+0xaad6c]


---------------  P R O C E S S  ---------------

Threads class SMR info:
_java_thread_list=0x000001a595dfe000, length=32, elements={
0x000001a5e45bfe80, 0x000001a5fa363750, 0x000001a5fa3661c0, 0x000001a5fa366c20,
0x000001a5fa368690, 0x000001a5fa36b100, 0x000001a5fa36bb60, 0x000001a5fa374910,
0x000001a5fa3753b0, 0x000001a5fa60f460, 0x000001a5fa698f70, 0x000001a5ff1650b0,
0x000001a5ff572e60, 0x000001a595711390, 0x000001a595069350, 0x000001a5ff5b21a0,
0x000001a5ffd06b70, 0x000001a5ffc6bdd0, 0x000001a5ffdab010, 0x000001a5954ddde0,
0x000001a5954daff0, 0x000001a5954dca30, 0x000001a5954dd0c0, 0x000001a5954db680,
0x000001a5954dbd10, 0x000001a5965cb950, 0x000001a5965ce0b0, 0x000001a5965cd390,
0x000001a5965cc670, 0x000001a5965cda20, 0x000001a5965ce740, 0x000001a5965ccd00
}

Java Threads: ( => current thread )
  0x000001a5e45bfe80 JavaThread "main"                              [_thread_blocked, id=2772, stack(0x0000004b58c00000,0x0000004b58d00000) (1024K)]
  0x000001a5fa363750 JavaThread "Reference Handler"          daemon [_thread_blocked, id=25860, stack(0x0000004b59400000,0x0000004b59500000) (1024K)]
  0x000001a5fa3661c0 JavaThread "Finalizer"                  daemon [_thread_blocked, id=32532, stack(0x0000004b59500000,0x0000004b59600000) (1024K)]
  0x000001a5fa366c20 JavaThread "Signal Dispatcher"          daemon [_thread_blocked, id=32300, stack(0x0000004b59600000,0x0000004b59700000) (1024K)]
  0x000001a5fa368690 JavaThread "Attach Listener"            daemon [_thread_blocked, id=32304, stack(0x0000004b59700000,0x0000004b59800000) (1024K)]
  0x000001a5fa36b100 JavaThread "Service Thread"             daemon [_thread_blocked, id=32308, stack(0x0000004b59800000,0x0000004b59900000) (1024K)]
  0x000001a5fa36bb60 JavaThread "Monitor Deflation Thread"   daemon [_thread_blocked, id=32312, stack(0x0000004b59900000,0x0000004b59a00000) (1024K)]
=>0x000001a5fa374910 JavaThread "C2 CompilerThread0"         daemon [_thread_in_native, id=32316, stack(0x0000004b59a00000,0x0000004b59b00000) (1024K)]
  0x000001a5fa3753b0 JavaThread "C1 CompilerThread0"         daemon [_thread_blocked, id=15344, stack(0x0000004b59b00000,0x0000004b59c00000) (1024K)]
  0x000001a5fa60f460 JavaThread "Common-Cleaner"             daemon [_thread_blocked, id=37028, stack(0x0000004b59c00000,0x0000004b59d00000) (1024K)]
  0x000001a5fa698f70 JavaThread "Notification Thread"        daemon [_thread_blocked, id=15584, stack(0x0000004b59d00000,0x0000004b59e00000) (1024K)]
  0x000001a5ff1650b0 JavaThread "Daemon health stats"               [_thread_blocked, id=31456, stack(0x0000004b58a00000,0x0000004b58b00000) (1024K)]
  0x000001a5ff572e60 JavaThread "Incoming local TCP Connector on port 62383"        [_thread_in_native, id=33060, stack(0x0000004b58b00000,0x0000004b58c00000) (1024K)]
  0x000001a595711390 JavaThread "Daemon periodic checks"            [_thread_blocked, id=42032, stack(0x0000004b5a300000,0x0000004b5a400000) (1024K)]
  0x000001a595069350 JavaThread "Daemon"                            [_thread_blocked, id=44016, stack(0x0000004b5a500000,0x0000004b5a600000) (1024K)]
  0x000001a5ff5b21a0 JavaThread "Handler for socket connection from /127.0.0.1:62383 to /127.0.0.1:60609"        [_thread_in_native, id=44024, stack(0x0000004b5a600000,0x0000004b5a700000) (1024K)]
  0x000001a5ffd06b70 JavaThread "Cancel handler"                    [_thread_blocked, id=34016, stack(0x0000004b5a700000,0x0000004b5a800000) (1024K)]
  0x000001a5ffc6bdd0 JavaThread "Daemon worker"                     [_thread_blocked, id=43844, stack(0x0000004b5a800000,0x0000004b5a900000) (1024K)]
  0x000001a5ffdab010 JavaThread "Asynchronous log dispatcher for DefaultDaemonConnection: socket connection from /127.0.0.1:62383 to /127.0.0.1:60609"        [_thread_blocked, id=40984, stack(0x0000004b5a900000,0x0000004b5aa00000) (1024K)]
  0x000001a5954ddde0 JavaThread "Stdin handler"                     [_thread_blocked, id=42816, stack(0x0000004b5aa00000,0x0000004b5ab00000) (1024K)]
  0x000001a5954daff0 JavaThread "Daemon client event forwarder"        [_thread_blocked, id=9764, stack(0x0000004b5ab00000,0x0000004b5ac00000) (1024K)]
  0x000001a5954dca30 JavaThread "Cache worker for journal cache (C:\Users\pjoo6\.gradle\caches\journal-1)"        [_thread_blocked, id=40488, stack(0x0000004b5ac00000,0x0000004b5ad00000) (1024K)]
  0x000001a5954dd0c0 JavaThread "File lock request listener"        [_thread_in_native, id=39884, stack(0x0000004b5ad00000,0x0000004b5ae00000) (1024K)]
  0x000001a5954db680 JavaThread "Cache worker for file hash cache (C:\Users\pjoo6\.gradle\caches\9.5.1\fileHashes)"        [_thread_blocked, id=44512, stack(0x0000004b5af00000,0x0000004b5b000000) (1024K)]
  0x000001a5954dbd10 JavaThread "Cache worker for file hash cache (C:\Users\pjoo6\OneDrive\바탕 화면\springweb\.gradle\9.5.1\fileHashes)"        [_thread_blocked, id=45732, stack(0x0000004b5b400000,0x0000004b5b500000) (1024K)]
  0x000001a5965cb950 JavaThread "Cache worker for Build Output Cleanup Cache (C:\Users\pjoo6\OneDrive\바탕 화면\springweb\.gradle\buildOutputCleanup)"        [_thread_blocked, id=45764, stack(0x0000004b5b500000,0x0000004b5b600000) (1024K)]
  0x000001a5965ce0b0 JavaThread "File watcher server"        daemon [_thread_in_native, id=46044, stack(0x0000004b5b600000,0x0000004b5b700000) (1024K)]
  0x000001a5965cd390 JavaThread "File watcher consumer"      daemon [_thread_blocked, id=46052, stack(0x0000004b5b700000,0x0000004b5b800000) (1024K)]
  0x000001a5965cc670 JavaThread "Cache worker for file content cache (C:\Users\pjoo6\.gradle\caches\9.5.1\fileContent)"        [_thread_blocked, id=44344, stack(0x0000004b5b800000,0x0000004b5b900000) (1024K)]
  0x000001a5965cda20 JavaThread "Cache worker for checksums cache (C:\Users\pjoo6\OneDrive\바탕 화면\springweb\.gradle\9.5.1\checksums)"        [_thread_blocked, id=42468, stack(0x0000004b5b900000,0x0000004b5ba00000) (1024K)]
  0x000001a5965ce740 JavaThread "Cache worker for cache directory md-supplier (C:\Users\pjoo6\.gradle\caches\9.5.1\md-supplier)"        [_thread_blocked, id=37936, stack(0x0000004b5ba00000,0x0000004b5bb00000) (1024K)]
  0x000001a5965ccd00 JavaThread "Cache worker for cache directory md-rule (C:\Users\pjoo6\.gradle\caches\9.5.1\md-rule)"        [_thread_blocked, id=41280, stack(0x0000004b5bb00000,0x0000004b5bc00000) (1024K)]
Total: 32

Other Threads:
  0x000001a5fa343f20 VMThread "VM Thread"                           [id=14456, stack(0x0000004b59300000,0x0000004b59400000) (1024K)]
  0x000001a5fa4309d0 WatcherThread "VM Periodic Task Thread"        [id=39136, stack(0x0000004b59200000,0x0000004b59300000) (1024K)]
  0x000001a5e45ebd80 WorkerThread "GC Thread#0"                     [id=9368, stack(0x0000004b58d00000,0x0000004b58e00000) (1024K)]
  0x000001a5fadedd20 WorkerThread "GC Thread#1"                     [id=33932, stack(0x0000004b59e00000,0x0000004b59f00000) (1024K)]
  0x000001a5fadee0d0 WorkerThread "GC Thread#2"                     [id=27160, stack(0x0000004b59f00000,0x0000004b5a000000) (1024K)]
  0x000001a5fadee480 WorkerThread "GC Thread#3"                     [id=12488, stack(0x0000004b5a000000,0x0000004b5a100000) (1024K)]
  0x000001a5fadee830 WorkerThread "GC Thread#4"                     [id=35528, stack(0x0000004b5a100000,0x0000004b5a200000) (1024K)]
  0x000001a5fadeebe0 WorkerThread "GC Thread#5"                     [id=16928, stack(0x0000004b5a200000,0x0000004b5a300000) (1024K)]
  0x000001a595839bb0 WorkerThread "GC Thread#6"                     [id=45096, stack(0x0000004b58900000,0x0000004b58a00000) (1024K)]
  0x000001a59583bce0 WorkerThread "GC Thread#7"                     [id=45100, stack(0x0000004b5a400000,0x0000004b5a500000) (1024K)]
  0x000001a59583aa70 WorkerThread "GC Thread#8"                     [id=45104, stack(0x0000004b5b000000,0x0000004b5b100000) (1024K)]
  0x000001a59583c440 WorkerThread "GC Thread#9"                     [id=45108, stack(0x0000004b5b100000,0x0000004b5b200000) (1024K)]
  0x000001a5e45f0c80 ConcurrentGCThread "G1 Main Marker"            [id=24224, stack(0x0000004b58e00000,0x0000004b58f00000) (1024K)]
  0x000001a5e45f16a0 WorkerThread "G1 Conc#0"                       [id=35236, stack(0x0000004b58f00000,0x0000004b59000000) (1024K)]
  0x000001a595839f60 WorkerThread "G1 Conc#1"                       [id=45120, stack(0x0000004b5b200000,0x0000004b5b300000) (1024K)]
  0x000001a59583c7f0 WorkerThread "G1 Conc#2"                       [id=45124, stack(0x0000004b5b300000,0x0000004b5b400000) (1024K)]
  0x000001a5fa2886d0 ConcurrentGCThread "G1 Refine#0"               [id=36040, stack(0x0000004b59000000,0x0000004b59100000) (1024K)]
  0x000001a5fa28cf10 ConcurrentGCThread "G1 Service"                [id=11104, stack(0x0000004b59100000,0x0000004b59200000) (1024K)]
Total: 18

Threads with active compile tasks:
C2 CompilerThread0  343064 4328       4       org.gradle.internal.remote.internal.inet.MultiChoiceAddressSerializer::read (95 bytes)
Total: 1

VM state: not at safepoint (normal execution)

VM Mutex/Monitor currently owned by a thread: None

Heap address: 0x00000000e0000000, size: 512 MB, Compressed Oops mode: 32-bit

CDS archive(s) mapped at: [0x000001a580000000-0x000001a580ba0000-0x000001a580ba0000), size 12189696, SharedBaseAddress: 0x000001a580000000, ArchiveRelocationMode: 1.
Compressed class space mapped at: 0x000001a581000000-0x000001a595000000, reserved size: 335544320
Narrow klass base: 0x000001a580000000, Narrow klass shift: 0, Narrow klass range: 0x100000000

GC Precious Log:
 CardTable entry size: 512
 Card Set container configuration: InlinePtr #cards 5 size 8 Array Of Cards #cards 12 size 40 Howl #buckets 4 coarsen threshold 1843 Howl Bitmap #cards 512 size 80 coarsen threshold 460 Card regions per heap region 1 cards per card region 2048
 CPUs: 12 total, 12 available
 Memory: 16027M
 Large Page Support: Disabled
 NUMA Support: Disabled
 Compressed Oops: Enabled (32-bit)
 Heap Region Size: 1M
 Heap Min Capacity: 256M
 Heap Initial Capacity: 256M
 Heap Max Capacity: 512M
 Pre-touch: Disabled
 Parallel Workers: 10
 Concurrent Workers: 3
 Concurrent Refinement Workers: 10
 Periodic GC: Disabled

Heap:
 garbage-first heap   total 262144K, used 119470K [0x00000000e0000000, 0x0000000100000000)
  region size 1024K, 107 young (109568K), 12 survivors (12288K)
 Metaspace       used 32038K, committed 33344K, reserved 393216K
  class space    used 4822K, committed 5440K, reserved 327680K

Heap Regions: E=young(eden), S=young(survivor), O=old, HS=humongous(starts), HC=humongous(continues), CS=collection set, F=free, TAMS=top-at-mark-start, PB=parsable bottom
|   0|0x00000000e0000000, 0x00000000e0100000, 0x00000000e0100000|100%|HS|  |TAMS 0x00000000e0000000| PB 0x00000000e0000000| Complete 
|   1|0x00000000e0100000, 0x00000000e0200000, 0x00000000e0200000|100%|HC|  |TAMS 0x00000000e0100000| PB 0x00000000e0100000| Complete 
|   2|0x00000000e0200000, 0x00000000e0300000, 0x00000000e0300000|100%|HC|  |TAMS 0x00000000e0200000| PB 0x00000000e0200000| Complete 
|   3|0x00000000e0300000, 0x00000000e0400000, 0x00000000e0400000|100%|HC|  |TAMS 0x00000000e0300000| PB 0x00000000e0300000| Complete 
|   4|0x00000000e0400000, 0x00000000e0500000, 0x00000000e0500000|100%| O|  |TAMS 0x00000000e0400000| PB 0x00000000e0400000| Untracked 
|   5|0x00000000e0500000, 0x00000000e0600000, 0x00000000e0600000|100%| O|  |TAMS 0x00000000e0500000| PB 0x00000000e0500000| Untracked 
|   6|0x00000000e0600000, 0x00000000e0700000, 0x00000000e0700000|100%| O|  |TAMS 0x00000000e0600000| PB 0x00000000e0600000| Untracked 
|   7|0x00000000e0700000, 0x00000000e0800000, 0x00000000e0800000|100%| O|Cm|TAMS 0x00000000e0700000| PB 0x00000000e0700000| Complete 
|   8|0x00000000e0800000, 0x00000000e0900000, 0x00000000e0900000|100%|HS|  |TAMS 0x00000000e0800000| PB 0x00000000e0800000| Complete 
|   9|0x00000000e0900000, 0x00000000e0900000, 0x00000000e0a00000|  0%| F|  |TAMS 0x00000000e0900000| PB 0x00000000e0900000| Untracked 
|  10|0x00000000e0a00000, 0x00000000e0b00000, 0x00000000e0b00000|100%| O|  |TAMS 0x00000000e0a00000| PB 0x00000000e0a00000| Untracked 
|  11|0x00000000e0b00000, 0x00000000e0c00000, 0x00000000e0c00000|100%| O|  |TAMS 0x00000000e0b00000| PB 0x00000000e0b00000| Untracked 
|  12|0x00000000e0c00000, 0x00000000e0cf9970, 0x00000000e0d00000| 97%| O|  |TAMS 0x00000000e0c00000| PB 0x00000000e0c00000| Untracked 
|  13|0x00000000e0d00000, 0x00000000e0d00000, 0x00000000e0e00000|  0%| F|  |TAMS 0x00000000e0d00000| PB 0x00000000e0d00000| Untracked 
|  14|0x00000000e0e00000, 0x00000000e0e00000, 0x00000000e0f00000|  0%| F|  |TAMS 0x00000000e0e00000| PB 0x00000000e0e00000| Untracked 
|  15|0x00000000e0f00000, 0x00000000e0f00000, 0x00000000e1000000|  0%| F|  |TAMS 0x00000000e0f00000| PB 0x00000000e0f00000| Untracked 
|  16|0x00000000e1000000, 0x00000000e1000000, 0x00000000e1100000|  0%| F|  |TAMS 0x00000000e1000000| PB 0x00000000e1000000| Untracked 
|  17|0x00000000e1100000, 0x00000000e1100000, 0x00000000e1200000|  0%| F|  |TAMS 0x00000000e1100000| PB 0x00000000e1100000| Untracked 
|  18|0x00000000e1200000, 0x00000000e1200000, 0x00000000e1300000|  0%| F|  |TAMS 0x00000000e1200000| PB 0x00000000e1200000| Untracked 
|  19|0x00000000e1300000, 0x00000000e1300000, 0x00000000e1400000|  0%| F|  |TAMS 0x00000000e1300000| PB 0x00000000e1300000| Untracked 
|  20|0x00000000e1400000, 0x00000000e1400000, 0x00000000e1500000|  0%| F|  |TAMS 0x00000000e1400000| PB 0x00000000e1400000| Untracked 
|  21|0x00000000e1500000, 0x00000000e1500000, 0x00000000e1600000|  0%| F|  |TAMS 0x00000000e1500000| PB 0x00000000e1500000| Untracked 
|  22|0x00000000e1600000, 0x00000000e1600000, 0x00000000e1700000|  0%| F|  |TAMS 0x00000000e1600000| PB 0x00000000e1600000| Untracked 
|  23|0x00000000e1700000, 0x00000000e1700000, 0x00000000e1800000|  0%| F|  |TAMS 0x00000000e1700000| PB 0x00000000e1700000| Untracked 
|  24|0x00000000e1800000, 0x00000000e1800000, 0x00000000e1900000|  0%| F|  |TAMS 0x00000000e1800000| PB 0x00000000e1800000| Untracked 
|  25|0x00000000e1900000, 0x00000000e1900000, 0x00000000e1a00000|  0%| F|  |TAMS 0x00000000e1900000| PB 0x00000000e1900000| Untracked 
|  26|0x00000000e1a00000, 0x00000000e1a00000, 0x00000000e1b00000|  0%| F|  |TAMS 0x00000000e1a00000| PB 0x00000000e1a00000| Untracked 
|  27|0x00000000e1b00000, 0x00000000e1b00000, 0x00000000e1c00000|  0%| F|  |TAMS 0x00000000e1b00000| PB 0x00000000e1b00000| Untracked 
|  28|0x00000000e1c00000, 0x00000000e1c00000, 0x00000000e1d00000|  0%| F|  |TAMS 0x00000000e1c00000| PB 0x00000000e1c00000| Untracked 
|  29|0x00000000e1d00000, 0x00000000e1d00000, 0x00000000e1e00000|  0%| F|  |TAMS 0x00000000e1d00000| PB 0x00000000e1d00000| Untracked 
|  30|0x00000000e1e00000, 0x00000000e1e00000, 0x00000000e1f00000|  0%| F|  |TAMS 0x00000000e1e00000| PB 0x00000000e1e00000| Untracked 
|  31|0x00000000e1f00000, 0x00000000e1f00000, 0x00000000e2000000|  0%| F|  |TAMS 0x00000000e1f00000| PB 0x00000000e1f00000| Untracked 
|  32|0x00000000e2000000, 0x00000000e2000000, 0x00000000e2100000|  0%| F|  |TAMS 0x00000000e2000000| PB 0x00000000e2000000| Untracked 
|  33|0x00000000e2100000, 0x00000000e2100000, 0x00000000e2200000|  0%| F|  |TAMS 0x00000000e2100000| PB 0x00000000e2100000| Untracked 
|  34|0x00000000e2200000, 0x00000000e2200000, 0x00000000e2300000|  0%| F|  |TAMS 0x00000000e2200000| PB 0x00000000e2200000| Untracked 
|  35|0x00000000e2300000, 0x00000000e2300000, 0x00000000e2400000|  0%| F|  |TAMS 0x00000000e2300000| PB 0x00000000e2300000| Untracked 
|  36|0x00000000e2400000, 0x00000000e2400000, 0x00000000e2500000|  0%| F|  |TAMS 0x00000000e2400000| PB 0x00000000e2400000| Untracked 
|  37|0x00000000e2500000, 0x00000000e2500000, 0x00000000e2600000|  0%| F|  |TAMS 0x00000000e2500000| PB 0x00000000e2500000| Untracked 
|  38|0x00000000e2600000, 0x00000000e2600000, 0x00000000e2700000|  0%| F|  |TAMS 0x00000000e2600000| PB 0x00000000e2600000| Untracked 
|  39|0x00000000e2700000, 0x00000000e2700000, 0x00000000e2800000|  0%| F|  |TAMS 0x00000000e2700000| PB 0x00000000e2700000| Untracked 
|  40|0x00000000e2800000, 0x00000000e2800000, 0x00000000e2900000|  0%| F|  |TAMS 0x00000000e2800000| PB 0x00000000e2800000| Untracked 
|  41|0x00000000e2900000, 0x00000000e2900000, 0x00000000e2a00000|  0%| F|  |TAMS 0x00000000e2900000| PB 0x00000000e2900000| Untracked 
|  42|0x00000000e2a00000, 0x00000000e2a00000, 0x00000000e2b00000|  0%| F|  |TAMS 0x00000000e2a00000| PB 0x00000000e2a00000| Untracked 
|  43|0x00000000e2b00000, 0x00000000e2b00000, 0x00000000e2c00000|  0%| F|  |TAMS 0x00000000e2b00000| PB 0x00000000e2b00000| Untracked 
|  44|0x00000000e2c00000, 0x00000000e2c00000, 0x00000000e2d00000|  0%| F|  |TAMS 0x00000000e2c00000| PB 0x00000000e2c00000| Untracked 
|  45|0x00000000e2d00000, 0x00000000e2d00000, 0x00000000e2e00000|  0%| F|  |TAMS 0x00000000e2d00000| PB 0x00000000e2d00000| Untracked 
|  46|0x00000000e2e00000, 0x00000000e2e00000, 0x00000000e2f00000|  0%| F|  |TAMS 0x00000000e2e00000| PB 0x00000000e2e00000| Untracked 
|  47|0x00000000e2f00000, 0x00000000e2f00000, 0x00000000e3000000|  0%| F|  |TAMS 0x00000000e2f00000| PB 0x00000000e2f00000| Untracked 
|  48|0x00000000e3000000, 0x00000000e3000000, 0x00000000e3100000|  0%| F|  |TAMS 0x00000000e3000000| PB 0x00000000e3000000| Untracked 
|  49|0x00000000e3100000, 0x00000000e3100000, 0x00000000e3200000|  0%| F|  |TAMS 0x00000000e3100000| PB 0x00000000e3100000| Untracked 
|  50|0x00000000e3200000, 0x00000000e3200000, 0x00000000e3300000|  0%| F|  |TAMS 0x00000000e3200000| PB 0x00000000e3200000| Untracked 
|  51|0x00000000e3300000, 0x00000000e3300000, 0x00000000e3400000|  0%| F|  |TAMS 0x00000000e3300000| PB 0x00000000e3300000| Untracked 
|  52|0x00000000e3400000, 0x00000000e3400000, 0x00000000e3500000|  0%| F|  |TAMS 0x00000000e3400000| PB 0x00000000e3400000| Untracked 
|  53|0x00000000e3500000, 0x00000000e3500000, 0x00000000e3600000|  0%| F|  |TAMS 0x00000000e3500000| PB 0x00000000e3500000| Untracked 
|  54|0x00000000e3600000, 0x00000000e3600000, 0x00000000e3700000|  0%| F|  |TAMS 0x00000000e3600000| PB 0x00000000e3600000| Untracked 
|  55|0x00000000e3700000, 0x00000000e3700000, 0x00000000e3800000|  0%| F|  |TAMS 0x00000000e3700000| PB 0x00000000e3700000| Untracked 
|  56|0x00000000e3800000, 0x00000000e3800000, 0x00000000e3900000|  0%| F|  |TAMS 0x00000000e3800000| PB 0x00000000e3800000| Untracked 
|  57|0x00000000e3900000, 0x00000000e3900000, 0x00000000e3a00000|  0%| F|  |TAMS 0x00000000e3900000| PB 0x00000000e3900000| Untracked 
|  58|0x00000000e3a00000, 0x00000000e3a00000, 0x00000000e3b00000|  0%| F|  |TAMS 0x00000000e3a00000| PB 0x00000000e3a00000| Untracked 
|  59|0x00000000e3b00000, 0x00000000e3b00000, 0x00000000e3c00000|  0%| F|  |TAMS 0x00000000e3b00000| PB 0x00000000e3b00000| Untracked 
|  60|0x00000000e3c00000, 0x00000000e3c00000, 0x00000000e3d00000|  0%| F|  |TAMS 0x00000000e3c00000| PB 0x00000000e3c00000| Untracked 
|  61|0x00000000e3d00000, 0x00000000e3d00000, 0x00000000e3e00000|  0%| F|  |TAMS 0x00000000e3d00000| PB 0x00000000e3d00000| Untracked 
|  62|0x00000000e3e00000, 0x00000000e3e00000, 0x00000000e3f00000|  0%| F|  |TAMS 0x00000000e3e00000| PB 0x00000000e3e00000| Untracked 
|  63|0x00000000e3f00000, 0x00000000e3f00000, 0x00000000e4000000|  0%| F|  |TAMS 0x00000000e3f00000| PB 0x00000000e3f00000| Untracked 
|  64|0x00000000e4000000, 0x00000000e4000000, 0x00000000e4100000|  0%| F|  |TAMS 0x00000000e4000000| PB 0x00000000e4000000| Untracked 
|  65|0x00000000e4100000, 0x00000000e4100000, 0x00000000e4200000|  0%| F|  |TAMS 0x00000000e4100000| PB 0x00000000e4100000| Untracked 
|  66|0x00000000e4200000, 0x00000000e4200000, 0x00000000e4300000|  0%| F|  |TAMS 0x00000000e4200000| PB 0x00000000e4200000| Untracked 
|  67|0x00000000e4300000, 0x00000000e4300000, 0x00000000e4400000|  0%| F|  |TAMS 0x00000000e4300000| PB 0x00000000e4300000| Untracked 
|  68|0x00000000e4400000, 0x00000000e4400000, 0x00000000e4500000|  0%| F|  |TAMS 0x00000000e4400000| PB 0x00000000e4400000| Untracked 
|  69|0x00000000e4500000, 0x00000000e4500000, 0x00000000e4600000|  0%| F|  |TAMS 0x00000000e4500000| PB 0x00000000e4500000| Untracked 
|  70|0x00000000e4600000, 0x00000000e4600000, 0x00000000e4700000|  0%| F|  |TAMS 0x00000000e4600000| PB 0x00000000e4600000| Untracked 
|  71|0x00000000e4700000, 0x00000000e4700000, 0x00000000e4800000|  0%| F|  |TAMS 0x00000000e4700000| PB 0x00000000e4700000| Untracked 
|  72|0x00000000e4800000, 0x00000000e4800000, 0x00000000e4900000|  0%| F|  |TAMS 0x00000000e4800000| PB 0x00000000e4800000| Untracked 
|  73|0x00000000e4900000, 0x00000000e4900000, 0x00000000e4a00000|  0%| F|  |TAMS 0x00000000e4900000| PB 0x00000000e4900000| Untracked 
|  74|0x00000000e4a00000, 0x00000000e4a00000, 0x00000000e4b00000|  0%| F|  |TAMS 0x00000000e4a00000| PB 0x00000000e4a00000| Untracked 
|  75|0x00000000e4b00000, 0x00000000e4b00000, 0x00000000e4c00000|  0%| F|  |TAMS 0x00000000e4b00000| PB 0x00000000e4b00000| Untracked 
|  76|0x00000000e4c00000, 0x00000000e4c00000, 0x00000000e4d00000|  0%| F|  |TAMS 0x00000000e4c00000| PB 0x00000000e4c00000| Untracked 
|  77|0x00000000e4d00000, 0x00000000e4d00000, 0x00000000e4e00000|  0%| F|  |TAMS 0x00000000e4d00000| PB 0x00000000e4d00000| Untracked 
|  78|0x00000000e4e00000, 0x00000000e4e00000, 0x00000000e4f00000|  0%| F|  |TAMS 0x00000000e4e00000| PB 0x00000000e4e00000| Untracked 
|  79|0x00000000e4f00000, 0x00000000e4f00000, 0x00000000e5000000|  0%| F|  |TAMS 0x00000000e4f00000| PB 0x00000000e4f00000| Untracked 
|  80|0x00000000e5000000, 0x00000000e5000000, 0x00000000e5100000|  0%| F|  |TAMS 0x00000000e5000000| PB 0x00000000e5000000| Untracked 
|  81|0x00000000e5100000, 0x00000000e5100000, 0x00000000e5200000|  0%| F|  |TAMS 0x00000000e5100000| PB 0x00000000e5100000| Untracked 
|  82|0x00000000e5200000, 0x00000000e5200000, 0x00000000e5300000|  0%| F|  |TAMS 0x00000000e5200000| PB 0x00000000e5200000| Untracked 
|  83|0x00000000e5300000, 0x00000000e5300000, 0x00000000e5400000|  0%| F|  |TAMS 0x00000000e5300000| PB 0x00000000e5300000| Untracked 
|  84|0x00000000e5400000, 0x00000000e5400000, 0x00000000e5500000|  0%| F|  |TAMS 0x00000000e5400000| PB 0x00000000e5400000| Untracked 
|  85|0x00000000e5500000, 0x00000000e5500000, 0x00000000e5600000|  0%| F|  |TAMS 0x00000000e5500000| PB 0x00000000e5500000| Untracked 
|  86|0x00000000e5600000, 0x00000000e5600000, 0x00000000e5700000|  0%| F|  |TAMS 0x00000000e5600000| PB 0x00000000e5600000| Untracked 
|  87|0x00000000e5700000, 0x00000000e5700000, 0x00000000e5800000|  0%| F|  |TAMS 0x00000000e5700000| PB 0x00000000e5700000| Untracked 
|  88|0x00000000e5800000, 0x00000000e5800000, 0x00000000e5900000|  0%| F|  |TAMS 0x00000000e5800000| PB 0x00000000e5800000| Untracked 
|  89|0x00000000e5900000, 0x00000000e5900000, 0x00000000e5a00000|  0%| F|  |TAMS 0x00000000e5900000| PB 0x00000000e5900000| Untracked 
|  90|0x00000000e5a00000, 0x00000000e5a00000, 0x00000000e5b00000|  0%| F|  |TAMS 0x00000000e5a00000| PB 0x00000000e5a00000| Untracked 
|  91|0x00000000e5b00000, 0x00000000e5b00000, 0x00000000e5c00000|  0%| F|  |TAMS 0x00000000e5b00000| PB 0x00000000e5b00000| Untracked 
|  92|0x00000000e5c00000, 0x00000000e5c00000, 0x00000000e5d00000|  0%| F|  |TAMS 0x00000000e5c00000| PB 0x00000000e5c00000| Untracked 
|  93|0x00000000e5d00000, 0x00000000e5d00000, 0x00000000e5e00000|  0%| F|  |TAMS 0x00000000e5d00000| PB 0x00000000e5d00000| Untracked 
|  94|0x00000000e5e00000, 0x00000000e5e00000, 0x00000000e5f00000|  0%| F|  |TAMS 0x00000000e5e00000| PB 0x00000000e5e00000| Untracked 
|  95|0x00000000e5f00000, 0x00000000e5f00000, 0x00000000e6000000|  0%| F|  |TAMS 0x00000000e5f00000| PB 0x00000000e5f00000| Untracked 
|  96|0x00000000e6000000, 0x00000000e6000000, 0x00000000e6100000|  0%| F|  |TAMS 0x00000000e6000000| PB 0x00000000e6000000| Untracked 
|  97|0x00000000e6100000, 0x00000000e6100000, 0x00000000e6200000|  0%| F|  |TAMS 0x00000000e6100000| PB 0x00000000e6100000| Untracked 
|  98|0x00000000e6200000, 0x00000000e6200000, 0x00000000e6300000|  0%| F|  |TAMS 0x00000000e6200000| PB 0x00000000e6200000| Untracked 
|  99|0x00000000e6300000, 0x00000000e6300000, 0x00000000e6400000|  0%| F|  |TAMS 0x00000000e6300000| PB 0x00000000e6300000| Untracked 
| 100|0x00000000e6400000, 0x00000000e6400000, 0x00000000e6500000|  0%| F|  |TAMS 0x00000000e6400000| PB 0x00000000e6400000| Untracked 
| 101|0x00000000e6500000, 0x00000000e6500000, 0x00000000e6600000|  0%| F|  |TAMS 0x00000000e6500000| PB 0x00000000e6500000| Untracked 
| 102|0x00000000e6600000, 0x00000000e6600000, 0x00000000e6700000|  0%| F|  |TAMS 0x00000000e6600000| PB 0x00000000e6600000| Untracked 
| 103|0x00000000e6700000, 0x00000000e6700000, 0x00000000e6800000|  0%| F|  |TAMS 0x00000000e6700000| PB 0x00000000e6700000| Untracked 
| 104|0x00000000e6800000, 0x00000000e6800000, 0x00000000e6900000|  0%| F|  |TAMS 0x00000000e6800000| PB 0x00000000e6800000| Untracked 
| 105|0x00000000e6900000, 0x00000000e6900000, 0x00000000e6a00000|  0%| F|  |TAMS 0x00000000e6900000| PB 0x00000000e6900000| Untracked 
| 106|0x00000000e6a00000, 0x00000000e6a00000, 0x00000000e6b00000|  0%| F|  |TAMS 0x00000000e6a00000| PB 0x00000000e6a00000| Untracked 
| 107|0x00000000e6b00000, 0x00000000e6b00000, 0x00000000e6c00000|  0%| F|  |TAMS 0x00000000e6b00000| PB 0x00000000e6b00000| Untracked 
| 108|0x00000000e6c00000, 0x00000000e6c00000, 0x00000000e6d00000|  0%| F|  |TAMS 0x00000000e6c00000| PB 0x00000000e6c00000| Untracked 
| 109|0x00000000e6d00000, 0x00000000e6d00000, 0x00000000e6e00000|  0%| F|  |TAMS 0x00000000e6d00000| PB 0x00000000e6d00000| Untracked 
| 110|0x00000000e6e00000, 0x00000000e6e00000, 0x00000000e6f00000|  0%| F|  |TAMS 0x00000000e6e00000| PB 0x00000000e6e00000| Untracked 
| 111|0x00000000e6f00000, 0x00000000e6f00000, 0x00000000e7000000|  0%| F|  |TAMS 0x00000000e6f00000| PB 0x00000000e6f00000| Untracked 
| 112|0x00000000e7000000, 0x00000000e7000000, 0x00000000e7100000|  0%| F|  |TAMS 0x00000000e7000000| PB 0x00000000e7000000| Untracked 
| 113|0x00000000e7100000, 0x00000000e7100000, 0x00000000e7200000|  0%| F|  |TAMS 0x00000000e7100000| PB 0x00000000e7100000| Untracked 
| 114|0x00000000e7200000, 0x00000000e7200000, 0x00000000e7300000|  0%| F|  |TAMS 0x00000000e7200000| PB 0x00000000e7200000| Untracked 
| 115|0x00000000e7300000, 0x00000000e7300000, 0x00000000e7400000|  0%| F|  |TAMS 0x00000000e7300000| PB 0x00000000e7300000| Untracked 
| 116|0x00000000e7400000, 0x00000000e7400000, 0x00000000e7500000|  0%| F|  |TAMS 0x00000000e7400000| PB 0x00000000e7400000| Untracked 
| 117|0x00000000e7500000, 0x00000000e7500000, 0x00000000e7600000|  0%| F|  |TAMS 0x00000000e7500000| PB 0x00000000e7500000| Untracked 
| 118|0x00000000e7600000, 0x00000000e7600000, 0x00000000e7700000|  0%| F|  |TAMS 0x00000000e7600000| PB 0x00000000e7600000| Untracked 
| 119|0x00000000e7700000, 0x00000000e7700000, 0x00000000e7800000|  0%| F|  |TAMS 0x00000000e7700000| PB 0x00000000e7700000| Untracked 
| 120|0x00000000e7800000, 0x00000000e7800000, 0x00000000e7900000|  0%| F|  |TAMS 0x00000000e7800000| PB 0x00000000e7800000| Untracked 
| 121|0x00000000e7900000, 0x00000000e7900000, 0x00000000e7a00000|  0%| F|  |TAMS 0x00000000e7900000| PB 0x00000000e7900000| Untracked 
| 122|0x00000000e7a00000, 0x00000000e7a00000, 0x00000000e7b00000|  0%| F|  |TAMS 0x00000000e7a00000| PB 0x00000000e7a00000| Untracked 
| 123|0x00000000e7b00000, 0x00000000e7b00000, 0x00000000e7c00000|  0%| F|  |TAMS 0x00000000e7b00000| PB 0x00000000e7b00000| Untracked 
| 124|0x00000000e7c00000, 0x00000000e7c00000, 0x00000000e7d00000|  0%| F|  |TAMS 0x00000000e7c00000| PB 0x00000000e7c00000| Untracked 
| 125|0x00000000e7d00000, 0x00000000e7d00000, 0x00000000e7e00000|  0%| F|  |TAMS 0x00000000e7d00000| PB 0x00000000e7d00000| Untracked 
| 126|0x00000000e7e00000, 0x00000000e7e00000, 0x00000000e7f00000|  0%| F|  |TAMS 0x00000000e7e00000| PB 0x00000000e7e00000| Untracked 
| 127|0x00000000e7f00000, 0x00000000e7f00000, 0x00000000e8000000|  0%| F|  |TAMS 0x00000000e7f00000| PB 0x00000000e7f00000| Untracked 
| 128|0x00000000e8000000, 0x00000000e80b1ea8, 0x00000000e8100000| 69%| S|CS|TAMS 0x00000000e8000000| PB 0x00000000e8000000| Complete 
| 129|0x00000000e8100000, 0x00000000e8200000, 0x00000000e8200000|100%| S|CS|TAMS 0x00000000e8100000| PB 0x00000000e8100000| Complete 
| 130|0x00000000e8200000, 0x00000000e8300000, 0x00000000e8300000|100%| S|CS|TAMS 0x00000000e8200000| PB 0x00000000e8200000| Complete 
| 131|0x00000000e8300000, 0x00000000e8400000, 0x00000000e8400000|100%| S|CS|TAMS 0x00000000e8300000| PB 0x00000000e8300000| Complete 
| 132|0x00000000e8400000, 0x00000000e8500000, 0x00000000e8500000|100%| S|CS|TAMS 0x00000000e8400000| PB 0x00000000e8400000| Complete 
| 133|0x00000000e8500000, 0x00000000e8600000, 0x00000000e8600000|100%| S|CS|TAMS 0x00000000e8500000| PB 0x00000000e8500000| Complete 
| 134|0x00000000e8600000, 0x00000000e8700000, 0x00000000e8700000|100%| S|CS|TAMS 0x00000000e8600000| PB 0x00000000e8600000| Complete 
| 135|0x00000000e8700000, 0x00000000e8800000, 0x00000000e8800000|100%| S|CS|TAMS 0x00000000e8700000| PB 0x00000000e8700000| Complete 
| 136|0x00000000e8800000, 0x00000000e8900000, 0x00000000e8900000|100%| S|CS|TAMS 0x00000000e8800000| PB 0x00000000e8800000| Complete 
| 137|0x00000000e8900000, 0x00000000e8a00000, 0x00000000e8a00000|100%| S|CS|TAMS 0x00000000e8900000| PB 0x00000000e8900000| Complete 
| 138|0x00000000e8a00000, 0x00000000e8b00000, 0x00000000e8b00000|100%| S|CS|TAMS 0x00000000e8a00000| PB 0x00000000e8a00000| Complete 
| 139|0x00000000e8b00000, 0x00000000e8c00000, 0x00000000e8c00000|100%| S|CS|TAMS 0x00000000e8b00000| PB 0x00000000e8b00000| Complete 
| 140|0x00000000e8c00000, 0x00000000e8c00000, 0x00000000e8d00000|  0%| F|  |TAMS 0x00000000e8c00000| PB 0x00000000e8c00000| Untracked 
| 141|0x00000000e8d00000, 0x00000000e8d00000, 0x00000000e8e00000|  0%| F|  |TAMS 0x00000000e8d00000| PB 0x00000000e8d00000| Untracked 
| 142|0x00000000e8e00000, 0x00000000e8e00000, 0x00000000e8f00000|  0%| F|  |TAMS 0x00000000e8e00000| PB 0x00000000e8e00000| Untracked 
| 143|0x00000000e8f00000, 0x00000000e8f00000, 0x00000000e9000000|  0%| F|  |TAMS 0x00000000e8f00000| PB 0x00000000e8f00000| Untracked 
| 144|0x00000000e9000000, 0x00000000e9000000, 0x00000000e9100000|  0%| F|  |TAMS 0x00000000e9000000| PB 0x00000000e9000000| Untracked 
| 145|0x00000000e9100000, 0x00000000e9100000, 0x00000000e9200000|  0%| F|  |TAMS 0x00000000e9100000| PB 0x00000000e9100000| Untracked 
| 146|0x00000000e9200000, 0x00000000e9200000, 0x00000000e9300000|  0%| F|  |TAMS 0x00000000e9200000| PB 0x00000000e9200000| Untracked 
| 147|0x00000000e9300000, 0x00000000e9300000, 0x00000000e9400000|  0%| F|  |TAMS 0x00000000e9300000| PB 0x00000000e9300000| Untracked 
| 148|0x00000000e9400000, 0x00000000e9400000, 0x00000000e9500000|  0%| F|  |TAMS 0x00000000e9400000| PB 0x00000000e9400000| Untracked 
| 149|0x00000000e9500000, 0x00000000e9500000, 0x00000000e9600000|  0%| F|  |TAMS 0x00000000e9500000| PB 0x00000000e9500000| Untracked 
| 150|0x00000000e9600000, 0x00000000e9600000, 0x00000000e9700000|  0%| F|  |TAMS 0x00000000e9600000| PB 0x00000000e9600000| Untracked 
| 151|0x00000000e9700000, 0x00000000e9700000, 0x00000000e9800000|  0%| F|  |TAMS 0x00000000e9700000| PB 0x00000000e9700000| Untracked 
| 152|0x00000000e9800000, 0x00000000e9800000, 0x00000000e9900000|  0%| F|  |TAMS 0x00000000e9800000| PB 0x00000000e9800000| Untracked 
| 153|0x00000000e9900000, 0x00000000e9900000, 0x00000000e9a00000|  0%| F|  |TAMS 0x00000000e9900000| PB 0x00000000e9900000| Untracked 
| 154|0x00000000e9a00000, 0x00000000e9a00000, 0x00000000e9b00000|  0%| F|  |TAMS 0x00000000e9a00000| PB 0x00000000e9a00000| Untracked 
| 155|0x00000000e9b00000, 0x00000000e9b00000, 0x00000000e9c00000|  0%| F|  |TAMS 0x00000000e9b00000| PB 0x00000000e9b00000| Untracked 
| 156|0x00000000e9c00000, 0x00000000e9c00000, 0x00000000e9d00000|  0%| F|  |TAMS 0x00000000e9c00000| PB 0x00000000e9c00000| Untracked 
| 157|0x00000000e9d00000, 0x00000000e9d00000, 0x00000000e9e00000|  0%| F|  |TAMS 0x00000000e9d00000| PB 0x00000000e9d00000| Untracked 
| 158|0x00000000e9e00000, 0x00000000e9e00000, 0x00000000e9f00000|  0%| F|  |TAMS 0x00000000e9e00000| PB 0x00000000e9e00000| Untracked 
| 159|0x00000000e9f00000, 0x00000000e9f00000, 0x00000000ea000000|  0%| F|  |TAMS 0x00000000e9f00000| PB 0x00000000e9f00000| Untracked 
| 160|0x00000000ea000000, 0x00000000ea000000, 0x00000000ea100000|  0%| F|  |TAMS 0x00000000ea000000| PB 0x00000000ea000000| Untracked 
| 161|0x00000000ea100000, 0x00000000ea200000, 0x00000000ea200000|100%| E|  |TAMS 0x00000000ea100000| PB 0x00000000ea100000| Complete 
| 162|0x00000000ea200000, 0x00000000ea300000, 0x00000000ea300000|100%| E|CS|TAMS 0x00000000ea200000| PB 0x00000000ea200000| Complete 
| 163|0x00000000ea300000, 0x00000000ea400000, 0x00000000ea400000|100%| E|CS|TAMS 0x00000000ea300000| PB 0x00000000ea300000| Complete 
| 164|0x00000000ea400000, 0x00000000ea500000, 0x00000000ea500000|100%| E|CS|TAMS 0x00000000ea400000| PB 0x00000000ea400000| Complete 
| 165|0x00000000ea500000, 0x00000000ea600000, 0x00000000ea600000|100%| E|CS|TAMS 0x00000000ea500000| PB 0x00000000ea500000| Complete 
| 166|0x00000000ea600000, 0x00000000ea700000, 0x00000000ea700000|100%| E|CS|TAMS 0x00000000ea600000| PB 0x00000000ea600000| Complete 
| 167|0x00000000ea700000, 0x00000000ea800000, 0x00000000ea800000|100%| E|CS|TAMS 0x00000000ea700000| PB 0x00000000ea700000| Complete 
| 168|0x00000000ea800000, 0x00000000ea900000, 0x00000000ea900000|100%| E|CS|TAMS 0x00000000ea800000| PB 0x00000000ea800000| Complete 
| 169|0x00000000ea900000, 0x00000000eaa00000, 0x00000000eaa00000|100%| E|CS|TAMS 0x00000000ea900000| PB 0x00000000ea900000| Complete 
| 170|0x00000000eaa00000, 0x00000000eab00000, 0x00000000eab00000|100%| E|CS|TAMS 0x00000000eaa00000| PB 0x00000000eaa00000| Complete 
| 171|0x00000000eab00000, 0x00000000eac00000, 0x00000000eac00000|100%| E|CS|TAMS 0x00000000eab00000| PB 0x00000000eab00000| Complete 
| 172|0x00000000eac00000, 0x00000000ead00000, 0x00000000ead00000|100%| E|CS|TAMS 0x00000000eac00000| PB 0x00000000eac00000| Complete 
| 173|0x00000000ead00000, 0x00000000eae00000, 0x00000000eae00000|100%| E|CS|TAMS 0x00000000ead00000| PB 0x00000000ead00000| Complete 
| 174|0x00000000eae00000, 0x00000000eaf00000, 0x00000000eaf00000|100%| E|CS|TAMS 0x00000000eae00000| PB 0x00000000eae00000| Complete 
| 175|0x00000000eaf00000, 0x00000000eb000000, 0x00000000eb000000|100%| E|CS|TAMS 0x00000000eaf00000| PB 0x00000000eaf00000| Complete 
| 176|0x00000000eb000000, 0x00000000eb100000, 0x00000000eb100000|100%| E|CS|TAMS 0x00000000eb000000| PB 0x00000000eb000000| Complete 
| 177|0x00000000eb100000, 0x00000000eb200000, 0x00000000eb200000|100%| E|CS|TAMS 0x00000000eb100000| PB 0x00000000eb100000| Complete 
| 178|0x00000000eb200000, 0x00000000eb300000, 0x00000000eb300000|100%| E|CS|TAMS 0x00000000eb200000| PB 0x00000000eb200000| Complete 
| 179|0x00000000eb300000, 0x00000000eb400000, 0x00000000eb400000|100%| E|CS|TAMS 0x00000000eb300000| PB 0x00000000eb300000| Complete 
| 180|0x00000000eb400000, 0x00000000eb500000, 0x00000000eb500000|100%| E|CS|TAMS 0x00000000eb400000| PB 0x00000000eb400000| Complete 
| 181|0x00000000eb500000, 0x00000000eb600000, 0x00000000eb600000|100%| E|CS|TAMS 0x00000000eb500000| PB 0x00000000eb500000| Complete 
| 182|0x00000000eb600000, 0x00000000eb700000, 0x00000000eb700000|100%| E|CS|TAMS 0x00000000eb600000| PB 0x00000000eb600000| Complete 
| 183|0x00000000eb700000, 0x00000000eb800000, 0x00000000eb800000|100%| E|CS|TAMS 0x00000000eb700000| PB 0x00000000eb700000| Complete 
| 184|0x00000000eb800000, 0x00000000eb900000, 0x00000000eb900000|100%| E|CS|TAMS 0x00000000eb800000| PB 0x00000000eb800000| Complete 
| 185|0x00000000eb900000, 0x00000000eba00000, 0x00000000eba00000|100%| E|CS|TAMS 0x00000000eb900000| PB 0x00000000eb900000| Complete 
| 186|0x00000000eba00000, 0x00000000ebb00000, 0x00000000ebb00000|100%| E|CS|TAMS 0x00000000eba00000| PB 0x00000000eba00000| Complete 
| 187|0x00000000ebb00000, 0x00000000ebc00000, 0x00000000ebc00000|100%| E|CS|TAMS 0x00000000ebb00000| PB 0x00000000ebb00000| Complete 
| 188|0x00000000ebc00000, 0x00000000ebd00000, 0x00000000ebd00000|100%| E|CS|TAMS 0x00000000ebc00000| PB 0x00000000ebc00000| Complete 
| 189|0x00000000ebd00000, 0x00000000ebe00000, 0x00000000ebe00000|100%| E|CS|TAMS 0x00000000ebd00000| PB 0x00000000ebd00000| Complete 
| 190|0x00000000ebe00000, 0x00000000ebf00000, 0x00000000ebf00000|100%| E|CS|TAMS 0x00000000ebe00000| PB 0x00000000ebe00000| Complete 
| 191|0x00000000ebf00000, 0x00000000ec000000, 0x00000000ec000000|100%| E|CS|TAMS 0x00000000ebf00000| PB 0x00000000ebf00000| Complete 
| 192|0x00000000ec000000, 0x00000000ec100000, 0x00000000ec100000|100%| E|CS|TAMS 0x00000000ec000000| PB 0x00000000ec000000| Complete 
| 193|0x00000000ec100000, 0x00000000ec200000, 0x00000000ec200000|100%| E|CS|TAMS 0x00000000ec100000| PB 0x00000000ec100000| Complete 
| 194|0x00000000ec200000, 0x00000000ec300000, 0x00000000ec300000|100%| E|CS|TAMS 0x00000000ec200000| PB 0x00000000ec200000| Complete 
| 195|0x00000000ec300000, 0x00000000ec400000, 0x00000000ec400000|100%| E|CS|TAMS 0x00000000ec300000| PB 0x00000000ec300000| Complete 
| 196|0x00000000ec400000, 0x00000000ec500000, 0x00000000ec500000|100%| E|CS|TAMS 0x00000000ec400000| PB 0x00000000ec400000| Complete 
| 197|0x00000000ec500000, 0x00000000ec600000, 0x00000000ec600000|100%| E|CS|TAMS 0x00000000ec500000| PB 0x00000000ec500000| Complete 
| 198|0x00000000ec600000, 0x00000000ec700000, 0x00000000ec700000|100%| E|CS|TAMS 0x00000000ec600000| PB 0x00000000ec600000| Complete 
| 199|0x00000000ec700000, 0x00000000ec800000, 0x00000000ec800000|100%| E|CS|TAMS 0x00000000ec700000| PB 0x00000000ec700000| Complete 
| 200|0x00000000ec800000, 0x00000000ec900000, 0x00000000ec900000|100%| E|CS|TAMS 0x00000000ec800000| PB 0x00000000ec800000| Complete 
| 201|0x00000000ec900000, 0x00000000eca00000, 0x00000000eca00000|100%| E|CS|TAMS 0x00000000ec900000| PB 0x00000000ec900000| Complete 
| 202|0x00000000eca00000, 0x00000000ecb00000, 0x00000000ecb00000|100%| E|CS|TAMS 0x00000000eca00000| PB 0x00000000eca00000| Complete 
| 203|0x00000000ecb00000, 0x00000000ecc00000, 0x00000000ecc00000|100%| E|CS|TAMS 0x00000000ecb00000| PB 0x00000000ecb00000| Complete 
| 204|0x00000000ecc00000, 0x00000000ecd00000, 0x00000000ecd00000|100%| E|CS|TAMS 0x00000000ecc00000| PB 0x00000000ecc00000| Complete 
| 205|0x00000000ecd00000, 0x00000000ece00000, 0x00000000ece00000|100%| E|CS|TAMS 0x00000000ecd00000| PB 0x00000000ecd00000| Complete 
| 206|0x00000000ece00000, 0x00000000ecf00000, 0x00000000ecf00000|100%| E|CS|TAMS 0x00000000ece00000| PB 0x00000000ece00000| Complete 
| 207|0x00000000ecf00000, 0x00000000ed000000, 0x00000000ed000000|100%| E|CS|TAMS 0x00000000ecf00000| PB 0x00000000ecf00000| Complete 
| 208|0x00000000ed000000, 0x00000000ed100000, 0x00000000ed100000|100%| E|CS|TAMS 0x00000000ed000000| PB 0x00000000ed000000| Complete 
| 209|0x00000000ed100000, 0x00000000ed200000, 0x00000000ed200000|100%| E|CS|TAMS 0x00000000ed100000| PB 0x00000000ed100000| Complete 
| 210|0x00000000ed200000, 0x00000000ed300000, 0x00000000ed300000|100%| E|CS|TAMS 0x00000000ed200000| PB 0x00000000ed200000| Complete 
| 211|0x00000000ed300000, 0x00000000ed400000, 0x00000000ed400000|100%| E|CS|TAMS 0x00000000ed300000| PB 0x00000000ed300000| Complete 
| 212|0x00000000ed400000, 0x00000000ed500000, 0x00000000ed500000|100%| E|CS|TAMS 0x00000000ed400000| PB 0x00000000ed400000| Complete 
| 213|0x00000000ed500000, 0x00000000ed600000, 0x00000000ed600000|100%| E|CS|TAMS 0x00000000ed500000| PB 0x00000000ed500000| Complete 
| 214|0x00000000ed600000, 0x00000000ed700000, 0x00000000ed700000|100%| E|CS|TAMS 0x00000000ed600000| PB 0x00000000ed600000| Complete 
| 215|0x00000000ed700000, 0x00000000ed800000, 0x00000000ed800000|100%| E|CS|TAMS 0x00000000ed700000| PB 0x00000000ed700000| Complete 
| 216|0x00000000ed800000, 0x00000000ed900000, 0x00000000ed900000|100%| E|CS|TAMS 0x00000000ed800000| PB 0x00000000ed800000| Complete 
| 217|0x00000000ed900000, 0x00000000eda00000, 0x00000000eda00000|100%| E|  |TAMS 0x00000000ed900000| PB 0x00000000ed900000| Complete 
| 218|0x00000000eda00000, 0x00000000edb00000, 0x00000000edb00000|100%| E|CS|TAMS 0x00000000eda00000| PB 0x00000000eda00000| Complete 
| 219|0x00000000edb00000, 0x00000000edc00000, 0x00000000edc00000|100%| E|CS|TAMS 0x00000000edb00000| PB 0x00000000edb00000| Complete 
| 220|0x00000000edc00000, 0x00000000edd00000, 0x00000000edd00000|100%| E|CS|TAMS 0x00000000edc00000| PB 0x00000000edc00000| Complete 
| 221|0x00000000edd00000, 0x00000000ede00000, 0x00000000ede00000|100%| E|CS|TAMS 0x00000000edd00000| PB 0x00000000edd00000| Complete 
| 222|0x00000000ede00000, 0x00000000edf00000, 0x00000000edf00000|100%| E|CS|TAMS 0x00000000ede00000| PB 0x00000000ede00000| Complete 
| 223|0x00000000edf00000, 0x00000000ee000000, 0x00000000ee000000|100%| E|CS|TAMS 0x00000000edf00000| PB 0x00000000edf00000| Complete 
| 224|0x00000000ee000000, 0x00000000ee100000, 0x00000000ee100000|100%| E|CS|TAMS 0x00000000ee000000| PB 0x00000000ee000000| Complete 
| 225|0x00000000ee100000, 0x00000000ee200000, 0x00000000ee200000|100%| E|CS|TAMS 0x00000000ee100000| PB 0x00000000ee100000| Complete 
| 226|0x00000000ee200000, 0x00000000ee300000, 0x00000000ee300000|100%| E|CS|TAMS 0x00000000ee200000| PB 0x00000000ee200000| Complete 
| 227|0x00000000ee300000, 0x00000000ee400000, 0x00000000ee400000|100%| E|CS|TAMS 0x00000000ee300000| PB 0x00000000ee300000| Complete 
| 228|0x00000000ee400000, 0x00000000ee500000, 0x00000000ee500000|100%| E|CS|TAMS 0x00000000ee400000| PB 0x00000000ee400000| Complete 
| 229|0x00000000ee500000, 0x00000000ee600000, 0x00000000ee600000|100%| E|CS|TAMS 0x00000000ee500000| PB 0x00000000ee500000| Complete 
| 230|0x00000000ee600000, 0x00000000ee700000, 0x00000000ee700000|100%| E|CS|TAMS 0x00000000ee600000| PB 0x00000000ee600000| Complete 
| 231|0x00000000ee700000, 0x00000000ee800000, 0x00000000ee800000|100%| E|CS|TAMS 0x00000000ee700000| PB 0x00000000ee700000| Complete 
| 232|0x00000000ee800000, 0x00000000ee900000, 0x00000000ee900000|100%| E|CS|TAMS 0x00000000ee800000| PB 0x00000000ee800000| Complete 
| 233|0x00000000ee900000, 0x00000000eea00000, 0x00000000eea00000|100%| E|CS|TAMS 0x00000000ee900000| PB 0x00000000ee900000| Complete 
| 234|0x00000000eea00000, 0x00000000eeb00000, 0x00000000eeb00000|100%| E|CS|TAMS 0x00000000eea00000| PB 0x00000000eea00000| Complete 
| 235|0x00000000eeb00000, 0x00000000eec00000, 0x00000000eec00000|100%| E|CS|TAMS 0x00000000eeb00000| PB 0x00000000eeb00000| Complete 
| 236|0x00000000eec00000, 0x00000000eed00000, 0x00000000eed00000|100%| E|CS|TAMS 0x00000000eec00000| PB 0x00000000eec00000| Complete 
| 237|0x00000000eed00000, 0x00000000eee00000, 0x00000000eee00000|100%| E|CS|TAMS 0x00000000eed00000| PB 0x00000000eed00000| Complete 
| 238|0x00000000eee00000, 0x00000000eef00000, 0x00000000eef00000|100%| E|CS|TAMS 0x00000000eee00000| PB 0x00000000eee00000| Complete 
| 239|0x00000000eef00000, 0x00000000ef000000, 0x00000000ef000000|100%| E|CS|TAMS 0x00000000eef00000| PB 0x00000000eef00000| Complete 
| 240|0x00000000ef000000, 0x00000000ef100000, 0x00000000ef100000|100%| E|CS|TAMS 0x00000000ef000000| PB 0x00000000ef000000| Complete 
| 241|0x00000000ef100000, 0x00000000ef200000, 0x00000000ef200000|100%| E|CS|TAMS 0x00000000ef100000| PB 0x00000000ef100000| Complete 
| 242|0x00000000ef200000, 0x00000000ef300000, 0x00000000ef300000|100%| E|CS|TAMS 0x00000000ef200000| PB 0x00000000ef200000| Complete 
| 243|0x00000000ef300000, 0x00000000ef400000, 0x00000000ef400000|100%| E|CS|TAMS 0x00000000ef300000| PB 0x00000000ef300000| Complete 
| 244|0x00000000ef400000, 0x00000000ef500000, 0x00000000ef500000|100%| E|CS|TAMS 0x00000000ef400000| PB 0x00000000ef400000| Complete 
| 245|0x00000000ef500000, 0x00000000ef600000, 0x00000000ef600000|100%| E|CS|TAMS 0x00000000ef500000| PB 0x00000000ef500000| Complete 
| 246|0x00000000ef600000, 0x00000000ef700000, 0x00000000ef700000|100%| E|CS|TAMS 0x00000000ef600000| PB 0x00000000ef600000| Complete 
| 247|0x00000000ef700000, 0x00000000ef800000, 0x00000000ef800000|100%| E|CS|TAMS 0x00000000ef700000| PB 0x00000000ef700000| Complete 
| 248|0x00000000ef800000, 0x00000000ef900000, 0x00000000ef900000|100%| E|CS|TAMS 0x00000000ef800000| PB 0x00000000ef800000| Complete 
| 249|0x00000000ef900000, 0x00000000efa00000, 0x00000000efa00000|100%| E|CS|TAMS 0x00000000ef900000| PB 0x00000000ef900000| Complete 
| 250|0x00000000efa00000, 0x00000000efb00000, 0x00000000efb00000|100%| E|CS|TAMS 0x00000000efa00000| PB 0x00000000efa00000| Complete 
| 251|0x00000000efb00000, 0x00000000efc00000, 0x00000000efc00000|100%| E|CS|TAMS 0x00000000efb00000| PB 0x00000000efb00000| Complete 
| 252|0x00000000efc00000, 0x00000000efd00000, 0x00000000efd00000|100%| E|CS|TAMS 0x00000000efc00000| PB 0x00000000efc00000| Complete 
| 253|0x00000000efd00000, 0x00000000efe00000, 0x00000000efe00000|100%| E|CS|TAMS 0x00000000efd00000| PB 0x00000000efd00000| Complete 
| 254|0x00000000efe00000, 0x00000000eff00000, 0x00000000eff00000|100%| E|CS|TAMS 0x00000000efe00000| PB 0x00000000efe00000| Complete 
| 255|0x00000000eff00000, 0x00000000f0000000, 0x00000000f0000000|100%| E|CS|TAMS 0x00000000eff00000| PB 0x00000000eff00000| Complete 

Card table byte_map: [0x000001a5f6e00000,0x000001a5f6f00000] _byte_map_base: 0x000001a5f6700000

Marking Bits: (CMBitMap*) 0x000001a5e45ec3a0
 Bits: [0x000001a5f6f00000, 0x000001a5f7700000)

Polling page: 0x000001a5e24e0000

Metaspace:

Usage:
  Non-class:     26.58 MB used.
      Class:      4.71 MB used.
       Both:     31.29 MB used.

Virtual space:
  Non-class space:       64.00 MB reserved,      27.25 MB ( 43%) committed,  1 nodes.
      Class space:      320.00 MB reserved,       5.31 MB (  2%) committed,  1 nodes.
             Both:      384.00 MB reserved,      32.56 MB (  8%) committed. 

Chunk freelists:
   Non-Class:  4.73 MB
       Class:  10.51 MB
        Both:  15.24 MB

MaxMetaspaceSize: 384.00 MB
CompressedClassSpaceSize: 320.00 MB
Initial GC threshold: 21.00 MB
Current GC threshold: 35.25 MB
CDS: on
 - commit_granule_bytes: 65536.
 - commit_granule_words: 8192.
 - virtual_space_node_default_size: 8388608.
 - enlarge_chunks_in_place: 1.
 - use_allocation_guard: 0.


Internal statistics:

num_allocs_failed_limit: 3.
num_arena_births: 2316.
num_arena_deaths: 0.
num_vsnodes_births: 2.
num_vsnodes_deaths: 0.
num_space_committed: 521.
num_space_uncommitted: 0.
num_chunks_returned_to_freelist: 3.
num_chunks_taken_from_freelist: 3877.
num_chunk_merges: 3.
num_chunk_splits: 2494.
num_chunks_enlarged: 1513.
num_inconsistent_stats: 0.

CodeHeap 'non-profiled nmethods': size=120000Kb used=2387Kb max_used=2387Kb free=117612Kb
 bounds [0x000001a5ef280000, 0x000001a5ef4f0000, 0x000001a5f67b0000]
CodeHeap 'profiled nmethods': size=120000Kb used=8477Kb max_used=8477Kb free=111522Kb
 bounds [0x000001a5e77b0000, 0x000001a5e8000000, 0x000001a5eece0000]
CodeHeap 'non-nmethods': size=5760Kb used=1450Kb max_used=1469Kb free=4309Kb
 bounds [0x000001a5eece0000, 0x000001a5eef50000, 0x000001a5ef280000]
CodeCache: size=245760Kb, used=12314Kb, max_used=12333Kb, free=233443Kb
 total_blobs=4935, nmethods=4334, adapters=505, full_count=0
Compilation: enabled, stopped_count=0, restarted_count=0

Compilation events (20 events):
Event: 328.980 Thread 0x000001a5fa3753b0 4318       3       java.util.stream.ReferencePipeline$7$1::begin (13 bytes)
Event: 328.980 Thread 0x000001a5fa3753b0 nmethod 4318 0x000001a5e7fe2f90 code [0x000001a5e7fe3140, 0x000001a5e7fe3320]
Event: 328.980 Thread 0x000001a5fa3753b0 4319       3       java.util.ArrayList$ArrayListSpliterator::forEachRemaining (127 bytes)
Event: 328.981 Thread 0x000001a5fa3753b0 nmethod 4319 0x000001a5e7fe3410 code [0x000001a5e7fe3620, 0x000001a5e7fe3bf8]
Event: 330.915 Thread 0x000001a5fa3753b0 4321       3       org.gradle.cache.internal.filelock.LockInfoSerializer::read (50 bytes)
Event: 330.915 Thread 0x000001a5fa3753b0 nmethod 4321 0x000001a5e7fe3e10 code [0x000001a5e7fe4020, 0x000001a5e7fe4728]
Event: 330.974 Thread 0x000001a5fa3753b0 4322       3       java.util.stream.ReferencePipeline::map (26 bytes)
Event: 330.974 Thread 0x000001a5fa3753b0 nmethod 4322 0x000001a5e7fe4910 code [0x000001a5e7fe4b00, 0x000001a5e7fe4fd0]
Event: 334.610 Thread 0x000001a5fa374910 4323       4       org.gradle.launcher.daemon.registry.DaemonInfo::<init> (12 bytes)
Event: 334.618 Thread 0x000001a5fa374910 nmethod 4323 0x000001a5ef4d4410 code [0x000001a5ef4d45a0, 0x000001a5ef4d4ae0]
Event: 334.650 Thread 0x000001a5fa3753b0 4324  s    3       java.io.FileDescriptor::close (9 bytes)
Event: 334.650 Thread 0x000001a5fa3753b0 nmethod 4324 0x000001a5e7fe5210 code [0x000001a5e7fe53e0, 0x000001a5e7fe5858]
Event: 334.650 Thread 0x000001a5fa3753b0 4325  s    3       java.io.FileDescriptor::unregisterCleanup (20 bytes)
Event: 334.651 Thread 0x000001a5fa3753b0 nmethod 4325 0x000001a5e7fe5990 code [0x000001a5e7fe5b40, 0x000001a5e7fe5e40]
Event: 334.858 Thread 0x000001a5fa3753b0 4326       3       java.util.regex.Pattern::curly (66 bytes)
Event: 334.879 Thread 0x000001a5fa3753b0 nmethod 4326 0x000001a5e7fe5f10 code [0x000001a5e7fe6180, 0x000001a5e7fe6f58]
Event: 335.513 Thread 0x000001a5fa3753b0 4327       1       org.gradle.cache.internal.filelock.DefaultLockOptions::getMode (5 bytes)
Event: 335.513 Thread 0x000001a5fa3753b0 nmethod 4327 0x000001a5ef4d4b90 code [0x000001a5ef4d4d20, 0x000001a5ef4d4de8]
Event: 335.887 Thread 0x000001a5fa374910 4328       4       org.gradle.internal.remote.internal.inet.MultiChoiceAddressSerializer::read (95 bytes)
Event: 336.650 Thread 0x000001a5fa3753b0 4330       3       java.util.regex.Pattern::compile (537 bytes)

GC Heap History (6 events):
Event: 25.407 GC heap before
{Heap before GC invocations=0 (full 0):
 garbage-first heap   total 262144K, used 27648K [0x00000000e0000000, 0x0000000100000000)
  region size 1024K, 23 young (23552K), 0 survivors (0K)
 Metaspace       used 3122K, committed 3392K, reserved 393216K
  class space    used 376K, committed 512K, reserved 327680K
}
Event: 26.269 GC heap after
{Heap after GC invocations=1 (full 0):
 garbage-first heap   total 262144K, used 11199K [0x00000000e0000000, 0x0000000100000000)
  region size 1024K, 3 young (3072K), 3 survivors (3072K)
 Metaspace       used 3122K, committed 3392K, reserved 393216K
  class space    used 376K, committed 512K, reserved 327680K
}
Event: 55.764 GC heap before
{Heap before GC invocations=1 (full 0):
 garbage-first heap   total 262144K, used 39871K [0x00000000e0000000, 0x0000000100000000)
  region size 1024K, 29 young (29696K), 3 survivors (3072K)
 Metaspace       used 4642K, committed 4864K, reserved 393216K
  class space    used 591K, committed 704K, reserved 327680K
}
Event: 55.770 GC heap after
{Heap after GC invocations=2 (full 0):
 garbage-first heap   total 262144K, used 14083K [0x00000000e0000000, 0x0000000100000000)
  region size 1024K, 2 young (2048K), 2 survivors (2048K)
 Metaspace       used 4642K, committed 4864K, reserved 393216K
  class space    used 591K, committed 704K, reserved 327680K
}
Event: 202.980 GC heap before
{Heap before GC invocations=2 (full 0):
 garbage-first heap   total 262144K, used 129795K [0x00000000e0000000, 0x0000000100000000)
  region size 1024K, 116 young (118784K), 2 survivors (2048K)
 Metaspace       used 20850K, committed 21504K, reserved 393216K
  class space    used 2963K, committed 3264K, reserved 327680K
}
Event: 203.054 GC heap after
{Heap after GC invocations=3 (full 0):
 garbage-first heap   total 262144K, used 24238K [0x00000000e0000000, 0x0000000100000000)
  region size 1024K, 12 young (12288K), 12 survivors (12288K)
 Metaspace       used 20850K, committed 21504K, reserved 393216K
  class space    used 2963K, committed 3264K, reserved 327680K
}

Dll operation events (20 events):
Event: 0.542 Attempting to load shared library C:\Users\pjoo6\.vscode\extensions\redhat.java-1.56.0-win32-x64\jre\21.0.12.1-win32-x86_64\bin\nio.dll
Event: 0.546 Loaded shared library C:\Users\pjoo6\.vscode\extensions\redhat.java-1.56.0-win32-x64\jre\21.0.12.1-win32-x86_64\bin\nio.dll
Event: 0.569 Attempting to load shared library C:\Users\pjoo6\.vscode\extensions\redhat.java-1.56.0-win32-x64\jre\21.0.12.1-win32-x86_64\bin\zip.dll
Event: 0.569 Loaded shared library C:\Users\pjoo6\.vscode\extensions\redhat.java-1.56.0-win32-x64\jre\21.0.12.1-win32-x86_64\bin\zip.dll
Event: 4.935 Attempting to load shared library C:\Users\pjoo6\.vscode\extensions\redhat.java-1.56.0-win32-x64\jre\21.0.12.1-win32-x86_64\bin\jimage.dll
Event: 4.935 Loaded shared library C:\Users\pjoo6\.vscode\extensions\redhat.java-1.56.0-win32-x64\jre\21.0.12.1-win32-x86_64\bin\jimage.dll
Event: 15.096 Attempting to load shared library C:\Users\pjoo6\.vscode\extensions\redhat.java-1.56.0-win32-x64\jre\21.0.12.1-win32-x86_64\bin\verify.dll
Event: 15.183 Loaded shared library C:\Users\pjoo6\.vscode\extensions\redhat.java-1.56.0-win32-x64\jre\21.0.12.1-win32-x86_64\bin\verify.dll
Event: 17.856 Attempting to load shared library C:\Users\pjoo6\.gradle\native\660c5614fbf4a5f2a75b1949f50a0caf5cd603558e7d8a26e50b933a0cfb79d1\windows-amd64\native-platform.dll
Event: 17.879 Loaded shared library C:\Users\pjoo6\.gradle\native\660c5614fbf4a5f2a75b1949f50a0caf5cd603558e7d8a26e50b933a0cfb79d1\windows-amd64\native-platform.dll
Event: 18.747 Attempting to load shared library C:\Users\pjoo6\.gradle\native\0.2.8\x86_64-windows-gnu\gradle-fileevents.dll
Event: 18.765 Loaded shared library C:\Users\pjoo6\.gradle\native\0.2.8\x86_64-windows-gnu\gradle-fileevents.dll
Event: 85.718 Attempting to load shared library C:\Users\pjoo6\.vscode\extensions\redhat.java-1.56.0-win32-x64\jre\21.0.12.1-win32-x86_64\bin\management.dll
Event: 85.807 Loaded shared library C:\Users\pjoo6\.vscode\extensions\redhat.java-1.56.0-win32-x64\jre\21.0.12.1-win32-x86_64\bin\management.dll
Event: 86.189 Attempting to load shared library C:\Users\pjoo6\.vscode\extensions\redhat.java-1.56.0-win32-x64\jre\21.0.12.1-win32-x86_64\bin\management_ext.dll
Event: 86.376 Loaded shared library C:\Users\pjoo6\.vscode\extensions\redhat.java-1.56.0-win32-x64\jre\21.0.12.1-win32-x86_64\bin\management_ext.dll
Event: 90.814 Attempting to load shared library C:\Users\pjoo6\.vscode\extensions\redhat.java-1.56.0-win32-x64\jre\21.0.12.1-win32-x86_64\bin\extnet.dll
Event: 91.023 Loaded shared library C:\Users\pjoo6\.vscode\extensions\redhat.java-1.56.0-win32-x64\jre\21.0.12.1-win32-x86_64\bin\extnet.dll
Event: 128.702 Attempting to load shared library C:\Users\pjoo6\.vscode\extensions\redhat.java-1.56.0-win32-x64\jre\21.0.12.1-win32-x86_64\bin\sunmscapi.dll
Event: 129.028 Loaded shared library C:\Users\pjoo6\.vscode\extensions\redhat.java-1.56.0-win32-x64\jre\21.0.12.1-win32-x86_64\bin\sunmscapi.dll

Deoptimization events (20 events):
Event: 276.322 Thread 0x000001a5954dca30 Uncommon trap: trap_request=0xffffff45 fr.pc=0x000001a5ef3ea6f0 relative=0x00000000000003f0
Event: 276.322 Thread 0x000001a5954dca30 Uncommon trap: reason=unstable_if action=reinterpret pc=0x000001a5ef3ea6f0 method=java.io.BufferedInputStream.read([BII)I @ 4 c2
Event: 276.322 Thread 0x000001a5954dca30 DEOPT PACKING pc=0x000001a5ef3ea6f0 sp=0x0000004b5acfe2b0
Event: 276.322 Thread 0x000001a5954dca30 DEOPT UNPACKING pc=0x000001a5eed34422 sp=0x0000004b5acfe268 mode 2
Event: 276.322 Thread 0x000001a5954dca30 Uncommon trap: trap_request=0xffffffc6 fr.pc=0x000001a5ef3e8ffc relative=0x000000000000091c
Event: 276.322 Thread 0x000001a5954dca30 Uncommon trap: reason=bimorphic_or_optimized_type_check action=maybe_recompile pc=0x000001a5ef3e8ffc method=java.io.DataInputStream.readFully([BII)V @ 30 c2
Event: 276.322 Thread 0x000001a5954dca30 DEOPT PACKING pc=0x000001a5ef3e8ffc sp=0x0000004b5acfe320
Event: 276.322 Thread 0x000001a5954dca30 DEOPT UNPACKING pc=0x000001a5eed34422 sp=0x0000004b5acfe2d8 mode 2
Event: 276.322 Thread 0x000001a5954dca30 Uncommon trap: trap_request=0xffffffc6 fr.pc=0x000001a5ef3e8ffc relative=0x000000000000091c
Event: 276.322 Thread 0x000001a5954dca30 Uncommon trap: reason=bimorphic_or_optimized_type_check action=maybe_recompile pc=0x000001a5ef3e8ffc method=java.io.DataInputStream.readFully([BII)V @ 30 c2
Event: 276.322 Thread 0x000001a5954dca30 DEOPT PACKING pc=0x000001a5ef3e8ffc sp=0x0000004b5acfe320
Event: 276.322 Thread 0x000001a5954dca30 DEOPT UNPACKING pc=0x000001a5eed34422 sp=0x0000004b5acfe2d8 mode 2
Event: 276.323 Thread 0x000001a5954dca30 Uncommon trap: trap_request=0xffffffc6 fr.pc=0x000001a5ef3e8ffc relative=0x000000000000091c
Event: 276.323 Thread 0x000001a5954dca30 Uncommon trap: reason=bimorphic_or_optimized_type_check action=maybe_recompile pc=0x000001a5ef3e8ffc method=java.io.DataInputStream.readFully([BII)V @ 30 c2
Event: 276.323 Thread 0x000001a5954dca30 DEOPT PACKING pc=0x000001a5ef3e8ffc sp=0x0000004b5acfe330
Event: 276.323 Thread 0x000001a5954dca30 DEOPT UNPACKING pc=0x000001a5eed34422 sp=0x0000004b5acfe2e8 mode 2
Event: 279.111 Thread 0x000001a5954db680 Uncommon trap: trap_request=0xffffffde fr.pc=0x000001a5ef377958 relative=0x0000000000000af8
Event: 279.111 Thread 0x000001a5954db680 Uncommon trap: reason=class_check action=maybe_recompile pc=0x000001a5ef377958 method=java.io.BufferedInputStream.implRead([BII)I @ 100 c2
Event: 279.111 Thread 0x000001a5954db680 DEOPT PACKING pc=0x000001a5ef377958 sp=0x0000004b5affe0e0
Event: 279.111 Thread 0x000001a5954db680 DEOPT UNPACKING pc=0x000001a5eed34422 sp=0x0000004b5affe0a8 mode 2

Classes loaded (20 events):
Event: 276.158 Loading class java/nio/file/FileTreeWalker$DirectoryNode
Event: 276.159 Loading class java/nio/file/FileTreeWalker$DirectoryNode done
Event: 276.308 Loading class java/nio/file/FileTreeWalker$Event
Event: 276.309 Loading class java/nio/file/FileTreeWalker$Event done
Event: 276.309 Loading class java/nio/file/FileTreeWalker$EventType
Event: 276.309 Loading class java/nio/file/FileTreeWalker$EventType done
Event: 276.327 Loading class java/nio/file/Files$3
Event: 276.328 Loading class java/nio/file/Files$3 done
Event: 276.357 Loading class java/nio/file/FileVisitResult
Event: 276.358 Loading class java/nio/file/FileVisitResult done
Event: 276.447 Loading class java/nio/charset/CharacterCodingException
Event: 276.447 Loading class java/nio/charset/CharacterCodingException done
Event: 280.849 Loading class java/util/stream/IntStream
Event: 280.850 Loading class java/util/stream/IntStream done
Event: 280.850 Loading class java/util/stream/Streams$RangeIntSpliterator
Event: 280.850 Loading class java/util/stream/Streams$RangeIntSpliterator done
Event: 280.850 Loading class java/util/stream/IntPipeline$Head
Event: 280.850 Loading class java/util/stream/IntPipeline
Event: 280.852 Loading class java/util/stream/IntPipeline done
Event: 280.852 Loading class java/util/stream/IntPipeline$Head done

Classes unloaded (0 events):
No events

Classes redefined (0 events):
No events

Internal exceptions (20 events):
Event: 225.377 Thread 0x000001a5ffc6bdd0 Exception <a 'java/lang/NoSuchMethodError'{0x00000000ecb00ba0}: 'java.lang.Object java.lang.invoke.DirectMethodHandle$Holder.invokeSpecialIFC(java.lang.Object, java.lang.Object, java.lang.Object, java.lang.Object)'> (0x00000000ecb00ba0) 
thrown [s\src\hotspot\share\interpreter\linkResolver.cpp, line 773]
Event: 248.303 Thread 0x000001a5ffc6bdd0 Exception <a 'java/lang/NoSuchMethodError'{0x00000000ebf4d4f8}: 'java.lang.Object java.lang.invoke.DirectMethodHandle$Holder.newInvokeSpecial(java.lang.Object, java.lang.Object, int, int)'> (0x00000000ebf4d4f8) 
thrown [s\src\hotspot\share\interpreter\linkResolver.cpp, line 773]
Event: 248.749 Thread 0x000001a5ffc6bdd0 Exception <a 'java/lang/NoSuchMethodError'{0x00000000ebf87298}: 'void java.lang.invoke.DirectMethodHandle$Holder.invokeSpecial(java.lang.Object, java.lang.Object, int)'> (0x00000000ebf87298) 
thrown [s\src\hotspot\share\interpreter\linkResolver.cpp, line 773]
Event: 248.750 Thread 0x000001a5ffc6bdd0 Exception <a 'java/lang/NoSuchMethodError'{0x00000000ebf8b8b8}: 'void java.lang.invoke.Invokers$Holder.invokeExact_MT(java.lang.Object, int, java.lang.Object)'> (0x00000000ebf8b8b8) 
thrown [s\src\hotspot\share\interpreter\linkResolver.cpp, line 773]
Event: 254.455 Thread 0x000001a5ffc6bdd0 Exception <a 'java/lang/NoSuchMethodError'{0x00000000ebccb510}: 'java.lang.Object java.lang.invoke.DirectMethodHandle$Holder.newInvokeSpecial(java.lang.Object, java.lang.Object, java.lang.Object, java.lang.Object, java.lang.Object, java.lang.Object, java.lang.Object, java.lang.Object, java.lang.Object, java.lang.Object, java.lang.Object)'> (0x00000000ebccb510) 
thrown [s\src\hotspot\share\interpreter\linkResolver.cpp, line 773]
Event: 256.741 Thread 0x000001a5ffc6bdd0 Exception <a 'java/lang/NoSuchMethodError'{0x00000000ebabb318}: 'java.lang.Object java.lang.invoke.Invokers$Holder.linkToTargetMethod(java.lang.Object, java.lang.Object, java.lang.Object, java.lang.Object, java.lang.Object, java.lang.Object, java.lang.Object, java.lang.Object, java.lang.Object, java.lang.Object, java.lang.Object, java.lang.Object)'> (0x00000000ebabb318) 
thrown [s\src\hotspot\share\interpreter\linkResolver.cpp, line 773]
Event: 263.342 Thread 0x000001a5ffc6bdd0 Exception <a 'java/lang/NoSuchMethodError'{0x00000000eb3fe850}: 'java.lang.Object java.lang.invoke.DelegatingMethodHandle$Holder.reinvoke_L(java.lang.Object, java.lang.Object, java.lang.Object, java.lang.Object, java.lang.Object, java.lang.Object, java.lang.Object, java.lang.Object, java.lang.Object, java.lang.Object, java.lang.Object, java.lang.Object, java.lang.Object, java.lang.Object, java.lang.Object, java.lang.Object, java.lang.Object, java.lang.Object, java.lang.Object, java.lang.Object, java.lang.O
Event: 263.368 Thread 0x000001a5ffc6bdd0 Exception <a 'java/lang/NoSuchMethodError'{0x00000000eb2f91a0}: 'java.lang.Object java.lang.invoke.DirectMethodHandle$Holder.invokeStatic(java.lang.Object, java.lang.Object, java.lang.Object, java.lang.Object, java.lang.Object, java.lang.Object, java.lang.Object, java.lang.Object, java.lang.Object, java.lang.Object, java.lang.Object, java.lang.Object, java.lang.Object, java.lang.Object, java.lang.Object, java.lang.Object, java.lang.Object, java.lang.Object, java.lang.Object, java.lang.Object, java.lang.Obj
Event: 263.372 Thread 0x000001a5ffc6bdd0 Exception <a 'java/lang/NoSuchMethodError'{0x00000000eb131bd0}: 'java.lang.Object java.lang.invoke.DirectMethodHandle$Holder.invokeStatic(java.lang.Object, java.lang.Object, java.lang.Object, java.lang.Object, java.lang.Object, java.lang.Object, java.lang.Object, java.lang.Object, java.lang.Object, java.lang.Object, java.lang.Object, java.lang.Object, java.lang.Object, java.lang.Object, java.lang.Object, java.lang.Object, java.lang.Object, java.lang.Object, java.lang.Object, java.lang.Object, java.lang.Obj
Event: 263.378 Thread 0x000001a5ffc6bdd0 Exception <a 'java/lang/NoSuchMethodError'{0x00000000eb16d4b0}: 'java.lang.Object java.lang.invoke.DirectMethodHandle$Holder.invokeStatic(java.lang.Object, java.lang.Object, java.lang.Object, java.lang.Object, java.lang.Object, java.lang.Object, java.lang.Object, java.lang.Object, java.lang.Object, java.lang.Object, java.lang.Object, java.lang.Object, java.lang.Object, java.lang.Object, java.lang.Object, java.lang.Object, java.lang.Object, java.lang.Object, java.lang.Object, java.lang.Object, java.lang.Obj
Event: 263.388 Thread 0x000001a5ffc6bdd0 Exception <a 'java/lang/NoSuchMethodError'{0x00000000eb1aadf8}: 'java.lang.Object java.lang.invoke.DirectMethodHandle$Holder.invokeStatic(java.lang.Object, java.lang.Object, java.lang.Object, java.lang.Object, java.lang.Object, java.lang.Object, java.lang.Object, java.lang.Object, java.lang.Object, java.lang.Object, java.lang.Object, java.lang.Object, java.lang.Object, java.lang.Object, java.lang.Object, java.lang.Object, java.lang.Object, java.lang.Object, java.lang.Object, java.lang.Object, java.lang.Obj
Event: 269.570 Thread 0x000001a5ffc6bdd0 Exception <a 'java/lang/IncompatibleClassChangeError'{0x00000000eab2c370}: Found class java.lang.Object, but interface was expected> (0x00000000eab2c370) 
thrown [s\src\hotspot\share\interpreter\linkResolver.cpp, line 840]
Event: 275.857 Thread 0x000001a5ffc6bdd0 Exception <a 'java/lang/NoSuchMethodError'{0x00000000eaac66d0}: 'java.lang.Object java.lang.invoke.DirectMethodHandle$Holder.invokeSpecial(java.lang.Object, java.lang.Object, long, java.lang.Object)'> (0x00000000eaac66d0) 
thrown [s\src\hotspot\share\interpreter\linkResolver.cpp, line 773]
Event: 275.859 Thread 0x000001a5ffc6bdd0 Exception <a 'java/lang/NoSuchMethodError'{0x00000000eaacd928}: 'java.lang.Object java.lang.invoke.DirectMethodHandle$Holder.newInvokeSpecial(java.lang.Object, java.lang.Object, long)'> (0x00000000eaacd928) 
thrown [s\src\hotspot\share\interpreter\linkResolver.cpp, line 773]
Event: 275.860 Thread 0x000001a5ffc6bdd0 Exception <a 'java/lang/NoSuchMethodError'{0x00000000eaad1f10}: 'java.lang.Object java.lang.invoke.Invokers$Holder.linkToTargetMethod(java.lang.Object, long, java.lang.Object)'> (0x00000000eaad1f10) 
thrown [s\src\hotspot\share\interpreter\linkResolver.cpp, line 773]
Event: 276.322 Thread 0x000001a5954dca30 Implicit null exception at 0x000001a5ef3eb261 to 0x000001a5ef3eb8b0
Event: 276.322 Thread 0x000001a5954dca30 Implicit null exception at 0x000001a5ef3ea34f to 0x000001a5ef3ea6cc
Event: 280.082 Thread 0x000001a5ffc6bdd0 Exception <a 'java/lang/NoSuchMethodError'{0x00000000ea86a7b8}: 'int java.lang.invoke.DirectMethodHandle$Holder.invokeSpecial(java.lang.Object, java.lang.Object, java.lang.Object, java.lang.Object)'> (0x00000000ea86a7b8) 
thrown [s\src\hotspot\share\interpreter\linkResolver.cpp, line 773]
Event: 280.308 Thread 0x000001a5ffc6bdd0 Exception <a 'java/lang/NoSuchMethodError'{0x00000000ea756ee8}: 'int java.lang.invoke.DirectMethodHandle$Holder.invokeInterface(java.lang.Object, java.lang.Object)'> (0x00000000ea756ee8) 
thrown [s\src\hotspot\share\interpreter\linkResolver.cpp, line 773]
Event: 280.634 Thread 0x000001a5ffc6bdd0 Exception <a 'java/lang/NoSuchMethodError'{0x00000000ea7cf4d0}: 'java.lang.Object java.lang.invoke.DirectMethodHandle$Holder.invokeVirtual(java.lang.Object, java.lang.Object, int)'> (0x00000000ea7cf4d0) 
thrown [s\src\hotspot\share\interpreter\linkResolver.cpp, line 773]

ZGC Phase Switch (0 events):
No events

VM Operations (20 events):
Event: 299.703 Executing safepoint VM operation: Cleanup
Event: 299.703 Executing safepoint VM operation: Cleanup done
Event: 301.030 Executing non-safepoint VM operation: HandshakeAllThreads (HandshakeForDeflation)
Event: 301.031 Executing non-safepoint VM operation: HandshakeAllThreads (HandshakeForDeflation) done
Event: 301.031 Executing non-safepoint VM operation: RendezvousGCThreads
Event: 301.031 Executing non-safepoint VM operation: RendezvousGCThreads done
Event: 305.066 Executing safepoint VM operation: Cleanup
Event: 305.099 Executing safepoint VM operation: Cleanup done
Event: 312.167 Executing safepoint VM operation: Cleanup
Event: 312.167 Executing safepoint VM operation: Cleanup done
Event: 318.201 Executing safepoint VM operation: Cleanup
Event: 318.415 Executing safepoint VM operation: Cleanup done
Event: 321.422 Executing safepoint VM operation: Cleanup
Event: 321.422 Executing safepoint VM operation: Cleanup done
Event: 322.429 Executing safepoint VM operation: Cleanup
Event: 322.430 Executing safepoint VM operation: Cleanup done
Event: 323.439 Executing safepoint VM operation: Cleanup
Event: 323.439 Executing safepoint VM operation: Cleanup done
Event: 327.462 Executing safepoint VM operation: Cleanup
Event: 327.462 Executing safepoint VM operation: Cleanup done

Memory protections (0 events):
No events

Nmethod flushes (0 events):
No events

Events (20 events):
Event: 105.686 Thread 0x000001a5e45bfe80 Thread added: 0x000001a595711390
Event: 132.297 Thread 0x000001a5ff572e60 Thread added: 0x000001a595069350
Event: 132.335 Thread 0x000001a595069350 Thread added: 0x000001a5ff5b21a0
Event: 134.193 Thread 0x000001a595069350 Thread added: 0x000001a5ffd06b70
Event: 136.382 Thread 0x000001a595069350 Thread added: 0x000001a5ffc6bdd0
Event: 137.415 Thread 0x000001a5ffc6bdd0 Thread added: 0x000001a5ffdab010
Event: 137.727 Thread 0x000001a5ffc6bdd0 Thread added: 0x000001a5954ddde0
Event: 137.956 Thread 0x000001a5ffc6bdd0 Thread added: 0x000001a5954daff0
Event: 162.058 Thread 0x000001a5ffc6bdd0 Thread added: 0x000001a5954dca30
Event: 162.858 Thread 0x000001a5ffc6bdd0 Thread added: 0x000001a5954dd0c0
Event: 163.692 Thread 0x000001a5954dd0c0 Thread added: 0x000001a5954dd750
Event: 168.585 Thread 0x000001a5ffc6bdd0 Thread added: 0x000001a5954db680
Event: 209.645 Thread 0x000001a5ffc6bdd0 Thread added: 0x000001a5954dbd10
Event: 210.811 Thread 0x000001a5ffc6bdd0 Thread added: 0x000001a5965cb950
Event: 216.204 Thread 0x000001a5ffc6bdd0 Thread added: 0x000001a5965ce0b0
Event: 216.256 Thread 0x000001a5ffc6bdd0 Thread added: 0x000001a5965cd390
Event: 222.678 Thread 0x000001a5ffc6bdd0 Thread added: 0x000001a5965cc670
Event: 224.047 Thread 0x000001a5ffc6bdd0 Thread added: 0x000001a5965cda20
Event: 257.318 Thread 0x000001a5ffc6bdd0 Thread added: 0x000001a5965ce740
Event: 260.942 Thread 0x000001a5ffc6bdd0 Thread added: 0x000001a5965ccd00


Dynamic libraries:
0x00007ff788460000 - 0x00007ff78846e000 	C:\Users\pjoo6\.vscode\extensions\redhat.java-1.56.0-win32-x64\jre\21.0.12.1-win32-x86_64\bin\java.exe
0x00007ff99aa60000 - 0x00007ff99acc6000 	C:\WINDOWS\SYSTEM32\ntdll.dll
0x00007ff99a240000 - 0x00007ff99a309000 	C:\WINDOWS\System32\KERNEL32.DLL
0x00007ff998030000 - 0x00007ff99842f000 	C:\WINDOWS\System32\KERNELBASE.dll
0x00007ff991d00000 - 0x00007ff991d9f000 	C:\WINDOWS\SYSTEM32\apphelp.dll
0x00007ff997e20000 - 0x00007ff997f6c000 	C:\WINDOWS\System32\ucrtbase.dll
0x00007ff967490000 - 0x00007ff9674ae000 	C:\Users\pjoo6\.vscode\extensions\redhat.java-1.56.0-win32-x64\jre\21.0.12.1-win32-x86_64\bin\VCRUNTIME140.dll
0x00007ff956890000 - 0x00007ff9568a8000 	C:\Users\pjoo6\.vscode\extensions\redhat.java-1.56.0-win32-x64\jre\21.0.12.1-win32-x86_64\bin\jli.dll
0x00007ff998cd0000 - 0x00007ff998e96000 	C:\WINDOWS\System32\USER32.dll
0x00007ff997d30000 - 0x00007ff997d57000 	C:\WINDOWS\System32\win32u.dll
0x00007ff999030000 - 0x00007ff99905b000 	C:\WINDOWS\System32\GDI32.dll
0x00007ff9984d0000 - 0x00007ff9985f9000 	C:\WINDOWS\System32\gdi32full.dll
0x00007ff997f80000 - 0x00007ff998023000 	C:\WINDOWS\System32\msvcp_win.dll
0x00007ff96ef70000 - 0x00007ff96f201000 	C:\WINDOWS\WinSxS\amd64_microsoft.windows.common-controls_6595b64144ccf1df_6.0.26100.8972_none_3e0da176e32f9d4b\COMCTL32.dll
0x00007ff998c20000 - 0x00007ff998cc9000 	C:\WINDOWS\System32\msvcrt.dll
0x00007ff99a5d0000 - 0x00007ff99a602000 	C:\WINDOWS\System32\IMM32.DLL
0x00007ff98d290000 - 0x00007ff98d29c000 	C:\Users\pjoo6\.vscode\extensions\redhat.java-1.56.0-win32-x64\jre\21.0.12.1-win32-x86_64\bin\vcruntime140_1.dll
0x00007ff937dd0000 - 0x00007ff937e5d000 	C:\Users\pjoo6\.vscode\extensions\redhat.java-1.56.0-win32-x64\jre\21.0.12.1-win32-x86_64\bin\msvcp140.dll
0x00007ff927730000 - 0x00007ff9284d2000 	C:\Users\pjoo6\.vscode\extensions\redhat.java-1.56.0-win32-x64\jre\21.0.12.1-win32-x86_64\bin\server\jvm.dll
0x00007ff9999e0000 - 0x00007ff999a9c000 	C:\WINDOWS\System32\ADVAPI32.dll
0x00007ff9998d0000 - 0x00007ff99997a000 	C:\WINDOWS\System32\sechost.dll
0x00007ff999480000 - 0x00007ff999598000 	C:\WINDOWS\System32\RPCRT4.dll
0x00007ff998ef0000 - 0x00007ff998f72000 	C:\WINDOWS\System32\WS2_32.dll
0x00007ff98b5a0000 - 0x00007ff98b5ab000 	C:\WINDOWS\SYSTEM32\VERSION.dll
0x00007ff997af0000 - 0x00007ff997b4e000 	C:\WINDOWS\SYSTEM32\POWRPROF.dll
0x00007ff98e8e0000 - 0x00007ff98e916000 	C:\WINDOWS\SYSTEM32\WINMM.dll
0x00007ff997ad0000 - 0x00007ff997ae5000 	C:\WINDOWS\SYSTEM32\UMPDC.dll
0x00007ff996930000 - 0x00007ff99694b000 	C:\WINDOWS\SYSTEM32\kernel.appcore.dll
0x00007ff98aeb0000 - 0x00007ff98aeba000 	C:\Users\pjoo6\.vscode\extensions\redhat.java-1.56.0-win32-x64\jre\21.0.12.1-win32-x86_64\bin\jimage.dll
0x00007ff995310000 - 0x00007ff995552000 	C:\WINDOWS\SYSTEM32\DBGHELP.DLL
0x00007ff999060000 - 0x00007ff9993e5000 	C:\WINDOWS\System32\combase.dll
0x00007ff9995b0000 - 0x00007ff999689000 	C:\WINDOWS\System32\OLEAUT32.dll
0x00007ff96ebb0000 - 0x00007ff96ebeb000 	C:\WINDOWS\SYSTEM32\dbgcore.DLL
0x00007ff997c70000 - 0x00007ff997d1c000 	C:\WINDOWS\System32\bcryptPrimitives.dll
0x00007ff972750000 - 0x00007ff97275f000 	C:\Users\pjoo6\.vscode\extensions\redhat.java-1.56.0-win32-x64\jre\21.0.12.1-win32-x86_64\bin\instrument.dll
0x00007ff947e60000 - 0x00007ff947e80000 	C:\Users\pjoo6\.vscode\extensions\redhat.java-1.56.0-win32-x64\jre\21.0.12.1-win32-x86_64\bin\java.dll
0x00007ff999ab0000 - 0x00007ff99a238000 	C:\WINDOWS\System32\SHELL32.dll
0x00007ff995560000 - 0x00007ff995dfb000 	C:\WINDOWS\SYSTEM32\windows.storage.dll
0x00007ff99a780000 - 0x00007ff99a879000 	C:\WINDOWS\System32\SHCORE.dll
0x00007ff9996b0000 - 0x00007ff999716000 	C:\WINDOWS\System32\shlwapi.dll
0x00007ff997b90000 - 0x00007ff997bb9000 	C:\WINDOWS\SYSTEM32\profapi.dll
0x00007ff947ce0000 - 0x00007ff947cf8000 	C:\Users\pjoo6\.vscode\extensions\redhat.java-1.56.0-win32-x64\jre\21.0.12.1-win32-x86_64\bin\zip.dll
0x00007ff979fa0000 - 0x00007ff979fb0000 	C:\Users\pjoo6\.vscode\extensions\redhat.java-1.56.0-win32-x64\jre\21.0.12.1-win32-x86_64\bin\net.dll
0x00007ff98da70000 - 0x00007ff98db98000 	C:\WINDOWS\SYSTEM32\WINHTTP.dll
0x00007ff996ef0000 - 0x00007ff996f5c000 	C:\WINDOWS\system32\mswsock.dll
0x00007ff947590000 - 0x00007ff9475a6000 	C:\Users\pjoo6\.vscode\extensions\redhat.java-1.56.0-win32-x64\jre\21.0.12.1-win32-x86_64\bin\nio.dll
0x00007ff96fea0000 - 0x00007ff96feb0000 	C:\Users\pjoo6\.vscode\extensions\redhat.java-1.56.0-win32-x64\jre\21.0.12.1-win32-x86_64\bin\verify.dll
0x00007ff93fb20000 - 0x00007ff93fb47000 	C:\Users\pjoo6\.gradle\native\660c5614fbf4a5f2a75b1949f50a0caf5cd603558e7d8a26e50b933a0cfb79d1\windows-amd64\native-platform.dll
0x00007ff9351d0000 - 0x00007ff935247000 	C:\Users\pjoo6\.gradle\native\0.2.8\x86_64-windows-gnu\gradle-fileevents.dll
0x00007ff96cde0000 - 0x00007ff96cdea000 	C:\Users\pjoo6\.vscode\extensions\redhat.java-1.56.0-win32-x64\jre\21.0.12.1-win32-x86_64\bin\management.dll
0x00007ff967940000 - 0x00007ff96794c000 	C:\Users\pjoo6\.vscode\extensions\redhat.java-1.56.0-win32-x64\jre\21.0.12.1-win32-x86_64\bin\management_ext.dll
0x00007ff9998c0000 - 0x00007ff9998c8000 	C:\WINDOWS\System32\PSAPI.DLL
0x00007ff9962d0000 - 0x00007ff996303000 	C:\WINDOWS\SYSTEM32\IPHLPAPI.DLL
0x00007ff99a880000 - 0x00007ff99a88a000 	C:\WINDOWS\System32\NSI.dll
0x00007ff967610000 - 0x00007ff967619000 	C:\Users\pjoo6\.vscode\extensions\redhat.java-1.56.0-win32-x64\jre\21.0.12.1-win32-x86_64\bin\extnet.dll
0x00007ff997200000 - 0x00007ff99721b000 	C:\WINDOWS\SYSTEM32\CRYPTSP.dll
0x00007ff996890000 - 0x00007ff9968c9000 	C:\WINDOWS\system32\rsaenh.dll
0x00007ff996fa0000 - 0x00007ff996fd2000 	C:\WINDOWS\SYSTEM32\USERENV.dll
0x00007ff997b60000 - 0x00007ff997b8a000 	C:\WINDOWS\SYSTEM32\bcrypt.dll
0x00007ff997220000 - 0x00007ff99722c000 	C:\WINDOWS\SYSTEM32\CRYPTBASE.dll
0x00007ff967270000 - 0x00007ff96727e000 	C:\Users\pjoo6\.vscode\extensions\redhat.java-1.56.0-win32-x64\jre\21.0.12.1-win32-x86_64\bin\sunmscapi.dll
0x00007ff998600000 - 0x00007ff99877e000 	C:\WINDOWS\System32\CRYPT32.dll
0x00007ff997440000 - 0x00007ff997470000 	C:\WINDOWS\SYSTEM32\ncrypt.dll
0x00007ff9973f0000 - 0x00007ff99742f000 	C:\WINDOWS\SYSTEM32\NTASN1.dll
0x00007ff96bab0000 - 0x00007ff96bab8000 	C:\WINDOWS\system32\wshunix.dll

JVMTI agents:
C:\Users\pjoo6\.gradle\wrapper\dists\gradle-9.5.1-bin\iq79hdu3mqx29lgffhp8bfmx\gradle-9.5.1\lib\agents\gradle-instrumentation-agent-9.5.1.jar path:C:\Users\pjoo6\.vscode\extensions\redhat.java-1.56.0-win32-x64\jre\21.0.12.1-win32-x86_64\bin\instrument.dll, loaded, initialized, instrumentlib options:none

dbghelp: loaded successfully - version: 4.0.5 - missing functions: none
symbol engine: initialized successfully - sym options: 0x614 - pdb path: .;C:\Users\pjoo6\.vscode\extensions\redhat.java-1.56.0-win32-x64\jre\21.0.12.1-win32-x86_64\bin;C:\WINDOWS\SYSTEM32;C:\WINDOWS\WinSxS\amd64_microsoft.windows.common-controls_6595b64144ccf1df_6.0.26100.8972_none_3e0da176e32f9d4b;C:\Users\pjoo6\.vscode\extensions\redhat.java-1.56.0-win32-x64\jre\21.0.12.1-win32-x86_64\bin\server;C:\Users\pjoo6\.gradle\native\660c5614fbf4a5f2a75b1949f50a0caf5cd603558e7d8a26e50b933a0cfb79d1\windows-amd64;C:\Users\pjoo6\.gradle\native\0.2.8\x86_64-windows-gnu

VM Arguments:
jvm_args: --add-opens=java.base/java.lang=ALL-UNNAMED --add-opens=java.base/java.lang.invoke=ALL-UNNAMED --add-opens=java.base/java.util=ALL-UNNAMED --add-opens=java.prefs/java.util.prefs=ALL-UNNAMED --add-exports=jdk.compiler/com.sun.tools.javac.api=ALL-UNNAMED --add-exports=jdk.compiler/com.sun.tools.javac.util=ALL-UNNAMED --add-opens=java.base/java.nio.charset=ALL-UNNAMED --add-opens=java.base/java.net=ALL-UNNAMED --add-opens=java.base/java.util.concurrent=ALL-UNNAMED --add-opens=java.base/java.util.concurrent.atomic=ALL-UNNAMED --add-opens=java.xml/javax.xml.namespace=ALL-UNNAMED --add-opens=java.base/java.time=ALL-UNNAMED -XX:MaxMetaspaceSize=384m -XX:+HeapDumpOnOutOfMemoryError -Xms256m -Xmx512m -Dfile.encoding=UTF-8 -Duser.country=KR -Duser.language=ko -Duser.variant -javaagent:C:\Users\pjoo6\.gradle\wrapper\dists\gradle-9.5.1-bin\iq79hdu3mqx29lgffhp8bfmx\gradle-9.5.1\lib\agents\gradle-instrumentation-agent-9.5.1.jar 
java_command: org.gradle.launcher.daemon.bootstrap.GradleDaemon 9.5.1
java_class_path (initial): C:\Users\pjoo6\.gradle\wrapper\dists\gradle-9.5.1-bin\iq79hdu3mqx29lgffhp8bfmx\gradle-9.5.1\lib\gradle-daemon-main-9.5.1.jar
Launcher Type: SUN_STANDARD

[Global flags]
     intx CICompilerCount                          = 4                                         {product} {ergonomic}
   size_t CompressedClassSpaceSize                 = 335544320                                 {product} {ergonomic}
     uint ConcGCThreads                            = 3                                         {product} {ergonomic}
     uint G1ConcRefinementThreads                  = 10                                        {product} {ergonomic}
   size_t G1HeapRegionSize                         = 1048576                                   {product} {ergonomic}
    uintx GCDrainStackTargetSize                   = 64                                        {product} {ergonomic}
     bool HeapDumpOnOutOfMemoryError               = true                                   {manageable} {command line}
   size_t InitialHeapSize                          = 268435456                                 {product} {command line}
   size_t MarkStackSize                            = 4194304                                   {product} {ergonomic}
   size_t MaxHeapSize                              = 536870912                                 {product} {command line}
   size_t MaxMetaspaceSize                         = 402653184                                 {product} {command line}
   size_t MaxNewSize                               = 321912832                                 {product} {ergonomic}
   size_t MinHeapDeltaBytes                        = 1048576                                   {product} {ergonomic}
   size_t MinHeapSize                              = 268435456                                 {product} {command line}
    uintx NonNMethodCodeHeapSize                   = 5839372                                {pd product} {ergonomic}
    uintx NonProfiledCodeHeapSize                  = 122909434                              {pd product} {ergonomic}
    uintx ProfiledCodeHeapSize                     = 122909434                              {pd product} {ergonomic}
    uintx ReservedCodeCacheSize                    = 251658240                              {pd product} {ergonomic}
     bool SegmentedCodeCache                       = true                                      {product} {ergonomic}
   size_t SoftMaxHeapSize                          = 536870912                              {manageable} {ergonomic}
     bool UseCompressedOops                        = true                           {product lp64_product} {ergonomic}
     bool UseG1GC                                  = true                                      {product} {ergonomic}
     bool UseLargePagesIndividualAllocation        = false                                  {pd product} {ergonomic}

Logging:
Log output configuration:
 #0: stdout all=warning uptime,level,tags foldmultilines=false
 #1: stderr all=off uptime,level,tags foldmultilines=false

Release file:
JAVA_VERSION="21.0.12.1" 
MODULES="java.base java.compiler java.datatransfer java.xml java.prefs java.desktop java.instrument java.logging java.management java.security.sasl java.naming java.rmi java.management.rmi java.net.http java.scripting java.security.jgss java.transaction.xa java.sql java.sql.rowset java.xml.crypto java.se java.smartcardio jdk.accessibility jdk.internal.jvmstat jdk.attach jdk.charsets jdk.internal.opt jdk.zipfs jdk.compiler jdk.crypto.ec jdk.crypto.cryptoki jdk.crypto.mscapi jdk.dynalink jdk.internal.ed jdk.editpad jdk.hotspot.agent jdk.httpserver jdk.internal.le jdk.internal.vm.ci jdk.internal.vm.compiler jdk.internal.vm.compiler.management jdk.jartool jdk.javadoc jdk.jcmd jdk.management jdk.management.agent jdk.jconsole jdk.jdeps jdk.jdwp.agent jdk.jdi jdk.jfr jdk.jshell jdk.jsobject jdk.jstatd jdk.localedata jdk.management.jfr jdk.naming.dns jdk.naming.rmi jdk.net jdk.nio.mapmode jdk.random jdk.sctp jdk.security.auth jdk.security.jgss jdk.unsupported jdk.unsupported.desktop jdk.xml.dom" 

Environment Variables:
JAVA_HOME=C:\Program Files\Java\jdk-17
PATH=C:\Program Files\Common Files\Oracle\Java\javapath;C:\windows\system32;C:\windows;C:\windows\System32\Wbem;C:\windows\System32\WindowsPowerShell\v1.0\;C:\windows\System32\OpenSSH\;C:\Program Files\nodejs\;C:\WINDOWS\system32;C:\WINDOWS;C:\WINDOWS\System32\Wbem;C:\WINDOWS\System32\WindowsPowerShell\v1.0\;C:\WINDOWS\System32\OpenSSH\;C:\Program Files (x86)\IncrediBuild;C:\Program Files\Git\cmd;C:\Program Files\dotnet\;C:\Users\pjoo6\AppData\Local\Programs\Python\Python39\Scripts\;C:\Users\pjoo6\AppData\Local\Programs\Python\Python39\;C:\Users\pjoo6\AppData\Local\Microsoft\WindowsApps;C:\Users\pjoo6\OneDrive\���� ȭ��\opencv\build\x64\vc15\bin;C:\Users\pjoo6\AppData\Local\Programs\Microsoft VS Code\bin
USERNAME=pjoo6
OS=Windows_NT
PROCESSOR_IDENTIFIER=Intel64 Family 6 Model 186 Stepping 3, GenuineIntel
TMP=C:\Users\pjoo6\AppData\Local\Temp
TEMP=C:\Users\pjoo6\AppData\Local\Temp




Periodic native trim disabled

---------------  S Y S T E M  ---------------

OS:
 Windows 11 , 64 bit Build 26100 (10.0.26100.9168)
OS uptime: 2 days 1:18 hours
Hyper-V role detected

CPU: total 12 (initial active 12) (6 cores per cpu, 2 threads per core) family 6 model 186 stepping 3 microcode 0x6134, cx8, cmov, fxsr, ht, mmx, 3dnowpref, sse, sse2, sse3, ssse3, sse4.1, sse4.2, popcnt, lzcnt, tsc, tscinvbit, avx, avx2, aes, erms, clmul, bmi1, bmi2, adx, sha, fma, vzeroupper, clflush, clflushopt, clwb, hv, serialize, rdtscp, rdpid, fsrm, f16c, cet_ibt, cet_ss
Processor Information for the first 12 processors :
  Max Mhz: 1300, Current Mhz: 1300, Mhz Limit: 1300

Memory: 4k page, system-wide physical 16027M (938M free)
TotalPageFile size 65179M (AvailPageFile size 2135M)
current process WorkingSet (physical memory assigned to process): 33M, peak: 211M
current process commit charge ("private bytes"): 429M, peak: 429M

vm_info: OpenJDK 64-Bit Server VM (21.0.12.1+1-LTS) for windows-amd64 JRE (21.0.12.1+1-LTS), built on 2026-08-18T00:00:00Z by "admin" with MS VC++ 17.12 (VS2022)

END.
