#
# There is insufficient memory for the Java Runtime Environment to continue.
# Native memory allocation (malloc) failed to allocate 298656 bytes. Error detail: Chunk::new
# Possible reasons:
#   The system is out of physical RAM or swap space
#   This process is running with CompressedOops enabled, and the Java Heap may be blocking the growth of the native heap
# Possible solutions:
#   Reduce memory load on the system
#   Increase physical memory or swap space
#   Check if swap backing store is full
#   Decrease Java heap size (-Xmx/-Xms)
#   Decrease number of Java threads
#   Decrease Java thread stack sizes (-Xss)
#   Set larger code cache with -XX:ReservedCodeCacheSize=
#   JVM is running with Unscaled Compressed Oops mode in which the Java heap is
#     placed in the first 4GB address space. The Java Heap base address is the
#     maximum limit for the native heap growth. Please use -XX:HeapBaseMinAddress
#     to set the Java Heap base and to place the Java Heap above 4GB virtual address.
# This output file may be truncated or incomplete.
#
#  Out of Memory Error (arena.cpp:168), pid=12040, tid=4308
#
# JRE version: OpenJDK Runtime Environment Temurin-21.0.12.1+1 (21.0.12.1+1) (build 21.0.12.1+1-LTS)
# Java VM: OpenJDK 64-Bit Server VM Temurin-21.0.12.1+1 (21.0.12.1+1-LTS, mixed mode, sharing, tiered, compressed oops, compressed class ptrs, g1 gc, windows-amd64)
# No core dump will be written. Minidumps are not enabled by default on client versions of Windows
#

---------------  S U M M A R Y ------------

Command Line: --add-opens=java.base/java.lang=ALL-UNNAMED --add-opens=java.base/java.lang.invoke=ALL-UNNAMED --add-opens=java.base/java.util=ALL-UNNAMED --add-opens=java.prefs/java.util.prefs=ALL-UNNAMED --add-exports=jdk.compiler/com.sun.tools.javac.api=ALL-UNNAMED --add-exports=jdk.compiler/com.sun.tools.javac.util=ALL-UNNAMED --add-opens=java.base/java.nio.charset=ALL-UNNAMED --add-opens=java.base/java.net=ALL-UNNAMED --add-opens=java.base/java.util.concurrent=ALL-UNNAMED --add-opens=java.base/java.util.concurrent.atomic=ALL-UNNAMED --add-opens=java.xml/javax.xml.namespace=ALL-UNNAMED --add-opens=java.base/java.time=ALL-UNNAMED -XX:MaxMetaspaceSize=384m -XX:+HeapDumpOnOutOfMemoryError -Xms256m -Xmx512m -Dfile.encoding=UTF-8 -Duser.country=KR -Duser.language=ko -Duser.variant -javaagent:C:\Users\pjoo6\.gradle\wrapper\dists\gradle-9.5.1-bin\iq79hdu3mqx29lgffhp8bfmx\gradle-9.5.1\lib\agents\gradle-instrumentation-agent-9.5.1.jar org.gradle.launcher.daemon.bootstrap.GradleDaemon 9.5.1

Host: 13th Gen Intel(R) Core(TM) i5-1335U, 12 cores, 15G,  Windows 11 , 64 bit Build 26100 (10.0.26100.9168)
Time: Thu Sep 10 11:13:19 2026 elapsed time: 735.106121 seconds (0d 0h 12m 15s)

---------------  T H R E A D  ---------------

Current thread (0x000001535133b720):  JavaThread "C2 CompilerThread0" daemon [_thread_in_native, id=4308, stack(0x0000000101400000,0x0000000101500000) (1024K)]


Current CompileTask:
C2:735122 5581       4       java.lang.invoke.InvokerBytecodeGenerator::emitImplicitConversion (161 bytes)

Stack: [0x0000000101400000,0x0000000101500000]
Native frames: (J=compiled Java code, j=interpreted, Vv=VM code, C=native code)
V  [jvm.dll+0x6d83e9]
V  [jvm.dll+0x8b5736]
V  [jvm.dll+0x8b7cee]
V  [jvm.dll+0x8b83d3]
V  [jvm.dll+0x284596]
V  [jvm.dll+0xc685d]
V  [jvm.dll+0xc6da1]
V  [jvm.dll+0x2fb5ae]
V  [jvm.dll+0x5fee94]
V  [jvm.dll+0x255d67]
V  [jvm.dll+0x25612d]
V  [jvm.dll+0x24e6a0]
V  [jvm.dll+0x24bbe6]
V  [jvm.dll+0x1cb4ae]
V  [jvm.dll+0x25baad]
V  [jvm.dll+0x25a03a]
V  [jvm.dll+0x3f8aae]
V  [jvm.dll+0x8600cd]
V  [jvm.dll+0x6d6c1d]
C  [ucrtbase.dll+0x2cd30]
C  [KERNEL32.DLL+0x2ccb7]
C  [ntdll.dll+0xaad6c]


---------------  P R O C E S S  ---------------

Threads class SMR info:
_java_thread_list=0x000001536caf9b50, length=38, elements={
0x0000015339800de0, 0x0000015351332eb0, 0x0000015351334480, 0x0000015351337a60,
0x00000153513394d0, 0x0000015351339f30, 0x000001535133a990, 0x000001535133b720,
0x0000015351340d40, 0x00000153514d6680, 0x00000153515b7960, 0x000001536b752830,
0x000001536bdfa640, 0x000001536c3ac510, 0x000001536bafd110, 0x0000015351825370,
0x000001536c017940, 0x000001536c4385c0, 0x000001536c0d8470, 0x000001536c0d9820,
0x000001536c0d9eb0, 0x000001536c0d7de0, 0x000001536c0d8b00, 0x000001536c0d9190,
0x000001536d81f060, 0x000001536d81f6f0, 0x000001536d81fd80, 0x000001536d81c900,
0x000001536d81dcb0, 0x000001536d820410, 0x000001536d81cf90, 0x000001536d81d620,
0x000001536d820aa0, 0x000001536d8217c0, 0x000001536d81e340, 0x000001536d821e50,
0x000001536d821130, 0x000001536d81e9d0
}

Java Threads: ( => current thread )
  0x0000015339800de0 JavaThread "main"                              [_thread_blocked, id=25508, stack(0x0000000100600000,0x0000000100700000) (1024K)]
  0x0000015351332eb0 JavaThread "Reference Handler"          daemon [_thread_blocked, id=13940, stack(0x0000000100e00000,0x0000000100f00000) (1024K)]
  0x0000015351334480 JavaThread "Finalizer"                  daemon [_thread_blocked, id=30048, stack(0x0000000100f00000,0x0000000101000000) (1024K)]
  0x0000015351337a60 JavaThread "Signal Dispatcher"          daemon [_thread_blocked, id=16656, stack(0x0000000101000000,0x0000000101100000) (1024K)]
  0x00000153513394d0 JavaThread "Attach Listener"            daemon [_thread_blocked, id=17248, stack(0x0000000101100000,0x0000000101200000) (1024K)]
  0x0000015351339f30 JavaThread "Service Thread"             daemon [_thread_blocked, id=24800, stack(0x0000000101200000,0x0000000101300000) (1024K)]
  0x000001535133a990 JavaThread "Monitor Deflation Thread"   daemon [_thread_blocked, id=26092, stack(0x0000000101300000,0x0000000101400000) (1024K)]
=>0x000001535133b720 JavaThread "C2 CompilerThread0"         daemon [_thread_in_native, id=4308, stack(0x0000000101400000,0x0000000101500000) (1024K)]
  0x0000015351340d40 JavaThread "C1 CompilerThread0"         daemon [_thread_blocked, id=6620, stack(0x0000000101500000,0x0000000101600000) (1024K)]
  0x00000153514d6680 JavaThread "Common-Cleaner"             daemon [_thread_blocked, id=17844, stack(0x0000000101600000,0x0000000101700000) (1024K)]
  0x00000153515b7960 JavaThread "Notification Thread"        daemon [_thread_blocked, id=29652, stack(0x0000000101700000,0x0000000101800000) (1024K)]
  0x000001536b752830 JavaThread "Daemon health stats"               [_thread_blocked, id=26704, stack(0x0000000101d00000,0x0000000101e00000) (1024K)]
  0x000001536bdfa640 JavaThread "Incoming local TCP Connector on port 54185"        [_thread_in_native, id=32712, stack(0x0000000101e00000,0x0000000101f00000) (1024K)]
  0x000001536c3ac510 JavaThread "Daemon periodic checks"            [_thread_blocked, id=27152, stack(0x0000000100400000,0x0000000100500000) (1024K)]
  0x000001536bafd110 JavaThread "Daemon"                            [_thread_blocked, id=33348, stack(0x0000000101f00000,0x0000000102000000) (1024K)]
  0x0000015351825370 JavaThread "Handler for socket connection from /127.0.0.1:54185 to /127.0.0.1:65203"        [_thread_in_native, id=33364, stack(0x0000000102000000,0x0000000102100000) (1024K)]
  0x000001536c017940 JavaThread "Cancel handler"                    [_thread_blocked, id=33376, stack(0x0000000102100000,0x0000000102200000) (1024K)]
  0x000001536c4385c0 JavaThread "Daemon worker"                     [_thread_in_vm, id=33392, stack(0x0000000102200000,0x0000000102300000) (1024K)]
  0x000001536c0d8470 JavaThread "Asynchronous log dispatcher for DefaultDaemonConnection: socket connection from /127.0.0.1:54185 to /127.0.0.1:65203"        [_thread_blocked, id=33408, stack(0x0000000102300000,0x0000000102400000) (1024K)]
  0x000001536c0d9820 JavaThread "Stdin handler"                     [_thread_blocked, id=33412, stack(0x0000000102400000,0x0000000102500000) (1024K)]
  0x000001536c0d9eb0 JavaThread "Daemon client event forwarder"        [_thread_blocked, id=33428, stack(0x0000000102500000,0x0000000102600000) (1024K)]
  0x000001536c0d7de0 JavaThread "Cache worker for journal cache (C:\Users\pjoo6\.gradle\caches\journal-1)"        [_thread_blocked, id=33600, stack(0x0000000102600000,0x0000000102700000) (1024K)]
  0x000001536c0d8b00 JavaThread "File lock request listener"        [_thread_in_native, id=33604, stack(0x0000000102700000,0x0000000102800000) (1024K)]
  0x000001536c0d9190 JavaThread "Cache worker for file hash cache (C:\Users\pjoo6\.gradle\caches\9.5.1\fileHashes)"        [_thread_blocked, id=33628, stack(0x0000000102800000,0x0000000102900000) (1024K)]
  0x000001536d81f060 JavaThread "Cache worker for file hash cache (C:\Users\pjoo6\OneDrive\바탕 화면\springweb\.gradle\9.5.1\fileHashes)"        [_thread_blocked, id=32816, stack(0x0000000103000000,0x0000000103100000) (1024K)]
  0x000001536d81f6f0 JavaThread "Cache worker for Build Output Cleanup Cache (C:\Users\pjoo6\OneDrive\바탕 화면\springweb\.gradle\buildOutputCleanup)"        [_thread_blocked, id=32948, stack(0x0000000103100000,0x0000000103200000) (1024K)]
  0x000001536d81fd80 JavaThread "File watcher server"        daemon [_thread_in_native, id=10152, stack(0x0000000103200000,0x0000000103300000) (1024K)]
  0x000001536d81c900 JavaThread "File watcher consumer"      daemon [_thread_blocked, id=27456, stack(0x0000000103300000,0x0000000103400000) (1024K)]
  0x000001536d81dcb0 JavaThread "Cache worker for file content cache (C:\Users\pjoo6\.gradle\caches\9.5.1\fileContent)"        [_thread_blocked, id=24044, stack(0x0000000103400000,0x0000000103500000) (1024K)]
  0x000001536d820410 JavaThread "Cache worker for checksums cache (C:\Users\pjoo6\OneDrive\바탕 화면\springweb\.gradle\9.5.1\checksums)"        [_thread_blocked, id=28096, stack(0x0000000103500000,0x0000000103600000) (1024K)]
  0x000001536d81cf90 JavaThread "Cache worker for cache directory md-supplier (C:\Users\pjoo6\.gradle\caches\9.5.1\md-supplier)"        [_thread_blocked, id=11080, stack(0x0000000103600000,0x0000000103700000) (1024K)]
  0x000001536d81d620 JavaThread "Cache worker for cache directory md-rule (C:\Users\pjoo6\.gradle\caches\9.5.1\md-rule)"        [_thread_blocked, id=30300, stack(0x0000000103700000,0x0000000103800000) (1024K)]
  0x000001536d820aa0 JavaThread "jar transforms"                    [_thread_blocked, id=37376, stack(0x0000000102900000,0x0000000102a00000) (1024K)]
  0x000001536d8217c0 JavaThread "jar transforms Thread 2"           [_thread_blocked, id=39060, stack(0x0000000103800000,0x0000000103900000) (1024K)]
  0x000001536d81e340 JavaThread "jar transforms Thread 3"           [_thread_blocked, id=39400, stack(0x0000000103900000,0x0000000103a00000) (1024K)]
  0x000001536d821e50 JavaThread "jar transforms Thread 4"           [_thread_blocked, id=8648, stack(0x0000000103a00000,0x0000000103b00000) (1024K)]
  0x000001536d821130 JavaThread "File lock release action executor Thread 3"        [_thread_blocked, id=39104, stack(0x0000000100100000,0x0000000100200000) (1024K)]
  0x000001536d81e9d0 JavaThread "jar transforms Thread 5"           [_thread_blocked, id=20420, stack(0x0000000100500000,0x0000000100600000) (1024K)]
Total: 38

Other Threads:
  0x000001535130e0d0 VMThread "VM Thread"                           [id=14240, stack(0x0000000100d00000,0x0000000100e00000) (1024K)]
  0x00000153513019f0 WatcherThread "VM Periodic Task Thread"        [id=26512, stack(0x0000000100c00000,0x0000000100d00000) (1024K)]
  0x000001533982ca90 WorkerThread "GC Thread#0"                     [id=20564, stack(0x0000000100700000,0x0000000100800000) (1024K)]
  0x000001535195be60 WorkerThread "GC Thread#1"                     [id=25436, stack(0x0000000101800000,0x0000000101900000) (1024K)]
  0x00000153519938f0 WorkerThread "GC Thread#2"                     [id=9668, stack(0x0000000101900000,0x0000000101a00000) (1024K)]
  0x0000015351993ca0 WorkerThread "GC Thread#3"                     [id=31112, stack(0x0000000101a00000,0x0000000101b00000) (1024K)]
  0x0000015351994050 WorkerThread "GC Thread#4"                     [id=31184, stack(0x0000000101b00000,0x0000000101c00000) (1024K)]
  0x000001535198e740 WorkerThread "GC Thread#5"                     [id=8404, stack(0x0000000101c00000,0x0000000101d00000) (1024K)]
  0x000001536c4310a0 WorkerThread "GC Thread#6"                     [id=9392, stack(0x0000000102a00000,0x0000000102b00000) (1024K)]
  0x000001536c431f60 WorkerThread "GC Thread#7"                     [id=13468, stack(0x0000000102b00000,0x0000000102c00000) (1024K)]
  0x000001536c431450 WorkerThread "GC Thread#8"                     [id=8044, stack(0x0000000102c00000,0x0000000102d00000) (1024K)]
  0x000001536c4326c0 WorkerThread "GC Thread#9"                     [id=27744, stack(0x0000000102d00000,0x0000000102e00000) (1024K)]
  0x0000015339831990 ConcurrentGCThread "G1 Main Marker"            [id=29448, stack(0x0000000100800000,0x0000000100900000) (1024K)]
  0x0000015339833230 WorkerThread "G1 Conc#0"                       [id=29708, stack(0x0000000100900000,0x0000000100a00000) (1024K)]
  0x000001536d76e8b0 WorkerThread "G1 Conc#1"                       [id=32840, stack(0x0000000102e00000,0x0000000102f00000) (1024K)]
  0x000001536d76f010 WorkerThread "G1 Conc#2"                       [id=33068, stack(0x0000000102f00000,0x0000000103000000) (1024K)]
  0x00000153511cd360 ConcurrentGCThread "G1 Refine#0"               [id=31220, stack(0x0000000100a00000,0x0000000100b00000) (1024K)]
  0x00000153511d1e00 ConcurrentGCThread "G1 Service"                [id=26368, stack(0x0000000100b00000,0x0000000100c00000) (1024K)]
Total: 18

Threads with active compile tasks:
C2 CompilerThread0  738936 5581       4       java.lang.invoke.InvokerBytecodeGenerator::emitImplicitConversion (161 bytes)
Total: 1

VM state: not at safepoint (normal execution)

VM Mutex/Monitor currently owned by a thread: None

Heap address: 0x00000000e0000000, size: 512 MB, Compressed Oops mode: 32-bit

CDS archive(s) mapped at: [0x0000015352000000-0x0000015352ba0000-0x0000015352ba0000), size 12189696, SharedBaseAddress: 0x0000015352000000, ArchiveRelocationMode: 1.
Compressed class space mapped at: 0x0000015353000000-0x0000015367000000, reserved size: 335544320
Narrow klass base: 0x0000015352000000, Narrow klass shift: 0, Narrow klass range: 0x100000000

GC Precious Log:
 CardTable entry size: 512
 Card Set container configuration: InlinePtr #cards 5 size 8 Array Of Cards #cards 12 size 40 Howl #buckets 4 coarsen threshold 1843 Howl Bitmap #cards 512 size 80 coarsen threshold 460 Card regions per heap region 1 cards per card region 2048
 CPUs: 12 total, 12 available
 Memory: 16027M
 Large Page Support: Disabled
 NUMA Support: Disabled
 Compressed Oops: Enabled (32-bit)
 Heap Region Size: 1M
 Heap Min Capacity: 256M
 Heap Initial Capacity: 256M
 Heap Max Capacity: 512M
 Pre-touch: Disabled
 Parallel Workers: 10
 Concurrent Workers: 3
 Concurrent Refinement Workers: 10
 Periodic GC: Disabled

Heap:
 garbage-first heap   total 262144K, used 137050K [0x00000000e0000000, 0x0000000100000000)
  region size 1024K, 114 young (116736K), 8 survivors (8192K)
 Metaspace       used 42581K, committed 44288K, reserved 393216K
  class space    used 6372K, committed 7232K, reserved 327680K

Heap Regions: E=young(eden), S=young(survivor), O=old, HS=humongous(starts), HC=humongous(continues), CS=collection set, F=free, TAMS=top-at-mark-start, PB=parsable bottom
|   0|0x00000000e0000000, 0x00000000e0100000, 0x00000000e0100000|100%|HS|  |TAMS 0x00000000e0000000| PB 0x00000000e0000000| Complete 
|   1|0x00000000e0100000, 0x00000000e0200000, 0x00000000e0200000|100%|HC|  |TAMS 0x00000000e0100000| PB 0x00000000e0100000| Complete 
|   2|0x00000000e0200000, 0x00000000e0300000, 0x00000000e0300000|100%|HC|  |TAMS 0x00000000e0200000| PB 0x00000000e0200000| Complete 
|   3|0x00000000e0300000, 0x00000000e0400000, 0x00000000e0400000|100%|HC|  |TAMS 0x00000000e0300000| PB 0x00000000e0300000| Complete 
|   4|0x00000000e0400000, 0x00000000e0500000, 0x00000000e0500000|100%| O|  |TAMS 0x00000000e0400000| PB 0x00000000e0400000| Untracked 
|   5|0x00000000e0500000, 0x00000000e0600000, 0x00000000e0600000|100%| O|  |TAMS 0x00000000e0500000| PB 0x00000000e0500000| Untracked 
|   6|0x00000000e0600000, 0x00000000e0700000, 0x00000000e0700000|100%| O|  |TAMS 0x00000000e0600000| PB 0x00000000e0600000| Untracked 
|   7|0x00000000e0700000, 0x00000000e0800000, 0x00000000e0800000|100%| O|  |TAMS 0x00000000e0700000| PB 0x00000000e0700000| Untracked 
|   8|0x00000000e0800000, 0x00000000e0900000, 0x00000000e0900000|100%|HS|  |TAMS 0x00000000e0800000| PB 0x00000000e0800000| Complete 
|   9|0x00000000e0900000, 0x00000000e0a00000, 0x00000000e0a00000|100%| O|  |TAMS 0x00000000e0900000| PB 0x00000000e0900000| Untracked 
|  10|0x00000000e0a00000, 0x00000000e0b00000, 0x00000000e0b00000|100%| O|  |TAMS 0x00000000e0a00000| PB 0x00000000e0a00000| Untracked 
|  11|0x00000000e0b00000, 0x00000000e0c00000, 0x00000000e0c00000|100%| O|  |TAMS 0x00000000e0b00000| PB 0x00000000e0b00000| Untracked 
|  12|0x00000000e0c00000, 0x00000000e0d00000, 0x00000000e0d00000|100%| O|  |TAMS 0x00000000e0c00000| PB 0x00000000e0c00000| Untracked 
|  13|0x00000000e0d00000, 0x00000000e0e00000, 0x00000000e0e00000|100%| O|  |TAMS 0x00000000e0d00000| PB 0x00000000e0d00000| Untracked 
|  14|0x00000000e0e00000, 0x00000000e0f00000, 0x00000000e0f00000|100%| O|  |TAMS 0x00000000e0e00000| PB 0x00000000e0e00000| Untracked 
|  15|0x00000000e0f00000, 0x00000000e1000000, 0x00000000e1000000|100%| O|  |TAMS 0x00000000e0f00000| PB 0x00000000e0f00000| Untracked 
|  16|0x00000000e1000000, 0x00000000e1100000, 0x00000000e1100000|100%| O|  |TAMS 0x00000000e1000000| PB 0x00000000e1000000| Untracked 
|  17|0x00000000e1100000, 0x00000000e1200000, 0x00000000e1200000|100%| O|  |TAMS 0x00000000e1100000| PB 0x00000000e1100000| Untracked 
|  18|0x00000000e1200000, 0x00000000e1300000, 0x00000000e1300000|100%| O|  |TAMS 0x00000000e1200000| PB 0x00000000e1200000| Untracked 
|  19|0x00000000e1300000, 0x00000000e1400000, 0x00000000e1400000|100%| O|  |TAMS 0x00000000e1300000| PB 0x00000000e1300000| Untracked 
|  20|0x00000000e1400000, 0x00000000e1500000, 0x00000000e1500000|100%| O|  |TAMS 0x00000000e1400000| PB 0x00000000e1400000| Untracked 
|  21|0x00000000e1500000, 0x00000000e1600000, 0x00000000e1600000|100%| O|Cm|TAMS 0x00000000e1500000| PB 0x00000000e1500000| Complete 
|  22|0x00000000e1600000, 0x00000000e160cac0, 0x00000000e1700000|  4%| O|  |TAMS 0x00000000e1600000| PB 0x00000000e1600000| Untracked 
|  23|0x00000000e1700000, 0x00000000e1700000, 0x00000000e1800000|  0%| F|  |TAMS 0x00000000e1700000| PB 0x00000000e1700000| Untracked 
|  24|0x00000000e1800000, 0x00000000e1800000, 0x00000000e1900000|  0%| F|  |TAMS 0x00000000e1800000| PB 0x00000000e1800000| Untracked 
|  25|0x00000000e1900000, 0x00000000e1900000, 0x00000000e1a00000|  0%| F|  |TAMS 0x00000000e1900000| PB 0x00000000e1900000| Untracked 
|  26|0x00000000e1a00000, 0x00000000e1a00000, 0x00000000e1b00000|  0%| F|  |TAMS 0x00000000e1a00000| PB 0x00000000e1a00000| Untracked 
|  27|0x00000000e1b00000, 0x00000000e1b00000, 0x00000000e1c00000|  0%| F|  |TAMS 0x00000000e1b00000| PB 0x00000000e1b00000| Untracked 
|  28|0x00000000e1c00000, 0x00000000e1c00000, 0x00000000e1d00000|  0%| F|  |TAMS 0x00000000e1c00000| PB 0x00000000e1c00000| Untracked 
|  29|0x00000000e1d00000, 0x00000000e1d00000, 0x00000000e1e00000|  0%| F|  |TAMS 0x00000000e1d00000| PB 0x00000000e1d00000| Untracked 
|  30|0x00000000e1e00000, 0x00000000e1e00000, 0x00000000e1f00000|  0%| F|  |TAMS 0x00000000e1e00000| PB 0x00000000e1e00000| Untracked 
|  31|0x00000000e1f00000, 0x00000000e1f00000, 0x00000000e2000000|  0%| F|  |TAMS 0x00000000e1f00000| PB 0x00000000e1f00000| Untracked 
|  32|0x00000000e2000000, 0x00000000e2000000, 0x00000000e2100000|  0%| F|  |TAMS 0x00000000e2000000| PB 0x00000000e2000000| Untracked 
|  33|0x00000000e2100000, 0x00000000e2100000, 0x00000000e2200000|  0%| F|  |TAMS 0x00000000e2100000| PB 0x00000000e2100000| Untracked 
|  34|0x00000000e2200000, 0x00000000e2200000, 0x00000000e2300000|  0%| F|  |TAMS 0x00000000e2200000| PB 0x00000000e2200000| Untracked 
|  35|0x00000000e2300000, 0x00000000e2300000, 0x00000000e2400000|  0%| F|  |TAMS 0x00000000e2300000| PB 0x00000000e2300000| Untracked 
|  36|0x00000000e2400000, 0x00000000e2400000, 0x00000000e2500000|  0%| F|  |TAMS 0x00000000e2400000| PB 0x00000000e2400000| Untracked 
|  37|0x00000000e2500000, 0x00000000e2500000, 0x00000000e2600000|  0%| F|  |TAMS 0x00000000e2500000| PB 0x00000000e2500000| Untracked 
|  38|0x00000000e2600000, 0x00000000e2600000, 0x00000000e2700000|  0%| F|  |TAMS 0x00000000e2600000| PB 0x00000000e2600000| Untracked 
|  39|0x00000000e2700000, 0x00000000e2700000, 0x00000000e2800000|  0%| F|  |TAMS 0x00000000e2700000| PB 0x00000000e2700000| Untracked 
|  40|0x00000000e2800000, 0x00000000e2800000, 0x00000000e2900000|  0%| F|  |TAMS 0x00000000e2800000| PB 0x00000000e2800000| Untracked 
|  41|0x00000000e2900000, 0x00000000e2900000, 0x00000000e2a00000|  0%| F|  |TAMS 0x00000000e2900000| PB 0x00000000e2900000| Untracked 
|  42|0x00000000e2a00000, 0x00000000e2a00000, 0x00000000e2b00000|  0%| F|  |TAMS 0x00000000e2a00000| PB 0x00000000e2a00000| Untracked 
|  43|0x00000000e2b00000, 0x00000000e2b00000, 0x00000000e2c00000|  0%| F|  |TAMS 0x00000000e2b00000| PB 0x00000000e2b00000| Untracked 
|  44|0x00000000e2c00000, 0x00000000e2c00000, 0x00000000e2d00000|  0%| F|  |TAMS 0x00000000e2c00000| PB 0x00000000e2c00000| Untracked 
|  45|0x00000000e2d00000, 0x00000000e2d00000, 0x00000000e2e00000|  0%| F|  |TAMS 0x00000000e2d00000| PB 0x00000000e2d00000| Untracked 
|  46|0x00000000e2e00000, 0x00000000e2e00000, 0x00000000e2f00000|  0%| F|  |TAMS 0x00000000e2e00000| PB 0x00000000e2e00000| Untracked 
|  47|0x00000000e2f00000, 0x00000000e2f00000, 0x00000000e3000000|  0%| F|  |TAMS 0x00000000e2f00000| PB 0x00000000e2f00000| Untracked 
|  48|0x00000000e3000000, 0x00000000e3000000, 0x00000000e3100000|  0%| F|  |TAMS 0x00000000e3000000| PB 0x00000000e3000000| Untracked 
|  49|0x00000000e3100000, 0x00000000e3100000, 0x00000000e3200000|  0%| F|  |TAMS 0x00000000e3100000| PB 0x00000000e3100000| Untracked 
|  50|0x00000000e3200000, 0x00000000e3200000, 0x00000000e3300000|  0%| F|  |TAMS 0x00000000e3200000| PB 0x00000000e3200000| Untracked 
|  51|0x00000000e3300000, 0x00000000e3300000, 0x00000000e3400000|  0%| F|  |TAMS 0x00000000e3300000| PB 0x00000000e3300000| Untracked 
|  52|0x00000000e3400000, 0x00000000e3400000, 0x00000000e3500000|  0%| F|  |TAMS 0x00000000e3400000| PB 0x00000000e3400000| Untracked 
|  53|0x00000000e3500000, 0x00000000e3500000, 0x00000000e3600000|  0%| F|  |TAMS 0x00000000e3500000| PB 0x00000000e3500000| Untracked 
|  54|0x00000000e3600000, 0x00000000e3600000, 0x00000000e3700000|  0%| F|  |TAMS 0x00000000e3600000| PB 0x00000000e3600000| Untracked 
|  55|0x00000000e3700000, 0x00000000e3700000, 0x00000000e3800000|  0%| F|  |TAMS 0x00000000e3700000| PB 0x00000000e3700000| Untracked 
|  56|0x00000000e3800000, 0x00000000e3800000, 0x00000000e3900000|  0%| F|  |TAMS 0x00000000e3800000| PB 0x00000000e3800000| Untracked 
|  57|0x00000000e3900000, 0x00000000e3900000, 0x00000000e3a00000|  0%| F|  |TAMS 0x00000000e3900000| PB 0x00000000e3900000| Untracked 
|  58|0x00000000e3a00000, 0x00000000e3a00000, 0x00000000e3b00000|  0%| F|  |TAMS 0x00000000e3a00000| PB 0x00000000e3a00000| Untracked 
|  59|0x00000000e3b00000, 0x00000000e3b00000, 0x00000000e3c00000|  0%| F|  |TAMS 0x00000000e3b00000| PB 0x00000000e3b00000| Untracked 
|  60|0x00000000e3c00000, 0x00000000e3c00000, 0x00000000e3d00000|  0%| F|  |TAMS 0x00000000e3c00000| PB 0x00000000e3c00000| Untracked 
|  61|0x00000000e3d00000, 0x00000000e3d00000, 0x00000000e3e00000|  0%| F|  |TAMS 0x00000000e3d00000| PB 0x00000000e3d00000| Untracked 
|  62|0x00000000e3e00000, 0x00000000e3e00000, 0x00000000e3f00000|  0%| F|  |TAMS 0x00000000e3e00000| PB 0x00000000e3e00000| Untracked 
|  63|0x00000000e3f00000, 0x00000000e3f00000, 0x00000000e4000000|  0%| F|  |TAMS 0x00000000e3f00000| PB 0x00000000e3f00000| Untracked 
|  64|0x00000000e4000000, 0x00000000e4000000, 0x00000000e4100000|  0%| F|  |TAMS 0x00000000e4000000| PB 0x00000000e4000000| Untracked 
|  65|0x00000000e4100000, 0x00000000e4100000, 0x00000000e4200000|  0%| F|  |TAMS 0x00000000e4100000| PB 0x00000000e4100000| Untracked 
|  66|0x00000000e4200000, 0x00000000e4200000, 0x00000000e4300000|  0%| F|  |TAMS 0x00000000e4200000| PB 0x00000000e4200000| Untracked 
|  67|0x00000000e4300000, 0x00000000e4300000, 0x00000000e4400000|  0%| F|  |TAMS 0x00000000e4300000| PB 0x00000000e4300000| Untracked 
|  68|0x00000000e4400000, 0x00000000e4400000, 0x00000000e4500000|  0%| F|  |TAMS 0x00000000e4400000| PB 0x00000000e4400000| Untracked 
|  69|0x00000000e4500000, 0x00000000e4500000, 0x00000000e4600000|  0%| F|  |TAMS 0x00000000e4500000| PB 0x00000000e4500000| Untracked 
|  70|0x00000000e4600000, 0x00000000e4600000, 0x00000000e4700000|  0%| F|  |TAMS 0x00000000e4600000| PB 0x00000000e4600000| Untracked 
|  71|0x00000000e4700000, 0x00000000e4700000, 0x00000000e4800000|  0%| F|  |TAMS 0x00000000e4700000| PB 0x00000000e4700000| Untracked 
|  72|0x00000000e4800000, 0x00000000e4800000, 0x00000000e4900000|  0%| F|  |TAMS 0x00000000e4800000| PB 0x00000000e4800000| Untracked 
|  73|0x00000000e4900000, 0x00000000e4900000, 0x00000000e4a00000|  0%| F|  |TAMS 0x00000000e4900000| PB 0x00000000e4900000| Untracked 
|  74|0x00000000e4a00000, 0x00000000e4a00000, 0x00000000e4b00000|  0%| F|  |TAMS 0x00000000e4a00000| PB 0x00000000e4a00000| Untracked 
|  75|0x00000000e4b00000, 0x00000000e4b00000, 0x00000000e4c00000|  0%| F|  |TAMS 0x00000000e4b00000| PB 0x00000000e4b00000| Untracked 
|  76|0x00000000e4c00000, 0x00000000e4c00000, 0x00000000e4d00000|  0%| F|  |TAMS 0x00000000e4c00000| PB 0x00000000e4c00000| Untracked 
|  77|0x00000000e4d00000, 0x00000000e4d00000, 0x00000000e4e00000|  0%| F|  |TAMS 0x00000000e4d00000| PB 0x00000000e4d00000| Untracked 
|  78|0x00000000e4e00000, 0x00000000e4e00000, 0x00000000e4f00000|  0%| F|  |TAMS 0x00000000e4e00000| PB 0x00000000e4e00000| Untracked 
|  79|0x00000000e4f00000, 0x00000000e4f00000, 0x00000000e5000000|  0%| F|  |TAMS 0x00000000e4f00000| PB 0x00000000e4f00000| Untracked 
|  80|0x00000000e5000000, 0x00000000e5000000, 0x00000000e5100000|  0%| F|  |TAMS 0x00000000e5000000| PB 0x00000000e5000000| Untracked 
|  81|0x00000000e5100000, 0x00000000e5100000, 0x00000000e5200000|  0%| F|  |TAMS 0x00000000e5100000| PB 0x00000000e5100000| Untracked 
|  82|0x00000000e5200000, 0x00000000e5200000, 0x00000000e5300000|  0%| F|  |TAMS 0x00000000e5200000| PB 0x00000000e5200000| Untracked 
|  83|0x00000000e5300000, 0x00000000e5300000, 0x00000000e5400000|  0%| F|  |TAMS 0x00000000e5300000| PB 0x00000000e5300000| Untracked 
|  84|0x00000000e5400000, 0x00000000e5400000, 0x00000000e5500000|  0%| F|  |TAMS 0x00000000e5400000| PB 0x00000000e5400000| Untracked 
|  85|0x00000000e5500000, 0x00000000e5500000, 0x00000000e5600000|  0%| F|  |TAMS 0x00000000e5500000| PB 0x00000000e5500000| Untracked 
|  86|0x00000000e5600000, 0x00000000e5600000, 0x00000000e5700000|  0%| F|  |TAMS 0x00000000e5600000| PB 0x00000000e5600000| Untracked 
|  87|0x00000000e5700000, 0x00000000e5700000, 0x00000000e5800000|  0%| F|  |TAMS 0x00000000e5700000| PB 0x00000000e5700000| Untracked 
|  88|0x00000000e5800000, 0x00000000e5800000, 0x00000000e5900000|  0%| F|  |TAMS 0x00000000e5800000| PB 0x00000000e5800000| Untracked 
|  89|0x00000000e5900000, 0x00000000e5900000, 0x00000000e5a00000|  0%| F|  |TAMS 0x00000000e5900000| PB 0x00000000e5900000| Untracked 
|  90|0x00000000e5a00000, 0x00000000e5a00000, 0x00000000e5b00000|  0%| F|  |TAMS 0x00000000e5a00000| PB 0x00000000e5a00000| Untracked 
|  91|0x00000000e5b00000, 0x00000000e5b00000, 0x00000000e5c00000|  0%| F|  |TAMS 0x00000000e5b00000| PB 0x00000000e5b00000| Untracked 
|  92|0x00000000e5c00000, 0x00000000e5c00000, 0x00000000e5d00000|  0%| F|  |TAMS 0x00000000e5c00000| PB 0x00000000e5c00000| Untracked 
|  93|0x00000000e5d00000, 0x00000000e5d00000, 0x00000000e5e00000|  0%| F|  |TAMS 0x00000000e5d00000| PB 0x00000000e5d00000| Untracked 
|  94|0x00000000e5e00000, 0x00000000e5e00000, 0x00000000e5f00000|  0%| F|  |TAMS 0x00000000e5e00000| PB 0x00000000e5e00000| Untracked 
|  95|0x00000000e5f00000, 0x00000000e5f00000, 0x00000000e6000000|  0%| F|  |TAMS 0x00000000e5f00000| PB 0x00000000e5f00000| Untracked 
|  96|0x00000000e6000000, 0x00000000e6000000, 0x00000000e6100000|  0%| F|  |TAMS 0x00000000e6000000| PB 0x00000000e6000000| Untracked 
|  97|0x00000000e6100000, 0x00000000e6100000, 0x00000000e6200000|  0%| F|  |TAMS 0x00000000e6100000| PB 0x00000000e6100000| Untracked 
|  98|0x00000000e6200000, 0x00000000e6200000, 0x00000000e6300000|  0%| F|  |TAMS 0x00000000e6200000| PB 0x00000000e6200000| Untracked 
|  99|0x00000000e6300000, 0x00000000e6300000, 0x00000000e6400000|  0%| F|  |TAMS 0x00000000e6300000| PB 0x00000000e6300000| Untracked 
| 100|0x00000000e6400000, 0x00000000e6400000, 0x00000000e6500000|  0%| F|  |TAMS 0x00000000e6400000| PB 0x00000000e6400000| Untracked 
| 101|0x00000000e6500000, 0x00000000e6500000, 0x00000000e6600000|  0%| F|  |TAMS 0x00000000e6500000| PB 0x00000000e6500000| Untracked 
| 102|0x00000000e6600000, 0x00000000e6600000, 0x00000000e6700000|  0%| F|  |TAMS 0x00000000e6600000| PB 0x00000000e6600000| Untracked 
| 103|0x00000000e6700000, 0x00000000e6700000, 0x00000000e6800000|  0%| F|  |TAMS 0x00000000e6700000| PB 0x00000000e6700000| Untracked 
| 104|0x00000000e6800000, 0x00000000e6800000, 0x00000000e6900000|  0%| F|  |TAMS 0x00000000e6800000| PB 0x00000000e6800000| Untracked 
| 105|0x00000000e6900000, 0x00000000e6900000, 0x00000000e6a00000|  0%| F|  |TAMS 0x00000000e6900000| PB 0x00000000e6900000| Untracked 
| 106|0x00000000e6a00000, 0x00000000e6a00000, 0x00000000e6b00000|  0%| F|  |TAMS 0x00000000e6a00000| PB 0x00000000e6a00000| Untracked 
| 107|0x00000000e6b00000, 0x00000000e6b00000, 0x00000000e6c00000|  0%| F|  |TAMS 0x00000000e6b00000| PB 0x00000000e6b00000| Untracked 
| 108|0x00000000e6c00000, 0x00000000e6c00000, 0x00000000e6d00000|  0%| F|  |TAMS 0x00000000e6c00000| PB 0x00000000e6c00000| Untracked 
| 109|0x00000000e6d00000, 0x00000000e6d00000, 0x00000000e6e00000|  0%| F|  |TAMS 0x00000000e6d00000| PB 0x00000000e6d00000| Untracked 
| 110|0x00000000e6e00000, 0x00000000e6e00000, 0x00000000e6f00000|  0%| F|  |TAMS 0x00000000e6e00000| PB 0x00000000e6e00000| Untracked 
| 111|0x00000000e6f00000, 0x00000000e6f00000, 0x00000000e7000000|  0%| F|  |TAMS 0x00000000e6f00000| PB 0x00000000e6f00000| Untracked 
| 112|0x00000000e7000000, 0x00000000e7000000, 0x00000000e7100000|  0%| F|  |TAMS 0x00000000e7000000| PB 0x00000000e7000000| Untracked 
| 113|0x00000000e7100000, 0x00000000e7100000, 0x00000000e7200000|  0%| F|  |TAMS 0x00000000e7100000| PB 0x00000000e7100000| Untracked 
| 114|0x00000000e7200000, 0x00000000e7200000, 0x00000000e7300000|  0%| F|  |TAMS 0x00000000e7200000| PB 0x00000000e7200000| Untracked 
| 115|0x00000000e7300000, 0x00000000e7300000, 0x00000000e7400000|  0%| F|  |TAMS 0x00000000e7300000| PB 0x00000000e7300000| Untracked 
| 116|0x00000000e7400000, 0x00000000e7400000, 0x00000000e7500000|  0%| F|  |TAMS 0x00000000e7400000| PB 0x00000000e7400000| Untracked 
| 117|0x00000000e7500000, 0x00000000e7500000, 0x00000000e7600000|  0%| F|  |TAMS 0x00000000e7500000| PB 0x00000000e7500000| Untracked 
| 118|0x00000000e7600000, 0x00000000e7600000, 0x00000000e7700000|  0%| F|  |TAMS 0x00000000e7600000| PB 0x00000000e7600000| Untracked 
| 119|0x00000000e7700000, 0x00000000e7700000, 0x00000000e7800000|  0%| F|  |TAMS 0x00000000e7700000| PB 0x00000000e7700000| Untracked 
| 120|0x00000000e7800000, 0x00000000e7800000, 0x00000000e7900000|  0%| F|  |TAMS 0x00000000e7800000| PB 0x00000000e7800000| Untracked 
| 121|0x00000000e7900000, 0x00000000e7900000, 0x00000000e7a00000|  0%| F|  |TAMS 0x00000000e7900000| PB 0x00000000e7900000| Untracked 
| 122|0x00000000e7a00000, 0x00000000e7a00000, 0x00000000e7b00000|  0%| F|  |TAMS 0x00000000e7a00000| PB 0x00000000e7a00000| Untracked 
| 123|0x00000000e7b00000, 0x00000000e7b00000, 0x00000000e7c00000|  0%| F|  |TAMS 0x00000000e7b00000| PB 0x00000000e7b00000| Untracked 
| 124|0x00000000e7c00000, 0x00000000e7c00000, 0x00000000e7d00000|  0%| F|  |TAMS 0x00000000e7c00000| PB 0x00000000e7c00000| Untracked 
| 125|0x00000000e7d00000, 0x00000000e7d00000, 0x00000000e7e00000|  0%| F|  |TAMS 0x00000000e7d00000| PB 0x00000000e7d00000| Untracked 
| 126|0x00000000e7e00000, 0x00000000e7e00000, 0x00000000e7f00000|  0%| F|  |TAMS 0x00000000e7e00000| PB 0x00000000e7e00000| Untracked 
| 127|0x00000000e7f00000, 0x00000000e7f00000, 0x00000000e8000000|  0%| F|  |TAMS 0x00000000e7f00000| PB 0x00000000e7f00000| Untracked 
| 128|0x00000000e8000000, 0x00000000e8000000, 0x00000000e8100000|  0%| F|  |TAMS 0x00000000e8000000| PB 0x00000000e8000000| Untracked 
| 129|0x00000000e8100000, 0x00000000e8100000, 0x00000000e8200000|  0%| F|  |TAMS 0x00000000e8100000| PB 0x00000000e8100000| Untracked 
| 130|0x00000000e8200000, 0x00000000e8200000, 0x00000000e8300000|  0%| F|  |TAMS 0x00000000e8200000| PB 0x00000000e8200000| Untracked 
| 131|0x00000000e8300000, 0x00000000e8300000, 0x00000000e8400000|  0%| F|  |TAMS 0x00000000e8300000| PB 0x00000000e8300000| Untracked 
| 132|0x00000000e8400000, 0x00000000e8400000, 0x00000000e8500000|  0%| F|  |TAMS 0x00000000e8400000| PB 0x00000000e8400000| Untracked 
| 133|0x00000000e8500000, 0x00000000e8500000, 0x00000000e8600000|  0%| F|  |TAMS 0x00000000e8500000| PB 0x00000000e8500000| Untracked 
| 134|0x00000000e8600000, 0x00000000e8600000, 0x00000000e8700000|  0%| F|  |TAMS 0x00000000e8600000| PB 0x00000000e8600000| Untracked 
| 135|0x00000000e8700000, 0x00000000e8700000, 0x00000000e8800000|  0%| F|  |TAMS 0x00000000e8700000| PB 0x00000000e8700000| Untracked 
| 136|0x00000000e8800000, 0x00000000e8800000, 0x00000000e8900000|  0%| F|  |TAMS 0x00000000e8800000| PB 0x00000000e8800000| Untracked 
| 137|0x00000000e8900000, 0x00000000e8900000, 0x00000000e8a00000|  0%| F|  |TAMS 0x00000000e8900000| PB 0x00000000e8900000| Untracked 
| 138|0x00000000e8a00000, 0x00000000e8a00000, 0x00000000e8b00000|  0%| F|  |TAMS 0x00000000e8a00000| PB 0x00000000e8a00000| Untracked 
| 139|0x00000000e8b00000, 0x00000000e8b00000, 0x00000000e8c00000|  0%| F|  |TAMS 0x00000000e8b00000| PB 0x00000000e8b00000| Untracked 
| 140|0x00000000e8c00000, 0x00000000e8c00000, 0x00000000e8d00000|  0%| F|  |TAMS 0x00000000e8c00000| PB 0x00000000e8c00000| Untracked 
| 141|0x00000000e8d00000, 0x00000000e8e00000, 0x00000000e8e00000|100%| E|  |TAMS 0x00000000e8d00000| PB 0x00000000e8d00000| Complete 
| 142|0x00000000e8e00000, 0x00000000e8f00000, 0x00000000e8f00000|100%| E|CS|TAMS 0x00000000e8e00000| PB 0x00000000e8e00000| Complete 
| 143|0x00000000e8f00000, 0x00000000e9000000, 0x00000000e9000000|100%| E|CS|TAMS 0x00000000e8f00000| PB 0x00000000e8f00000| Complete 
| 144|0x00000000e9000000, 0x00000000e9100000, 0x00000000e9100000|100%| E|CS|TAMS 0x00000000e9000000| PB 0x00000000e9000000| Complete 
| 145|0x00000000e9100000, 0x00000000e9200000, 0x00000000e9200000|100%| E|CS|TAMS 0x00000000e9100000| PB 0x00000000e9100000| Complete 
| 146|0x00000000e9200000, 0x00000000e9300000, 0x00000000e9300000|100%| E|CS|TAMS 0x00000000e9200000| PB 0x00000000e9200000| Complete 
| 147|0x00000000e9300000, 0x00000000e9400000, 0x00000000e9400000|100%| E|CS|TAMS 0x00000000e9300000| PB 0x00000000e9300000| Complete 
| 148|0x00000000e9400000, 0x00000000e9500000, 0x00000000e9500000|100%| E|CS|TAMS 0x00000000e9400000| PB 0x00000000e9400000| Complete 
| 149|0x00000000e9500000, 0x00000000e9600000, 0x00000000e9600000|100%| E|CS|TAMS 0x00000000e9500000| PB 0x00000000e9500000| Complete 
| 150|0x00000000e9600000, 0x00000000e9700000, 0x00000000e9700000|100%| E|CS|TAMS 0x00000000e9600000| PB 0x00000000e9600000| Complete 
| 151|0x00000000e9700000, 0x00000000e9800000, 0x00000000e9800000|100%| E|CS|TAMS 0x00000000e9700000| PB 0x00000000e9700000| Complete 
| 152|0x00000000e9800000, 0x00000000e9900000, 0x00000000e9900000|100%| E|CS|TAMS 0x00000000e9800000| PB 0x00000000e9800000| Complete 
| 153|0x00000000e9900000, 0x00000000e9a00000, 0x00000000e9a00000|100%| E|CS|TAMS 0x00000000e9900000| PB 0x00000000e9900000| Complete 
| 154|0x00000000e9a00000, 0x00000000e9b00000, 0x00000000e9b00000|100%| E|CS|TAMS 0x00000000e9a00000| PB 0x00000000e9a00000| Complete 
| 155|0x00000000e9b00000, 0x00000000e9c00000, 0x00000000e9c00000|100%| E|CS|TAMS 0x00000000e9b00000| PB 0x00000000e9b00000| Complete 
| 156|0x00000000e9c00000, 0x00000000e9d00000, 0x00000000e9d00000|100%| E|CS|TAMS 0x00000000e9c00000| PB 0x00000000e9c00000| Complete 
| 157|0x00000000e9d00000, 0x00000000e9e00000, 0x00000000e9e00000|100%| E|CS|TAMS 0x00000000e9d00000| PB 0x00000000e9d00000| Complete 
| 158|0x00000000e9e00000, 0x00000000e9f00000, 0x00000000e9f00000|100%| E|CS|TAMS 0x00000000e9e00000| PB 0x00000000e9e00000| Complete 
| 159|0x00000000e9f00000, 0x00000000ea000000, 0x00000000ea000000|100%| E|CS|TAMS 0x00000000e9f00000| PB 0x00000000e9f00000| Complete 
| 160|0x00000000ea000000, 0x00000000ea100000, 0x00000000ea100000|100%| E|CS|TAMS 0x00000000ea000000| PB 0x00000000ea000000| Complete 
| 161|0x00000000ea100000, 0x00000000ea200000, 0x00000000ea200000|100%| E|CS|TAMS 0x00000000ea100000| PB 0x00000000ea100000| Complete 
| 162|0x00000000ea200000, 0x00000000ea300000, 0x00000000ea300000|100%| E|CS|TAMS 0x00000000ea200000| PB 0x00000000ea200000| Complete 
| 163|0x00000000ea300000, 0x00000000ea400000, 0x00000000ea400000|100%| E|CS|TAMS 0x00000000ea300000| PB 0x00000000ea300000| Complete 
| 164|0x00000000ea400000, 0x00000000ea500000, 0x00000000ea500000|100%| E|CS|TAMS 0x00000000ea400000| PB 0x00000000ea400000| Complete 
| 165|0x00000000ea500000, 0x00000000ea600000, 0x00000000ea600000|100%| E|CS|TAMS 0x00000000ea500000| PB 0x00000000ea500000| Complete 
| 166|0x00000000ea600000, 0x00000000ea700000, 0x00000000ea700000|100%| E|CS|TAMS 0x00000000ea600000| PB 0x00000000ea600000| Complete 
| 167|0x00000000ea700000, 0x00000000ea800000, 0x00000000ea800000|100%| E|CS|TAMS 0x00000000ea700000| PB 0x00000000ea700000| Complete 
| 168|0x00000000ea800000, 0x00000000ea900000, 0x00000000ea900000|100%| E|CS|TAMS 0x00000000ea800000| PB 0x00000000ea800000| Complete 
| 169|0x00000000ea900000, 0x00000000eaa00000, 0x00000000eaa00000|100%| E|CS|TAMS 0x00000000ea900000| PB 0x00000000ea900000| Complete 
| 170|0x00000000eaa00000, 0x00000000eab00000, 0x00000000eab00000|100%| E|CS|TAMS 0x00000000eaa00000| PB 0x00000000eaa00000| Complete 
| 171|0x00000000eab00000, 0x00000000eac00000, 0x00000000eac00000|100%| E|CS|TAMS 0x00000000eab00000| PB 0x00000000eab00000| Complete 
| 172|0x00000000eac00000, 0x00000000ead00000, 0x00000000ead00000|100%| E|CS|TAMS 0x00000000eac00000| PB 0x00000000eac00000| Complete 
| 173|0x00000000ead00000, 0x00000000eae00000, 0x00000000eae00000|100%| E|CS|TAMS 0x00000000ead00000| PB 0x00000000ead00000| Complete 
| 174|0x00000000eae00000, 0x00000000eaf00000, 0x00000000eaf00000|100%| E|CS|TAMS 0x00000000eae00000| PB 0x00000000eae00000| Complete 
| 175|0x00000000eaf00000, 0x00000000eb000000, 0x00000000eb000000|100%| E|CS|TAMS 0x00000000eaf00000| PB 0x00000000eaf00000| Complete 
| 176|0x00000000eb000000, 0x00000000eb100000, 0x00000000eb100000|100%| E|CS|TAMS 0x00000000eb000000| PB 0x00000000eb000000| Complete 
| 177|0x00000000eb100000, 0x00000000eb200000, 0x00000000eb200000|100%| E|CS|TAMS 0x00000000eb100000| PB 0x00000000eb100000| Complete 
| 178|0x00000000eb200000, 0x00000000eb300000, 0x00000000eb300000|100%| E|CS|TAMS 0x00000000eb200000| PB 0x00000000eb200000| Complete 
| 179|0x00000000eb300000, 0x00000000eb400000, 0x00000000eb400000|100%| E|CS|TAMS 0x00000000eb300000| PB 0x00000000eb300000| Complete 
| 180|0x00000000eb400000, 0x00000000eb500000, 0x00000000eb500000|100%| E|CS|TAMS 0x00000000eb400000| PB 0x00000000eb400000| Complete 
| 181|0x00000000eb500000, 0x00000000eb600000, 0x00000000eb600000|100%| E|CS|TAMS 0x00000000eb500000| PB 0x00000000eb500000| Complete 
| 182|0x00000000eb600000, 0x00000000eb700000, 0x00000000eb700000|100%| E|CS|TAMS 0x00000000eb600000| PB 0x00000000eb600000| Complete 
| 183|0x00000000eb700000, 0x00000000eb800000, 0x00000000eb800000|100%| E|CS|TAMS 0x00000000eb700000| PB 0x00000000eb700000| Complete 
| 184|0x00000000eb800000, 0x00000000eb900000, 0x00000000eb900000|100%| E|CS|TAMS 0x00000000eb800000| PB 0x00000000eb800000| Complete 
| 185|0x00000000eb900000, 0x00000000eba00000, 0x00000000eba00000|100%| E|CS|TAMS 0x00000000eb900000| PB 0x00000000eb900000| Complete 
| 186|0x00000000eba00000, 0x00000000ebb00000, 0x00000000ebb00000|100%| E|  |TAMS 0x00000000eba00000| PB 0x00000000eba00000| Complete 
| 187|0x00000000ebb00000, 0x00000000ebc00000, 0x00000000ebc00000|100%| E|CS|TAMS 0x00000000ebb00000| PB 0x00000000ebb00000| Complete 
| 188|0x00000000ebc00000, 0x00000000ebd00000, 0x00000000ebd00000|100%| E|CS|TAMS 0x00000000ebc00000| PB 0x00000000ebc00000| Complete 
| 189|0x00000000ebd00000, 0x00000000ebe00000, 0x00000000ebe00000|100%| E|CS|TAMS 0x00000000ebd00000| PB 0x00000000ebd00000| Complete 
| 190|0x00000000ebe00000, 0x00000000ebf00000, 0x00000000ebf00000|100%| E|CS|TAMS 0x00000000ebe00000| PB 0x00000000ebe00000| Complete 
| 191|0x00000000ebf00000, 0x00000000ec000000, 0x00000000ec000000|100%| E|CS|TAMS 0x00000000ebf00000| PB 0x00000000ebf00000| Complete 
| 192|0x00000000ec000000, 0x00000000ec100000, 0x00000000ec100000|100%| E|CS|TAMS 0x00000000ec000000| PB 0x00000000ec000000| Complete 
| 193|0x00000000ec100000, 0x00000000ec200000, 0x00000000ec200000|100%| E|CS|TAMS 0x00000000ec100000| PB 0x00000000ec100000| Complete 
| 194|0x00000000ec200000, 0x00000000ec300000, 0x00000000ec300000|100%| E|CS|TAMS 0x00000000ec200000| PB 0x00000000ec200000| Complete 
| 195|0x00000000ec300000, 0x00000000ec400000, 0x00000000ec400000|100%| E|CS|TAMS 0x00000000ec300000| PB 0x00000000ec300000| Complete 
| 196|0x00000000ec400000, 0x00000000ec500000, 0x00000000ec500000|100%| E|CS|TAMS 0x00000000ec400000| PB 0x00000000ec400000| Complete 
| 197|0x00000000ec500000, 0x00000000ec600000, 0x00000000ec600000|100%| E|CS|TAMS 0x00000000ec500000| PB 0x00000000ec500000| Complete 
| 198|0x00000000ec600000, 0x00000000ec700000, 0x00000000ec700000|100%| E|CS|TAMS 0x00000000ec600000| PB 0x00000000ec600000| Complete 
| 199|0x00000000ec700000, 0x00000000ec800000, 0x00000000ec800000|100%| E|CS|TAMS 0x00000000ec700000| PB 0x00000000ec700000| Complete 
| 200|0x00000000ec800000, 0x00000000ec900000, 0x00000000ec900000|100%| E|CS|TAMS 0x00000000ec800000| PB 0x00000000ec800000| Complete 
| 201|0x00000000ec900000, 0x00000000eca00000, 0x00000000eca00000|100%| E|CS|TAMS 0x00000000ec900000| PB 0x00000000ec900000| Complete 
| 202|0x00000000eca00000, 0x00000000ecb00000, 0x00000000ecb00000|100%| E|CS|TAMS 0x00000000eca00000| PB 0x00000000eca00000| Complete 
| 203|0x00000000ecb00000, 0x00000000ecc00000, 0x00000000ecc00000|100%| E|CS|TAMS 0x00000000ecb00000| PB 0x00000000ecb00000| Complete 
| 204|0x00000000ecc00000, 0x00000000ecd00000, 0x00000000ecd00000|100%| E|CS|TAMS 0x00000000ecc00000| PB 0x00000000ecc00000| Complete 
| 205|0x00000000ecd00000, 0x00000000ece00000, 0x00000000ece00000|100%| E|CS|TAMS 0x00000000ecd00000| PB 0x00000000ecd00000| Complete 
| 206|0x00000000ece00000, 0x00000000ecf00000, 0x00000000ecf00000|100%| E|CS|TAMS 0x00000000ece00000| PB 0x00000000ece00000| Complete 
| 207|0x00000000ecf00000, 0x00000000ed000000, 0x00000000ed000000|100%| E|CS|TAMS 0x00000000ecf00000| PB 0x00000000ecf00000| Complete 
| 208|0x00000000ed000000, 0x00000000ed100000, 0x00000000ed100000|100%| E|CS|TAMS 0x00000000ed000000| PB 0x00000000ed000000| Complete 
| 209|0x00000000ed100000, 0x00000000ed200000, 0x00000000ed200000|100%| E|CS|TAMS 0x00000000ed100000| PB 0x00000000ed100000| Complete 
| 210|0x00000000ed200000, 0x00000000ed300000, 0x00000000ed300000|100%| E|CS|TAMS 0x00000000ed200000| PB 0x00000000ed200000| Complete 
| 211|0x00000000ed300000, 0x00000000ed400000, 0x00000000ed400000|100%| E|CS|TAMS 0x00000000ed300000| PB 0x00000000ed300000| Complete 
| 212|0x00000000ed400000, 0x00000000ed500000, 0x00000000ed500000|100%| E|CS|TAMS 0x00000000ed400000| PB 0x00000000ed400000| Complete 
| 213|0x00000000ed500000, 0x00000000ed600000, 0x00000000ed600000|100%| E|CS|TAMS 0x00000000ed500000| PB 0x00000000ed500000| Complete 
| 214|0x00000000ed600000, 0x00000000ed700000, 0x00000000ed700000|100%| E|CS|TAMS 0x00000000ed600000| PB 0x00000000ed600000| Complete 
| 215|0x00000000ed700000, 0x00000000ed800000, 0x00000000ed800000|100%| E|CS|TAMS 0x00000000ed700000| PB 0x00000000ed700000| Complete 
| 216|0x00000000ed800000, 0x00000000ed900000, 0x00000000ed900000|100%| E|CS|TAMS 0x00000000ed800000| PB 0x00000000ed800000| Complete 
| 217|0x00000000ed900000, 0x00000000eda00000, 0x00000000eda00000|100%| E|CS|TAMS 0x00000000ed900000| PB 0x00000000ed900000| Complete 
| 218|0x00000000eda00000, 0x00000000edb00000, 0x00000000edb00000|100%| E|CS|TAMS 0x00000000eda00000| PB 0x00000000eda00000| Complete 
| 219|0x00000000edb00000, 0x00000000edc00000, 0x00000000edc00000|100%| E|CS|TAMS 0x00000000edb00000| PB 0x00000000edb00000| Complete 
| 220|0x00000000edc00000, 0x00000000edd00000, 0x00000000edd00000|100%| E|CS|TAMS 0x00000000edc00000| PB 0x00000000edc00000| Complete 
| 221|0x00000000edd00000, 0x00000000ede00000, 0x00000000ede00000|100%| E|CS|TAMS 0x00000000edd00000| PB 0x00000000edd00000| Complete 
| 222|0x00000000ede00000, 0x00000000edf00000, 0x00000000edf00000|100%| E|CS|TAMS 0x00000000ede00000| PB 0x00000000ede00000| Complete 
| 223|0x00000000edf00000, 0x00000000ee000000, 0x00000000ee000000|100%| E|CS|TAMS 0x00000000edf00000| PB 0x00000000edf00000| Complete 
| 224|0x00000000ee000000, 0x00000000ee100000, 0x00000000ee100000|100%| E|CS|TAMS 0x00000000ee000000| PB 0x00000000ee000000| Complete 
| 225|0x00000000ee100000, 0x00000000ee200000, 0x00000000ee200000|100%| E|CS|TAMS 0x00000000ee100000| PB 0x00000000ee100000| Complete 
| 226|0x00000000ee200000, 0x00000000ee300000, 0x00000000ee300000|100%| E|CS|TAMS 0x00000000ee200000| PB 0x00000000ee200000| Complete 
| 227|0x00000000ee300000, 0x00000000ee400000, 0x00000000ee400000|100%| E|CS|TAMS 0x00000000ee300000| PB 0x00000000ee300000| Complete 
| 228|0x00000000ee400000, 0x00000000ee500000, 0x00000000ee500000|100%| E|CS|TAMS 0x00000000ee400000| PB 0x00000000ee400000| Complete 
| 229|0x00000000ee500000, 0x00000000ee600000, 0x00000000ee600000|100%| E|CS|TAMS 0x00000000ee500000| PB 0x00000000ee500000| Complete 
| 230|0x00000000ee600000, 0x00000000ee700000, 0x00000000ee700000|100%| E|CS|TAMS 0x00000000ee600000| PB 0x00000000ee600000| Complete 
| 231|0x00000000ee700000, 0x00000000ee800000, 0x00000000ee800000|100%| E|CS|TAMS 0x00000000ee700000| PB 0x00000000ee700000| Complete 
| 232|0x00000000ee800000, 0x00000000ee900000, 0x00000000ee900000|100%| E|CS|TAMS 0x00000000ee800000| PB 0x00000000ee800000| Complete 
| 233|0x00000000ee900000, 0x00000000eea00000, 0x00000000eea00000|100%| E|CS|TAMS 0x00000000ee900000| PB 0x00000000ee900000| Complete 
| 234|0x00000000eea00000, 0x00000000eeb00000, 0x00000000eeb00000|100%| E|CS|TAMS 0x00000000eea00000| PB 0x00000000eea00000| Complete 
| 235|0x00000000eeb00000, 0x00000000eec00000, 0x00000000eec00000|100%| E|CS|TAMS 0x00000000eeb00000| PB 0x00000000eeb00000| Complete 
| 236|0x00000000eec00000, 0x00000000eed00000, 0x00000000eed00000|100%| E|CS|TAMS 0x00000000eec00000| PB 0x00000000eec00000| Complete 
| 237|0x00000000eed00000, 0x00000000eee00000, 0x00000000eee00000|100%| E|CS|TAMS 0x00000000eed00000| PB 0x00000000eed00000| Complete 
| 238|0x00000000eee00000, 0x00000000eef00000, 0x00000000eef00000|100%| E|CS|TAMS 0x00000000eee00000| PB 0x00000000eee00000| Complete 
| 239|0x00000000eef00000, 0x00000000ef000000, 0x00000000ef000000|100%| E|CS|TAMS 0x00000000eef00000| PB 0x00000000eef00000| Complete 
| 240|0x00000000ef000000, 0x00000000ef100000, 0x00000000ef100000|100%| E|CS|TAMS 0x00000000ef000000| PB 0x00000000ef000000| Complete 
| 241|0x00000000ef100000, 0x00000000ef200000, 0x00000000ef200000|100%| E|CS|TAMS 0x00000000ef100000| PB 0x00000000ef100000| Complete 
| 242|0x00000000ef200000, 0x00000000ef300000, 0x00000000ef300000|100%| E|CS|TAMS 0x00000000ef200000| PB 0x00000000ef200000| Complete 
| 243|0x00000000ef300000, 0x00000000ef400000, 0x00000000ef400000|100%| E|CS|TAMS 0x00000000ef300000| PB 0x00000000ef300000| Complete 
| 244|0x00000000ef400000, 0x00000000ef500000, 0x00000000ef500000|100%| E|CS|TAMS 0x00000000ef400000| PB 0x00000000ef400000| Complete 
| 245|0x00000000ef500000, 0x00000000ef600000, 0x00000000ef600000|100%| E|CS|TAMS 0x00000000ef500000| PB 0x00000000ef500000| Complete 
| 246|0x00000000ef600000, 0x00000000ef6c9f98, 0x00000000ef700000| 78%| S|CS|TAMS 0x00000000ef600000| PB 0x00000000ef600000| Complete 
| 247|0x00000000ef700000, 0x00000000ef800000, 0x00000000ef800000|100%| S|CS|TAMS 0x00000000ef700000| PB 0x00000000ef700000| Complete 
| 248|0x00000000ef800000, 0x00000000ef900000, 0x00000000ef900000|100%| S|CS|TAMS 0x00000000ef800000| PB 0x00000000ef800000| Complete 
| 249|0x00000000ef900000, 0x00000000efa00000, 0x00000000efa00000|100%| S|CS|TAMS 0x00000000ef900000| PB 0x00000000ef900000| Complete 
| 250|0x00000000efa00000, 0x00000000efb00000, 0x00000000efb00000|100%| S|CS|TAMS 0x00000000efa00000| PB 0x00000000efa00000| Complete 
| 251|0x00000000efb00000, 0x00000000efc00000, 0x00000000efc00000|100%| S|CS|TAMS 0x00000000efb00000| PB 0x00000000efb00000| Complete 
| 252|0x00000000efc00000, 0x00000000efd00000, 0x00000000efd00000|100%| S|CS|TAMS 0x00000000efc00000| PB 0x00000000efc00000| Complete 
| 253|0x00000000efd00000, 0x00000000efe00000, 0x00000000efe00000|100%| S|CS|TAMS 0x00000000efd00000| PB 0x00000000efd00000| Complete 
| 254|0x00000000efe00000, 0x00000000eff00000, 0x00000000eff00000|100%| E|CS|TAMS 0x00000000efe00000| PB 0x00000000efe00000| Complete 
| 255|0x00000000eff00000, 0x00000000f0000000, 0x00000000f0000000|100%| E|CS|TAMS 0x00000000eff00000| PB 0x00000000eff00000| Complete 

Card table byte_map: [0x000001534dd80000,0x000001534de80000] _byte_map_base: 0x000001534d680000

Marking Bits: (CMBitMap*) 0x000001533982d0b0
 Bits: [0x000001534de80000, 0x000001534e680000)

Polling page: 0x0000015339540000

Metaspace:

Usage:
  Non-class:     35.58 MB used.
      Class:      6.26 MB used.
       Both:     41.85 MB used.

Virtual space:
  Non-class space:       64.00 MB reserved,      36.44 MB ( 57%) committed,  1 nodes.
      Class space:      320.00 MB reserved,       7.12 MB (  2%) committed,  1 nodes.
             Both:      384.00 MB reserved,      43.56 MB ( 11%) committed. 

Chunk freelists:
   Non-Class:  10.77 MB
       Class:  8.86 MB
        Both:  19.62 MB

MaxMetaspaceSize: 384.00 MB
CompressedClassSpaceSize: 320.00 MB
Initial GC threshold: 21.00 MB
Current GC threshold: 58.88 MB
CDS: on
 - commit_granule_bytes: 65536.
 - commit_granule_words: 8192.
 - virtual_space_node_default_size: 8388608.
 - enlarge_chunks_in_place: 1.
 - use_allocation_guard: 0.


Internal statistics:

num_allocs_failed_limit: 6.
num_arena_births: 3110.
num_arena_deaths: 0.
num_vsnodes_births: 2.
num_vsnodes_deaths: 0.
num_space_committed: 697.
num_space_uncommitted: 0.
num_chunks_returned_to_freelist: 6.
num_chunks_taken_from_freelist: 5233.
num_chunk_merges: 6.
num_chunk_splits: 3392.
num_chunks_enlarged: 2039.
num_inconsistent_stats: 0.

CodeHeap 'non-profiled nmethods': size=120000Kb used=3151Kb max_used=3151Kb free=116848Kb
 bounds [0x0000015345ac0000, 0x0000015345de0000, 0x000001534cff0000]
CodeHeap 'profiled nmethods': size=120000Kb used=9963Kb max_used=9963Kb free=110036Kb
 bounds [0x000001533dff0000, 0x000001533e9b0000, 0x0000015345520000]
CodeHeap 'non-nmethods': size=5760Kb used=1865Kb max_used=1885Kb free=3894Kb
 bounds [0x0000015345520000, 0x0000015345790000, 0x0000015345ac0000]
CodeCache: size=245760Kb, used=14979Kb, max_used=14999Kb, free=230778Kb
 total_blobs=5912, nmethods=5176, adapters=640, full_count=0
Compilation: enabled, stopped_count=0, restarted_count=0

Compilation events (20 events):
Event: 732.831 Thread 0x0000015351340d40 nmethod 5568 0x000001533e965c10 code [0x000001533e966200, 0x000001533e9693b0]
Event: 732.831 Thread 0x0000015351340d40 5570       3       java.lang.reflect.ProxyGenerator$ProxyMethod::codeFieldInitialization (159 bytes)
Event: 732.832 Thread 0x0000015351340d40 nmethod 5570 0x000001533e96a310 code [0x000001533e96a5c0, 0x000001533e96b0b0]
Event: 732.832 Thread 0x0000015351340d40 5569       3       java.lang.reflect.ProxyGenerator::computeUniqueCatchList (163 bytes)
Event: 732.833 Thread 0x0000015351340d40 nmethod 5569 0x000001533e96b490 code [0x000001533e96b7e0, 0x000001533e96cce0]
Event: 732.846 Thread 0x000001535133b720 5571       4       java.util.stream.StreamSupport::stream (19 bytes)
Event: 732.851 Thread 0x000001535133b720 nmethod 5571 0x0000015345dc2b90 code [0x0000015345dc2d40, 0x0000015345dc3090]
Event: 732.865 Thread 0x0000015351340d40 5572   !   3       java.util.regex.Matcher::appendExpandedReplacement (508 bytes)
Event: 732.876 Thread 0x0000015351340d40 nmethod 5572 0x000001533e96d590 code [0x000001533e96de00, 0x000001533e972c10]
Event: 732.876 Thread 0x000001535133b720 5573       4       org.objectweb.asm.MethodWriter::visitVarInsn (302 bytes)
Event: 732.879 Thread 0x0000015351340d40 5574       3       org.gradle.model.internal.asm.MethodVisitorScope::_GOTO (9 bytes)
Event: 732.879 Thread 0x0000015351340d40 nmethod 5574 0x000001533e975410 code [0x000001533e9755c0, 0x000001533e975830]
Event: 732.882 Thread 0x000001535133b720 nmethod 5573 0x0000015345dc3510 code [0x0000015345dc3700, 0x0000015345dc3b60]
Event: 732.901 Thread 0x0000015351340d40 5577       3       org.gradle.model.internal.asm.AsmClassGeneratorUtils::visitType (112 bytes)
Event: 732.905 Thread 0x0000015351340d40 nmethod 5577 0x000001533e975910 code [0x000001533e975d80, 0x000001533e977de8]
Event: 732.905 Thread 0x0000015351340d40 5578       3       org.objectweb.asm.Type::getSize (86 bytes)
Event: 732.906 Thread 0x0000015351340d40 nmethod 5578 0x000001533e978610 code [0x000001533e9787e0, 0x000001533e978b78]
Event: 732.932 Thread 0x000001535133b720 5581       4       java.lang.invoke.InvokerBytecodeGenerator::emitImplicitConversion (161 bytes)
Event: 733.066 Thread 0x0000015351340d40 5582       1       org.gradle.launcher.daemon.server.Daemon::getDaemonRegistry (5 bytes)
Event: 733.066 Thread 0x0000015351340d40 nmethod 5582 0x0000015345dc4790 code [0x0000015345dc4920, 0x0000015345dc49e8]

GC Heap History (12 events):
Event: 15.447 GC heap before
{Heap before GC invocations=0 (full 0):
 garbage-first heap   total 262144K, used 26624K [0x00000000e0000000, 0x0000000100000000)
  region size 1024K, 23 young (23552K), 0 survivors (0K)
 Metaspace       used 2966K, committed 3136K, reserved 393216K
  class space    used 353K, committed 448K, reserved 327680K
}
Event: 15.970 GC heap after
{Heap after GC invocations=1 (full 0):
 garbage-first heap   total 262144K, used 10986K [0x00000000e0000000, 0x0000000100000000)
  region size 1024K, 3 young (3072K), 3 survivors (3072K)
 Metaspace       used 2966K, committed 3136K, reserved 393216K
  class space    used 353K, committed 448K, reserved 327680K
}
Event: 34.617 GC heap before
{Heap before GC invocations=1 (full 0):
 garbage-first heap   total 262144K, used 39658K [0x00000000e0000000, 0x0000000100000000)
  region size 1024K, 30 young (30720K), 3 survivors (3072K)
 Metaspace       used 4682K, committed 4864K, reserved 393216K
  class space    used 595K, committed 704K, reserved 327680K
}
Event: 34.623 GC heap after
{Heap after GC invocations=2 (full 0):
 garbage-first heap   total 262144K, used 14159K [0x00000000e0000000, 0x0000000100000000)
  region size 1024K, 3 young (3072K), 3 survivors (3072K)
 Metaspace       used 4682K, committed 4864K, reserved 393216K
  class space    used 595K, committed 704K, reserved 327680K
}
Event: 93.437 GC heap before
{Heap before GC invocations=2 (full 0):
 garbage-first heap   total 262144K, used 106319K [0x00000000e0000000, 0x0000000100000000)
  region size 1024K, 93 young (95232K), 3 survivors (3072K)
 Metaspace       used 18207K, committed 18752K, reserved 393216K
  class space    used 2535K, committed 2816K, reserved 327680K
}
Event: 93.570 GC heap after
{Heap after GC invocations=3 (full 0):
 garbage-first heap   total 262144K, used 22762K [0x00000000e0000000, 0x0000000100000000)
  region size 1024K, 11 young (11264K), 11 survivors (11264K)
 Metaspace       used 18207K, committed 18752K, reserved 393216K
  class space    used 2535K, committed 2816K, reserved 327680K
}
Event: 94.527 GC heap before
{Heap before GC invocations=3 (full 0):
 garbage-first heap   total 262144K, used 43242K [0x00000000e0000000, 0x0000000100000000)
  region size 1024K, 32 young (32768K), 11 survivors (11264K)
 Metaspace       used 20817K, committed 21504K, reserved 393216K
  class space    used 2975K, committed 3328K, reserved 327680K
}
Event: 94.537 GC heap after
{Heap after GC invocations=4 (full 0):
 garbage-first heap   total 262144K, used 24753K [0x00000000e0000000, 0x0000000100000000)
  region size 1024K, 3 young (3072K), 3 survivors (3072K)
 Metaspace       used 20817K, committed 21504K, reserved 393216K
  class space    used 2975K, committed 3328K, reserved 327680K
}
Event: 328.656 GC heap before
{Heap before GC invocations=5 (full 0):
 garbage-first heap   total 262144K, used 146609K [0x00000000e0000000, 0x0000000100000000)
  region size 1024K, 123 young (125952K), 3 survivors (3072K)
 Metaspace       used 34399K, committed 35776K, reserved 393216K
  class space    used 5087K, committed 5760K, reserved 327680K
}
Event: 328.746 GC heap after
{Heap after GC invocations=6 (full 0):
 garbage-first heap   total 262144K, used 30211K [0x00000000e0000000, 0x0000000100000000)
  region size 1024K, 8 young (8192K), 8 survivors (8192K)
 Metaspace       used 34399K, committed 35776K, reserved 393216K
  class space    used 5087K, committed 5760K, reserved 327680K
}
Event: 329.118 GC heap before
{Heap before GC invocations=6 (full 0):
 garbage-first heap   total 262144K, used 31235K [0x00000000e0000000, 0x0000000100000000)
  region size 1024K, 10 young (10240K), 8 survivors (8192K)
 Metaspace       used 34696K, committed 36096K, reserved 393216K
  class space    used 5104K, committed 5824K, reserved 327680K
}
Event: 329.155 GC heap after
{Heap after GC invocations=7 (full 0):
 garbage-first heap   total 262144K, used 30554K [0x00000000e0000000, 0x0000000100000000)
  region size 1024K, 8 young (8192K), 8 survivors (8192K)
 Metaspace       used 34696K, committed 36096K, reserved 393216K
  class space    used 5104K, committed 5824K, reserved 327680K
}

Dll operation events (20 events):
Event: 0.596 Attempting to load shared library C:\Users\pjoo6\.vscode\extensions\redhat.java-1.56.0-win32-x64\jre\21.0.12.1-win32-x86_64\bin\nio.dll
Event: 0.602 Loaded shared library C:\Users\pjoo6\.vscode\extensions\redhat.java-1.56.0-win32-x64\jre\21.0.12.1-win32-x86_64\bin\nio.dll
Event: 0.659 Attempting to load shared library C:\Users\pjoo6\.vscode\extensions\redhat.java-1.56.0-win32-x64\jre\21.0.12.1-win32-x86_64\bin\zip.dll
Event: 0.659 Loaded shared library C:\Users\pjoo6\.vscode\extensions\redhat.java-1.56.0-win32-x64\jre\21.0.12.1-win32-x86_64\bin\zip.dll
Event: 2.551 Attempting to load shared library C:\Users\pjoo6\.vscode\extensions\redhat.java-1.56.0-win32-x64\jre\21.0.12.1-win32-x86_64\bin\jimage.dll
Event: 2.551 Loaded shared library C:\Users\pjoo6\.vscode\extensions\redhat.java-1.56.0-win32-x64\jre\21.0.12.1-win32-x86_64\bin\jimage.dll
Event: 10.290 Attempting to load shared library C:\Users\pjoo6\.vscode\extensions\redhat.java-1.56.0-win32-x64\jre\21.0.12.1-win32-x86_64\bin\verify.dll
Event: 10.308 Loaded shared library C:\Users\pjoo6\.vscode\extensions\redhat.java-1.56.0-win32-x64\jre\21.0.12.1-win32-x86_64\bin\verify.dll
Event: 11.437 Attempting to load shared library C:\Users\pjoo6\.gradle\native\660c5614fbf4a5f2a75b1949f50a0caf5cd603558e7d8a26e50b933a0cfb79d1\windows-amd64\native-platform.dll
Event: 11.465 Loaded shared library C:\Users\pjoo6\.gradle\native\660c5614fbf4a5f2a75b1949f50a0caf5cd603558e7d8a26e50b933a0cfb79d1\windows-amd64\native-platform.dll
Event: 11.817 Attempting to load shared library C:\Users\pjoo6\.gradle\native\0.2.8\x86_64-windows-gnu\gradle-fileevents.dll
Event: 11.825 Loaded shared library C:\Users\pjoo6\.gradle\native\0.2.8\x86_64-windows-gnu\gradle-fileevents.dll
Event: 45.003 Attempting to load shared library C:\Users\pjoo6\.vscode\extensions\redhat.java-1.56.0-win32-x64\jre\21.0.12.1-win32-x86_64\bin\management.dll
Event: 45.021 Loaded shared library C:\Users\pjoo6\.vscode\extensions\redhat.java-1.56.0-win32-x64\jre\21.0.12.1-win32-x86_64\bin\management.dll
Event: 45.077 Attempting to load shared library C:\Users\pjoo6\.vscode\extensions\redhat.java-1.56.0-win32-x64\jre\21.0.12.1-win32-x86_64\bin\management_ext.dll
Event: 45.096 Loaded shared library C:\Users\pjoo6\.vscode\extensions\redhat.java-1.56.0-win32-x64\jre\21.0.12.1-win32-x86_64\bin\management_ext.dll
Event: 55.693 Attempting to load shared library C:\Users\pjoo6\.vscode\extensions\redhat.java-1.56.0-win32-x64\jre\21.0.12.1-win32-x86_64\bin\extnet.dll
Event: 55.733 Loaded shared library C:\Users\pjoo6\.vscode\extensions\redhat.java-1.56.0-win32-x64\jre\21.0.12.1-win32-x86_64\bin\extnet.dll
Event: 86.082 Attempting to load shared library C:\Users\pjoo6\.vscode\extensions\redhat.java-1.56.0-win32-x64\jre\21.0.12.1-win32-x86_64\bin\sunmscapi.dll
Event: 86.171 Loaded shared library C:\Users\pjoo6\.vscode\extensions\redhat.java-1.56.0-win32-x64\jre\21.0.12.1-win32-x86_64\bin\sunmscapi.dll

Deoptimization events (20 events):
Event: 725.319 Thread 0x000001536b752830 Uncommon trap: trap_request=0xffffffd6 fr.pc=0x0000015345dbbe2c relative=0x00000000000006ec
Event: 725.319 Thread 0x000001536b752830 Uncommon trap: reason=array_check action=maybe_recompile pc=0x0000015345dbbe2c method=java.util.ComparableTimSort.reverseRange([Ljava/lang/Object;II)V @ 20 c2
Event: 725.319 Thread 0x000001536b752830 DEOPT PACKING pc=0x0000015345dbbe2c sp=0x0000000101dfe300
Event: 725.470 Thread 0x000001536b752830 DEOPT UNPACKING pc=0x0000015345574422 sp=0x0000000101dfe2b0 mode 2
Event: 725.470 Thread 0x000001536b752830 Uncommon trap: trap_request=0xffffffd6 fr.pc=0x0000015345dbbe2c relative=0x00000000000006ec
Event: 725.470 Thread 0x000001536b752830 Uncommon trap: reason=array_check action=maybe_recompile pc=0x0000015345dbbe2c method=java.util.ComparableTimSort.reverseRange([Ljava/lang/Object;II)V @ 20 c2
Event: 725.470 Thread 0x000001536b752830 DEOPT PACKING pc=0x0000015345dbbe2c sp=0x0000000101dfe300
Event: 725.470 Thread 0x000001536b752830 DEOPT UNPACKING pc=0x0000015345574422 sp=0x0000000101dfe2b0 mode 2
Event: 725.470 Thread 0x000001536b752830 Uncommon trap: trap_request=0xffffffd6 fr.pc=0x0000015345dbbe2c relative=0x00000000000006ec
Event: 725.470 Thread 0x000001536b752830 Uncommon trap: reason=array_check action=maybe_recompile pc=0x0000015345dbbe2c method=java.util.ComparableTimSort.reverseRange([Ljava/lang/Object;II)V @ 20 c2
Event: 725.470 Thread 0x000001536b752830 DEOPT PACKING pc=0x0000015345dbbe2c sp=0x0000000101dfe300
Event: 725.470 Thread 0x000001536b752830 DEOPT UNPACKING pc=0x0000015345574422 sp=0x0000000101dfe2b0 mode 2
Event: 725.470 Thread 0x000001536b752830 Uncommon trap: trap_request=0xffffffd6 fr.pc=0x0000015345dbbe2c relative=0x00000000000006ec
Event: 725.470 Thread 0x000001536b752830 Uncommon trap: reason=array_check action=maybe_recompile pc=0x0000015345dbbe2c method=java.util.ComparableTimSort.reverseRange([Ljava/lang/Object;II)V @ 20 c2
Event: 725.470 Thread 0x000001536b752830 DEOPT PACKING pc=0x0000015345dbbe2c sp=0x0000000101dfe300
Event: 725.470 Thread 0x000001536b752830 DEOPT UNPACKING pc=0x0000015345574422 sp=0x0000000101dfe2b0 mode 2
Event: 732.741 Thread 0x000001536c4385c0 Uncommon trap: trap_request=0xffffff45 fr.pc=0x0000015345dc0b54 relative=0x0000000000000374
Event: 732.741 Thread 0x000001536c4385c0 Uncommon trap: reason=unstable_if action=reinterpret pc=0x0000015345dc0b54 method=org.gradle.internal.reflect.PropertyAccessorType.of(Ljava/lang/reflect/Method;)Lorg/gradle/internal/reflect/PropertyAccessorType; @ 56 c2
Event: 732.741 Thread 0x000001536c4385c0 DEOPT PACKING pc=0x0000015345dc0b54 sp=0x00000001022f8280
Event: 732.741 Thread 0x000001536c4385c0 DEOPT UNPACKING pc=0x0000015345574422 sp=0x00000001022f8240 mode 2

Classes loaded (20 events):
Event: 409.726 Loading class org/xml/sax/Locator
Event: 409.753 Loading class org/xml/sax/Locator done
Event: 409.754 Loading class org/xml/sax/SAXParseException
Event: 409.754 Loading class org/xml/sax/SAXParseException done
Event: 409.814 Loading class org/xml/sax/Attributes
Event: 409.814 Loading class org/xml/sax/Attributes done
Event: 418.867 Loading class java/util/DualPivotQuicksort
Event: 418.894 Loading class java/util/DualPivotQuicksort done
Event: 422.089 Loading class java/util/function/LongUnaryOperator
Event: 422.089 Loading class java/util/function/LongUnaryOperator done
Event: 423.886 Loading class java/util/TreeMap$KeySpliterator
Event: 423.886 Loading class java/util/TreeMap$TreeMapSpliterator
Event: 423.886 Loading class java/util/TreeMap$TreeMapSpliterator done
Event: 423.886 Loading class java/util/TreeMap$KeySpliterator done
Event: 424.604 Loading class java/util/PrimitiveIterator$OfInt
Event: 424.604 Loading class java/util/PrimitiveIterator$OfInt done
Event: 720.515 Loading class java/lang/invoke/BoundMethodHandle$Species_LLLLILLLLLL
Event: 720.525 Loading class java/lang/invoke/BoundMethodHandle$Species_LLLLILLLLLL done
Event: 722.832 Loading class java/security/CodeSigner
Event: 722.887 Loading class java/security/CodeSigner done

Classes unloaded (0 events):
No events

Classes redefined (0 events):
No events

Internal exceptions (20 events):
Event: 715.063 Thread 0x000001536c4385c0 Exception <a 'java/lang/NoSuchMethodError'{0x00000000ea067748}: 'java.lang.Object java.lang.invoke.DirectMethodHandle$Holder.invokeSpecial(java.lang.Object, java.lang.Object, java.lang.Object, java.lang.Object, java.lang.Object, java.lang.Object, java.lang.Object, java.lang.Object, java.lang.Object, java.lang.Object, java.lang.Object, java.lang.Object, java.lang.Object, java.lang.Object, java.lang.Object, java.lang.Object, java.lang.Object, java.lang.Object)'> (0x00000000ea067748) 
thrown [s\src\hotspot\sh
Event: 715.174 Thread 0x000001536c4385c0 Exception <a 'java/lang/NoSuchMethodError'{0x00000000ea06cca0}: 'java.lang.Object java.lang.invoke.DelegatingMethodHandle$Holder.reinvoke_L(java.lang.Object, java.lang.Object, java.lang.Object, java.lang.Object, java.lang.Object, java.lang.Object, java.lang.Object, java.lang.Object, java.lang.Object, java.lang.Object, java.lang.Object, java.lang.Object, java.lang.Object, java.lang.Object, java.lang.Object, java.lang.Object, java.lang.Object)'> (0x00000000ea06cca0) 
thrown [s\src\hotspot\share\interpreter\l
Event: 721.048 Thread 0x000001536c4385c0 Exception <a 'java/lang/NoSuchMethodError'{0x00000000e9fc1ef8}: 'java.lang.Object java.lang.invoke.Invokers$Holder.linkToCallSite(java.lang.Object, int, java.lang.Object, java.lang.Object)'> (0x00000000e9fc1ef8) 
thrown [s\src\hotspot\share\interpreter\linkResolver.cpp, line 773]
Event: 721.438 Thread 0x000001536c4385c0 Exception <a 'java/lang/NoSuchMethodError'{0x00000000e9fc9fc0}: 'void java.lang.invoke.DirectMethodHandle$Holder.invokeVirtual(java.lang.Object, java.lang.Object, int, java.lang.Object)'> (0x00000000e9fc9fc0) 
thrown [s\src\hotspot\share\interpreter\linkResolver.cpp, line 773]
Event: 721.452 Thread 0x000001536c4385c0 Exception <a 'java/lang/NoSuchMethodError'{0x00000000e9fce268}: 'void java.lang.invoke.DelegatingMethodHandle$Holder.reinvoke_L(java.lang.Object, java.lang.Object, int, java.lang.Object)'> (0x00000000e9fce268) 
thrown [s\src\hotspot\share\interpreter\linkResolver.cpp, line 773]
Event: 721.502 Thread 0x000001536c4385c0 Exception <a 'java/lang/NoSuchMethodError'{0x00000000e9fd8c28}: 'java.lang.Object java.lang.invoke.DirectMethodHandle$Holder.invokeSpecial(java.lang.Object, java.lang.Object, java.lang.Object, java.lang.Object, int, java.lang.Object)'> (0x00000000e9fd8c28) 
thrown [s\src\hotspot\share\interpreter\linkResolver.cpp, line 773]
Event: 723.301 Thread 0x000001536c4385c0 Exception <a 'java/lang/NoSuchMethodError'{0x00000000e9e2fed8}: 'java.lang.Object java.lang.invoke.Invokers$Holder.linkToCallSite(java.lang.Object, java.lang.Object, int, java.lang.Object)'> (0x00000000e9e2fed8) 
thrown [s\src\hotspot\share\interpreter\linkResolver.cpp, line 773]
Event: 723.362 Thread 0x000001536c4385c0 Exception <a 'java/lang/NoSuchMethodError'{0x00000000e9e42b00}: 'java.lang.Object java.lang.invoke.DirectMethodHandle$Holder.invokeSpecial(java.lang.Object, java.lang.Object, java.lang.Object, java.lang.Object, java.lang.Object, int)'> (0x00000000e9e42b00) 
thrown [s\src\hotspot\share\interpreter\linkResolver.cpp, line 773]
Event: 723.368 Thread 0x000001536c4385c0 Exception <a 'java/lang/NoSuchMethodError'{0x00000000e9e47560}: 'java.lang.Object java.lang.invoke.DelegatingMethodHandle$Holder.delegate(java.lang.Object, java.lang.Object, java.lang.Object, java.lang.Object, int)'> (0x00000000e9e47560) 
thrown [s\src\hotspot\share\interpreter\linkResolver.cpp, line 773]
Event: 724.235 Thread 0x000001536c4385c0 Exception <a 'java/lang/ClassNotFoundException'{0x00000000e9ef75d0}: org/gradle/plugin/use/internal/PluginRequestCollector$PluginDependenciesSpecImplBeanInfo> (0x00000000e9ef75d0) 
thrown [s\src\hotspot\share\classfile\systemDictionary.cpp, line 313]
Event: 724.414 Thread 0x000001536c4385c0 Exception <a 'java/lang/ClassNotFoundException'{0x00000000e9d09fa8}: org/gradle/plugin/use/internal/PluginRequestCollector$PluginDependenciesSpecImplCustomizer> (0x00000000e9d09fa8) 
thrown [s\src\hotspot\share\classfile\systemDictionary.cpp, line 313]
Event: 724.797 Thread 0x000001536c4385c0 Exception <a 'java/lang/NoSuchMethodError'{0x00000000e9d186b0}: 'java.lang.Object java.lang.invoke.DirectMethodHandle$Holder.invokeVirtual(java.lang.Object, java.lang.Object, java.lang.Object, int)'> (0x00000000e9d186b0) 
thrown [s\src\hotspot\share\interpreter\linkResolver.cpp, line 773]
Event: 725.249 Thread 0x000001536c4385c0 Exception <a 'java/lang/ClassNotFoundException'{0x00000000e9d64af8}: org/gradle/plugin/use/internal/PluginRequestCollector$PluginDependencySpecImplBeanInfo> (0x00000000e9d64af8) 
thrown [s\src\hotspot\share\classfile\systemDictionary.cpp, line 313]
Event: 725.269 Thread 0x000001536c4385c0 Exception <a 'java/lang/ClassNotFoundException'{0x00000000e9d77200}: org/gradle/plugin/use/internal/PluginRequestCollector$PluginDependencySpecImplCustomizer> (0x00000000e9d77200) 
thrown [s\src\hotspot\share\classfile\systemDictionary.cpp, line 313]
Event: 725.456 Thread 0x000001536c4385c0 Exception <a 'java/lang/NoSuchMethodError'{0x00000000e9d9c188}: 'void java.lang.invoke.DirectMethodHandle$Holder.invokeStatic(java.lang.Object, java.lang.Object, java.lang.Object, java.lang.Object, java.lang.Object, java.lang.Object)'> (0x00000000e9d9c188) 
thrown [s\src\hotspot\share\interpreter\linkResolver.cpp, line 773]
Event: 732.891 Thread 0x000001536c4385c0 Exception <a 'java/lang/NoSuchMethodError'{0x00000000e9ab8020}: 'java.lang.Object java.lang.invoke.DirectMethodHandle$Holder.newInvokeSpecial(java.lang.Object, java.lang.Object, java.lang.Object, java.lang.Object, int)'> (0x00000000e9ab8020) 
thrown [s\src\hotspot\share\interpreter\linkResolver.cpp, line 773]
Event: 732.893 Thread 0x000001536c4385c0 Exception <a 'java/lang/NoSuchMethodError'{0x00000000e9abca50}: 'java.lang.Object java.lang.invoke.Invokers$Holder.linkToTargetMethod(java.lang.Object, java.lang.Object, java.lang.Object, int, java.lang.Object)'> (0x00000000e9abca50) 
thrown [s\src\hotspot\share\interpreter\linkResolver.cpp, line 773]
Event: 732.914 Thread 0x000001536c4385c0 Exception <a 'java/lang/NoSuchMethodError'{0x00000000e9ae7540}: 'java.lang.Object java.lang.invoke.DirectMethodHandle$Holder.newInvokeSpecial(java.lang.Object, java.lang.Object, java.lang.Object, java.lang.Object, java.lang.Object, java.lang.Object, java.lang.Object, java.lang.Object, java.lang.Object, java.lang.Object, java.lang.Object, java.lang.Object, java.lang.Object, java.lang.Object, java.lang.Object, java.lang.Object, java.lang.Object, java.lang.Object, java.lang.Object)'> (0x00000000e9ae7540) 
thr
Event: 732.918 Thread 0x000001536c4385c0 Exception <a 'java/lang/NoSuchMethodError'{0x00000000e9aee1c0}: 'java.lang.Object java.lang.invoke.DirectMethodHandle$Holder.invokeSpecial(java.lang.Object, java.lang.Object, java.lang.Object, java.lang.Object, java.lang.Object, java.lang.Object, java.lang.Object, java.lang.Object, java.lang.Object, java.lang.Object, java.lang.Object, java.lang.Object, java.lang.Object, java.lang.Object, java.lang.Object, java.lang.Object, java.lang.Object, java.lang.Object, java.lang.Object, java.lang.Object)'> (0x0000000
Event: 732.924 Thread 0x000001536c4385c0 Exception <a 'java/lang/NoSuchMethodError'{0x00000000e9af3a10}: 'java.lang.Object java.lang.invoke.DelegatingMethodHandle$Holder.reinvoke_L(java.lang.Object, java.lang.Object, java.lang.Object, java.lang.Object, java.lang.Object, java.lang.Object, java.lang.Object, java.lang.Object, java.lang.Object, java.lang.Object, java.lang.Object, java.lang.Object, java.lang.Object, java.lang.Object, java.lang.Object, java.lang.Object, java.lang.Object, java.lang.Object, java.lang.Object)'> (0x00000000e9af3a10) 
throw

ZGC Phase Switch (0 events):
No events

VM Operations (20 events):
Event: 713.836 Executing safepoint VM operation: Cleanup
Event: 714.051 Executing safepoint VM operation: Cleanup done
Event: 717.063 Executing safepoint VM operation: Cleanup
Event: 717.129 Executing safepoint VM operation: Cleanup done
Event: 718.142 Executing safepoint VM operation: Cleanup
Event: 718.202 Executing safepoint VM operation: Cleanup done
Event: 724.240 Executing safepoint VM operation: Cleanup
Event: 724.256 Executing safepoint VM operation: Cleanup done
Event: 725.263 Executing safepoint VM operation: Cleanup
Event: 725.264 Executing safepoint VM operation: Cleanup done
Event: 726.267 Executing safepoint VM operation: Cleanup
Event: 726.268 Executing safepoint VM operation: Cleanup done
Event: 727.273 Executing safepoint VM operation: Cleanup
Event: 727.290 Executing safepoint VM operation: Cleanup done
Event: 728.297 Executing safepoint VM operation: Cleanup
Event: 731.870 Executing safepoint VM operation: Cleanup done
Event: 732.877 Executing safepoint VM operation: Cleanup
Event: 732.878 Executing safepoint VM operation: Cleanup done
Event: 733.883 Executing safepoint VM operation: Cleanup
Event: 733.883 Executing safepoint VM operation: Cleanup done

Memory protections (0 events):
No events

Nmethod flushes (20 events):
Event: 329.243 Thread 0x000001535130e0d0 flushing  nmethod 0x000001533e075b90
Event: 329.243 Thread 0x000001535130e0d0 flushing  nmethod 0x000001533e26ae90
Event: 329.243 Thread 0x000001535130e0d0 flushing  nmethod 0x000001533e2a2b10
Event: 329.243 Thread 0x000001535130e0d0 flushing  nmethod 0x000001533e2a3190
Event: 329.243 Thread 0x000001535130e0d0 flushing  nmethod 0x000001533e2a3690
Event: 329.243 Thread 0x000001535130e0d0 flushing  nmethod 0x000001533e2a3a10
Event: 329.243 Thread 0x000001535130e0d0 flushing  nmethod 0x000001533e2a4890
Event: 329.243 Thread 0x000001535130e0d0 flushing  nmethod 0x000001533e36ed10
Event: 329.243 Thread 0x000001535130e0d0 flushing  nmethod 0x000001533e36f910
Event: 329.243 Thread 0x000001535130e0d0 flushing  nmethod 0x000001533e370510
Event: 329.243 Thread 0x000001535130e0d0 flushing  nmethod 0x000001533e370b90
Event: 329.243 Thread 0x000001535130e0d0 flushing  nmethod 0x000001533e374790
Event: 329.243 Thread 0x000001535130e0d0 flushing  nmethod 0x000001533e374b10
Event: 329.243 Thread 0x000001535130e0d0 flushing  nmethod 0x000001533e38fd90
Event: 329.243 Thread 0x000001535130e0d0 flushing  nmethod 0x000001533e40c390
Event: 329.243 Thread 0x000001535130e0d0 flushing  nmethod 0x000001533e45e710
Event: 329.243 Thread 0x000001535130e0d0 flushing  nmethod 0x000001533e463890
Event: 329.243 Thread 0x000001535130e0d0 flushing  nmethod 0x000001533e47b390
Event: 329.243 Thread 0x000001535130e0d0 flushing  nmethod 0x000001533e4aa710
Event: 329.243 Thread 0x000001535130e0d0 flushing  nmethod 0x000001533e4b0490

Events (20 events):
Event: 91.118 Thread 0x000001536c4385c0 Thread added: 0x000001536c0d8b00
Event: 91.346 Thread 0x000001536c4385c0 Thread added: 0x000001536c0d9190
Event: 92.638 Thread 0x000001536c0d8b00 Thread added: 0x000001536c0d6a30
Event: 95.847 Thread 0x000001536c4385c0 Thread added: 0x000001536d81f060
Event: 95.953 Thread 0x000001536c4385c0 Thread added: 0x000001536d81f6f0
Event: 96.948 Thread 0x000001536c4385c0 Thread added: 0x000001536d81fd80
Event: 97.037 Thread 0x000001536c4385c0 Thread added: 0x000001536d81c900
Event: 97.476 Thread 0x000001536c4385c0 Thread added: 0x000001536d81dcb0
Event: 97.906 Thread 0x000001536c4385c0 Thread added: 0x000001536d820410
Event: 98.951 Thread 0x000001536c4385c0 Thread added: 0x000001536d81cf90
Event: 99.253 Thread 0x000001536c4385c0 Thread added: 0x000001536d81d620
Event: 171.934 Thread 0x000001536c0d6a30 Thread exited: 0x000001536c0d6a30
Event: 315.596 Thread 0x000001536c0d8b00 Thread added: 0x000001536d821130
Event: 317.523 Thread 0x000001536c4385c0 Thread added: 0x000001536d820aa0
Event: 324.400 Thread 0x000001536c4385c0 Thread added: 0x000001536d8217c0
Event: 353.147 Thread 0x000001536c4385c0 Thread added: 0x000001536d81e340
Event: 393.453 Thread 0x000001536c4385c0 Thread added: 0x000001536d821e50
Event: 516.046 Thread 0x000001536d821130 Thread exited: 0x000001536d821130
Event: 698.558 Thread 0x000001536c0d8b00 Thread added: 0x000001536d821130
Event: 700.768 Thread 0x000001536c4385c0 Thread added: 0x000001536d81e9d0


Dynamic libraries:
0x00007ff788460000 - 0x00007ff78846e000 	C:\Users\pjoo6\.vscode\extensions\redhat.java-1.56.0-win32-x64\jre\21.0.12.1-win32-x86_64\bin\java.exe
0x00007ff99aa60000 - 0x00007ff99acc6000 	C:\WINDOWS\SYSTEM32\ntdll.dll
0x00007ff99a240000 - 0x00007ff99a309000 	C:\WINDOWS\System32\KERNEL32.DLL
0x00007ff998030000 - 0x00007ff99842f000 	C:\WINDOWS\System32\KERNELBASE.dll
0x00007ff991d00000 - 0x00007ff991d9f000 	C:\WINDOWS\SYSTEM32\apphelp.dll
0x00007ff997e20000 - 0x00007ff997f6c000 	C:\WINDOWS\System32\ucrtbase.dll
0x00007ff956890000 - 0x00007ff9568a8000 	C:\Users\pjoo6\.vscode\extensions\redhat.java-1.56.0-win32-x64\jre\21.0.12.1-win32-x86_64\bin\jli.dll
0x00007ff998cd0000 - 0x00007ff998e96000 	C:\WINDOWS\System32\USER32.dll
0x00007ff997d30000 - 0x00007ff997d57000 	C:\WINDOWS\System32\win32u.dll
0x00007ff999030000 - 0x00007ff99905b000 	C:\WINDOWS\System32\GDI32.dll
0x00007ff9984d0000 - 0x00007ff9985f9000 	C:\WINDOWS\System32\gdi32full.dll
0x00007ff997f80000 - 0x00007ff998023000 	C:\WINDOWS\System32\msvcp_win.dll
0x00007ff967490000 - 0x00007ff9674ae000 	C:\Users\pjoo6\.vscode\extensions\redhat.java-1.56.0-win32-x64\jre\21.0.12.1-win32-x86_64\bin\VCRUNTIME140.dll
0x00007ff96ef70000 - 0x00007ff96f201000 	C:\WINDOWS\WinSxS\amd64_microsoft.windows.common-controls_6595b64144ccf1df_6.0.26100.8972_none_3e0da176e32f9d4b\COMCTL32.dll
0x00007ff998c20000 - 0x00007ff998cc9000 	C:\WINDOWS\System32\msvcrt.dll
0x00007ff99a5d0000 - 0x00007ff99a602000 	C:\WINDOWS\System32\IMM32.DLL
0x00007ff98d290000 - 0x00007ff98d29c000 	C:\Users\pjoo6\.vscode\extensions\redhat.java-1.56.0-win32-x64\jre\21.0.12.1-win32-x86_64\bin\vcruntime140_1.dll
0x00007ff937dd0000 - 0x00007ff937e5d000 	C:\Users\pjoo6\.vscode\extensions\redhat.java-1.56.0-win32-x64\jre\21.0.12.1-win32-x86_64\bin\msvcp140.dll
0x00007ff927730000 - 0x00007ff9284d2000 	C:\Users\pjoo6\.vscode\extensions\redhat.java-1.56.0-win32-x64\jre\21.0.12.1-win32-x86_64\bin\server\jvm.dll
0x00007ff9999e0000 - 0x00007ff999a9c000 	C:\WINDOWS\System32\ADVAPI32.dll
0x00007ff9998d0000 - 0x00007ff99997a000 	C:\WINDOWS\System32\sechost.dll
0x00007ff999480000 - 0x00007ff999598000 	C:\WINDOWS\System32\RPCRT4.dll
0x00007ff998ef0000 - 0x00007ff998f72000 	C:\WINDOWS\System32\WS2_32.dll
0x00007ff997af0000 - 0x00007ff997b4e000 	C:\WINDOWS\SYSTEM32\POWRPROF.dll
0x00007ff98b5a0000 - 0x00007ff98b5ab000 	C:\WINDOWS\SYSTEM32\VERSION.dll
0x00007ff98e8e0000 - 0x00007ff98e916000 	C:\WINDOWS\SYSTEM32\WINMM.dll
0x00007ff997ad0000 - 0x00007ff997ae5000 	C:\WINDOWS\SYSTEM32\UMPDC.dll
0x00007ff996930000 - 0x00007ff99694b000 	C:\WINDOWS\SYSTEM32\kernel.appcore.dll
0x00007ff98aeb0000 - 0x00007ff98aeba000 	C:\Users\pjoo6\.vscode\extensions\redhat.java-1.56.0-win32-x64\jre\21.0.12.1-win32-x86_64\bin\jimage.dll
0x00007ff995310000 - 0x00007ff995552000 	C:\WINDOWS\SYSTEM32\DBGHELP.DLL
0x00007ff999060000 - 0x00007ff9993e5000 	C:\WINDOWS\System32\combase.dll
0x00007ff9995b0000 - 0x00007ff999689000 	C:\WINDOWS\System32\OLEAUT32.dll
0x00007ff96ebb0000 - 0x00007ff96ebeb000 	C:\WINDOWS\SYSTEM32\dbgcore.DLL
0x00007ff997c70000 - 0x00007ff997d1c000 	C:\WINDOWS\System32\bcryptPrimitives.dll
0x00007ff972750000 - 0x00007ff97275f000 	C:\Users\pjoo6\.vscode\extensions\redhat.java-1.56.0-win32-x64\jre\21.0.12.1-win32-x86_64\bin\instrument.dll
0x00007ff947e60000 - 0x00007ff947e80000 	C:\Users\pjoo6\.vscode\extensions\redhat.java-1.56.0-win32-x64\jre\21.0.12.1-win32-x86_64\bin\java.dll
0x00007ff999ab0000 - 0x00007ff99a238000 	C:\WINDOWS\System32\SHELL32.dll
0x00007ff995560000 - 0x00007ff995dfb000 	C:\WINDOWS\SYSTEM32\windows.storage.dll
0x00007ff99a780000 - 0x00007ff99a879000 	C:\WINDOWS\System32\SHCORE.dll
0x00007ff9996b0000 - 0x00007ff999716000 	C:\WINDOWS\System32\shlwapi.dll
0x00007ff997b90000 - 0x00007ff997bb9000 	C:\WINDOWS\SYSTEM32\profapi.dll
0x00007ff947ce0000 - 0x00007ff947cf8000 	C:\Users\pjoo6\.vscode\extensions\redhat.java-1.56.0-win32-x64\jre\21.0.12.1-win32-x86_64\bin\zip.dll
0x00007ff979fa0000 - 0x00007ff979fb0000 	C:\Users\pjoo6\.vscode\extensions\redhat.java-1.56.0-win32-x64\jre\21.0.12.1-win32-x86_64\bin\net.dll
0x00007ff98da70000 - 0x00007ff98db98000 	C:\WINDOWS\SYSTEM32\WINHTTP.dll
0x00007ff996ef0000 - 0x00007ff996f5c000 	C:\WINDOWS\system32\mswsock.dll
0x00007ff947590000 - 0x00007ff9475a6000 	C:\Users\pjoo6\.vscode\extensions\redhat.java-1.56.0-win32-x64\jre\21.0.12.1-win32-x86_64\bin\nio.dll
0x00007ff96fea0000 - 0x00007ff96feb0000 	C:\Users\pjoo6\.vscode\extensions\redhat.java-1.56.0-win32-x64\jre\21.0.12.1-win32-x86_64\bin\verify.dll
0x00007ff93fb20000 - 0x00007ff93fb47000 	C:\Users\pjoo6\.gradle\native\660c5614fbf4a5f2a75b1949f50a0caf5cd603558e7d8a26e50b933a0cfb79d1\windows-amd64\native-platform.dll
0x00007ff9351d0000 - 0x00007ff935247000 	C:\Users\pjoo6\.gradle\native\0.2.8\x86_64-windows-gnu\gradle-fileevents.dll
0x00007ff96cde0000 - 0x00007ff96cdea000 	C:\Users\pjoo6\.vscode\extensions\redhat.java-1.56.0-win32-x64\jre\21.0.12.1-win32-x86_64\bin\management.dll
0x00007ff967940000 - 0x00007ff96794c000 	C:\Users\pjoo6\.vscode\extensions\redhat.java-1.56.0-win32-x64\jre\21.0.12.1-win32-x86_64\bin\management_ext.dll
0x00007ff9998c0000 - 0x00007ff9998c8000 	C:\WINDOWS\System32\PSAPI.DLL
0x00007ff9962d0000 - 0x00007ff996303000 	C:\WINDOWS\SYSTEM32\IPHLPAPI.DLL
0x00007ff99a880000 - 0x00007ff99a88a000 	C:\WINDOWS\System32\NSI.dll
0x00007ff967610000 - 0x00007ff967619000 	C:\Users\pjoo6\.vscode\extensions\redhat.java-1.56.0-win32-x64\jre\21.0.12.1-win32-x86_64\bin\extnet.dll
0x00007ff997200000 - 0x00007ff99721b000 	C:\WINDOWS\SYSTEM32\CRYPTSP.dll
0x00007ff996890000 - 0x00007ff9968c9000 	C:\WINDOWS\system32\rsaenh.dll
0x00007ff996fa0000 - 0x00007ff996fd2000 	C:\WINDOWS\SYSTEM32\USERENV.dll
0x00007ff997b60000 - 0x00007ff997b8a000 	C:\WINDOWS\SYSTEM32\bcrypt.dll
0x00007ff997220000 - 0x00007ff99722c000 	C:\WINDOWS\SYSTEM32\CRYPTBASE.dll
0x00007ff967270000 - 0x00007ff96727e000 	C:\Users\pjoo6\.vscode\extensions\redhat.java-1.56.0-win32-x64\jre\21.0.12.1-win32-x86_64\bin\sunmscapi.dll
0x00007ff998600000 - 0x00007ff99877e000 	C:\WINDOWS\System32\CRYPT32.dll
0x00007ff997440000 - 0x00007ff997470000 	C:\WINDOWS\SYSTEM32\ncrypt.dll
0x00007ff9973f0000 - 0x00007ff99742f000 	C:\WINDOWS\SYSTEM32\NTASN1.dll
0x00007ff96bab0000 - 0x00007ff96bab8000 	C:\WINDOWS\system32\wshunix.dll

JVMTI agents:
C:\Users\pjoo6\.gradle\wrapper\dists\gradle-9.5.1-bin\iq79hdu3mqx29lgffhp8bfmx\gradle-9.5.1\lib\agents\gradle-instrumentation-agent-9.5.1.jar path:C:\Users\pjoo6\.vscode\extensions\redhat.java-1.56.0-win32-x64\jre\21.0.12.1-win32-x86_64\bin\instrument.dll, loaded, initialized, instrumentlib options:none

dbghelp: loaded successfully - version: 4.0.5 - missing functions: none
symbol engine: initialized successfully - sym options: 0x614 - pdb path: .;C:\Users\pjoo6\.vscode\extensions\redhat.java-1.56.0-win32-x64\jre\21.0.12.1-win32-x86_64\bin;C:\WINDOWS\SYSTEM32;C:\WINDOWS\WinSxS\amd64_microsoft.windows.common-controls_6595b64144ccf1df_6.0.26100.8972_none_3e0da176e32f9d4b;C:\Users\pjoo6\.vscode\extensions\redhat.java-1.56.0-win32-x64\jre\21.0.12.1-win32-x86_64\bin\server;C:\Users\pjoo6\.gradle\native\660c5614fbf4a5f2a75b1949f50a0caf5cd603558e7d8a26e50b933a0cfb79d1\windows-amd64;C:\Users\pjoo6\.gradle\native\0.2.8\x86_64-windows-gnu

VM Arguments:
jvm_args: --add-opens=java.base/java.lang=ALL-UNNAMED --add-opens=java.base/java.lang.invoke=ALL-UNNAMED --add-opens=java.base/java.util=ALL-UNNAMED --add-opens=java.prefs/java.util.prefs=ALL-UNNAMED --add-exports=jdk.compiler/com.sun.tools.javac.api=ALL-UNNAMED --add-exports=jdk.compiler/com.sun.tools.javac.util=ALL-UNNAMED --add-opens=java.base/java.nio.charset=ALL-UNNAMED --add-opens=java.base/java.net=ALL-UNNAMED --add-opens=java.base/java.util.concurrent=ALL-UNNAMED --add-opens=java.base/java.util.concurrent.atomic=ALL-UNNAMED --add-opens=java.xml/javax.xml.namespace=ALL-UNNAMED --add-opens=java.base/java.time=ALL-UNNAMED -XX:MaxMetaspaceSize=384m -XX:+HeapDumpOnOutOfMemoryError -Xms256m -Xmx512m -Dfile.encoding=UTF-8 -Duser.country=KR -Duser.language=ko -Duser.variant -javaagent:C:\Users\pjoo6\.gradle\wrapper\dists\gradle-9.5.1-bin\iq79hdu3mqx29lgffhp8bfmx\gradle-9.5.1\lib\agents\gradle-instrumentation-agent-9.5.1.jar 
java_command: org.gradle.launcher.daemon.bootstrap.GradleDaemon 9.5.1
java_class_path (initial): C:\Users\pjoo6\.gradle\wrapper\dists\gradle-9.5.1-bin\iq79hdu3mqx29lgffhp8bfmx\gradle-9.5.1\lib\gradle-daemon-main-9.5.1.jar
Launcher Type: SUN_STANDARD

[Global flags]
     intx CICompilerCount                          = 4                                         {product} {ergonomic}
   size_t CompressedClassSpaceSize                 = 335544320                                 {product} {ergonomic}
     uint ConcGCThreads                            = 3                                         {product} {ergonomic}
     uint G1ConcRefinementThreads                  = 10                                        {product} {ergonomic}
   size_t G1HeapRegionSize                         = 1048576                                   {product} {ergonomic}
    uintx GCDrainStackTargetSize                   = 64                                        {product} {ergonomic}
     bool HeapDumpOnOutOfMemoryError               = true                                   {manageable} {command line}
   size_t InitialHeapSize                          = 268435456                                 {product} {command line}
   size_t MarkStackSize                            = 4194304                                   {product} {ergonomic}
   size_t MaxHeapSize                              = 536870912                                 {product} {command line}
   size_t MaxMetaspaceSize                         = 402653184                                 {product} {command line}
   size_t MaxNewSize                               = 321912832                                 {product} {ergonomic}
   size_t MinHeapDeltaBytes                        = 1048576                                   {product} {ergonomic}
   size_t MinHeapSize                              = 268435456                                 {product} {command line}
    uintx NonNMethodCodeHeapSize                   = 5839372                                {pd product} {ergonomic}
    uintx NonProfiledCodeHeapSize                  = 122909434                              {pd product} {ergonomic}
    uintx ProfiledCodeHeapSize                     = 122909434                              {pd product} {ergonomic}
    uintx ReservedCodeCacheSize                    = 251658240                              {pd product} {ergonomic}
     bool SegmentedCodeCache                       = true                                      {product} {ergonomic}
   size_t SoftMaxHeapSize                          = 536870912                              {manageable} {ergonomic}
     bool UseCompressedOops                        = true                           {product lp64_product} {ergonomic}
     bool UseG1GC                                  = true                                      {product} {ergonomic}
     bool UseLargePagesIndividualAllocation        = false                                  {pd product} {ergonomic}

Logging:
Log output configuration:
 #0: stdout all=warning uptime,level,tags foldmultilines=false
 #1: stderr all=off uptime,level,tags foldmultilines=false

Release file:
JAVA_VERSION="21.0.12.1" 
MODULES="java.base java.compiler java.datatransfer java.xml java.prefs java.desktop java.instrument java.logging java.management java.security.sasl java.naming java.rmi java.management.rmi java.net.http java.scripting java.security.jgss java.transaction.xa java.sql java.sql.rowset java.xml.crypto java.se java.smartcardio jdk.accessibility jdk.internal.jvmstat jdk.attach jdk.charsets jdk.internal.opt jdk.zipfs jdk.compiler jdk.crypto.ec jdk.crypto.cryptoki jdk.crypto.mscapi jdk.dynalink jdk.internal.ed jdk.editpad jdk.hotspot.agent jdk.httpserver jdk.internal.le jdk.internal.vm.ci jdk.internal.vm.compiler jdk.internal.vm.compiler.management jdk.jartool jdk.javadoc jdk.jcmd jdk.management jdk.management.agent jdk.jconsole jdk.jdeps jdk.jdwp.agent jdk.jdi jdk.jfr jdk.jshell jdk.jsobject jdk.jstatd jdk.localedata jdk.management.jfr jdk.naming.dns jdk.naming.rmi jdk.net jdk.nio.mapmode jdk.random jdk.sctp jdk.security.auth jdk.security.jgss jdk.unsupported jdk.unsupported.desktop jdk.xml.dom" 

Environment Variables:
JAVA_HOME=C:\Program Files\Java\jdk-17
PATH=C:\Program Files\Common Files\Oracle\Java\javapath;C:\windows\system32;C:\windows;C:\windows\System32\Wbem;C:\windows\System32\WindowsPowerShell\v1.0\;C:\windows\System32\OpenSSH\;C:\Program Files\nodejs\;C:\WINDOWS\system32;C:\WINDOWS;C:\WINDOWS\System32\Wbem;C:\WINDOWS\System32\WindowsPowerShell\v1.0\;C:\WINDOWS\System32\OpenSSH\;C:\Program Files (x86)\IncrediBuild;C:\Program Files\Git\cmd;C:\Program Files\dotnet\;C:\Users\pjoo6\AppData\Local\Programs\Python\Python39\Scripts\;C:\Users\pjoo6\AppData\Local\Programs\Python\Python39\;C:\Users\pjoo6\AppData\Local\Microsoft\WindowsApps;C:\Users\pjoo6\OneDrive\���� ȭ��\opencv\build\x64\vc15\bin;C:\Users\pjoo6\AppData\Local\Programs\Microsoft VS Code\bin
USERNAME=pjoo6
OS=Windows_NT
PROCESSOR_IDENTIFIER=Intel64 Family 6 Model 186 Stepping 3, GenuineIntel
TMP=C:\Users\pjoo6\AppData\Local\Temp
TEMP=C:\Users\pjoo6\AppData\Local\Temp




Periodic native trim disabled

---------------  S Y S T E M  ---------------

OS:
 Windows 11 , 64 bit Build 26100 (10.0.26100.9168)
OS uptime: 2 days 1:18 hours
Hyper-V role detected

CPU: total 12 (initial active 12) (6 cores per cpu, 2 threads per core) family 6 model 186 stepping 3 microcode 0x6134, cx8, cmov, fxsr, ht, mmx, 3dnowpref, sse, sse2, sse3, ssse3, sse4.1, sse4.2, popcnt, lzcnt, tsc, tscinvbit, avx, avx2, aes, erms, clmul, bmi1, bmi2, adx, sha, fma, vzeroupper, clflush, clflushopt, clwb, hv, serialize, rdtscp, rdpid, fsrm, f16c, cet_ibt, cet_ss
Processor Information for the first 12 processors :
  Max Mhz: 1300, Current Mhz: 1300, Mhz Limit: 1300

Memory: 4k page, system-wide physical 16027M (1148M free)
TotalPageFile size 65179M (AvailPageFile size 1810M)
current process WorkingSet (physical memory assigned to process): 122M, peak: 265M
current process commit charge ("private bytes"): 454M, peak: 470M

vm_info: OpenJDK 64-Bit Server VM (21.0.12.1+1-LTS) for windows-amd64 JRE (21.0.12.1+1-LTS), built on 2026-08-18T00:00:00Z by "admin" with MS VC++ 17.12 (VS2022)

END.
